../Core/Src/commands.c:23:19:cmd_ls	24	static
../Core/Src/commands.c:42:19:cmd_rm	24	static
../Core/Src/commands.c:64:19:cmd_pg	56	static
../Core/Src/commands.c:105:19:cmd_cat	32	static
../Core/Src/commands.c:128:19:cmd_mod	32	static
../Core/Src/commands.c:162:19:cmd_parse	24	static
../Core/Src/commands.c:204:6:cmd_build	24	static
../Core/Src/commands.c:230:8:cmd_split	32	static
../Core/Src/commands.c:253:10:get_token_count	32	static
../Core/Src/commands.c:272:7:cmd_strip	32	static
../Core/Src/commands.c:299:6:free_tokens	24	static
../Core/Src/commands.c:309:6:pg_show_help	8	static
../Core/Src/commands.c:319:6:mod_show_help	8	static
../Core/Src/commands.c:331:19:pg_parse_str	32	static
