../Core/Src/commands.c:24:19:cmd_ls	24	static
../Core/Src/commands.c:43:19:cmd_rm	24	static
../Core/Src/commands.c:65:19:cmd_pg	56	static
../Core/Src/commands.c:106:19:cmd_cat	32	static
../Core/Src/commands.c:129:19:cmd_mod	40	static
../Core/Src/commands.c:180:6:str_toupper	24	static
../Core/Src/commands.c:191:19:cmd_parse	24	static
../Core/Src/commands.c:233:6:cmd_build	24	static
../Core/Src/commands.c:259:8:cmd_split	32	static
../Core/Src/commands.c:282:10:get_token_count	32	static
../Core/Src/commands.c:301:7:cmd_strip	32	static
../Core/Src/commands.c:328:6:free_tokens	24	static
../Core/Src/commands.c:338:6:pg_show_help	8	static
../Core/Src/commands.c:348:6:mod_show_help	8	static
../Core/Src/commands.c:360:19:pg_parse_str	32	static
