../Core/Src/main.c:176:6:BUZZ	8	static
../Core/Src/main.c:182:6:write_card	16	static
../Core/Src/main.c:215:5:main	8	static
../Core/Src/main.c:337:6:SystemClock_Config	88	static
../Core/Src/main.c:383:13:MX_I2C1_Init	8	static
../Core/Src/main.c:417:13:MX_SPI1_Init	8	static
../Core/Src/main.c:455:13:MX_SPI2_Init	8	static
../Core/Src/main.c:493:13:MX_TIM2_Init	64	static
../Core/Src/main.c:552:13:MX_TIM3_Init	32	static
../Core/Src/main.c:597:13:MX_GPIO_Init	40	static
../Core/Src/main.c:653:6:Start_Init	128	static
../Core/Src/main.c:722:6:StartReadCard	32	static
../Core/Src/main.c:759:6:StartWriteCard	40	static
../Core/Src/main.c:803:6:StartHome	24	static
../Core/Src/main.c:853:6:CardFoundStart	32	static
../Core/Src/main.c:903:6:StartShowFiles	24	static
../Core/Src/main.c:953:6:StartShowFileData	24	static
../Core/Src/main.c:993:6:StartClone	24	static
../Core/Src/main.c:1032:6:StartKeyboard	24	static
../Core/Src/main.c:1065:6:HAL_TIM_PeriodElapsedCallback	16	static
../Core/Src/main.c:1082:6:Error_Handler	4	static,ignoring_inline_asm
