../Core/Src/main.c:126:6:FIFO_Check	24	static
../Core/Src/main.c:140:6:BUZZ	8	static
../Core/Src/main.c:146:5:Choose	8	static
../Core/Src/main.c:165:5:main	8	static
../Core/Src/main.c:266:6:SystemClock_Config	88	static
../Core/Src/main.c:312:13:MX_I2C1_Init	8	static
../Core/Src/main.c:346:13:MX_SPI1_Init	8	static
../Core/Src/main.c:384:13:MX_SPI2_Init	8	static
../Core/Src/main.c:422:13:MX_TIM2_Init	64	static
../Core/Src/main.c:481:13:MX_TIM3_Init	32	static
../Core/Src/main.c:526:13:MX_GPIO_Init	40	static
../Core/Src/main.c:578:6:Start_Init	48	static
../Core/Src/main.c:611:6:StartReadCard	96	static
../Core/Src/main.c:654:6:StartWriteCard	16	static
../Core/Src/main.c:672:6:StartHome	16	static
../Core/Src/main.c:702:6:StartUpdateDisplay	24	static
../Core/Src/main.c:724:6:HAL_TIM_PeriodElapsedCallback	16	static
../Core/Src/main.c:741:6:Error_Handler	4	static,ignoring_inline_asm
