../Core/Src/main.c:141:6:FIFO_Check	24	static
../Core/Src/main.c:155:6:BUZZ	8	static
../Core/Src/main.c:168:5:main	8	static
../Core/Src/main.c:275:6:SystemClock_Config	88	static
../Core/Src/main.c:321:13:MX_I2C1_Init	8	static
../Core/Src/main.c:355:13:MX_SPI1_Init	8	static
../Core/Src/main.c:393:13:MX_SPI2_Init	8	static
../Core/Src/main.c:431:13:MX_TIM2_Init	64	static
../Core/Src/main.c:490:13:MX_TIM3_Init	32	static
../Core/Src/main.c:535:13:MX_GPIO_Init	40	static
../Core/Src/main.c:591:6:Start_Init	24	static
../Core/Src/main.c:629:6:StartReadCard	32	static
../Core/Src/main.c:666:6:StartWriteCard	24	static
../Core/Src/main.c:689:6:StartHome	32	static
../Core/Src/main.c:740:6:CardFoundStart	48	static
../Core/Src/main.c:783:6:StartShowFiles	32	static
../Core/Src/main.c:840:6:HAL_TIM_PeriodElapsedCallback	16	static
../Core/Src/main.c:857:6:Error_Handler	4	static,ignoring_inline_asm
