../Core/Src/main.c:126:6:FIFO_Check	24	static
../Core/Src/main.c:140:6:BUZZ	8	static
../Core/Src/main.c:146:5:choose	24	static
../Core/Src/main.c:166:19:writecard	24	static
../Core/Src/main.c:177:5:main	8	static
../Core/Src/main.c:278:6:SystemClock_Config	88	static
../Core/Src/main.c:324:13:MX_I2C1_Init	8	static
../Core/Src/main.c:358:13:MX_SPI1_Init	8	static
../Core/Src/main.c:396:13:MX_SPI2_Init	8	static
../Core/Src/main.c:434:13:MX_TIM2_Init	64	static
../Core/Src/main.c:493:13:MX_TIM3_Init	32	static
../Core/Src/main.c:538:13:MX_GPIO_Init	40	static
../Core/Src/main.c:590:6:Start_Init	16	static
../Core/Src/main.c:623:6:StartReadCard	32	static
../Core/Src/main.c:660:6:StartWriteCard	24	static
../Core/Src/main.c:683:6:StartHome	40	static
../Core/Src/main.c:723:6:CardFoundStart	72	static
../Core/Src/main.c:762:6:HAL_TIM_PeriodElapsedCallback	16	static
../Core/Src/main.c:779:6:Error_Handler	4	static,ignoring_inline_asm
