../Core/Src/main.c:163:6:BUZZ	8	static
../Core/Src/main.c:169:6:write_card	16	static
../Core/Src/main.c:202:5:main	8	static
../Core/Src/main.c:318:6:SystemClock_Config	88	static
../Core/Src/main.c:364:13:MX_I2C1_Init	8	static
../Core/Src/main.c:398:13:MX_SPI1_Init	8	static
../Core/Src/main.c:436:13:MX_SPI2_Init	8	static
../Core/Src/main.c:474:13:MX_TIM2_Init	64	static
../Core/Src/main.c:533:13:MX_TIM3_Init	32	static
../Core/Src/main.c:578:13:MX_GPIO_Init	40	static
../Core/Src/main.c:634:6:Start_Init	128	static
../Core/Src/main.c:702:6:StartReadCard	32	static
../Core/Src/main.c:739:6:StartWriteCard	40	static
../Core/Src/main.c:783:6:StartHome	24	static
../Core/Src/main.c:833:6:CardFoundStart	40	static
../Core/Src/main.c:879:6:StartShowFiles	24	static
../Core/Src/main.c:929:6:StartShowFileData	24	static
../Core/Src/main.c:969:6:StartClone	24	static
../Core/Src/main.c:1009:6:HAL_TIM_PeriodElapsedCallback	16	static
../Core/Src/main.c:1026:6:Error_Handler	4	static,ignoring_inline_asm
