../Core/Src/main.c:127:6:FIFO_Check	24	static
../Core/Src/main.c:141:6:BUZZ	8	static
../Core/Src/main.c:147:5:choose	24	static
../Core/Src/main.c:167:19:writecard	24	static
../Core/Src/main.c:178:5:main	8	static
../Core/Src/main.c:279:6:SystemClock_Config	88	static
../Core/Src/main.c:325:13:MX_I2C1_Init	8	static
../Core/Src/main.c:359:13:MX_SPI1_Init	8	static
../Core/Src/main.c:397:13:MX_SPI2_Init	8	static
../Core/Src/main.c:435:13:MX_TIM2_Init	64	static
../Core/Src/main.c:494:13:MX_TIM3_Init	32	static
../Core/Src/main.c:539:13:MX_GPIO_Init	40	static
../Core/Src/main.c:591:6:Start_Init	24	static
../Core/Src/main.c:630:6:StartReadCard	88	static
../Core/Src/main.c:669:6:StartWriteCard	24	static
../Core/Src/main.c:692:6:StartHome	40	static
../Core/Src/main.c:732:6:CardFoundStart	72	static
../Core/Src/main.c:771:6:HAL_TIM_PeriodElapsedCallback	16	static
../Core/Src/main.c:788:6:Error_Handler	4	static,ignoring_inline_asm
