../Core/Src/main.c:205:6:BUZZ	8	static
../Core/Src/main.c:211:6:write_card	16	static
../Core/Src/main.c:244:5:main	8	static
../Core/Src/main.c:378:6:SystemClock_Config	88	static
../Core/Src/main.c:424:13:MX_I2C1_Init	8	static
../Core/Src/main.c:458:13:MX_SPI1_Init	8	static
../Core/Src/main.c:496:13:MX_SPI2_Init	8	static
../Core/Src/main.c:534:13:MX_TIM2_Init	64	static
../Core/Src/main.c:593:13:MX_TIM3_Init	32	static
../Core/Src/main.c:638:13:MX_GPIO_Init	40	static
../Core/Src/main.c:684:5:_write	24	static
../Core/Src/main.c:698:6:Start_Init	24	static
../Core/Src/main.c:740:6:StartReadCard	32	static
../Core/Src/main.c:779:6:StartWriteCard	40	static
../Core/Src/main.c:824:6:StartHome	24	static
../Core/Src/main.c:880:6:CardFoundStart	48	static
../Core/Src/main.c:934:6:StartShowFiles	24	static
../Core/Src/main.c:987:6:StartShowFileData	24	static
../Core/Src/main.c:1027:6:StartClone	24	static
../Core/Src/main.c:1065:6:StartKeyboard	32	static
../Core/Src/main.c:1110:6:StartDisplaySettings	24	static
../Core/Src/main.c:1162:6:StartStats	24	static
../Core/Src/main.c:1196:6:StartUSBListen	24	static
../Core/Src/main.c:1219:6:HAL_TIM_PeriodElapsedCallback	16	static
../Core/Src/main.c:1236:6:Error_Handler	4	static,ignoring_inline_asm
