../Core/Src/main.c:192:6:BUZZ	8	static
../Core/Src/main.c:198:6:write_card	16	static
../Core/Src/main.c:231:5:main	8	static
../Core/Src/main.c:359:6:SystemClock_Config	88	static
../Core/Src/main.c:405:13:MX_I2C1_Init	8	static
../Core/Src/main.c:439:13:MX_SPI1_Init	8	static
../Core/Src/main.c:477:13:MX_SPI2_Init	8	static
../Core/Src/main.c:515:13:MX_TIM2_Init	64	static
../Core/Src/main.c:574:13:MX_TIM3_Init	32	static
../Core/Src/main.c:619:13:MX_GPIO_Init	40	static
../Core/Src/main.c:665:5:_write	24	static
../Core/Src/main.c:679:6:Start_Init	24	static
../Core/Src/main.c:721:6:StartReadCard	32	static
../Core/Src/main.c:759:6:StartWriteCard	40	static
../Core/Src/main.c:804:6:StartHome	24	static
../Core/Src/main.c:860:6:CardFoundStart	48	static
../Core/Src/main.c:914:6:StartShowFiles	24	static
../Core/Src/main.c:967:6:StartShowFileData	24	static
../Core/Src/main.c:1007:6:StartClone	24	static
../Core/Src/main.c:1045:6:StartKeyboard	32	static
../Core/Src/main.c:1090:6:StartDisplaySettings	24	static
../Core/Src/main.c:1142:6:StartStats	24	static
../Core/Src/main.c:1177:6:HAL_TIM_PeriodElapsedCallback	16	static
../Core/Src/main.c:1194:6:Error_Handler	4	static,ignoring_inline_asm
