../Core/Src/main.c:109:6:FIFO_Check	24	static
../Core/Src/main.c:123:6:BUZZ	8	static
../Core/Src/main.c:129:5:Choose	8	static
../Core/Src/main.c:148:5:main	8	static
../Core/Src/main.c:242:6:SystemClock_Config	88	static
../Core/Src/main.c:288:13:MX_I2C1_Init	8	static
../Core/Src/main.c:322:13:MX_SPI1_Init	8	static
../Core/Src/main.c:360:13:MX_SPI2_Init	8	static
../Core/Src/main.c:398:13:MX_TIM2_Init	64	static
../Core/Src/main.c:457:13:MX_TIM3_Init	32	static
../Core/Src/main.c:502:13:MX_GPIO_Init	40	static
../Core/Src/main.c:554:6:Start_Init	16	static
../Core/Src/main.c:583:6:StartReadCard	136	static
../Core/Src/main.c:643:6:StartWriteCard	16	static
../Core/Src/main.c:661:6:StartHome	48	static
../Core/Src/main.c:713:6:HAL_TIM_PeriodElapsedCallback	16	static
../Core/Src/main.c:730:6:Error_Handler	4	static,ignoring_inline_asm
