../Core/Src/main.c:207:6:BUZZ	8	static
../Core/Src/main.c:213:6:write_card	16	static
../Core/Src/main.c:246:5:main	8	static
../Core/Src/main.c:380:6:SystemClock_Config	88	static
../Core/Src/main.c:426:13:MX_I2C1_Init	8	static
../Core/Src/main.c:460:13:MX_SPI1_Init	8	static
../Core/Src/main.c:498:13:MX_SPI2_Init	8	static
../Core/Src/main.c:536:13:MX_TIM2_Init	64	static
../Core/Src/main.c:595:13:MX_TIM3_Init	32	static
../Core/Src/main.c:640:13:MX_GPIO_Init	40	static
../Core/Src/main.c:686:5:_write	24	static
../Core/Src/main.c:700:6:Start_Init	24	static
../Core/Src/main.c:746:6:StartReadCard	32	static
../Core/Src/main.c:784:6:StartWriteCard	40	static
../Core/Src/main.c:829:6:StartHome	24	static
../Core/Src/main.c:885:6:CardFoundStart	48	static
../Core/Src/main.c:939:6:StartShowFiles	32	static
../Core/Src/main.c:998:6:StartShowFileData	24	static
../Core/Src/main.c:1038:6:StartClone	24	static
../Core/Src/main.c:1076:6:StartKeyboard	32	static
../Core/Src/main.c:1121:6:StartDisplaySettings	24	static
../Core/Src/main.c:1173:6:StartStats	24	static
../Core/Src/main.c:1207:6:StartUSBListen	32	static
../Core/Src/main.c:1249:6:HAL_TIM_PeriodElapsedCallback	16	static
../Core/Src/main.c:1266:6:Error_Handler	4	static,ignoring_inline_asm
