../Core/Src/main.c:163:6:BUZZ	8	static
../Core/Src/main.c:169:6:write_card	16	static
../Core/Src/main.c:200:5:main	8	static
../Core/Src/main.c:316:6:SystemClock_Config	88	static
../Core/Src/main.c:362:13:MX_I2C1_Init	8	static
../Core/Src/main.c:396:13:MX_SPI1_Init	8	static
../Core/Src/main.c:434:13:MX_SPI2_Init	8	static
../Core/Src/main.c:472:13:MX_TIM2_Init	64	static
../Core/Src/main.c:531:13:MX_TIM3_Init	32	static
../Core/Src/main.c:576:13:MX_GPIO_Init	40	static
../Core/Src/main.c:632:6:Start_Init	128	static
../Core/Src/main.c:700:6:StartReadCard	32	static
../Core/Src/main.c:737:6:StartWriteCard	40	static
../Core/Src/main.c:781:6:StartHome	24	static
../Core/Src/main.c:831:6:CardFoundStart	40	static
../Core/Src/main.c:877:6:StartShowFiles	24	static
../Core/Src/main.c:927:6:StartShowFileData	24	static
../Core/Src/main.c:967:6:StartClone	24	static
../Core/Src/main.c:1006:6:HAL_TIM_PeriodElapsedCallback	16	static
../Core/Src/main.c:1023:6:Error_Handler	4	static,ignoring_inline_asm
