../Core/Src/main.c:206:6:BUZZ	8	static
../Core/Src/main.c:212:6:write_card	16	static
../Core/Src/main.c:245:5:main	8	static
../Core/Src/main.c:379:6:SystemClock_Config	88	static
../Core/Src/main.c:425:13:MX_I2C1_Init	8	static
../Core/Src/main.c:459:13:MX_SPI1_Init	8	static
../Core/Src/main.c:497:13:MX_SPI2_Init	8	static
../Core/Src/main.c:535:13:MX_TIM2_Init	64	static
../Core/Src/main.c:594:13:MX_TIM3_Init	32	static
../Core/Src/main.c:639:13:MX_GPIO_Init	40	static
../Core/Src/main.c:685:5:_write	24	static
../Core/Src/main.c:699:6:Start_Init	24	static
../Core/Src/main.c:745:6:StartReadCard	32	static
../Core/Src/main.c:784:6:StartWriteCard	40	static
../Core/Src/main.c:829:6:StartHome	24	static
../Core/Src/main.c:885:6:CardFoundStart	48	static
../Core/Src/main.c:939:6:StartShowFiles	24	static
../Core/Src/main.c:992:6:StartShowFileData	24	static
../Core/Src/main.c:1032:6:StartClone	24	static
../Core/Src/main.c:1070:6:StartKeyboard	32	static
../Core/Src/main.c:1115:6:StartDisplaySettings	24	static
../Core/Src/main.c:1167:6:StartStats	24	static
../Core/Src/main.c:1201:6:StartUSBListen	32	static
../Core/Src/main.c:1237:6:HAL_TIM_PeriodElapsedCallback	16	static
../Core/Src/main.c:1254:6:Error_Handler	4	static,ignoring_inline_asm
