../Core/Src/main.c:126:6:FIFO_Check	24	static
../Core/Src/main.c:140:6:BUZZ	8	static
../Core/Src/main.c:146:5:choose	24	static
../Core/Src/main.c:172:5:main	8	static
../Core/Src/main.c:273:6:SystemClock_Config	88	static
../Core/Src/main.c:319:13:MX_I2C1_Init	8	static
../Core/Src/main.c:353:13:MX_SPI1_Init	8	static
../Core/Src/main.c:391:13:MX_SPI2_Init	8	static
../Core/Src/main.c:429:13:MX_TIM2_Init	64	static
../Core/Src/main.c:488:13:MX_TIM3_Init	32	static
../Core/Src/main.c:533:13:MX_GPIO_Init	40	static
../Core/Src/main.c:585:6:Start_Init	16	static
../Core/Src/main.c:616:6:StartReadCard	112	static
../Core/Src/main.c:657:6:StartWriteCard	16	static
../Core/Src/main.c:675:6:StartHome	56	static
../Core/Src/main.c:710:6:CardFoundStart	88	static
../Core/Src/main.c:750:6:HAL_TIM_PeriodElapsedCallback	16	static
../Core/Src/main.c:767:6:Error_Handler	4	static,ignoring_inline_asm
