../Core/Src/main.c:184:6:BUZZ	8	static
../Core/Src/main.c:190:6:write_card	16	static
../Core/Src/main.c:223:5:main	8	static
../Core/Src/main.c:348:6:SystemClock_Config	88	static
../Core/Src/main.c:394:13:MX_I2C1_Init	8	static
../Core/Src/main.c:428:13:MX_SPI1_Init	8	static
../Core/Src/main.c:466:13:MX_SPI2_Init	8	static
../Core/Src/main.c:504:13:MX_TIM2_Init	64	static
../Core/Src/main.c:563:13:MX_TIM3_Init	32	static
../Core/Src/main.c:608:13:MX_GPIO_Init	40	static
../Core/Src/main.c:654:5:_write	24	static
../Core/Src/main.c:668:6:Start_Init	128	static
../Core/Src/main.c:739:6:StartReadCard	32	static
../Core/Src/main.c:776:6:StartWriteCard	40	static
../Core/Src/main.c:820:6:StartHome	24	static
../Core/Src/main.c:873:6:CardFoundStart	48	static
../Core/Src/main.c:927:6:StartShowFiles	24	static
../Core/Src/main.c:980:6:StartShowFileData	24	static
../Core/Src/main.c:1020:6:StartClone	24	static
../Core/Src/main.c:1058:6:StartKeyboard	32	static
../Core/Src/main.c:1103:6:StartDisplaySettings	24	static
../Core/Src/main.c:1135:6:HAL_TIM_PeriodElapsedCallback	16	static
../Core/Src/main.c:1152:6:Error_Handler	4	static,ignoring_inline_asm
