../Core/Src/main.c:154:6:FIFO_Check	24	static
../Core/Src/main.c:168:6:BUZZ	8	static
../Core/Src/main.c:181:5:main	8	static
../Core/Src/main.c:294:6:SystemClock_Config	88	static
../Core/Src/main.c:340:13:MX_I2C1_Init	8	static
../Core/Src/main.c:374:13:MX_SPI1_Init	8	static
../Core/Src/main.c:412:13:MX_SPI2_Init	8	static
../Core/Src/main.c:450:13:MX_TIM2_Init	64	static
../Core/Src/main.c:509:13:MX_TIM3_Init	32	static
../Core/Src/main.c:554:13:MX_GPIO_Init	40	static
../Core/Src/main.c:610:6:Start_Init	24	static
../Core/Src/main.c:649:6:StartReadCard	32	static
../Core/Src/main.c:686:6:StartWriteCard	24	static
../Core/Src/main.c:709:6:StartHome	24	static
../Core/Src/main.c:756:6:CardFoundStart	40	static
../Core/Src/main.c:802:6:StartShowFiles	24	static
../Core/Src/main.c:852:6:StartShowFileData	24	static
../Core/Src/main.c:893:6:HAL_TIM_PeriodElapsedCallback	16	static
../Core/Src/main.c:910:6:Error_Handler	4	static,ignoring_inline_asm
