../Core/Src/main.c:159:6:FIFO_Check	24	static
../Core/Src/main.c:173:6:BUZZ	8	static
../Core/Src/main.c:186:5:main	8	static
../Core/Src/main.c:302:6:SystemClock_Config	88	static
../Core/Src/main.c:348:13:MX_I2C1_Init	8	static
../Core/Src/main.c:382:13:MX_SPI1_Init	8	static
../Core/Src/main.c:420:13:MX_SPI2_Init	8	static
../Core/Src/main.c:458:13:MX_TIM2_Init	64	static
../Core/Src/main.c:517:13:MX_TIM3_Init	32	static
../Core/Src/main.c:562:13:MX_GPIO_Init	40	static
../Core/Src/main.c:618:6:Start_Init	24	static
../Core/Src/main.c:656:6:StartReadCard	32	static
../Core/Src/main.c:693:6:StartWriteCard	24	static
../Core/Src/main.c:716:6:StartHome	32	static
../Core/Src/main.c:759:6:CardFoundStart	48	static
../Core/Src/main.c:802:6:StartShowFiles	32	static
../Core/Src/main.c:858:6:StartUpdateDisplay	24	static
../Core/Src/main.c:888:6:HAL_TIM_PeriodElapsedCallback	16	static
../Core/Src/main.c:905:6:Error_Handler	4	static,ignoring_inline_asm
