../Core/Src/main.c:128:6:FIFO_Check	24	static
../Core/Src/main.c:142:6:BUZZ	8	static
../Core/Src/main.c:148:5:choose	24	static
../Core/Src/main.c:168:19:writecard	24	static
../Core/Src/main.c:179:5:main	8	static
../Core/Src/main.c:281:6:SystemClock_Config	88	static
../Core/Src/main.c:327:13:MX_I2C1_Init	8	static
../Core/Src/main.c:361:13:MX_SPI1_Init	8	static
../Core/Src/main.c:399:13:MX_SPI2_Init	8	static
../Core/Src/main.c:437:13:MX_TIM2_Init	64	static
../Core/Src/main.c:496:13:MX_TIM3_Init	32	static
../Core/Src/main.c:541:13:MX_GPIO_Init	40	static
../Core/Src/main.c:593:6:Start_Init	24	static
../Core/Src/main.c:638:6:StartReadCard	88	static
../Core/Src/main.c:677:6:StartWriteCard	24	static
../Core/Src/main.c:700:6:StartHome	40	static
../Core/Src/main.c:740:6:CardFoundStart	72	static
../Core/Src/main.c:779:6:HAL_TIM_PeriodElapsedCallback	16	static
../Core/Src/main.c:796:6:Error_Handler	4	static,ignoring_inline_asm
