../Core/Src/main.c:176:6:BUZZ	8	static
../Core/Src/main.c:182:6:write_card	16	static
../Core/Src/main.c:215:5:main	8	static
../Core/Src/main.c:337:6:SystemClock_Config	88	static
../Core/Src/main.c:383:13:MX_I2C1_Init	8	static
../Core/Src/main.c:417:13:MX_SPI1_Init	8	static
../Core/Src/main.c:455:13:MX_SPI2_Init	8	static
../Core/Src/main.c:493:13:MX_TIM2_Init	64	static
../Core/Src/main.c:552:13:MX_TIM3_Init	32	static
../Core/Src/main.c:597:13:MX_GPIO_Init	40	static
../Core/Src/main.c:643:5:_write	24	static
../Core/Src/main.c:657:6:Start_Init	128	static
../Core/Src/main.c:727:6:StartReadCard	32	static
../Core/Src/main.c:764:6:StartWriteCard	40	static
../Core/Src/main.c:808:6:StartHome	24	static
../Core/Src/main.c:858:6:CardFoundStart	48	static
../Core/Src/main.c:912:6:StartShowFiles	24	static
../Core/Src/main.c:965:6:StartShowFileData	24	static
../Core/Src/main.c:1005:6:StartClone	24	static
../Core/Src/main.c:1043:6:StartKeyboard	32	static
../Core/Src/main.c:1089:6:HAL_TIM_PeriodElapsedCallback	16	static
../Core/Src/main.c:1106:6:Error_Handler	4	static,ignoring_inline_asm
