../Core/Src/main.c:135:6:FIFO_Check	24	static
../Core/Src/main.c:149:6:BUZZ	8	static
../Core/Src/main.c:155:5:choose	24	static
../Core/Src/main.c:175:19:writecard	24	static
../Core/Src/main.c:186:5:main	8	static
../Core/Src/main.c:290:6:SystemClock_Config	88	static
../Core/Src/main.c:336:13:MX_I2C1_Init	8	static
../Core/Src/main.c:370:13:MX_SPI1_Init	8	static
../Core/Src/main.c:408:13:MX_SPI2_Init	8	static
../Core/Src/main.c:446:13:MX_TIM2_Init	64	static
../Core/Src/main.c:505:13:MX_TIM3_Init	32	static
../Core/Src/main.c:550:13:MX_GPIO_Init	40	static
../Core/Src/main.c:602:6:Start_Init	16	static
../Core/Src/main.c:638:6:StartReadCard	32	static
../Core/Src/main.c:675:6:StartWriteCard	24	static
../Core/Src/main.c:698:6:StartHome	40	static
../Core/Src/main.c:741:6:CardFoundStart	56	static
../Core/Src/main.c:784:6:StartShowFiles	24	static
../Core/Src/main.c:810:6:HAL_TIM_PeriodElapsedCallback	16	static
../Core/Src/main.c:827:6:Error_Handler	4	static,ignoring_inline_asm
