../Core/Src/main.c:162:6:FIFO_Check	24	static
../Core/Src/main.c:176:6:BUZZ	8	static
../Core/Src/main.c:189:5:main	8	static
../Core/Src/main.c:305:6:SystemClock_Config	88	static
../Core/Src/main.c:351:13:MX_I2C1_Init	8	static
../Core/Src/main.c:385:13:MX_SPI1_Init	8	static
../Core/Src/main.c:423:13:MX_SPI2_Init	8	static
../Core/Src/main.c:461:13:MX_TIM2_Init	64	static
../Core/Src/main.c:520:13:MX_TIM3_Init	32	static
../Core/Src/main.c:565:13:MX_GPIO_Init	40	static
../Core/Src/main.c:621:6:Start_Init	128	static
../Core/Src/main.c:689:6:StartReadCard	32	static
../Core/Src/main.c:726:6:StartWriteCard	40	static
../Core/Src/main.c:790:6:StartHome	24	static
../Core/Src/main.c:840:6:CardFoundStart	40	static
../Core/Src/main.c:886:6:StartShowFiles	24	static
../Core/Src/main.c:936:6:StartShowFileData	24	static
../Core/Src/main.c:976:6:StartClone	24	static
../Core/Src/main.c:1016:6:HAL_TIM_PeriodElapsedCallback	16	static
../Core/Src/main.c:1033:6:Error_Handler	4	static,ignoring_inline_asm
