../Core/Src/main.c:131:6:FIFO_Check	24	static
../Core/Src/main.c:145:6:BUZZ	8	static
../Core/Src/main.c:151:5:Choose	8	static
../Core/Src/main.c:170:5:main	8	static
../Core/Src/main.c:274:6:SystemClock_Config	88	static
../Core/Src/main.c:320:13:MX_I2C1_Init	8	static
../Core/Src/main.c:354:13:MX_SPI1_Init	8	static
../Core/Src/main.c:392:13:MX_SPI2_Init	8	static
../Core/Src/main.c:430:13:MX_TIM2_Init	64	static
../Core/Src/main.c:489:13:MX_TIM3_Init	32	static
../Core/Src/main.c:534:13:MX_GPIO_Init	40	static
../Core/Src/main.c:586:6:Start_Init	56	static
../Core/Src/main.c:621:6:StartReadCard	96	static
../Core/Src/main.c:664:6:StartWriteCard	16	static
../Core/Src/main.c:682:6:StartHome	16	static
../Core/Src/main.c:712:6:StartUpdateDisplay	24	static
../Core/Src/main.c:739:6:HAL_TIM_PeriodElapsedCallback	16	static
../Core/Src/main.c:756:6:Error_Handler	4	static,ignoring_inline_asm
