../Core/Src/main.c:135:6:FIFO_Check	24	static
../Core/Src/main.c:149:6:BUZZ	8	static
../Core/Src/main.c:155:5:choose	24	static
../Core/Src/main.c:182:5:main	8	static
../Core/Src/main.c:286:6:SystemClock_Config	88	static
../Core/Src/main.c:332:13:MX_I2C1_Init	8	static
../Core/Src/main.c:366:13:MX_SPI1_Init	8	static
../Core/Src/main.c:404:13:MX_SPI2_Init	8	static
../Core/Src/main.c:442:13:MX_TIM2_Init	64	static
../Core/Src/main.c:501:13:MX_TIM3_Init	32	static
../Core/Src/main.c:546:13:MX_GPIO_Init	40	static
../Core/Src/main.c:598:6:Start_Init	16	static
../Core/Src/main.c:634:6:StartReadCard	32	static
../Core/Src/main.c:671:6:StartWriteCard	24	static
../Core/Src/main.c:694:6:StartHome	40	static
../Core/Src/main.c:737:6:CardFoundStart	56	static
../Core/Src/main.c:781:6:StartShowFiles	40	static
../Core/Src/main.c:820:6:HAL_TIM_PeriodElapsedCallback	16	static
../Core/Src/main.c:837:6:Error_Handler	4	static,ignoring_inline_asm
