../Core/Src/MFRC.c:26:19:MFRC_REGW	40	static
../Core/Src/MFRC.c:44:19:MFRC_REGR	32	static
../Core/Src/MFRC.c:61:19:MFRC_FIFOW	40	static
../Core/Src/MFRC.c:80:19:MFRC_FIFOR	40	static
../Core/Src/MFRC.c:91:6:MFRC_Test	16	static
../Core/Src/MFRC.c:97:6:MFRC_ANTON	16	static
../Core/Src/MFRC.c:105:6:SET_ANTGAIN	16	static
../Core/Src/MFRC.c:111:6:ClearBitMask	24	static
../Core/Src/MFRC.c:117:6:MFRC_ANTOFF	8	static
../Core/Src/MFRC.c:129:19:CALC_CRC	32	static
../Core/Src/MFRC.c:153:19:MFRC_INIT	8	static
../Core/Src/MFRC.c:189:19:MFRC_TRANSCEIVE	32	static
../Core/Src/MFRC.c:218:19:MFRC_REQA	32	static
../Core/Src/MFRC.c:236:19:MFRC_WUPA	32	static
../Core/Src/MFRC.c:252:19:MFRC_HALTA	32	static
../Core/Src/MFRC.c:277:19:MFRC_ANTICOL1	32	static
../Core/Src/MFRC.c:297:19:MFRC_SEL1	40	static
../Core/Src/MFRC.c:322:19:MFRC_ANTICOL2	32	static
../Core/Src/MFRC.c:342:19:MFRC_SEL2	40	static
../Core/Src/MFRC.c:365:19:PICC_Select	32	static
../Core/Src/MFRC.c:392:19:PICC_CHECK	16	static
../Core/Src/MFRC.c:416:19:UL_READ	32	static
../Core/Src/MFRC.c:443:19:UL_WRITE	32	static
../Core/Src/MFRC.c:463:6:Print	48	dynamic
../Core/Src/MFRC.c:476:19:DumpINFO	96	static
../Core/Src/MFRC.c:542:19:UL_getuid	32	static
../Core/Src/MFRC.c:559:19:UL_getuidstr	64	static
../Core/Src/MFRC.c:576:19:UL_getalldata	24	static
../Core/Src/MFRC.c:594:19:UL_readcard	24	static
../Core/Src/MFRC.c:622:7:uid_tostring	24	static
