../Core/Src/MFRC.c:25:19:MFRC_REGW	40	static
../Core/Src/MFRC.c:43:19:MFRC_REGR	32	static
../Core/Src/MFRC.c:60:19:MFRC_FIFOW	40	static
../Core/Src/MFRC.c:79:19:MFRC_FIFOR	40	static
../Core/Src/MFRC.c:90:6:MFRC_Test	16	static
../Core/Src/MFRC.c:96:6:MFRC_ANTON	16	static
../Core/Src/MFRC.c:104:6:SET_ANTGAIN	16	static
../Core/Src/MFRC.c:110:6:ClearBitMask	24	static
../Core/Src/MFRC.c:116:6:MFRC_ANTOFF	8	static
../Core/Src/MFRC.c:128:19:CALC_CRC	32	static
../Core/Src/MFRC.c:152:19:MFRC_INIT	8	static
../Core/Src/MFRC.c:193:19:MFRC_TRANSCEIVE	32	static
../Core/Src/MFRC.c:224:19:MFRC_REQA	32	static
../Core/Src/MFRC.c:242:19:MFRC_WUPA	32	static
../Core/Src/MFRC.c:258:19:MFRC_HALTA	32	static
../Core/Src/MFRC.c:283:19:MFRC_ANTICOL1	32	static
../Core/Src/MFRC.c:303:19:MFRC_SEL1	40	static
../Core/Src/MFRC.c:328:19:MFRC_ANTICOL2	32	static
../Core/Src/MFRC.c:348:19:MFRC_SEL2	40	static
../Core/Src/MFRC.c:371:19:PICC_Select	32	static
../Core/Src/MFRC.c:395:19:PICC_CHECK	16	static
../Core/Src/MFRC.c:419:19:UL_READ	32	static
../Core/Src/MFRC.c:447:19:UL_WRITE	32	static
../Core/Src/MFRC.c:466:6:Print	48	dynamic
../Core/Src/MFRC.c:479:19:DumpINFO	80	static
