../Core/Src/MFRC.c:24:19:MFRC_REGW	40	static
../Core/Src/MFRC.c:42:19:MFRC_REGR	32	static
../Core/Src/MFRC.c:59:19:MFRC_FIFOW	40	static
../Core/Src/MFRC.c:78:19:MFRC_FIFOR	40	static
../Core/Src/MFRC.c:89:6:MFRC_Test	16	static
../Core/Src/MFRC.c:95:6:MFRC_ANTON	16	static
../Core/Src/MFRC.c:103:6:SET_ANTGAIN	16	static
../Core/Src/MFRC.c:109:6:ClearBitMask	24	static
../Core/Src/MFRC.c:115:6:MFRC_ANTOFF	8	static
../Core/Src/MFRC.c:127:19:CALC_CRC	32	static
../Core/Src/MFRC.c:151:19:MFRC_INIT	8	static
../Core/Src/MFRC.c:192:19:MFRC_TRANSCEIVE	32	static
../Core/Src/MFRC.c:223:19:MFRC_REQA	32	static
../Core/Src/MFRC.c:241:19:MFRC_WUPA	32	static
../Core/Src/MFRC.c:257:19:MFRC_HALTA	32	static
../Core/Src/MFRC.c:282:19:MFRC_ANTICOL1	32	static
../Core/Src/MFRC.c:302:19:MFRC_SEL1	40	static
../Core/Src/MFRC.c:327:19:MFRC_ANTICOL2	32	static
../Core/Src/MFRC.c:347:19:MFRC_SEL2	40	static
../Core/Src/MFRC.c:370:19:PICC_Select	32	static
../Core/Src/MFRC.c:394:19:PICC_CHECK	16	static
../Core/Src/MFRC.c:418:19:UL_READ	32	static
../Core/Src/MFRC.c:446:19:UL_WRITE	32	static
../Core/Src/MFRC.c:465:6:Print	48	dynamic
../Core/Src/MFRC.c:478:19:DumpINFO	80	static
