../Core/Src/OLED.c:90:6:OLED_OFF	16	static
../Core/Src/OLED.c:99:6:OLED_Clear	1032	static
../Core/Src/OLED.c:110:19:OLED_cmd	24	static
../Core/Src/OLED.c:133:19:OLED_data	16	static
../Core/Src/OLED.c:155:6:OLED_FLUSH	24	static
../Core/Src/OLED.c:173:19:OLED_INIT	48	static
../Core/Src/OLED.c:213:6:OLED_InvChar	32	static
../Core/Src/OLED.c:233:6:OLED_drawChar	32	static
../Core/Src/OLED.c:262:6:OLED_Printlin	24	static
../Core/Src/OLED.c:281:6:OLED_Shift	48	dynamic
../Core/Src/OLED.c:300:6:OLED_PrintCent	24	static
../Core/Src/OLED.c:313:6:OLED_Print	88	static
../Core/Src/OLED.c:388:6:OLED_SCREEN	24	static
../Core/Src/OLED.c:406:6:OLED_SCRNREF	32	static
../Core/Src/OLED.c:424:6:OLED_FILL	24	static
../Core/Src/OLED.c:441:6:OLED_SELECT	48	static
../Core/Src/OLED.c:478:6:OLED_PWRDWN	16	static
../Core/Src/OLED.c:492:19:OLED_display_files	48	static
../Core/Src/OLED.c:526:6:free_filenames	24	static
../Core/Src/OLED.c:540:9:find_restore_string	24	static
../Core/Src/OLED.c:557:6:oled_show_file	24	static
../Core/Src/OLED.c:581:6:oled_move_selection	32	static
../Core/Src/OLED.c:598:6:oled_select_invert	16	static
