../Core/Src/ruthlessfs.c:33:19:enter_card	40	static
../Core/Src/ruthlessfs.c:59:19:enter_metadata	32	static
../Core/Src/ruthlessfs.c:92:7:read_card_name	32	static
../Core/Src/ruthlessfs.c:114:7:read_card_entry	24	static
../Core/Src/ruthlessfs.c:139:19:read_metadata	32	static
../Core/Src/ruthlessfs.c:175:19:read_nameuid	32	static
../Core/Src/ruthlessfs.c:207:19:read_cardcontents	24	static
../Core/Src/ruthlessfs.c:225:10:get_datasize	24	static
../Core/Src/ruthlessfs.c:243:6:free_card	16	static
../Core/Src/ruthlessfs.c:255:6:print_card_to_serial	32	static
../Core/Src/ruthlessfs.c:272:10:get_number_files_section	24	static
../Core/Src/ruthlessfs.c:288:10:get_number_files_all	8	static
../Core/Src/ruthlessfs.c:300:19:get_files_section	48	static
../Core/Src/ruthlessfs.c:324:19:get_all_files	16	static
../Core/Src/ruthlessfs.c:334:19:entry_present	24	static
../Core/Src/ruthlessfs.c:353:7:get_file_name	24	static
../Core/Src/ruthlessfs.c:374:6:free_filenames	24	static
../Core/Src/ruthlessfs.c:385:6:remove_card	16	static
../Core/Src/ruthlessfs.c:393:10:get_used_size	16	static
../Core/Src/ruthlessfs.c:403:10:get_free_size	8	static
../Core/Src/ruthlessfs.c:411:6:get_used_size_str	24	static
../Core/Src/ruthlessfs.c:420:6:get_free_size_str	24	static
../Core/Src/ruthlessfs.c:429:19:inc_write_count	16	static
../Core/Src/ruthlessfs.c:445:19:inc_read_count	16	static
../Core/Src/ruthlessfs.c:461:10:get_total_writes	16	static
../Core/Src/ruthlessfs.c:474:10:get_total_reads	16	static
../Core/Src/ruthlessfs.c:487:7:get_total_writes_str	16	static
../Core/Src/ruthlessfs.c:498:7:get_total_reads_str	16	static
