../Core/Src/ruthlessfs.c:33:19:enter_card	40	static
../Core/Src/ruthlessfs.c:59:19:enter_metadata	32	static
../Core/Src/ruthlessfs.c:92:7:read_card_name	32	static
../Core/Src/ruthlessfs.c:114:7:read_card_entry	24	static
../Core/Src/ruthlessfs.c:139:19:read_metadata	32	static
../Core/Src/ruthlessfs.c:175:19:read_nameuid	32	static
../Core/Src/ruthlessfs.c:207:19:read_cardcontents	24	static
../Core/Src/ruthlessfs.c:225:10:get_datasize	24	static
../Core/Src/ruthlessfs.c:243:6:free_card	16	static
../Core/Src/ruthlessfs.c:255:6:print_card_to_serial	32	static
../Core/Src/ruthlessfs.c:269:5:get_number_files	16	static
../Core/Src/ruthlessfs.c:290:19:get_all_files	32	static
../Core/Src/ruthlessfs.c:314:19:entry_present	24	static
../Core/Src/ruthlessfs.c:333:7:get_file_name	24	static
../Core/Src/ruthlessfs.c:353:6:remove_card	16	static
../Core/Src/ruthlessfs.c:361:10:get_used_size	16	static
../Core/Src/ruthlessfs.c:371:10:get_free_size	8	static
../Core/Src/ruthlessfs.c:379:6:get_used_size_str	24	static
../Core/Src/ruthlessfs.c:388:6:get_free_size_str	24	static
