../Core/Src/ruthlessfs.c:33:19:enter_card	40	static
../Core/Src/ruthlessfs.c:59:19:enter_metadata	32	static
../Core/Src/ruthlessfs.c:92:7:read_card_name	32	static
../Core/Src/ruthlessfs.c:116:7:read_card_entry	24	static
../Core/Src/ruthlessfs.c:141:19:read_metadata	32	static
../Core/Src/ruthlessfs.c:177:19:read_nameuid	32	static
../Core/Src/ruthlessfs.c:209:19:read_cardcontents	24	static
../Core/Src/ruthlessfs.c:227:10:get_datasize	24	static
../Core/Src/ruthlessfs.c:245:6:free_card	16	static
../Core/Src/ruthlessfs.c:258:6:print_card_to_serial	32	static
../Core/Src/ruthlessfs.c:276:10:get_number_files_section	24	static
../Core/Src/ruthlessfs.c:292:10:get_number_files_all	8	static
../Core/Src/ruthlessfs.c:304:19:get_files_section	48	static
../Core/Src/ruthlessfs.c:328:19:get_all_files	16	static
../Core/Src/ruthlessfs.c:338:19:entry_present	24	static
../Core/Src/ruthlessfs.c:357:19:file_exists	24	static
../Core/Src/ruthlessfs.c:383:7:get_file_name	24	static
../Core/Src/ruthlessfs.c:404:5:get_file_entry	24	static
../Core/Src/ruthlessfs.c:430:6:free_filenames	24	static
../Core/Src/ruthlessfs.c:441:6:remove_card	16	static
../Core/Src/ruthlessfs.c:450:19:remove_card_byname	24	static
../Core/Src/ruthlessfs.c:477:19:modify_card	32	static
../Core/Src/ruthlessfs.c:503:10:get_used_size	16	static
../Core/Src/ruthlessfs.c:513:10:get_free_size	8	static
../Core/Src/ruthlessfs.c:521:6:get_used_size_str	24	static
../Core/Src/ruthlessfs.c:530:6:get_free_size_str	24	static
../Core/Src/ruthlessfs.c:539:19:inc_write_count	16	static
../Core/Src/ruthlessfs.c:555:19:inc_read_count	16	static
../Core/Src/ruthlessfs.c:571:10:get_total_writes	16	static
../Core/Src/ruthlessfs.c:584:10:get_total_reads	16	static
../Core/Src/ruthlessfs.c:597:7:get_total_writes_str	16	static
../Core/Src/ruthlessfs.c:608:7:get_total_reads_str	16	static
