../Core/Src/ruthlessfs.c:33:19:enter_card	40	static
../Core/Src/ruthlessfs.c:59:19:enter_metadata	32	static
../Core/Src/ruthlessfs.c:92:7:read_card_name	32	static
../Core/Src/ruthlessfs.c:114:7:read_card_entry	24	static
../Core/Src/ruthlessfs.c:139:19:read_metadata	32	static
../Core/Src/ruthlessfs.c:175:19:read_nameuid	32	static
../Core/Src/ruthlessfs.c:207:19:read_cardcontents	24	static
../Core/Src/ruthlessfs.c:225:10:get_datasize	24	static
../Core/Src/ruthlessfs.c:243:6:free_card	16	static
../Core/Src/ruthlessfs.c:256:6:print_card_to_serial	32	static
../Core/Src/ruthlessfs.c:274:10:get_number_files_section	24	static
../Core/Src/ruthlessfs.c:290:10:get_number_files_all	8	static
../Core/Src/ruthlessfs.c:302:19:get_files_section	48	static
../Core/Src/ruthlessfs.c:326:19:get_all_files	16	static
../Core/Src/ruthlessfs.c:336:19:entry_present	24	static
../Core/Src/ruthlessfs.c:355:19:file_exists	24	static
../Core/Src/ruthlessfs.c:381:7:get_file_name	24	static
../Core/Src/ruthlessfs.c:407:6:free_filenames	24	static
../Core/Src/ruthlessfs.c:418:6:remove_card	16	static
../Core/Src/ruthlessfs.c:427:19:remove_card_byname	24	static
../Core/Src/ruthlessfs.c:449:10:get_used_size	16	static
../Core/Src/ruthlessfs.c:459:10:get_free_size	8	static
../Core/Src/ruthlessfs.c:467:6:get_used_size_str	24	static
../Core/Src/ruthlessfs.c:476:6:get_free_size_str	24	static
../Core/Src/ruthlessfs.c:485:19:inc_write_count	16	static
../Core/Src/ruthlessfs.c:501:19:inc_read_count	16	static
../Core/Src/ruthlessfs.c:517:10:get_total_writes	16	static
../Core/Src/ruthlessfs.c:530:10:get_total_reads	16	static
../Core/Src/ruthlessfs.c:543:7:get_total_writes_str	16	static
../Core/Src/ruthlessfs.c:554:7:get_total_reads_str	16	static
