../Core/Src/W25N01GVZEIG.c:25:6:READ_ID	32	static
../Core/Src/W25N01GVZEIG.c:38:9:STAT_READ	32	static
../Core/Src/W25N01GVZEIG.c:55:19:STAT_WRITE	24	static
../Core/Src/W25N01GVZEIG.c:75:6:WRIT_EN	16	static
../Core/Src/W25N01GVZEIG.c:91:6:WRITE_DIS	16	static
../Core/Src/W25N01GVZEIG.c:106:6:block_erase	24	static
../Core/Src/W25N01GVZEIG.c:123:19:MEM_INIT	8	static
../Core/Src/W25N01GVZEIG.c:147:19:MEM_WRITE	64	dynamic
../Core/Src/W25N01GVZEIG.c:192:19:MEM_READPAGE	104	dynamic
../Core/Src/W25N01GVZEIG.c:245:19:MEM_SCAN	80	static
../Core/Src/W25N01GVZEIG.c:268:6:findfreeaddr	32	static
