../Core/Src/W25N01GVZEIG.c:24:6:READ_ID	32	static
../Core/Src/W25N01GVZEIG.c:37:9:STAT_READ	32	static
../Core/Src/W25N01GVZEIG.c:54:19:STAT_WRITE	24	static
../Core/Src/W25N01GVZEIG.c:74:6:WRIT_EN	16	static
../Core/Src/W25N01GVZEIG.c:90:6:WRITE_DIS	16	static
../Core/Src/W25N01GVZEIG.c:105:6:block_erase	24	static
../Core/Src/W25N01GVZEIG.c:122:19:MEM_INIT	8	static
../Core/Src/W25N01GVZEIG.c:146:19:MEM_WRITE	32	static
../Core/Src/W25N01GVZEIG.c:192:19:MEM_READPAGE	56	static
../Core/Src/W25N01GVZEIG.c:246:19:MEM_SCAN	80	static
../Core/Src/W25N01GVZEIG.c:266:5:mem_find_free_block	16	static
