Archive member included to satisfy reference by file (symbol)

c:/st/stm32cubeide_1.12.1/stm32cubeide/plugins/com.st.stm32cube.ide.mcu.externaltools.gnu-tools-for-stm32.10.3-2021.10.win32_1.0.200.202301161003/tools/bin/../lib/gcc/arm-none-eabi/10.3.1/../../../../arm-none-eabi/lib/thumb/v7e-m+fp/hard\libc_nano.a(lib_a-errno.o)
                              ./Core/Src/syscalls.o (__errno)
c:/st/stm32cubeide_1.12.1/stm32cubeide/plugins/com.st.stm32cube.ide.mcu.externaltools.gnu-tools-for-stm32.10.3-2021.10.win32_1.0.200.202301161003/tools/bin/../lib/gcc/arm-none-eabi/10.3.1/../../../../arm-none-eabi/lib/thumb/v7e-m+fp/hard\libc_nano.a(lib_a-exit.o)
                              c:/st/stm32cubeide_1.12.1/stm32cubeide/plugins/com.st.stm32cube.ide.mcu.externaltools.gnu-tools-for-stm32.10.3-2021.10.win32_1.0.200.202301161003/tools/bin/../lib/gcc/arm-none-eabi/10.3.1/../../../../arm-none-eabi/lib/thumb/v7e-m+fp/hard/crt0.o (exit)
c:/st/stm32cubeide_1.12.1/stm32cubeide/plugins/com.st.stm32cube.ide.mcu.externaltools.gnu-tools-for-stm32.10.3-2021.10.win32_1.0.200.202301161003/tools/bin/../lib/gcc/arm-none-eabi/10.3.1/../../../../arm-none-eabi/lib/thumb/v7e-m+fp/hard\libc_nano.a(lib_a-impure.o)
                              c:/st/stm32cubeide_1.12.1/stm32cubeide/plugins/com.st.stm32cube.ide.mcu.externaltools.gnu-tools-for-stm32.10.3-2021.10.win32_1.0.200.202301161003/tools/bin/../lib/gcc/arm-none-eabi/10.3.1/../../../../arm-none-eabi/lib/thumb/v7e-m+fp/hard\libc_nano.a(lib_a-exit.o) (_global_impure_ptr)
c:/st/stm32cubeide_1.12.1/stm32cubeide/plugins/com.st.stm32cube.ide.mcu.externaltools.gnu-tools-for-stm32.10.3-2021.10.win32_1.0.200.202301161003/tools/bin/../lib/gcc/arm-none-eabi/10.3.1/../../../../arm-none-eabi/lib/thumb/v7e-m+fp/hard\libc_nano.a(lib_a-init.o)
                              c:/st/stm32cubeide_1.12.1/stm32cubeide/plugins/com.st.stm32cube.ide.mcu.externaltools.gnu-tools-for-stm32.10.3-2021.10.win32_1.0.200.202301161003/tools/bin/../lib/gcc/arm-none-eabi/10.3.1/../../../../arm-none-eabi/lib/thumb/v7e-m+fp/hard/crt0.o (__libc_init_array)
c:/st/stm32cubeide_1.12.1/stm32cubeide/plugins/com.st.stm32cube.ide.mcu.externaltools.gnu-tools-for-stm32.10.3-2021.10.win32_1.0.200.202301161003/tools/bin/../lib/gcc/arm-none-eabi/10.3.1/../../../../arm-none-eabi/lib/thumb/v7e-m+fp/hard\libc_nano.a(lib_a-malloc.o)
                              ./Core/Src/MFRC.o (malloc)
c:/st/stm32cubeide_1.12.1/stm32cubeide/plugins/com.st.stm32cube.ide.mcu.externaltools.gnu-tools-for-stm32.10.3-2021.10.win32_1.0.200.202301161003/tools/bin/../lib/gcc/arm-none-eabi/10.3.1/../../../../arm-none-eabi/lib/thumb/v7e-m+fp/hard\libc_nano.a(lib_a-memcpy-stub.o)
                              ./Core/Src/MFRC.o (memcpy)
c:/st/stm32cubeide_1.12.1/stm32cubeide/plugins/com.st.stm32cube.ide.mcu.externaltools.gnu-tools-for-stm32.10.3-2021.10.win32_1.0.200.202301161003/tools/bin/../lib/gcc/arm-none-eabi/10.3.1/../../../../arm-none-eabi/lib/thumb/v7e-m+fp/hard\libc_nano.a(lib_a-memset.o)
                              c:/st/stm32cubeide_1.12.1/stm32cubeide/plugins/com.st.stm32cube.ide.mcu.externaltools.gnu-tools-for-stm32.10.3-2021.10.win32_1.0.200.202301161003/tools/bin/../lib/gcc/arm-none-eabi/10.3.1/../../../../arm-none-eabi/lib/thumb/v7e-m+fp/hard/crt0.o (memset)
c:/st/stm32cubeide_1.12.1/stm32cubeide/plugins/com.st.stm32cube.ide.mcu.externaltools.gnu-tools-for-stm32.10.3-2021.10.win32_1.0.200.202301161003/tools/bin/../lib/gcc/arm-none-eabi/10.3.1/../../../../arm-none-eabi/lib/thumb/v7e-m+fp/hard\libc_nano.a(lib_a-nano-freer.o)
                              c:/st/stm32cubeide_1.12.1/stm32cubeide/plugins/com.st.stm32cube.ide.mcu.externaltools.gnu-tools-for-stm32.10.3-2021.10.win32_1.0.200.202301161003/tools/bin/../lib/gcc/arm-none-eabi/10.3.1/../../../../arm-none-eabi/lib/thumb/v7e-m+fp/hard\libc_nano.a(lib_a-malloc.o) (_free_r)
c:/st/stm32cubeide_1.12.1/stm32cubeide/plugins/com.st.stm32cube.ide.mcu.externaltools.gnu-tools-for-stm32.10.3-2021.10.win32_1.0.200.202301161003/tools/bin/../lib/gcc/arm-none-eabi/10.3.1/../../../../arm-none-eabi/lib/thumb/v7e-m+fp/hard\libc_nano.a(lib_a-nano-mallocr.o)
                              c:/st/stm32cubeide_1.12.1/stm32cubeide/plugins/com.st.stm32cube.ide.mcu.externaltools.gnu-tools-for-stm32.10.3-2021.10.win32_1.0.200.202301161003/tools/bin/../lib/gcc/arm-none-eabi/10.3.1/../../../../arm-none-eabi/lib/thumb/v7e-m+fp/hard\libc_nano.a(lib_a-malloc.o) (_malloc_r)
c:/st/stm32cubeide_1.12.1/stm32cubeide/plugins/com.st.stm32cube.ide.mcu.externaltools.gnu-tools-for-stm32.10.3-2021.10.win32_1.0.200.202301161003/tools/bin/../lib/gcc/arm-none-eabi/10.3.1/../../../../arm-none-eabi/lib/thumb/v7e-m+fp/hard\libc_nano.a(lib_a-printf.o)
                              ./Core/Src/MFRC.o (printf)
[...]
Memory Configuration

Name             Origin             Length             Attributes
RAM              0x0000000020000000 0x0000000000010000 xrw
FLASH            0x0000000008000000 0x0000000000020000 xr
*default*        0x0000000000000000 0xffffffffffffffff

Linker script and memory map

LOAD c:/st/stm32cubeide_1.12.1/stm32cubeide/plugins/com.st.stm32cube.ide.mcu.externaltools.gnu-tools-for-stm32.10.3-2021.10.win32_1.0.200.202301161003/tools/bin/../lib/gcc/arm-none-eabi/10.3.1/thumb/v7e-m+fp/hard/crti.o
LOAD c:/st/stm32cubeide_1.12.1/stm32cubeide/plugins/com.st.stm32cube.ide.mcu.externaltools.gnu-tools-for-stm32.10.3-2021.10.win32_1.0.200.202301161003/tools/bin/../lib/gcc/arm-none-eabi/10.3.1/thumb/v7e-m+fp/hard/crtbegin.o
LOAD c:/st/stm32cubeide_1.12.1/stm32cubeide/plugins/com.st.stm32cube.ide.mcu.externaltools.gnu-tools-for-stm32.10.3-2021.10.win32_1.0.200.202301161003/tools/bin/../lib/gcc/arm-none-eabi/10.3.1/../../../../arm-none-eabi/lib/thumb/v7e-m+fp/hard/crt0.o
LOAD ./Core/Src/MFRC.o
LOAD ./Core/Src/OLED.o
LOAD ./Core/Src/W25N01GVZEIG.o
LOAD ./Core/Src/button.o
LOAD ./Core/Src/commands.o
LOAD ./Core/Src/freertos.o
LOAD ./Core/Src/main.o
LOAD ./Core/Src/ruthlessfs.o
LOAD ./Core/Src/screen.o
LOAD ./Core/Src/stm32f4xx_hal_msp.o
LOAD ./Core/Src/stm32f4xx_hal_timebase_tim.o
LOAD ./Core/Src/stm32f4xx_it.o
LOAD ./Core/Src/syscalls.o
LOAD ./Core/Src/sysmem.o
LOAD ./Core/Src/system_stm32f4xx.o
LOAD ./Core/Startup/startup_stm32f401cbux.o
LOAD ./Drivers/STM32F4xx_HAL_Driver/Src/stm32f4xx_hal.o
LOAD ./Drivers/STM32F4xx_HAL_Driver/Src/stm32f4xx_hal_cortex.o
LOAD ./Drivers/STM32F4xx_HAL_Driver/Src/stm32f4xx_hal_dma.o
LOAD ./Drivers/STM32F4xx_HAL_Driver/Src/stm32f4xx_hal_dma_ex.o
LOAD ./Drivers/STM32F4xx_HAL_Driver/Src/stm32f4xx_hal_exti.o
LOAD ./Drivers/STM32F4xx_HAL_Driver/Src/stm32f4xx_hal_flash.o
LOAD ./Drivers/STM32F4xx_HAL_Driver/Src/stm32f4xx_hal_flash_ex.o
LOAD ./Drivers/STM32F4xx_HAL_Driver/Src/stm32f4xx_hal_flash_ramfunc.o
LOAD ./Drivers/STM32F4xx_HAL_Driver/Src/stm32f4xx_hal_gpio.o
LOAD ./Drivers/STM32F4xx_HAL_Driver/Src/stm32f4xx_hal_i2c.o
LOAD ./Drivers/STM32F4xx_HAL_Driver/Src/stm32f4xx_hal_i2c_ex.o
LOAD ./Drivers/STM32F4xx_HAL_Driver/Src/stm32f4xx_hal_pcd.o
LOAD ./Drivers/STM32F4xx_HAL_Driver/Src/stm32f4xx_hal_pcd_ex.o
LOAD ./Drivers/STM32F4xx_HAL_Driver/Src/stm32f4xx_hal_pwr.o
LOAD ./Drivers/STM32F4xx_HAL_Driver/Src/stm32f4xx_hal_pwr_ex.o
LOAD ./Drivers/STM32F4xx_HAL_Driver/Src/stm32f4xx_hal_rcc.o
LOAD ./Drivers/STM32F4xx_HAL_Driver/Src/stm32f4xx_hal_rcc_ex.o
LOAD ./Drivers/STM32F4xx_HAL_Driver/Src/stm32f4xx_hal_spi.o
LOAD ./Drivers/STM32F4xx_HAL_Driver/Src/stm32f4xx_hal_tim.o
LOAD ./Drivers/STM32F4xx_HAL_Driver/Src/stm32f4xx_hal_tim_ex.o
LOAD ./Drivers/STM32F4xx_HAL_Driver/Src/stm32f4xx_ll_usb.o
LOAD ./Middlewares/ST/STM32_USB_Device_Library/Class/CDC/Src/usbd_cdc.o
LOAD ./Middlewares/ST/STM32_USB_Device_Library/Core/Src/usbd_core.o
LOAD ./Middlewares/ST/STM32_USB_Device_Library/Core/Src/usbd_ctlreq.o
LOAD ./Middlewares/ST/STM32_USB_Device_Library/Core/Src/usbd_ioreq.o
LOAD ./Middlewares/Third_Party/FreeRTOS/Source/CMSIS_RTOS_V2/cmsis_os2.o
LOAD ./Middlewares/Third_Party/FreeRTOS/Source/croutine.o
LOAD ./Middlewares/Third_Party/FreeRTOS/Source/event_groups.o
LOAD ./Middlewares/Third_Party/FreeRTOS/Source/list.o
LOAD ./Middlewares/Third_Party/FreeRTOS/Source/queue.o
LOAD ./Middlewares/Third_Party/FreeRTOS/Source/stream_buffer.o
LOAD ./Middlewares/Third_Party/FreeRTOS/Source/tasks.o
LOAD ./Middlewares/Third_Party/FreeRTOS/Source/timers.o
LOAD ./Middlewares/Third_Party/FreeRTOS/Source/portable/GCC/ARM_CM4F/port.o
LOAD ./Middlewares/Third_Party/FreeRTOS/Source/portable/MemMang/heap_4.o
LOAD ./USB_DEVICE/App/usb_device.o
LOAD ./USB_DEVICE/App/usbd_cdc_if.o
LOAD ./USB_DEVICE/App/usbd_desc.o
LOAD ./USB_DEVICE/Target/usbd_conf.o
START GROUP
LOAD c:/st/stm32cubeide_1.12.1/stm32cubeide/plugins/com.st.stm32cube.ide.mcu.externaltools.gnu-tools-for-stm32.10.3-2021.10.win32_1.0.200.202301161003/tools/bin/../lib/gcc/arm-none-eabi/10.3.1/../../../../arm-none-eabi/lib/thumb/v7e-m+fp/hard\libc_nano.a
LOAD c:/st/stm32cubeide_1.12.1/stm32cubeide/plugins/com.st.stm32cube.ide.mcu.externaltools.gnu-tools-for-stm32.10.3-2021.10.win32_1.0.200.202301161003/tools/bin/../lib/gcc/arm-none-eabi/10.3.1/../../../../arm-none-eabi/lib/thumb/v7e-m+fp/hard\libm.a
END GROUP
START GROUP
LOAD c:/st/stm32cubeide_1.12.1/stm32cubeide/plugins/com.st.stm32cube.ide.mcu.externaltools.gnu-tools-for-stm32.10.3-2021.10.win32_1.0.200.202301161003/tools/bin/../lib/gcc/arm-none-eabi/10.3.1/thumb/v7e-m+fp/hard\libgcc.a
LOAD c:/st/stm32cubeide_1.12.1/stm32cubeide/plugins/com.st.stm32cube.ide.mcu.externaltools.gnu-tools-for-stm32.10.3-2021.10.win32_1.0.200.202301161003/tools/bin/../lib/gcc/arm-none-eabi/10.3.1/../../../../arm-none-eabi/lib/thumb/v7e-m+fp/hard\libc_nano.a
END GROUP
START GROUP
LOAD c:/st/stm32cubeide_1.12.1/stm32cubeide/plugins/com.st.stm32cube.ide.mcu.externaltools.gnu-tools-for-stm32.10.3-2021.10.win32_1.0.200.202301161003/tools/bin/../lib/gcc/arm-none-eabi/10.3.1/thumb/v7e-m+fp/hard\libgcc.a
LOAD c:/st/stm32cubeide_1.12.1/stm32cubeide/plugins/com.st.stm32cube.ide.mcu.externaltools.gnu-tools-for-stm32.10.3-2021.10.win32_1.0.200.202301161003/tools/bin/../lib/gcc/arm-none-eabi/10.3.1/../../../../arm-none-eabi/lib/thumb/v7e-m+fp/hard\libc_nano.a
LOAD c:/st/stm32cubeide_1.12.1/stm32cubeide/plugins/com.st.stm32cube.ide.mcu.externaltools.gnu-tools-for-stm32.10.3-2021.10.win32_1.0.200.202301161003/tools/bin/../lib/gcc/arm-none-eabi/10.3.1/../../../../arm-none-eabi/lib/thumb/v7e-m+fp/hard\libnosys.a
END GROUP
START GROUP
LOAD c:/st/stm32cubeide_1.12.1/stm32cubeide/plugins/com.st.stm32cube.ide.mcu.externaltools.gnu-tools-for-stm32.10.3-2021.10.win32_1.0.200.202301161003/tools/bin/../lib/gcc/arm-none-eabi/10.3.1/thumb/v7e-m+fp/hard\libgcc.a
LOAD c:/st/stm32cubeide_1.12.1/stm32cubeide/plugins/com.st.stm32cube.ide.mcu.externaltools.gnu-tools-for-stm32.10.3-2021.10.win32_1.0.200.202301161003/tools/bin/../lib/gcc/arm-none-eabi/10.3.1/../../../../arm-none-eabi/lib/thumb/v7e-m+fp/hard\libc_nano.a
LOAD c:/st/stm32cubeide_1.12.1/stm32cubeide/plugins/com.st.stm32cube.ide.mcu.externaltools.gnu-tools-for-stm32.10.3-2021.10.win32_1.0.200.202301161003/tools/bin/../lib/gcc/arm-none-eabi/10.3.1/../../../../arm-none-eabi/lib/thumb/v7e-m+fp/hard\libnosys.a
END GROUP
LOAD c:/st/stm32cubeide_1.12.1/stm32cubeide/plugins/com.st.stm32cube.ide.mcu.externaltools.gnu-tools-for-stm32.10.3-2021.10.win32_1.0.200.202301161003/tools/bin/../lib/gcc/arm-none-eabi/10.3.1/thumb/v7e-m+fp/hard/crtend.o
LOAD c:/st/stm32cubeide_1.12.1/stm32cubeide/plugins/com.st.stm32cube.ide.mcu.externaltools.gnu-tools-for-stm32.10.3-2021.10.win32_1.0.200.202301161003/tools/bin/../lib/gcc/arm-none-eabi/10.3.1/thumb/v7e-m+fp/hard/crtn.o
                0x0000000020010000                _estack = (ORIGIN (RAM) + LENGTH (RAM))
                0x0000000000000200                _Min_Heap_Size = 0x200
                0x0000000000000400                _Min_Stack_Size = 0x400

.isr_vector     0x0000000008000000      0x194
                0x0000000008000000                . = ALIGN (0x4)
 *(.isr_vector)
 .isr_vector    0x0000000008000000      0x194 ./Core/Startup/startup_stm32f401cbux.o
                0x0000000008000000                g_pfnVectors
                0x0000000008000194                . = ALIGN (0x4)

.text           0x00000000080001a0    0x11b18
                0x00000000080001a0                . = ALIGN (0x4)
 *(.text)
 .text          0x00000000080001a0       0x40 c:/st/stm32cubeide_1.12.1/stm32cubeide/plugins/com.st.stm32cube.ide.mcu.externaltools.gnu-tools-for-stm32.10.3-2021.10.win32_1.0.200.202301161003/tools/bin/../lib/gcc/arm-none-eabi/10.3.1/thumb/v7e-m+fp/hard/crtbegin.o
 .text          0x00000000080001e0       0x14 c:/st/stm32cubeide_1.12.1/stm32cubeide/plugins/com.st.stm32cube.ide.mcu.externaltools.gnu-tools-for-stm32.10.3-2021.10.win32_1.0.200.202301161003/tools/bin/../lib/gcc/arm-none-eabi/10.3.1/../../../../arm-none-eabi/lib/thumb/v7e-m+fp/hard\libc_nano.a(lib_a-strcmp.o)
                0x00000000080001e0                strcmp
 .text          0x00000000080001f4       0x10 c:/st/stm32cubeide_1.12.1/stm32cubeide/plugins/com.st.stm32cube.ide.mcu.externaltools.gnu-tools-for-stm32.10.3-2021.10.win32_1.0.200.202301161003/tools/bin/../lib/gcc/arm-none-eabi/10.3.1/../../../../arm-none-eabi/lib/thumb/v7e-m+fp/hard\libc_nano.a(lib_a-strlen.o)
                0x00000000080001f4                strlen
 *fill*         0x0000000008000204        0xc 
 .text          0x0000000008000210       0xa0 c:/st/stm32cubeide_1.12.1/stm32cubeide/plugins/com.st.stm32cube.ide.mcu.externaltools.gnu-tools-for-stm32.10.3-2021.10.win32_1.0.200.202301161003/tools/bin/../lib/gcc/arm-none-eabi/10.3.1/../../../../arm-none-eabi/lib/thumb/v7e-m+fp/hard\libc_nano.a(lib_a-memchr.o)
                0x0000000008000210                memchr
 .text          0x00000000080002b0      0x254 c:/st/stm32cubeide_1.12.1/stm32cubeide/plugins/com.st.stm32cube.ide.mcu.externaltools.gnu-tools-for-stm32.10.3-2021.10.win32_1.0.200.202301161003/tools/bin/../lib/gcc/arm-none-eabi/10.3.1/thumb/v7e-m+fp/hard\libgcc.a(_arm_muldf3.o)
                0x00000000080002b0                __muldf3
                0x00000000080002b0                __aeabi_dmul
 .text          0x0000000008000504      0x378 c:/st/stm32cubeide_1.12.1/stm32cubeide/plugins/com.st.stm32cube.ide.mcu.externaltools.gnu-tools-for-stm32.10.3-2021.10.win32_1.0.200.202301161003/tools/bin/../lib/gcc/arm-none-eabi/10.3.1/thumb/v7e-m+fp/hard\libgcc.a(_arm_addsubdf3.o)
                0x0000000008000504                __aeabi_drsub
                0x000000000800050c                __aeabi_dsub
                0x000000000800050c                __subdf3
                0x0000000008000510                __aeabi_dadd
                0x0000000008000510                __adddf3
                0x0000000008000788                __floatunsidf
                0x0000000008000788                __aeabi_ui2d
                0x00000000080007a8                __floatsidf
                0x00000000080007a8                __aeabi_i2d
                0x00000000080007cc                __aeabi_f2d
                0x00000000080007cc                __extendsfdf2
                0x0000000008000810                __floatundidf
                0x0000000008000810                __aeabi_ul2d
                0x0000000008000820                __floatdidf
                0x0000000008000820                __aeabi_l2d
 .text          0x000000000800087c       0x40 c:/st/stm32cubeide_1.12.1/stm32cubeide/plugins/com.st.stm32cube.ide.mcu.externaltools.gnu-tools-for-stm32.10.3-2021.10.win32_1.0.200.202301161003/tools/bin/../lib/gcc/arm-none-eabi/10.3.1/thumb/v7e-m+fp/hard\libgcc.a(_arm_fixunsdfsi.o)
                0x000000000800087c                __aeabi_d2uiz
                0x000000000800087c                __fixunsdfsi
 .text          0x00000000080008bc       0x30 c:/st/stm32cubeide_1.12.1/stm32cubeide/plugins/com.st.stm32cube.ide.mcu.externaltools.gnu-tools-for-stm32.10.3-2021.10.win32_1.0.200.202301161003/tools/bin/../lib/gcc/arm-none-eabi/10.3.1/thumb/v7e-m+fp/hard\libgcc.a(_aeabi_uldivmod.o)
                0x00000000080008bc                __aeabi_uldivmod
 .text          0x00000000080008ec      0x2d0 c:/st/stm32cubeide_1.12.1/stm32cubeide/plugins/com.st.stm32cube.ide.mcu.externaltools.gnu-tools-for-stm32.10.3-2021.10.win32_1.0.200.202301161003/tools/bin/../lib/gcc/arm-none-eabi/10.3.1/thumb/v7e-m+fp/hard\libgcc.a(_udivmoddi4.o)
                0x00000000080008ec                __udivmoddi4
 .text          0x0000000008000bbc        0x4 c:/st/stm32cubeide_1.12.1/stm32cubeide/plugins/com.st.stm32cube.ide.mcu.externaltools.gnu-tools-for-stm32.10.3-2021.10.win32_1.0.200.202301161003/tools/bin/../lib/gcc/arm-none-eabi/10.3.1/thumb/v7e-m+fp/hard\libgcc.a(_dvmd_tls.o)
                0x0000000008000bbc                __aeabi_idiv0
                0x0000000008000bbc                __aeabi_ldiv0
 *(.text*)
 .text.MFRC_REGW
                0x0000000008000bc0       0x48 ./Core/Src/MFRC.o
                0x0000000008000bc0                MFRC_REGW
 .text.MFRC_REGR
                0x0000000008000c08       0x40 ./Core/Src/MFRC.o
                0x0000000008000c08                MFRC_REGR
 .text.MFRC_FIFOW
                0x0000000008000c48       0x5c ./Core/Src/MFRC.o
                0x0000000008000c48                MFRC_FIFOW
 .text.MFRC_FIFOR
                0x0000000008000ca4       0x5c ./Core/Src/MFRC.o
                0x0000000008000ca4                MFRC_FIFOR
 .text.MFRC_ANTON
                0x0000000008000d00       0x32 ./Core/Src/MFRC.o
                0x0000000008000d00                MFRC_ANTON
 .text.ClearBitMask
                0x0000000008000d32       0x42 ./Core/Src/MFRC.o
                0x0000000008000d32                ClearBitMask
 .text.MFRC_ANTOFF
                0x0000000008000d74       0x10 ./Core/Src/MFRC.o
                0x0000000008000d74                MFRC_ANTOFF
 .text.CALC_CRC
                0x0000000008000d84       0x7e ./Core/Src/MFRC.o
                0x0000000008000d84                CALC_CRC
 *fill*         0x0000000008000e02        0x2 
 .text.MFRC_INIT
                0x0000000008000e04       0x64 ./Core/Src/MFRC.o
                0x0000000008000e04                MFRC_INIT
 .text.MFRC_TRANSCEIVE
                0x0000000008000e68       0x8a ./Core/Src/MFRC.o
                0x0000000008000e68                MFRC_TRANSCEIVE
 .text.MFRC_WUPA
                0x0000000008000ef2       0x3a ./Core/Src/MFRC.o
                0x0000000008000ef2                MFRC_WUPA
 .text.MFRC_HALTA
                0x0000000008000f2c       0x54 ./Core/Src/MFRC.o
                0x0000000008000f2c                MFRC_HALTA
 .text.MFRC_ANTICOL1
                0x0000000008000f80       0x3c ./Core/Src/MFRC.o
                0x0000000008000f80                MFRC_ANTICOL1
 .text.MFRC_SEL1
                0x0000000008000fbc       0x6a ./Core/Src/MFRC.o
                0x0000000008000fbc                MFRC_SEL1
 .text.MFRC_ANTICOL2
                0x0000000008001026       0x3c ./Core/Src/MFRC.o
                0x0000000008001026                MFRC_ANTICOL2
 .text.MFRC_SEL2
                0x0000000008001062       0x6a ./Core/Src/MFRC.o
                0x0000000008001062                MFRC_SEL2
 .text.PICC_Select
                0x00000000080010cc       0x7c ./Core/Src/MFRC.o
                0x00000000080010cc                PICC_Select
 .text.PICC_CHECK
                0x0000000008001148       0x36 ./Core/Src/MFRC.o
                0x0000000008001148                PICC_CHECK
 .text.UL_READ  0x000000000800117e       0x58 ./Core/Src/MFRC.o
                0x000000000800117e                UL_READ
 .text.UL_WRITE
                0x00000000080011d6       0x76 ./Core/Src/MFRC.o
                0x00000000080011d6                UL_WRITE
 .text.UL_getuid
                0x000000000800124c       0x44 ./Core/Src/MFRC.o
                0x000000000800124c                UL_getuid
 .text.UL_getalldata
                0x0000000008001290       0x40 ./Core/Src/MFRC.o
                0x0000000008001290                UL_getalldata
 .text.UL_readcard
                0x00000000080012d0       0x60 ./Core/Src/MFRC.o
                0x00000000080012d0                UL_readcard
 .text.UL_writecard
                0x0000000008001330       0x80 ./Core/Src/MFRC.o
                0x0000000008001330                UL_writecard
 .text.uid_tostring
                0x00000000080013b0       0x94 ./Core/Src/MFRC.o
                0x00000000080013b0                uid_tostring
 .text.UL_verify
                0x0000000008001444       0xaa ./Core/Src/MFRC.o
                0x0000000008001444                UL_verify
 *fill*         0x00000000080014ee        0x2 
 .text.dump_card_serial
                0x00000000080014f0      0x128 ./Core/Src/MFRC.o
                0x00000000080014f0                dump_card_serial
 .text.OLED_Clear
                0x0000000008001618       0x28 ./Core/Src/OLED.o
                0x0000000008001618                OLED_Clear
 .text.OLED_cmd
                0x0000000008001640       0x74 ./Core/Src/OLED.o
                0x0000000008001640                OLED_cmd
 .text.OLED_data
                0x00000000080016b4       0x78 ./Core/Src/OLED.o
                0x00000000080016b4                OLED_data
 .text.OLED_FLUSH
                0x000000000800172c       0x66 ./Core/Src/OLED.o
                0x000000000800172c                OLED_FLUSH
 *fill*         0x0000000008001792        0x2 
 .text.OLED_INIT
                0x0000000008001794       0xd8 ./Core/Src/OLED.o
                0x0000000008001794                OLED_INIT
 .text.OLED_InvChar
                0x000000000800186c       0x64 ./Core/Src/OLED.o
                0x000000000800186c                OLED_InvChar
 .text.OLED_drawChar
                0x00000000080018d0       0xa0 ./Core/Src/OLED.o
                0x00000000080018d0                OLED_drawChar
 .text.OLED_Printlin
                0x0000000008001970       0x5e ./Core/Src/OLED.o
                0x0000000008001970                OLED_Printlin
 .text.OLED_PrintCent
                0x00000000080019ce       0x48 ./Core/Src/OLED.o
                0x00000000080019ce                OLED_PrintCent
 .text.OLED_Print
                0x0000000008001a16      0x196 ./Core/Src/OLED.o
                0x0000000008001a16                OLED_Print
 .text.OLED_SCREEN
                0x0000000008001bac       0x72 ./Core/Src/OLED.o
                0x0000000008001bac                OLED_SCREEN
 .text.OLED_SCRNREF
                0x0000000008001c1e       0x60 ./Core/Src/OLED.o
                0x0000000008001c1e                OLED_SCRNREF
 *fill*         0x0000000008001c7e        0x2 
 .text.OLED_SELECT
                0x0000000008001c80       0xec ./Core/Src/OLED.o
                0x0000000008001c80                OLED_SELECT
 .text.OLED_select_inv
                0x0000000008001d6c       0xd4 ./Core/Src/OLED.o
                0x0000000008001d6c                OLED_select_inv
 .text.OLED_display_files
                0x0000000008001e40      0x104 ./Core/Src/OLED.o
                0x0000000008001e40                OLED_display_files
 .text.find_restore_string
                0x0000000008001f44       0x6e ./Core/Src/OLED.o
                0x0000000008001f44                find_restore_string
 *fill*         0x0000000008001fb2        0x2 
 .text.oled_show_file
                0x0000000008001fb4       0x80 ./Core/Src/OLED.o
                0x0000000008001fb4                oled_show_file
 .text.oled_move_selection
                0x0000000008002034       0x4c ./Core/Src/OLED.o
                0x0000000008002034                oled_move_selection
 .text.oled_move_selection_inv
                0x0000000008002080       0x46 ./Core/Src/OLED.o
                0x0000000008002080                oled_move_selection_inv
 *fill*         0x00000000080020c6        0x2 
 .text.oled_keyboard_insertChar
                0x00000000080020c8       0x7c ./Core/Src/OLED.o
                0x00000000080020c8                oled_keyboard_insertChar
 .text.oled_keyboard_removeChar
                0x0000000008002144       0xd4 ./Core/Src/OLED.o
                0x0000000008002144                oled_keyboard_removeChar
 .text.oled_set_contrast
                0x0000000008002218       0x26 ./Core/Src/OLED.o
                0x0000000008002218                oled_set_contrast
 *fill*         0x000000000800223e        0x2 
 .text.oled_show_stats
                0x0000000008002240       0x40 ./Core/Src/OLED.o
                0x0000000008002240                oled_show_stats
 .text.STAT_READ
                0x0000000008002280       0x5c ./Core/Src/W25N01GVZEIG.o
                0x0000000008002280                STAT_READ
 .text.STAT_WRITE
                0x00000000080022dc       0x54 ./Core/Src/W25N01GVZEIG.o
                0x00000000080022dc                STAT_WRITE
 .text.WRIT_EN  0x0000000008002330       0x58 ./Core/Src/W25N01GVZEIG.o
                0x0000000008002330                WRIT_EN
 .text.WRITE_DIS
                0x0000000008002388       0x54 ./Core/Src/W25N01GVZEIG.o
                0x0000000008002388                WRITE_DIS
 .text.block_erase
                0x00000000080023dc       0x78 ./Core/Src/W25N01GVZEIG.o
                0x00000000080023dc                block_erase
 .text.MEM_INIT
                0x0000000008002454       0x38 ./Core/Src/W25N01GVZEIG.o
                0x0000000008002454                MEM_INIT
 .text.MEM_WRITE
                0x000000000800248c      0x12c ./Core/Src/W25N01GVZEIG.o
                0x000000000800248c                MEM_WRITE
 .text.MEM_READPAGE
                0x00000000080025b8      0x1a4 ./Core/Src/W25N01GVZEIG.o
                0x00000000080025b8                MEM_READPAGE
 .text.mem_find_free_block
                0x000000000800275c       0x4e ./Core/Src/W25N01GVZEIG.o
                0x000000000800275c                mem_find_free_block
 *fill*         0x00000000080027aa        0x2 
 .text.HAL_GPIO_EXTI_Callback
                0x00000000080027ac       0x84 ./Core/Src/button.o
                0x00000000080027ac                HAL_GPIO_EXTI_Callback
 .text.cmd_ls   0x0000000008002830       0x6c ./Core/Src/commands.o
                0x0000000008002830                cmd_ls
 .text.cmd_parse
                0x000000000800289c       0x38 ./Core/Src/commands.o
                0x000000000800289c                cmd_parse
 .text.cmd_build
                0x00000000080028d4       0x60 ./Core/Src/commands.o
                0x00000000080028d4                cmd_build
 .text.BUZZ     0x0000000008002934       0x24 ./Core/Src/main.o
                0x0000000008002934                BUZZ
 .text.write_card
                0x0000000008002958       0xc8 ./Core/Src/main.o
                0x0000000008002958                write_card
 .text.main     0x0000000008002a20      0x1f8 ./Core/Src/main.o
                0x0000000008002a20                main
 .text.SystemClock_Config
                0x0000000008002c18       0xd4 ./Core/Src/main.o
                0x0000000008002c18                SystemClock_Config
 .text.MX_I2C1_Init
                0x0000000008002cec       0x5c ./Core/Src/main.o
 .text.MX_SPI1_Init
                0x0000000008002d48       0x70 ./Core/Src/main.o
 .text.MX_SPI2_Init
                0x0000000008002db8       0x6c ./Core/Src/main.o
 .text.MX_TIM2_Init
                0x0000000008002e24       0xec ./Core/Src/main.o
 .text.MX_TIM3_Init
                0x0000000008002f10       0x9c ./Core/Src/main.o
 .text.MX_GPIO_Init
                0x0000000008002fac       0xf8 ./Core/Src/main.o
 .text._write   0x00000000080030a4       0x28 ./Core/Src/main.o
                0x00000000080030a4                _write
 .text.Start_Init
                0x00000000080030cc      0x110 ./Core/Src/main.o
                0x00000000080030cc                Start_Init
 .text.StartReadCard
                0x00000000080031dc       0x9c ./Core/Src/main.o
                0x00000000080031dc                StartReadCard
 .text.StartWriteCard
                0x0000000008003278       0xa4 ./Core/Src/main.o
                0x0000000008003278                StartWriteCard
 .text.StartHome
                0x000000000800331c       0xfc ./Core/Src/main.o
                0x000000000800331c                StartHome
 .text.CardFoundStart
                0x0000000008003418      0x128 ./Core/Src/main.o
                0x0000000008003418                CardFoundStart
 .text.StartShowFiles
                0x0000000008003540       0xd8 ./Core/Src/main.o
                0x0000000008003540                StartShowFiles
 .text.StartShowFileData
                0x0000000008003618       0xa4 ./Core/Src/main.o
                0x0000000008003618                StartShowFileData
 .text.StartClone
                0x00000000080036bc       0xa8 ./Core/Src/main.o
                0x00000000080036bc                StartClone
 .text.StartKeyboard
                0x0000000008003764       0xc0 ./Core/Src/main.o
                0x0000000008003764                StartKeyboard
 .text.StartDisplaySettings
                0x0000000008003824       0xc8 ./Core/Src/main.o
                0x0000000008003824                StartDisplaySettings
 .text.StartStats
                0x00000000080038ec       0x74 ./Core/Src/main.o
                0x00000000080038ec                StartStats
 .text.StartUSBListen
                0x0000000008003960       0x54 ./Core/Src/main.o
                0x0000000008003960                StartUSBListen
 .text.HAL_TIM_PeriodElapsedCallback
                0x00000000080039b4       0x24 ./Core/Src/main.o
                0x00000000080039b4                HAL_TIM_PeriodElapsedCallback
 .text.Error_Handler
                0x00000000080039d8        0xa ./Core/Src/main.o
                0x00000000080039d8                Error_Handler
 .text.enter_card
                0x00000000080039e2       0xaa ./Core/Src/ruthlessfs.o
                0x00000000080039e2                enter_card
 .text.enter_metadata
                0x0000000008003a8c       0xc6 ./Core/Src/ruthlessfs.o
                0x0000000008003a8c                enter_metadata
 .text.read_card_entry
                0x0000000008003b52       0x5a ./Core/Src/ruthlessfs.o
                0x0000000008003b52                read_card_entry
 .text.read_metadata
                0x0000000008003bac       0xda ./Core/Src/ruthlessfs.o
                0x0000000008003bac                read_metadata
 .text.read_nameuid
                0x0000000008003c86       0xd6 ./Core/Src/ruthlessfs.o
                0x0000000008003c86                read_nameuid
 .text.read_cardcontents
                0x0000000008003d5c       0x50 ./Core/Src/ruthlessfs.o
                0x0000000008003d5c                read_cardcontents
 .text.get_datasize
                0x0000000008003dac       0x58 ./Core/Src/ruthlessfs.o
                0x0000000008003dac                get_datasize
 .text.get_number_files_section
                0x0000000008003e04       0x48 ./Core/Src/ruthlessfs.o
                0x0000000008003e04                get_number_files_section
 .text.get_number_files_all
                0x0000000008003e4c       0x14 ./Core/Src/ruthlessfs.o
                0x0000000008003e4c                get_number_files_all
 .text.get_files_section
                0x0000000008003e60       0xbc ./Core/Src/ruthlessfs.o
                0x0000000008003e60                get_files_section
 .text.entry_present
                0x0000000008003f1c       0x3a ./Core/Src/ruthlessfs.o
                0x0000000008003f1c                entry_present
 .text.get_file_name
                0x0000000008003f56       0x5a ./Core/Src/ruthlessfs.o
                0x0000000008003f56                get_file_name
 .text.free_filenames
                0x0000000008003fb0       0x3c ./Core/Src/ruthlessfs.o
                0x0000000008003fb0                free_filenames
 .text.remove_card
                0x0000000008003fec       0x1a ./Core/Src/ruthlessfs.o
                0x0000000008003fec                remove_card
 *fill*         0x0000000008004006        0x2 
 .text.get_used_size
                0x0000000008004008       0x40 ./Core/Src/ruthlessfs.o
                0x0000000008004008                get_used_size
 .text.get_free_size
                0x0000000008004048       0x12 ./Core/Src/ruthlessfs.o
                0x0000000008004048                get_free_size
 *fill*         0x000000000800405a        0x2 
 .text.get_used_size_str
                0x000000000800405c       0x24 ./Core/Src/ruthlessfs.o
                0x000000000800405c                get_used_size_str
 .text.get_free_size_str
                0x0000000008004080       0x24 ./Core/Src/ruthlessfs.o
                0x0000000008004080                get_free_size_str
 .text.inc_write_count
                0x00000000080040a4       0x58 ./Core/Src/ruthlessfs.o
                0x00000000080040a4                inc_write_count
 .text.inc_read_count
                0x00000000080040fc       0x58 ./Core/Src/ruthlessfs.o
                0x00000000080040fc                inc_read_count
 .text.get_total_writes
                0x0000000008004154       0x34 ./Core/Src/ruthlessfs.o
                0x0000000008004154                get_total_writes
 .text.get_total_reads
                0x0000000008004188       0x34 ./Core/Src/ruthlessfs.o
                0x0000000008004188                get_total_reads
 .text.get_total_writes_str
                0x00000000080041bc       0x30 ./Core/Src/ruthlessfs.o
                0x00000000080041bc                get_total_writes_str
 .text.get_total_reads_str
                0x00000000080041ec       0x30 ./Core/Src/ruthlessfs.o
                0x00000000080041ec                get_total_reads_str
 .text.HAL_MspInit
                0x000000000800421c       0x58 ./Core/Src/stm32f4xx_hal_msp.o
                0x000000000800421c                HAL_MspInit
 .text.HAL_I2C_MspInit
                0x0000000008004274       0x90 ./Core/Src/stm32f4xx_hal_msp.o
                0x0000000008004274                HAL_I2C_MspInit
 .text.HAL_SPI_MspInit
                0x0000000008004304       0xfc ./Core/Src/stm32f4xx_hal_msp.o
                0x0000000008004304                HAL_SPI_MspInit
 .text.HAL_TIM_Base_MspInit
                0x0000000008004400       0x6c ./Core/Src/stm32f4xx_hal_msp.o
                0x0000000008004400                HAL_TIM_Base_MspInit
 .text.HAL_TIM_MspPostInit
                0x000000000800446c       0x70 ./Core/Src/stm32f4xx_hal_msp.o
                0x000000000800446c                HAL_TIM_MspPostInit
 .text.HAL_InitTick
                0x00000000080044dc       0xf8 ./Core/Src/stm32f4xx_hal_timebase_tim.o
                0x00000000080044dc                HAL_InitTick
 .text.NMI_Handler
                0x00000000080045d4        0x6 ./Core/Src/stm32f4xx_it.o
                0x00000000080045d4                NMI_Handler
 .text.HardFault_Handler
                0x00000000080045da        0x6 ./Core/Src/stm32f4xx_it.o
                0x00000000080045da                HardFault_Handler
 .text.MemManage_Handler
                0x00000000080045e0        0x6 ./Core/Src/stm32f4xx_it.o
                0x00000000080045e0                MemManage_Handler
 .text.BusFault_Handler
                0x00000000080045e6        0x6 ./Core/Src/stm32f4xx_it.o
                0x00000000080045e6                BusFault_Handler
 .text.UsageFault_Handler
                0x00000000080045ec        0x6 ./Core/Src/stm32f4xx_it.o
                0x00000000080045ec                UsageFault_Handler
 .text.DebugMon_Handler
                0x00000000080045f2        0xe ./Core/Src/stm32f4xx_it.o
                0x00000000080045f2                DebugMon_Handler
 .text.EXTI1_IRQHandler
                0x0000000008004600        0xe ./Core/Src/stm32f4xx_it.o
                0x0000000008004600                EXTI1_IRQHandler
 *fill*         0x000000000800460e        0x2 
 .text.TIM5_IRQHandler
                0x0000000008004610       0x14 ./Core/Src/stm32f4xx_it.o
                0x0000000008004610                TIM5_IRQHandler
 .text.OTG_FS_IRQHandler
                0x0000000008004624       0x14 ./Core/Src/stm32f4xx_it.o
                0x0000000008004624                OTG_FS_IRQHandler
 .text._read    0x0000000008004638       0x3a ./Core/Src/syscalls.o
                0x0000000008004638                _read
 .text._close   0x0000000008004672       0x18 ./Core/Src/syscalls.o
                0x0000000008004672                _close
 .text._fstat   0x000000000800468a       0x20 ./Core/Src/syscalls.o
                0x000000000800468a                _fstat
 .text._isatty  0x00000000080046aa       0x16 ./Core/Src/syscalls.o
                0x00000000080046aa                _isatty
 .text._lseek   0x00000000080046c0       0x1a ./Core/Src/syscalls.o
                0x00000000080046c0                _lseek
 *fill*         0x00000000080046da        0x2 
 .text._sbrk    0x00000000080046dc       0x6c ./Core/Src/sysmem.o
                0x00000000080046dc                _sbrk
 .text.SystemInit
                0x0000000008004748       0x24 ./Core/Src/system_stm32f4xx.o
                0x0000000008004748                SystemInit
 .text.Reset_Handler
                0x000000000800476c       0x50 ./Core/Startup/startup_stm32f401cbux.o
                0x000000000800476c                Reset_Handler
 .text.Default_Handler
                0x00000000080047bc        0x2 ./Core/Startup/startup_stm32f401cbux.o
                0x00000000080047bc                RTC_Alarm_IRQHandler
                0x00000000080047bc                EXTI2_IRQHandler
                0x00000000080047bc                SPI4_IRQHandler
                0x00000000080047bc                TIM1_CC_IRQHandler
                0x00000000080047bc                DMA2_Stream5_IRQHandler
                0x00000000080047bc                DMA1_Stream5_IRQHandler
                0x00000000080047bc                PVD_IRQHandler
                0x00000000080047bc                SDIO_IRQHandler
                0x00000000080047bc                TAMP_STAMP_IRQHandler
                0x00000000080047bc                EXTI3_IRQHandler
                0x00000000080047bc                TIM1_UP_TIM10_IRQHandler
                0x00000000080047bc                I2C3_ER_IRQHandler
                0x00000000080047bc                EXTI0_IRQHandler
                0x00000000080047bc                I2C2_EV_IRQHandler
                0x00000000080047bc                DMA1_Stream2_IRQHandler
                0x00000000080047bc                FPU_IRQHandler
                0x00000000080047bc                DMA2_Stream2_IRQHandler
                0x00000000080047bc                SPI1_IRQHandler
                0x00000000080047bc                TIM1_BRK_TIM9_IRQHandler
                0x00000000080047bc                DMA2_Stream3_IRQHandler
                0x00000000080047bc                USART6_IRQHandler
                0x00000000080047bc                DMA2_Stream0_IRQHandler
                0x00000000080047bc                TIM4_IRQHandler
                0x00000000080047bc                I2C1_EV_IRQHandler
                0x00000000080047bc                DMA1_Stream6_IRQHandler
                0x00000000080047bc                DMA1_Stream1_IRQHandler
                0x00000000080047bc                TIM3_IRQHandler
                0x00000000080047bc                RCC_IRQHandler
                0x00000000080047bc                Default_Handler
                0x00000000080047bc                EXTI15_10_IRQHandler
                0x00000000080047bc                ADC_IRQHandler
                0x00000000080047bc                DMA1_Stream7_IRQHandler
                0x00000000080047bc                DMA2_Stream7_IRQHandler
                0x00000000080047bc                I2C3_EV_IRQHandler
                0x00000000080047bc                EXTI9_5_IRQHandler
                0x00000000080047bc                RTC_WKUP_IRQHandler
                0x00000000080047bc                SPI2_IRQHandler
                0x00000000080047bc                DMA1_Stream0_IRQHandler
                0x00000000080047bc                EXTI4_IRQHandler
                0x00000000080047bc                WWDG_IRQHandler
                0x00000000080047bc                TIM2_IRQHandler
                0x00000000080047bc                OTG_FS_WKUP_IRQHandler
                0x00000000080047bc                TIM1_TRG_COM_TIM11_IRQHandler
                0x00000000080047bc                USART2_IRQHandler
                0x00000000080047bc                I2C2_ER_IRQHandler
                0x00000000080047bc                DMA2_Stream1_IRQHandler
                0x00000000080047bc                FLASH_IRQHandler
                0x00000000080047bc                DMA2_Stream4_IRQHandler
                0x00000000080047bc                USART1_IRQHandler
                0x00000000080047bc                SPI3_IRQHandler
                0x00000000080047bc                DMA1_Stream4_IRQHandler
                0x00000000080047bc                I2C1_ER_IRQHandler
                0x00000000080047bc                DMA2_Stream6_IRQHandler
                0x00000000080047bc                DMA1_Stream3_IRQHandler
 *fill*         0x00000000080047be        0x2 
 .text.HAL_Init
                0x00000000080047c0       0x44 ./Drivers/STM32F4xx_HAL_Driver/Src/stm32f4xx_hal.o
                0x00000000080047c0                HAL_Init
 .text.HAL_IncTick
                0x0000000008004804       0x28 ./Drivers/STM32F4xx_HAL_Driver/Src/stm32f4xx_hal.o
                0x0000000008004804                HAL_IncTick
 .text.HAL_GetTick
                0x000000000800482c       0x18 ./Drivers/STM32F4xx_HAL_Driver/Src/stm32f4xx_hal.o
                0x000000000800482c                HAL_GetTick
 .text.HAL_Delay
                0x0000000008004844       0x48 ./Drivers/STM32F4xx_HAL_Driver/Src/stm32f4xx_hal.o
                0x0000000008004844                HAL_Delay
 .text.__NVIC_SetPriorityGrouping
                0x000000000800488c       0x48 ./Drivers/STM32F4xx_HAL_Driver/Src/stm32f4xx_hal_cortex.o
 .text.__NVIC_GetPriorityGrouping
                0x00000000080048d4       0x1c ./Drivers/STM32F4xx_HAL_Driver/Src/stm32f4xx_hal_cortex.o
 .text.__NVIC_EnableIRQ
                0x00000000080048f0       0x3c ./Drivers/STM32F4xx_HAL_Driver/Src/stm32f4xx_hal_cortex.o
 .text.__NVIC_SetPriority
                0x000000000800492c       0x54 ./Drivers/STM32F4xx_HAL_Driver/Src/stm32f4xx_hal_cortex.o
 .text.NVIC_EncodePriority
                0x0000000008004980       0x66 ./Drivers/STM32F4xx_HAL_Driver/Src/stm32f4xx_hal_cortex.o
 .text.HAL_NVIC_SetPriorityGrouping
                0x00000000080049e6       0x16 ./Drivers/STM32F4xx_HAL_Driver/Src/stm32f4xx_hal_cortex.o
                0x00000000080049e6                HAL_NVIC_SetPriorityGrouping
 .text.HAL_NVIC_SetPriority
                0x00000000080049fc       0x38 ./Drivers/STM32F4xx_HAL_Driver/Src/stm32f4xx_hal_cortex.o
                0x00000000080049fc                HAL_NVIC_SetPriority
 .text.HAL_NVIC_EnableIRQ
                0x0000000008004a34       0x1c ./Drivers/STM32F4xx_HAL_Driver/Src/stm32f4xx_hal_cortex.o
                0x0000000008004a34                HAL_NVIC_EnableIRQ
 .text.HAL_GPIO_Init
                0x0000000008004a50      0x308 ./Drivers/STM32F4xx_HAL_Driver/Src/stm32f4xx_hal_gpio.o
                0x0000000008004a50                HAL_GPIO_Init
 .text.HAL_GPIO_ReadPin
                0x0000000008004d58       0x30 ./Drivers/STM32F4xx_HAL_Driver/Src/stm32f4xx_hal_gpio.o
                0x0000000008004d58                HAL_GPIO_ReadPin
 .text.HAL_GPIO_WritePin
                0x0000000008004d88       0x32 ./Drivers/STM32F4xx_HAL_Driver/Src/stm32f4xx_hal_gpio.o
                0x0000000008004d88                HAL_GPIO_WritePin
 *fill*         0x0000000008004dba        0x2 
 .text.HAL_GPIO_EXTI_IRQHandler
                0x0000000008004dbc       0x30 ./Drivers/STM32F4xx_HAL_Driver/Src/stm32f4xx_hal_gpio.o
                0x0000000008004dbc                HAL_GPIO_EXTI_IRQHandler
 .text.HAL_I2C_Init
                0x0000000008004dec      0x288 ./Drivers/STM32F4xx_HAL_Driver/Src/stm32f4xx_hal_i2c.o
                0x0000000008004dec                HAL_I2C_Init
 .text.HAL_I2C_Mem_Write
                0x0000000008005074      0x1f4 ./Drivers/STM32F4xx_HAL_Driver/Src/stm32f4xx_hal_i2c.o
                0x0000000008005074                HAL_I2C_Mem_Write
 .text.HAL_I2C_Mem_Read
                0x0000000008005268      0x44c ./Drivers/STM32F4xx_HAL_Driver/Src/stm32f4xx_hal_i2c.o
                0x0000000008005268                HAL_I2C_Mem_Read
 .text.I2C_RequestMemoryWrite
                0x00000000080056b4      0x12c ./Drivers/STM32F4xx_HAL_Driver/Src/stm32f4xx_hal_i2c.o
 .text.I2C_RequestMemoryRead
                0x00000000080057e0      0x1d0 ./Drivers/STM32F4xx_HAL_Driver/Src/stm32f4xx_hal_i2c.o
 .text.I2C_WaitOnFlagUntilTimeout
                0x00000000080059b0       0xae ./Drivers/STM32F4xx_HAL_Driver/Src/stm32f4xx_hal_i2c.o
 .text.I2C_WaitOnMasterAddressFlagUntilTimeout
                0x0000000008005a5e       0xfe ./Drivers/STM32F4xx_HAL_Driver/Src/stm32f4xx_hal_i2c.o
 .text.I2C_WaitOnTXEFlagUntilTimeout
                0x0000000008005b5c       0x82 ./Drivers/STM32F4xx_HAL_Driver/Src/stm32f4xx_hal_i2c.o
 .text.I2C_WaitOnBTFFlagUntilTimeout
                0x0000000008005bde       0x82 ./Drivers/STM32F4xx_HAL_Driver/Src/stm32f4xx_hal_i2c.o
 .text.I2C_WaitOnRXNEFlagUntilTimeout
                0x0000000008005c60       0xac ./Drivers/STM32F4xx_HAL_Driver/Src/stm32f4xx_hal_i2c.o
 .text.I2C_IsAcknowledgeFailed
                0x0000000008005d0c       0x5e ./Drivers/STM32F4xx_HAL_Driver/Src/stm32f4xx_hal_i2c.o
 .text.HAL_PCD_Init
                0x0000000008005d6a      0x23a ./Drivers/STM32F4xx_HAL_Driver/Src/stm32f4xx_hal_pcd.o
                0x0000000008005d6a                HAL_PCD_Init
 .text.HAL_PCD_Start
                0x0000000008005fa4       0x66 ./Drivers/STM32F4xx_HAL_Driver/Src/stm32f4xx_hal_pcd.o
                0x0000000008005fa4                HAL_PCD_Start
 .text.HAL_PCD_IRQHandler
                0x000000000800600a      0x93e ./Drivers/STM32F4xx_HAL_Driver/Src/stm32f4xx_hal_pcd.o
                0x000000000800600a                HAL_PCD_IRQHandler
 .text.HAL_PCD_SetAddress
                0x0000000008006948       0x4a ./Drivers/STM32F4xx_HAL_Driver/Src/stm32f4xx_hal_pcd.o
                0x0000000008006948                HAL_PCD_SetAddress
 .text.HAL_PCD_EP_Open
                0x0000000008006992       0xd0 ./Drivers/STM32F4xx_HAL_Driver/Src/stm32f4xx_hal_pcd.o
                0x0000000008006992                HAL_PCD_EP_Open
 .text.HAL_PCD_EP_Close
                0x0000000008006a62       0x94 ./Drivers/STM32F4xx_HAL_Driver/Src/stm32f4xx_hal_pcd.o
                0x0000000008006a62                HAL_PCD_EP_Close
 .text.HAL_PCD_EP_Receive
                0x0000000008006af6       0x96 ./Drivers/STM32F4xx_HAL_Driver/Src/stm32f4xx_hal_pcd.o
                0x0000000008006af6                HAL_PCD_EP_Receive
 .text.HAL_PCD_EP_GetRxCount
                0x0000000008006b8c       0x30 ./Drivers/STM32F4xx_HAL_Driver/Src/stm32f4xx_hal_pcd.o
                0x0000000008006b8c                HAL_PCD_EP_GetRxCount
 .text.HAL_PCD_EP_Transmit
                0x0000000008006bbc       0x94 ./Drivers/STM32F4xx_HAL_Driver/Src/stm32f4xx_hal_pcd.o
                0x0000000008006bbc                HAL_PCD_EP_Transmit
 .text.HAL_PCD_EP_SetStall
                0x0000000008006c50       0xc8 ./Drivers/STM32F4xx_HAL_Driver/Src/stm32f4xx_hal_pcd.o
                0x0000000008006c50                HAL_PCD_EP_SetStall
 .text.HAL_PCD_EP_ClrStall
                0x0000000008006d18       0xac ./Drivers/STM32F4xx_HAL_Driver/Src/stm32f4xx_hal_pcd.o
                0x0000000008006d18                HAL_PCD_EP_ClrStall
 .text.HAL_PCD_EP_Abort
                0x0000000008006dc4       0x62 ./Drivers/STM32F4xx_HAL_Driver/Src/stm32f4xx_hal_pcd.o
                0x0000000008006dc4                HAL_PCD_EP_Abort
 .text.PCD_WriteEmptyTxFifo
                0x0000000008006e26      0x11a ./Drivers/STM32F4xx_HAL_Driver/Src/stm32f4xx_hal_pcd.o
 .text.PCD_EP_OutXfrComplete_int
                0x0000000008006f40      0x1d0 ./Drivers/STM32F4xx_HAL_Driver/Src/stm32f4xx_hal_pcd.o
 .text.PCD_EP_OutSetupPacket_int
                0x0000000008007110       0x8c ./Drivers/STM32F4xx_HAL_Driver/Src/stm32f4xx_hal_pcd.o
 .text.HAL_PCDEx_SetTxFiFo
                0x000000000800719c       0x8e ./Drivers/STM32F4xx_HAL_Driver/Src/stm32f4xx_hal_pcd_ex.o
                0x000000000800719c                HAL_PCDEx_SetTxFiFo
 .text.HAL_PCDEx_SetRxFiFo
                0x000000000800722a       0x22 ./Drivers/STM32F4xx_HAL_Driver/Src/stm32f4xx_hal_pcd_ex.o
                0x000000000800722a                HAL_PCDEx_SetRxFiFo
 .text.HAL_PCDEx_LPM_Callback
                0x000000000800724c       0x18 ./Drivers/STM32F4xx_HAL_Driver/Src/stm32f4xx_hal_pcd_ex.o
                0x000000000800724c                HAL_PCDEx_LPM_Callback
 .text.HAL_RCC_OscConfig
                0x0000000008007264      0x4f0 ./Drivers/STM32F4xx_HAL_Driver/Src/stm32f4xx_hal_rcc.o
                0x0000000008007264                HAL_RCC_OscConfig
 .text.HAL_RCC_ClockConfig
                0x0000000008007754      0x1cc ./Drivers/STM32F4xx_HAL_Driver/Src/stm32f4xx_hal_rcc.o
                0x0000000008007754                HAL_RCC_ClockConfig
 .text.HAL_RCC_GetSysClockFreq
                0x0000000008007920      0x208 ./Drivers/STM32F4xx_HAL_Driver/Src/stm32f4xx_hal_rcc.o
                0x0000000008007920                HAL_RCC_GetSysClockFreq
 .text.HAL_RCC_GetHCLKFreq
                0x0000000008007b28       0x18 ./Drivers/STM32F4xx_HAL_Driver/Src/stm32f4xx_hal_rcc.o
                0x0000000008007b28                HAL_RCC_GetHCLKFreq
 .text.HAL_RCC_GetPCLK1Freq
                0x0000000008007b40       0x28 ./Drivers/STM32F4xx_HAL_Driver/Src/stm32f4xx_hal_rcc.o
                0x0000000008007b40                HAL_RCC_GetPCLK1Freq
 .text.HAL_RCC_GetClockConfig
                0x0000000008007b68       0x64 ./Drivers/STM32F4xx_HAL_Driver/Src/stm32f4xx_hal_rcc.o
                0x0000000008007b68                HAL_RCC_GetClockConfig
 .text.HAL_SPI_Init
                0x0000000008007bcc      0x112 ./Drivers/STM32F4xx_HAL_Driver/Src/stm32f4xx_hal_spi.o
                0x0000000008007bcc                HAL_SPI_Init
 .text.HAL_SPI_Transmit
                0x0000000008007cde      0x278 ./Drivers/STM32F4xx_HAL_Driver/Src/stm32f4xx_hal_spi.o
                0x0000000008007cde                HAL_SPI_Transmit
 .text.HAL_SPI_TransmitReceive
                0x0000000008007f56      0x344 ./Drivers/STM32F4xx_HAL_Driver/Src/stm32f4xx_hal_spi.o
                0x0000000008007f56                HAL_SPI_TransmitReceive
 *fill*         0x000000000800829a        0x2 
 .text.SPI_WaitFlagStateUntilTimeout
                0x000000000800829c      0x110 ./Drivers/STM32F4xx_HAL_Driver/Src/stm32f4xx_hal_spi.o
 .text.SPI_EndRxTxTransaction
                0x00000000080083ac       0x84 ./Drivers/STM32F4xx_HAL_Driver/Src/stm32f4xx_hal_spi.o
 .text.HAL_TIM_Base_Init
                0x0000000008008430       0x9e ./Drivers/STM32F4xx_HAL_Driver/Src/stm32f4xx_hal_tim.o
                0x0000000008008430                HAL_TIM_Base_Init
 *fill*         0x00000000080084ce        0x2 
 .text.HAL_TIM_Base_Start
                0x00000000080084d0       0xb4 ./Drivers/STM32F4xx_HAL_Driver/Src/stm32f4xx_hal_tim.o
                0x00000000080084d0                HAL_TIM_Base_Start
 .text.HAL_TIM_Base_Stop
                0x0000000008008584       0x4e ./Drivers/STM32F4xx_HAL_Driver/Src/stm32f4xx_hal_tim.o
                0x0000000008008584                HAL_TIM_Base_Stop
 *fill*         0x00000000080085d2        0x2 
 .text.HAL_TIM_Base_Start_IT
                0x00000000080085d4       0xc4 ./Drivers/STM32F4xx_HAL_Driver/Src/stm32f4xx_hal_tim.o
                0x00000000080085d4                HAL_TIM_Base_Start_IT
 .text.HAL_TIM_PWM_Init
                0x0000000008008698       0x9e ./Drivers/STM32F4xx_HAL_Driver/Src/stm32f4xx_hal_tim.o
                0x0000000008008698                HAL_TIM_PWM_Init
 .text.HAL_TIM_PWM_MspInit
                0x0000000008008736       0x14 ./Drivers/STM32F4xx_HAL_Driver/Src/stm32f4xx_hal_tim.o
                0x0000000008008736                HAL_TIM_PWM_MspInit
 *fill*         0x000000000800874a        0x2 
 .text.HAL_TIM_PWM_Start
                0x000000000800874c      0x160 ./Drivers/STM32F4xx_HAL_Driver/Src/stm32f4xx_hal_tim.o
                0x000000000800874c                HAL_TIM_PWM_Start
 .text.HAL_TIM_PWM_Stop
                0x00000000080088ac       0xc8 ./Drivers/STM32F4xx_HAL_Driver/Src/stm32f4xx_hal_tim.o
                0x00000000080088ac                HAL_TIM_PWM_Stop
 .text.HAL_TIM_IRQHandler
                0x0000000008008974      0x210 ./Drivers/STM32F4xx_HAL_Driver/Src/stm32f4xx_hal_tim.o
                0x0000000008008974                HAL_TIM_IRQHandler
 .text.HAL_TIM_PWM_ConfigChannel
                0x0000000008008b84      0x184 ./Drivers/STM32F4xx_HAL_Driver/Src/stm32f4xx_hal_tim.o
                0x0000000008008b84                HAL_TIM_PWM_ConfigChannel
 .text.HAL_TIM_ConfigClockSource
                0x0000000008008d08      0x18e ./Drivers/STM32F4xx_HAL_Driver/Src/stm32f4xx_hal_tim.o
                0x0000000008008d08                HAL_TIM_ConfigClockSource
 .text.HAL_TIM_OC_DelayElapsedCallback
                0x0000000008008e96       0x14 ./Drivers/STM32F4xx_HAL_Driver/Src/stm32f4xx_hal_tim.o
                0x0000000008008e96                HAL_TIM_OC_DelayElapsedCallback
 .text.HAL_TIM_IC_CaptureCallback
                0x0000000008008eaa       0x14 ./Drivers/STM32F4xx_HAL_Driver/Src/stm32f4xx_hal_tim.o
                0x0000000008008eaa                HAL_TIM_IC_CaptureCallback
 .text.HAL_TIM_PWM_PulseFinishedCallback
                0x0000000008008ebe       0x14 ./Drivers/STM32F4xx_HAL_Driver/Src/stm32f4xx_hal_tim.o
                0x0000000008008ebe                HAL_TIM_PWM_PulseFinishedCallback
 .text.HAL_TIM_TriggerCallback
                0x0000000008008ed2       0x14 ./Drivers/STM32F4xx_HAL_Driver/Src/stm32f4xx_hal_tim.o
                0x0000000008008ed2                HAL_TIM_TriggerCallback
 *fill*         0x0000000008008ee6        0x2 
 .text.TIM_Base_SetConfig
                0x0000000008008ee8      0x100 ./Drivers/STM32F4xx_HAL_Driver/Src/stm32f4xx_hal_tim.o
                0x0000000008008ee8                TIM_Base_SetConfig
 .text.TIM_OC1_SetConfig
                0x0000000008008fe8       0xcc ./Drivers/STM32F4xx_HAL_Driver/Src/stm32f4xx_hal_tim.o
 .text.TIM_OC2_SetConfig
                0x00000000080090b4       0xd8 ./Drivers/STM32F4xx_HAL_Driver/Src/stm32f4xx_hal_tim.o
                0x00000000080090b4                TIM_OC2_SetConfig
 .text.TIM_OC3_SetConfig
                0x000000000800918c       0xd4 ./Drivers/STM32F4xx_HAL_Driver/Src/stm32f4xx_hal_tim.o
 .text.TIM_OC4_SetConfig
                0x0000000008009260       0xa0 ./Drivers/STM32F4xx_HAL_Driver/Src/stm32f4xx_hal_tim.o
 .text.TIM_TI1_ConfigInputStage
                0x0000000008009300       0x5e ./Drivers/STM32F4xx_HAL_Driver/Src/stm32f4xx_hal_tim.o
 .text.TIM_TI2_ConfigInputStage
                0x000000000800935e       0x60 ./Drivers/STM32F4xx_HAL_Driver/Src/stm32f4xx_hal_tim.o
 .text.TIM_ITRx_SetConfig
                0x00000000080093be       0x36 ./Drivers/STM32F4xx_HAL_Driver/Src/stm32f4xx_hal_tim.o
 .text.TIM_ETR_SetConfig
                0x00000000080093f4       0x40 ./Drivers/STM32F4xx_HAL_Driver/Src/stm32f4xx_hal_tim.o
                0x00000000080093f4                TIM_ETR_SetConfig
 .text.TIM_CCxChannelCmd
                0x0000000008009434       0x4a ./Drivers/STM32F4xx_HAL_Driver/Src/stm32f4xx_hal_tim.o
                0x0000000008009434                TIM_CCxChannelCmd
 *fill*         0x000000000800947e        0x2 
 .text.HAL_TIMEx_MasterConfigSynchronization
                0x0000000008009480       0xdc ./Drivers/STM32F4xx_HAL_Driver/Src/stm32f4xx_hal_tim_ex.o
                0x0000000008009480                HAL_TIMEx_MasterConfigSynchronization
 .text.HAL_TIMEx_CommutCallback
                0x000000000800955c       0x14 ./Drivers/STM32F4xx_HAL_Driver/Src/stm32f4xx_hal_tim_ex.o
                0x000000000800955c                HAL_TIMEx_CommutCallback
 .text.HAL_TIMEx_BreakCallback
                0x0000000008009570       0x14 ./Drivers/STM32F4xx_HAL_Driver/Src/stm32f4xx_hal_tim_ex.o
                0x0000000008009570                HAL_TIMEx_BreakCallback
 .text.USB_CoreInit
                0x0000000008009584       0xc2 ./Drivers/STM32F4xx_HAL_Driver/Src/stm32f4xx_ll_usb.o
                0x0000000008009584                USB_CoreInit
 *fill*         0x0000000008009646        0x2 
 .text.USB_SetTurnaroundTime
                0x0000000008009648      0x144 ./Drivers/STM32F4xx_HAL_Driver/Src/stm32f4xx_ll_usb.o
                0x0000000008009648                USB_SetTurnaroundTime
 .text.USB_EnableGlobalInt
                0x000000000800978c       0x22 ./Drivers/STM32F4xx_HAL_Driver/Src/stm32f4xx_ll_usb.o
                0x000000000800978c                USB_EnableGlobalInt
 .text.USB_DisableGlobalInt
                0x00000000080097ae       0x22 ./Drivers/STM32F4xx_HAL_Driver/Src/stm32f4xx_ll_usb.o
                0x00000000080097ae                USB_DisableGlobalInt
 .text.USB_SetCurrentMode
                0x00000000080097d0       0x98 ./Drivers/STM32F4xx_HAL_Driver/Src/stm32f4xx_ll_usb.o
                0x00000000080097d0                USB_SetCurrentMode
 .text.USB_DevInit
                0x0000000008009868      0x2c8 ./Drivers/STM32F4xx_HAL_Driver/Src/stm32f4xx_ll_usb.o
                0x0000000008009868                USB_DevInit
 .text.USB_FlushTxFifo
                0x0000000008009b30       0x68 ./Drivers/STM32F4xx_HAL_Driver/Src/stm32f4xx_ll_usb.o
                0x0000000008009b30                USB_FlushTxFifo
 .text.USB_FlushRxFifo
                0x0000000008009b98       0x60 ./Drivers/STM32F4xx_HAL_Driver/Src/stm32f4xx_ll_usb.o
                0x0000000008009b98                USB_FlushRxFifo
 .text.USB_SetDevSpeed
                0x0000000008009bf8       0x32 ./Drivers/STM32F4xx_HAL_Driver/Src/stm32f4xx_ll_usb.o
                0x0000000008009bf8                USB_SetDevSpeed
 .text.USB_GetDevSpeed
                0x0000000008009c2a       0x4a ./Drivers/STM32F4xx_HAL_Driver/Src/stm32f4xx_ll_usb.o
                0x0000000008009c2a                USB_GetDevSpeed
 .text.USB_ActivateEndpoint
                0x0000000008009c74      0x10e ./Drivers/STM32F4xx_HAL_Driver/Src/stm32f4xx_ll_usb.o
                0x0000000008009c74                USB_ActivateEndpoint
 *fill*         0x0000000008009d82        0x2 
 .text.USB_DeactivateEndpoint
                0x0000000008009d84      0x1b8 ./Drivers/STM32F4xx_HAL_Driver/Src/stm32f4xx_ll_usb.o
                0x0000000008009d84                USB_DeactivateEndpoint
 .text.USB_EPStartXfer
                0x0000000008009f3c      0x490 ./Drivers/STM32F4xx_HAL_Driver/Src/stm32f4xx_ll_usb.o
                0x0000000008009f3c                USB_EPStartXfer
 .text.USB_EP0StartXfer
                0x000000000800a3cc      0x2b0 ./Drivers/STM32F4xx_HAL_Driver/Src/stm32f4xx_ll_usb.o
                0x000000000800a3cc                USB_EP0StartXfer
 .text.USB_EPStopXfer
                0x000000000800a67c      0x154 ./Drivers/STM32F4xx_HAL_Driver/Src/stm32f4xx_ll_usb.o
                0x000000000800a67c                USB_EPStopXfer
 .text.USB_WritePacket
                0x000000000800a7d0       0x7c ./Drivers/STM32F4xx_HAL_Driver/Src/stm32f4xx_ll_usb.o
                0x000000000800a7d0                USB_WritePacket
 .text.USB_ReadPacket
                0x000000000800a84c       0xb0 ./Drivers/STM32F4xx_HAL_Driver/Src/stm32f4xx_ll_usb.o
                0x000000000800a84c                USB_ReadPacket
 .text.USB_EPSetStall
                0x000000000800a8fc       0xdc ./Drivers/STM32F4xx_HAL_Driver/Src/stm32f4xx_ll_usb.o
                0x000000000800a8fc                USB_EPSetStall
 .text.USB_EPClearStall
                0x000000000800a9d8       0xcc ./Drivers/STM32F4xx_HAL_Driver/Src/stm32f4xx_ll_usb.o
                0x000000000800a9d8                USB_EPClearStall
 .text.USB_SetDevAddress
                0x000000000800aaa4       0x4c ./Drivers/STM32F4xx_HAL_Driver/Src/stm32f4xx_ll_usb.o
                0x000000000800aaa4                USB_SetDevAddress
 .text.USB_DevConnect
                0x000000000800aaf0       0x42 ./Drivers/STM32F4xx_HAL_Driver/Src/stm32f4xx_ll_usb.o
                0x000000000800aaf0                USB_DevConnect
 .text.USB_DevDisconnect
                0x000000000800ab32       0x42 ./Drivers/STM32F4xx_HAL_Driver/Src/stm32f4xx_ll_usb.o
                0x000000000800ab32                USB_DevDisconnect
 .text.USB_ReadInterrupts
                0x000000000800ab74       0x26 ./Drivers/STM32F4xx_HAL_Driver/Src/stm32f4xx_ll_usb.o
                0x000000000800ab74                USB_ReadInterrupts
 .text.USB_ReadDevAllOutEpInterrupt
                0x000000000800ab9a       0x34 ./Drivers/STM32F4xx_HAL_Driver/Src/stm32f4xx_ll_usb.o
                0x000000000800ab9a                USB_ReadDevAllOutEpInterrupt
 .text.USB_ReadDevAllInEpInterrupt
                0x000000000800abce       0x34 ./Drivers/STM32F4xx_HAL_Driver/Src/stm32f4xx_ll_usb.o
                0x000000000800abce                USB_ReadDevAllInEpInterrupt
 .text.USB_ReadDevOutEPInterrupt
                0x000000000800ac02       0x3c ./Drivers/STM32F4xx_HAL_Driver/Src/stm32f4xx_ll_usb.o
                0x000000000800ac02                USB_ReadDevOutEPInterrupt
 .text.USB_ReadDevInEPInterrupt
                0x000000000800ac3e       0x5c ./Drivers/STM32F4xx_HAL_Driver/Src/stm32f4xx_ll_usb.o
                0x000000000800ac3e                USB_ReadDevInEPInterrupt
 .text.USB_GetMode
                0x000000000800ac9a       0x1c ./Drivers/STM32F4xx_HAL_Driver/Src/stm32f4xx_ll_usb.o
                0x000000000800ac9a                USB_GetMode
 .text.USB_ActivateSetup
                0x000000000800acb6       0x46 ./Drivers/STM32F4xx_HAL_Driver/Src/stm32f4xx_ll_usb.o
                0x000000000800acb6                USB_ActivateSetup
 .text.USB_EP0_OutStart
                0x000000000800acfc       0xbc ./Drivers/STM32F4xx_HAL_Driver/Src/stm32f4xx_ll_usb.o
                0x000000000800acfc                USB_EP0_OutStart
 .text.USB_CoreReset
                0x000000000800adb8       0x68 ./Drivers/STM32F4xx_HAL_Driver/Src/stm32f4xx_ll_usb.o
 .text.USBD_CDC_Init
                0x000000000800ae20      0x1f0 ./Middlewares/ST/STM32_USB_Device_Library/Class/CDC/Src/usbd_cdc.o
 .text.USBD_CDC_DeInit
                0x000000000800b010      0x104 ./Middlewares/ST/STM32_USB_Device_Library/Class/CDC/Src/usbd_cdc.o
 .text.USBD_CDC_Setup
                0x000000000800b114      0x1b8 ./Middlewares/ST/STM32_USB_Device_Library/Class/CDC/Src/usbd_cdc.o
 .text.USBD_CDC_DataIn
                0x000000000800b2cc       0xfe ./Middlewares/ST/STM32_USB_Device_Library/Class/CDC/Src/usbd_cdc.o
 .text.USBD_CDC_DataOut
                0x000000000800b3ca       0x70 ./Middlewares/ST/STM32_USB_Device_Library/Class/CDC/Src/usbd_cdc.o
 .text.USBD_CDC_EP0_RxReady
                0x000000000800b43a       0x76 ./Middlewares/ST/STM32_USB_Device_Library/Class/CDC/Src/usbd_cdc.o
 .text.USBD_CDC_GetFSCfgDesc
                0x000000000800b4b0       0x70 ./Middlewares/ST/STM32_USB_Device_Library/Class/CDC/Src/usbd_cdc.o
 .text.USBD_CDC_GetHSCfgDesc
                0x000000000800b520       0x70 ./Middlewares/ST/STM32_USB_Device_Library/Class/CDC/Src/usbd_cdc.o
 .text.USBD_CDC_GetOtherSpeedCfgDesc
                0x000000000800b590       0x70 ./Middlewares/ST/STM32_USB_Device_Library/Class/CDC/Src/usbd_cdc.o
 .text.USBD_CDC_GetDeviceQualifierDescriptor
                0x000000000800b600       0x20 ./Middlewares/ST/STM32_USB_Device_Library/Class/CDC/Src/usbd_cdc.o
                0x000000000800b600                USBD_CDC_GetDeviceQualifierDescriptor
 .text.USBD_CDC_RegisterInterface
                0x000000000800b620       0x34 ./Middlewares/ST/STM32_USB_Device_Library/Class/CDC/Src/usbd_cdc.o
                0x000000000800b620                USBD_CDC_RegisterInterface
 .text.USBD_CDC_SetTxBuffer
                0x000000000800b654       0x44 ./Middlewares/ST/STM32_USB_Device_Library/Class/CDC/Src/usbd_cdc.o
                0x000000000800b654                USBD_CDC_SetTxBuffer
 .text.USBD_CDC_SetRxBuffer
                0x000000000800b698       0x3a ./Middlewares/ST/STM32_USB_Device_Library/Class/CDC/Src/usbd_cdc.o
                0x000000000800b698                USBD_CDC_SetRxBuffer
 *fill*         0x000000000800b6d2        0x2 
 .text.USBD_CDC_TransmitPacket
                0x000000000800b6d4       0x8c ./Middlewares/ST/STM32_USB_Device_Library/Class/CDC/Src/usbd_cdc.o
                0x000000000800b6d4                USBD_CDC_TransmitPacket
 .text.USBD_CDC_ReceivePacket
                0x000000000800b760       0x6c ./Middlewares/ST/STM32_USB_Device_Library/Class/CDC/Src/usbd_cdc.o
                0x000000000800b760                USBD_CDC_ReceivePacket
 .text.USBD_Init
                0x000000000800b7cc       0x60 ./Middlewares/ST/STM32_USB_Device_Library/Core/Src/usbd_core.o
                0x000000000800b7cc                USBD_Init
 .text.USBD_RegisterClass
                0x000000000800b82c       0x6c ./Middlewares/ST/STM32_USB_Device_Library/Core/Src/usbd_core.o
                0x000000000800b82c                USBD_RegisterClass
 .text.USBD_Start
                0x000000000800b898       0x18 ./Middlewares/ST/STM32_USB_Device_Library/Core/Src/usbd_core.o
                0x000000000800b898                USBD_Start
 .text.USBD_RunTestMode
                0x000000000800b8b0       0x16 ./Middlewares/ST/STM32_USB_Device_Library/Core/Src/usbd_core.o
                0x000000000800b8b0                USBD_RunTestMode
 .text.USBD_SetClassConfig
                0x000000000800b8c6       0x38 ./Middlewares/ST/STM32_USB_Device_Library/Core/Src/usbd_core.o
                0x000000000800b8c6                USBD_SetClassConfig
 .text.USBD_ClrClassConfig
                0x000000000800b8fe       0x34 ./Middlewares/ST/STM32_USB_Device_Library/Core/Src/usbd_core.o
                0x000000000800b8fe                USBD_ClrClassConfig
 .text.USBD_LL_SetupStage
                0x000000000800b932       0xaa ./Middlewares/ST/STM32_USB_Device_Library/Core/Src/usbd_core.o
                0x000000000800b932                USBD_LL_SetupStage
 .text.USBD_LL_DataOutStage
                0x000000000800b9dc      0x166 ./Middlewares/ST/STM32_USB_Device_Library/Core/Src/usbd_core.o
                0x000000000800b9dc                USBD_LL_DataOutStage
 .text.USBD_LL_DataInStage
                0x000000000800bb42      0x164 ./Middlewares/ST/STM32_USB_Device_Library/Core/Src/usbd_core.o
                0x000000000800bb42                USBD_LL_DataInStage
 .text.USBD_LL_Reset
                0x000000000800bca6       0xa4 ./Middlewares/ST/STM32_USB_Device_Library/Core/Src/usbd_core.o
                0x000000000800bca6                USBD_LL_Reset
 .text.USBD_LL_SetSpeed
                0x000000000800bd4a       0x20 ./Middlewares/ST/STM32_USB_Device_Library/Core/Src/usbd_core.o
                0x000000000800bd4a                USBD_LL_SetSpeed
 .text.USBD_LL_Suspend
                0x000000000800bd6a       0x2c ./Middlewares/ST/STM32_USB_Device_Library/Core/Src/usbd_core.o
                0x000000000800bd6a                USBD_LL_Suspend
 .text.USBD_LL_Resume
                0x000000000800bd96       0x30 ./Middlewares/ST/STM32_USB_Device_Library/Core/Src/usbd_core.o
                0x000000000800bd96                USBD_LL_Resume
 .text.USBD_LL_SOF
                0x000000000800bdc6       0x40 ./Middlewares/ST/STM32_USB_Device_Library/Core/Src/usbd_core.o
                0x000000000800bdc6                USBD_LL_SOF
 .text.USBD_LL_IsoINIncomplete
                0x000000000800be06       0x64 ./Middlewares/ST/STM32_USB_Device_Library/Core/Src/usbd_core.o
                0x000000000800be06                USBD_LL_IsoINIncomplete
 .text.USBD_LL_IsoOUTIncomplete
                0x000000000800be6a       0x64 ./Middlewares/ST/STM32_USB_Device_Library/Core/Src/usbd_core.o
                0x000000000800be6a                USBD_LL_IsoOUTIncomplete
 .text.USBD_LL_DevConnected
                0x000000000800bece       0x16 ./Middlewares/ST/STM32_USB_Device_Library/Core/Src/usbd_core.o
                0x000000000800bece                USBD_LL_DevConnected
 .text.USBD_LL_DevDisconnected
                0x000000000800bee4       0x46 ./Middlewares/ST/STM32_USB_Device_Library/Core/Src/usbd_core.o
                0x000000000800bee4                USBD_LL_DevDisconnected
 .text.USBD_CoreFindIF
                0x000000000800bf2a       0x1a ./Middlewares/ST/STM32_USB_Device_Library/Core/Src/usbd_core.o
                0x000000000800bf2a                USBD_CoreFindIF
 .text.USBD_CoreFindEP
                0x000000000800bf44       0x1a ./Middlewares/ST/STM32_USB_Device_Library/Core/Src/usbd_core.o
                0x000000000800bf44                USBD_CoreFindEP
 .text.USBD_GetEpDesc
                0x000000000800bf5e       0x74 ./Middlewares/ST/STM32_USB_Device_Library/Core/Src/usbd_core.o
                0x000000000800bf5e                USBD_GetEpDesc
 .text.USBD_GetNextDesc
                0x000000000800bfd2       0x3a ./Middlewares/ST/STM32_USB_Device_Library/Core/Src/usbd_core.o
                0x000000000800bfd2                USBD_GetNextDesc
 .text.SWAPBYTE
                0x000000000800c00c       0x3c ./Middlewares/ST/STM32_USB_Device_Library/Core/Src/usbd_ctlreq.o
 .text.USBD_StdDevReq
                0x000000000800c048       0xe4 ./Middlewares/ST/STM32_USB_Device_Library/Core/Src/usbd_ctlreq.o
                0x000000000800c048                USBD_StdDevReq
 .text.USBD_StdItfReq
                0x000000000800c12c       0xd8 ./Middlewares/ST/STM32_USB_Device_Library/Core/Src/usbd_ctlreq.o
                0x000000000800c12c                USBD_StdItfReq
 .text.USBD_StdEPReq
                0x000000000800c204      0x33a ./Middlewares/ST/STM32_USB_Device_Library/Core/Src/usbd_ctlreq.o
                0x000000000800c204                USBD_StdEPReq
 *fill*         0x000000000800c53e        0x2 
 .text.USBD_GetDescriptor
                0x000000000800c540      0x2d4 ./Middlewares/ST/STM32_USB_Device_Library/Core/Src/usbd_ctlreq.o
 .text.USBD_SetAddress
                0x000000000800c814       0x88 ./Middlewares/ST/STM32_USB_Device_Library/Core/Src/usbd_ctlreq.o
 .text.USBD_SetConfig
                0x000000000800c89c      0x154 ./Middlewares/ST/STM32_USB_Device_Library/Core/Src/usbd_ctlreq.o
 .text.USBD_GetConfig
                0x000000000800c9f0       0x6c ./Middlewares/ST/STM32_USB_Device_Library/Core/Src/usbd_ctlreq.o
 .text.USBD_GetStatus
                0x000000000800ca5c       0x68 ./Middlewares/ST/STM32_USB_Device_Library/Core/Src/usbd_ctlreq.o
 .text.USBD_SetFeature
                0x000000000800cac4       0x52 ./Middlewares/ST/STM32_USB_Device_Library/Core/Src/usbd_ctlreq.o
 .text.USBD_ClrFeature
                0x000000000800cb16       0x44 ./Middlewares/ST/STM32_USB_Device_Library/Core/Src/usbd_ctlreq.o
 .text.USBD_ParseSetupRequest
                0x000000000800cb5a       0x74 ./Middlewares/ST/STM32_USB_Device_Library/Core/Src/usbd_ctlreq.o
                0x000000000800cb5a                USBD_ParseSetupRequest
 .text.USBD_CtlError
                0x000000000800cbce       0x22 ./Middlewares/ST/STM32_USB_Device_Library/Core/Src/usbd_ctlreq.o
                0x000000000800cbce                USBD_CtlError
 .text.USBD_GetString
                0x000000000800cbf0       0x8c ./Middlewares/ST/STM32_USB_Device_Library/Core/Src/usbd_ctlreq.o
                0x000000000800cbf0                USBD_GetString
 .text.USBD_GetLen
                0x000000000800cc7c       0x34 ./Middlewares/ST/STM32_USB_Device_Library/Core/Src/usbd_ctlreq.o
 .text.USBD_CtlSendData
                0x000000000800ccb0       0x36 ./Middlewares/ST/STM32_USB_Device_Library/Core/Src/usbd_ioreq.o
                0x000000000800ccb0                USBD_CtlSendData
 .text.USBD_CtlContinueSendData
                0x000000000800cce6       0x22 ./Middlewares/ST/STM32_USB_Device_Library/Core/Src/usbd_ioreq.o
                0x000000000800cce6                USBD_CtlContinueSendData
 .text.USBD_CtlPrepareRx
                0x000000000800cd08       0x3a ./Middlewares/ST/STM32_USB_Device_Library/Core/Src/usbd_ioreq.o
                0x000000000800cd08                USBD_CtlPrepareRx
 .text.USBD_CtlContinueRx
                0x000000000800cd42       0x22 ./Middlewares/ST/STM32_USB_Device_Library/Core/Src/usbd_ioreq.o
                0x000000000800cd42                USBD_CtlContinueRx
 .text.USBD_CtlSendStatus
                0x000000000800cd64       0x26 ./Middlewares/ST/STM32_USB_Device_Library/Core/Src/usbd_ioreq.o
                0x000000000800cd64                USBD_CtlSendStatus
 .text.USBD_CtlReceiveStatus
                0x000000000800cd8a       0x26 ./Middlewares/ST/STM32_USB_Device_Library/Core/Src/usbd_ioreq.o
                0x000000000800cd8a                USBD_CtlReceiveStatus
 .text.__NVIC_SetPriority
                0x000000000800cdb0       0x54 ./Middlewares/Third_Party/FreeRTOS/Source/CMSIS_RTOS_V2/cmsis_os2.o
 .text.SysTick_Handler
                0x000000000800ce04       0x20 ./Middlewares/Third_Party/FreeRTOS/Source/CMSIS_RTOS_V2/cmsis_os2.o
                0x000000000800ce04                SysTick_Handler
 .text.SVC_Setup
                0x000000000800ce24       0x12 ./Middlewares/Third_Party/FreeRTOS/Source/CMSIS_RTOS_V2/cmsis_os2.o
 *fill*         0x000000000800ce36        0x2 
 .text.osKernelInitialize
                0x000000000800ce38       0x48 ./Middlewares/Third_Party/FreeRTOS/Source/CMSIS_RTOS_V2/cmsis_os2.o
                0x000000000800ce38                osKernelInitialize
 .text.osKernelStart
                0x000000000800ce80       0x4c ./Middlewares/Third_Party/FreeRTOS/Source/CMSIS_RTOS_V2/cmsis_os2.o
                0x000000000800ce80                osKernelStart
 .text.osThreadNew
                0x000000000800cecc      0x126 ./Middlewares/Third_Party/FreeRTOS/Source/CMSIS_RTOS_V2/cmsis_os2.o
                0x000000000800cecc                osThreadNew
 .text.osDelay  0x000000000800cff2       0x36 ./Middlewares/Third_Party/FreeRTOS/Source/CMSIS_RTOS_V2/cmsis_os2.o
                0x000000000800cff2                osDelay
 .text.osMessageQueueNew
                0x000000000800d028       0xe6 ./Middlewares/Third_Party/FreeRTOS/Source/CMSIS_RTOS_V2/cmsis_os2.o
                0x000000000800d028                osMessageQueueNew
 *fill*         0x000000000800d10e        0x2 
 .text.vApplicationGetIdleTaskMemory
                0x000000000800d110       0x34 ./Middlewares/Third_Party/FreeRTOS/Source/CMSIS_RTOS_V2/cmsis_os2.o
                0x000000000800d110                vApplicationGetIdleTaskMemory
 .text.vApplicationGetTimerTaskMemory
                0x000000000800d144       0x34 ./Middlewares/Third_Party/FreeRTOS/Source/CMSIS_RTOS_V2/cmsis_os2.o
                0x000000000800d144                vApplicationGetTimerTaskMemory
 .text.vListInitialise
                0x000000000800d178       0x40 ./Middlewares/Third_Party/FreeRTOS/Source/list.o
                0x000000000800d178                vListInitialise
 .text.vListInitialiseItem
                0x000000000800d1b8       0x1a ./Middlewares/Third_Party/FreeRTOS/Source/list.o
                0x000000000800d1b8                vListInitialiseItem
 .text.vListInsertEnd
                0x000000000800d1d2       0x48 ./Middlewares/Third_Party/FreeRTOS/Source/list.o
                0x000000000800d1d2                vListInsertEnd
 .text.vListInsert
                0x000000000800d21a       0x72 ./Middlewares/Third_Party/FreeRTOS/Source/list.o
                0x000000000800d21a                vListInsert
 .text.uxListRemove
                0x000000000800d28c       0x54 ./Middlewares/Third_Party/FreeRTOS/Source/list.o
                0x000000000800d28c                uxListRemove
 .text.xQueueGenericReset
                0x000000000800d2e0       0xd0 ./Middlewares/Third_Party/FreeRTOS/Source/queue.o
                0x000000000800d2e0                xQueueGenericReset
 .text.xQueueGenericCreateStatic
                0x000000000800d3b0       0xf0 ./Middlewares/Third_Party/FreeRTOS/Source/queue.o
                0x000000000800d3b0                xQueueGenericCreateStatic
 .text.xQueueGenericCreate
                0x000000000800d4a0       0x74 ./Middlewares/Third_Party/FreeRTOS/Source/queue.o
                0x000000000800d4a0                xQueueGenericCreate
 .text.prvInitialiseNewQueue
                0x000000000800d514       0x46 ./Middlewares/Third_Party/FreeRTOS/Source/queue.o
 *fill*         0x000000000800d55a        0x2 
 .text.xQueueGenericSend
                0x000000000800d55c      0x1fc ./Middlewares/Third_Party/FreeRTOS/Source/queue.o
                0x000000000800d55c                xQueueGenericSend
 .text.xQueueGenericSendFromISR
                0x000000000800d758      0x136 ./Middlewares/Third_Party/FreeRTOS/Source/queue.o
                0x000000000800d758                xQueueGenericSendFromISR
 *fill*         0x000000000800d88e        0x2 
 .text.xQueueReceive
                0x000000000800d890      0x1c0 ./Middlewares/Third_Party/FreeRTOS/Source/queue.o
                0x000000000800d890                xQueueReceive
 .text.prvCopyDataToQueue
                0x000000000800da50       0xd4 ./Middlewares/Third_Party/FreeRTOS/Source/queue.o
 .text.prvCopyDataFromQueue
                0x000000000800db24       0x4c ./Middlewares/Third_Party/FreeRTOS/Source/queue.o
 .text.prvUnlockQueue
                0x000000000800db70       0xa4 ./Middlewares/Third_Party/FreeRTOS/Source/queue.o
 .text.prvIsQueueEmpty
                0x000000000800dc14       0x2c ./Middlewares/Third_Party/FreeRTOS/Source/queue.o
 .text.prvIsQueueFull
                0x000000000800dc40       0x30 ./Middlewares/Third_Party/FreeRTOS/Source/queue.o
 .text.vQueueAddToRegistry
                0x000000000800dc70       0x54 ./Middlewares/Third_Party/FreeRTOS/Source/queue.o
                0x000000000800dc70                vQueueAddToRegistry
 .text.vQueueWaitForMessageRestricted
                0x000000000800dcc4       0x68 ./Middlewares/Third_Party/FreeRTOS/Source/queue.o
                0x000000000800dcc4                vQueueWaitForMessageRestricted
 .text.xTaskCreateStatic
                0x000000000800dd2c       0xba ./Middlewares/Third_Party/FreeRTOS/Source/tasks.o
                0x000000000800dd2c                xTaskCreateStatic
 .text.xTaskCreate
                0x000000000800dde6       0x8a ./Middlewares/Third_Party/FreeRTOS/Source/tasks.o
                0x000000000800dde6                xTaskCreate
 .text.prvInitialiseNewTask
                0x000000000800de70      0x11e ./Middlewares/Third_Party/FreeRTOS/Source/tasks.o
 *fill*         0x000000000800df8e        0x2 
 .text.prvAddNewTaskToReadyList
                0x000000000800df90       0xe0 ./Middlewares/Third_Party/FreeRTOS/Source/tasks.o
 .text.vTaskDelay
                0x000000000800e070       0x68 ./Middlewares/Third_Party/FreeRTOS/Source/tasks.o
                0x000000000800e070                vTaskDelay
 .text.vTaskSuspend
                0x000000000800e0d8       0xec ./Middlewares/Third_Party/FreeRTOS/Source/tasks.o
                0x000000000800e0d8                vTaskSuspend
 .text.prvTaskIsTaskSuspended
                0x000000000800e1c4       0x64 ./Middlewares/Third_Party/FreeRTOS/Source/tasks.o
 .text.vTaskResume
                0x000000000800e228       0xbc ./Middlewares/Third_Party/FreeRTOS/Source/tasks.o
                0x000000000800e228                vTaskResume
 .text.vTaskStartScheduler
                0x000000000800e2e4       0xcc ./Middlewares/Third_Party/FreeRTOS/Source/tasks.o
                0x000000000800e2e4                vTaskStartScheduler
 .text.vTaskSuspendAll
                0x000000000800e3b0       0x1c ./Middlewares/Third_Party/FreeRTOS/Source/tasks.o
                0x000000000800e3b0                vTaskSuspendAll
 .text.xTaskResumeAll
                0x000000000800e3cc      0x13c ./Middlewares/Third_Party/FreeRTOS/Source/tasks.o
                0x000000000800e3cc                xTaskResumeAll
 .text.xTaskGetTickCount
                0x000000000800e508       0x20 ./Middlewares/Third_Party/FreeRTOS/Source/tasks.o
                0x000000000800e508                xTaskGetTickCount
 .text.xTaskIncrementTick
                0x000000000800e528      0x174 ./Middlewares/Third_Party/FreeRTOS/Source/tasks.o
                0x000000000800e528                xTaskIncrementTick
 .text.vTaskSwitchContext
                0x000000000800e69c       0xbc ./Middlewares/Third_Party/FreeRTOS/Source/tasks.o
                0x000000000800e69c                vTaskSwitchContext
 .text.vTaskPlaceOnEventList
                0x000000000800e758       0x48 ./Middlewares/Third_Party/FreeRTOS/Source/tasks.o
                0x000000000800e758                vTaskPlaceOnEventList
 .text.vTaskPlaceOnEventListRestricted
                0x000000000800e7a0       0x58 ./Middlewares/Third_Party/FreeRTOS/Source/tasks.o
                0x000000000800e7a0                vTaskPlaceOnEventListRestricted
 .text.xTaskRemoveFromEventList
                0x000000000800e7f8       0xc8 ./Middlewares/Third_Party/FreeRTOS/Source/tasks.o
                0x000000000800e7f8                xTaskRemoveFromEventList
 .text.vTaskInternalSetTimeOutState
                0x000000000800e8c0       0x2c ./Middlewares/Third_Party/FreeRTOS/Source/tasks.o
                0x000000000800e8c0                vTaskInternalSetTimeOutState
 .text.xTaskCheckForTimeOut
                0x000000000800e8ec       0xc4 ./Middlewares/Third_Party/FreeRTOS/Source/tasks.o
                0x000000000800e8ec                xTaskCheckForTimeOut
 .text.vTaskMissedYield
                0x000000000800e9b0       0x18 ./Middlewares/Third_Party/FreeRTOS/Source/tasks.o
                0x000000000800e9b0                vTaskMissedYield
 .text.prvIdleTask
                0x000000000800e9c8       0x30 ./Middlewares/Third_Party/FreeRTOS/Source/tasks.o
 .text.prvInitialiseTaskLists
                0x000000000800e9f8       0x80 ./Middlewares/Third_Party/FreeRTOS/Source/tasks.o
 .text.prvCheckTasksWaitingTermination
                0x000000000800ea78       0x5c ./Middlewares/Third_Party/FreeRTOS/Source/tasks.o
 .text.prvDeleteTCB
                0x000000000800ead4       0x5e ./Middlewares/Third_Party/FreeRTOS/Source/tasks.o
 *fill*         0x000000000800eb32        0x2 
 .text.prvResetNextTaskUnblockTime
                0x000000000800eb34       0x40 ./Middlewares/Third_Party/FreeRTOS/Source/tasks.o
 .text.xTaskGetSchedulerState
                0x000000000800eb74       0x3c ./Middlewares/Third_Party/FreeRTOS/Source/tasks.o
                0x000000000800eb74                xTaskGetSchedulerState
 .text.xTaskPriorityDisinherit
                0x000000000800ebb0       0xdc ./Middlewares/Third_Party/FreeRTOS/Source/tasks.o
                0x000000000800ebb0                xTaskPriorityDisinherit
 .text.prvAddCurrentTaskToDelayedList
                0x000000000800ec8c       0xa8 ./Middlewares/Third_Party/FreeRTOS/Source/tasks.o
 .text.xTimerCreateTimerTask
                0x000000000800ed34       0x90 ./Middlewares/Third_Party/FreeRTOS/Source/timers.o
                0x000000000800ed34                xTimerCreateTimerTask
 .text.xTimerGenericCommand
                0x000000000800edc4       0x9c ./Middlewares/Third_Party/FreeRTOS/Source/timers.o
                0x000000000800edc4                xTimerGenericCommand
 .text.prvProcessExpiredTimer
                0x000000000800ee60       0x98 ./Middlewares/Third_Party/FreeRTOS/Source/timers.o
 .text.prvTimerTask
                0x000000000800eef8       0x24 ./Middlewares/Third_Party/FreeRTOS/Source/timers.o
 .text.prvProcessTimerOrBlockTask
                0x000000000800ef1c       0x9c ./Middlewares/Third_Party/FreeRTOS/Source/timers.o
 .text.prvGetNextExpireTime
                0x000000000800efb8       0x48 ./Middlewares/Third_Party/FreeRTOS/Source/timers.o
 .text.prvSampleTimeNow
                0x000000000800f000       0x40 ./Middlewares/Third_Party/FreeRTOS/Source/timers.o
 .text.prvInsertTimerInActiveList
                0x000000000800f040       0x84 ./Middlewares/Third_Party/FreeRTOS/Source/timers.o
 .text.prvProcessReceivedCommands
                0x000000000800f0c4      0x1c4 ./Middlewares/Third_Party/FreeRTOS/Source/timers.o
 .text.prvSwitchTimerLists
                0x000000000800f288       0xc8 ./Middlewares/Third_Party/FreeRTOS/Source/timers.o
 .text.prvCheckForValidListAndQueue
                0x000000000800f350       0x80 ./Middlewares/Third_Party/FreeRTOS/Source/timers.o
 .text.pxPortInitialiseStack
                0x000000000800f3d0       0x68 ./Middlewares/Third_Party/FreeRTOS/Source/portable/GCC/ARM_CM4F/port.o
                0x000000000800f3d0                pxPortInitialiseStack
 .text.prvTaskExitError
                0x000000000800f438       0x58 ./Middlewares/Third_Party/FreeRTOS/Source/portable/GCC/ARM_CM4F/port.o
 .text.SVC_Handler
                0x000000000800f490       0x28 ./Middlewares/Third_Party/FreeRTOS/Source/portable/GCC/ARM_CM4F/port.o
                0x000000000800f490                SVC_Handler
 .text.prvPortStartFirstTask
                0x000000000800f4b8       0x28 ./Middlewares/Third_Party/FreeRTOS/Source/portable/GCC/ARM_CM4F/port.o
 .text.xPortStartScheduler
                0x000000000800f4e0      0x144 ./Middlewares/Third_Party/FreeRTOS/Source/portable/GCC/ARM_CM4F/port.o
                0x000000000800f4e0                xPortStartScheduler
 .text.vPortEnterCritical
                0x000000000800f624       0x60 ./Middlewares/Third_Party/FreeRTOS/Source/portable/GCC/ARM_CM4F/port.o
                0x000000000800f624                vPortEnterCritical
 .text.vPortExitCritical
                0x000000000800f684       0x54 ./Middlewares/Third_Party/FreeRTOS/Source/portable/GCC/ARM_CM4F/port.o
                0x000000000800f684                vPortExitCritical
 *fill*         0x000000000800f6d8        0x8 
 .text.PendSV_Handler
                0x000000000800f6e0       0x68 ./Middlewares/Third_Party/FreeRTOS/Source/portable/GCC/ARM_CM4F/port.o
                0x000000000800f6e0                PendSV_Handler
 .text.xPortSysTickHandler
                0x000000000800f748       0x44 ./Middlewares/Third_Party/FreeRTOS/Source/portable/GCC/ARM_CM4F/port.o
                0x000000000800f748                xPortSysTickHandler
 .text.vPortSetupTimerInterrupt
                0x000000000800f78c       0x48 ./Middlewares/Third_Party/FreeRTOS/Source/portable/GCC/ARM_CM4F/port.o
                0x000000000800f78c                vPortSetupTimerInterrupt
 .text.vPortEnableVFP
                0x000000000800f7d4       0x14 ./Middlewares/Third_Party/FreeRTOS/Source/portable/GCC/ARM_CM4F/port.o
 .text.vPortValidateInterruptPriority
                0x000000000800f7e8       0x80 ./Middlewares/Third_Party/FreeRTOS/Source/portable/GCC/ARM_CM4F/port.o
                0x000000000800f7e8                vPortValidateInterruptPriority
 .text.pvPortMalloc
                0x000000000800f868      0x198 ./Middlewares/Third_Party/FreeRTOS/Source/portable/MemMang/heap_4.o
                0x000000000800f868                pvPortMalloc
 .text.vPortFree
                0x000000000800fa00       0xc4 ./Middlewares/Third_Party/FreeRTOS/Source/portable/MemMang/heap_4.o
                0x000000000800fa00                vPortFree
 .text.prvHeapInit
                0x000000000800fac4       0xc4 ./Middlewares/Third_Party/FreeRTOS/Source/portable/MemMang/heap_4.o
 .text.prvInsertBlockIntoFreeList
                0x000000000800fb88       0xb4 ./Middlewares/Third_Party/FreeRTOS/Source/portable/MemMang/heap_4.o
 .text.MX_USB_DEVICE_Init
                0x000000000800fc3c       0x60 ./USB_DEVICE/App/usb_device.o
                0x000000000800fc3c                MX_USB_DEVICE_Init
 .text.CDC_Init_FS
                0x000000000800fc9c       0x28 ./USB_DEVICE/App/usbd_cdc_if.o
 .text.CDC_DeInit_FS
                0x000000000800fcc4       0x10 ./USB_DEVICE/App/usbd_cdc_if.o
 .text.CDC_Control_FS
                0x000000000800fcd4       0xbc ./USB_DEVICE/App/usbd_cdc_if.o
 .text.CDC_Receive_FS
                0x000000000800fd90       0x48 ./USB_DEVICE/App/usbd_cdc_if.o
 .text.CDC_Transmit_FS
                0x000000000800fdd8       0x4c ./USB_DEVICE/App/usbd_cdc_if.o
                0x000000000800fdd8                CDC_Transmit_FS
 .text.CDC_TransmitCplt_FS
                0x000000000800fe24       0x22 ./USB_DEVICE/App/usbd_cdc_if.o
 *fill*         0x000000000800fe46        0x2 
 .text.USBD_FS_DeviceDescriptor
                0x000000000800fe48       0x24 ./USB_DEVICE/App/usbd_desc.o
                0x000000000800fe48                USBD_FS_DeviceDescriptor
 .text.USBD_FS_LangIDStrDescriptor
                0x000000000800fe6c       0x24 ./USB_DEVICE/App/usbd_desc.o
                0x000000000800fe6c                USBD_FS_LangIDStrDescriptor
 .text.USBD_FS_ProductStrDescriptor
                0x000000000800fe90       0x3c ./USB_DEVICE/App/usbd_desc.o
                0x000000000800fe90                USBD_FS_ProductStrDescriptor
 .text.USBD_FS_ManufacturerStrDescriptor
                0x000000000800fecc       0x28 ./USB_DEVICE/App/usbd_desc.o
                0x000000000800fecc                USBD_FS_ManufacturerStrDescriptor
 .text.USBD_FS_SerialStrDescriptor
                0x000000000800fef4       0x24 ./USB_DEVICE/App/usbd_desc.o
                0x000000000800fef4                USBD_FS_SerialStrDescriptor
 .text.USBD_FS_ConfigStrDescriptor
                0x000000000800ff18       0x3c ./USB_DEVICE/App/usbd_desc.o
                0x000000000800ff18                USBD_FS_ConfigStrDescriptor
 .text.USBD_FS_InterfaceStrDescriptor
                0x000000000800ff54       0x3c ./USB_DEVICE/App/usbd_desc.o
                0x000000000800ff54                USBD_FS_InterfaceStrDescriptor
 .text.Get_SerialNum
                0x000000000800ff90       0x58 ./USB_DEVICE/App/usbd_desc.o
 .text.IntToUnicode
                0x000000000800ffe8       0x7e ./USB_DEVICE/App/usbd_desc.o
 *fill*         0x0000000008010066        0x2 
 .text.HAL_PCD_MspInit
                0x0000000008010068       0xa8 ./USB_DEVICE/Target/usbd_conf.o
                0x0000000008010068                HAL_PCD_MspInit
 .text.HAL_PCD_SetupStageCallback
                0x0000000008010110       0x24 ./USB_DEVICE/Target/usbd_conf.o
                0x0000000008010110                HAL_PCD_SetupStageCallback
 .text.HAL_PCD_DataOutStageCallback
                0x0000000008010134       0x36 ./USB_DEVICE/Target/usbd_conf.o
                0x0000000008010134                HAL_PCD_DataOutStageCallback
 .text.HAL_PCD_DataInStageCallback
                0x000000000801016a       0x34 ./USB_DEVICE/Target/usbd_conf.o
                0x000000000801016a                HAL_PCD_DataInStageCallback
 .text.HAL_PCD_SOFCallback
                0x000000000801019e       0x1c ./USB_DEVICE/Target/usbd_conf.o
                0x000000000801019e                HAL_PCD_SOFCallback
 .text.HAL_PCD_ResetCallback
                0x00000000080101ba       0x3c ./USB_DEVICE/Target/usbd_conf.o
                0x00000000080101ba                HAL_PCD_ResetCallback
 *fill*         0x00000000080101f6        0x2 
 .text.HAL_PCD_SuspendCallback
                0x00000000080101f8       0x4c ./USB_DEVICE/Target/usbd_conf.o
                0x00000000080101f8                HAL_PCD_SuspendCallback
 .text.HAL_PCD_ResumeCallback
                0x0000000008010244       0x1c ./USB_DEVICE/Target/usbd_conf.o
                0x0000000008010244                HAL_PCD_ResumeCallback
 .text.HAL_PCD_ISOOUTIncompleteCallback
                0x0000000008010260       0x24 ./USB_DEVICE/Target/usbd_conf.o
                0x0000000008010260                HAL_PCD_ISOOUTIncompleteCallback
 .text.HAL_PCD_ISOINIncompleteCallback
                0x0000000008010284       0x24 ./USB_DEVICE/Target/usbd_conf.o
                0x0000000008010284                HAL_PCD_ISOINIncompleteCallback
 .text.HAL_PCD_ConnectCallback
                0x00000000080102a8       0x1c ./USB_DEVICE/Target/usbd_conf.o
                0x00000000080102a8                HAL_PCD_ConnectCallback
 .text.HAL_PCD_DisconnectCallback
                0x00000000080102c4       0x1c ./USB_DEVICE/Target/usbd_conf.o
                0x00000000080102c4                HAL_PCD_DisconnectCallback
 .text.USBD_LL_Init
                0x00000000080102e0       0x98 ./USB_DEVICE/Target/usbd_conf.o
                0x00000000080102e0                USBD_LL_Init
 .text.USBD_LL_Start
                0x0000000008010378       0x36 ./USB_DEVICE/Target/usbd_conf.o
                0x0000000008010378                USBD_LL_Start
 .text.USBD_LL_OpenEP
                0x00000000080103ae       0x4c ./USB_DEVICE/Target/usbd_conf.o
                0x00000000080103ae                USBD_LL_OpenEP
 .text.USBD_LL_CloseEP
                0x00000000080103fa       0x3e ./USB_DEVICE/Target/usbd_conf.o
                0x00000000080103fa                USBD_LL_CloseEP
 .text.USBD_LL_StallEP
                0x0000000008010438       0x3e ./USB_DEVICE/Target/usbd_conf.o
                0x0000000008010438                USBD_LL_StallEP
 .text.USBD_LL_ClearStallEP
                0x0000000008010476       0x3e ./USB_DEVICE/Target/usbd_conf.o
                0x0000000008010476                USBD_LL_ClearStallEP
 .text.USBD_LL_IsStallEP
                0x00000000080104b4       0x58 ./USB_DEVICE/Target/usbd_conf.o
                0x00000000080104b4                USBD_LL_IsStallEP
 .text.USBD_LL_SetUSBAddress
                0x000000000801050c       0x3e ./USB_DEVICE/Target/usbd_conf.o
                0x000000000801050c                USBD_LL_SetUSBAddress
 .text.USBD_LL_Transmit
                0x000000000801054a       0x42 ./USB_DEVICE/Target/usbd_conf.o
                0x000000000801054a                USBD_LL_Transmit
 .text.USBD_LL_PrepareReceive
                0x000000000801058c       0x42 ./USB_DEVICE/Target/usbd_conf.o
                0x000000000801058c                USBD_LL_PrepareReceive
 .text.USBD_LL_GetRxDataSize
                0x00000000080105ce       0x26 ./USB_DEVICE/Target/usbd_conf.o
                0x00000000080105ce                USBD_LL_GetRxDataSize
 .text.USBD_static_malloc
                0x00000000080105f4       0x1c ./USB_DEVICE/Target/usbd_conf.o
                0x00000000080105f4                USBD_static_malloc
 .text.USBD_static_free
                0x0000000008010610       0x14 ./USB_DEVICE/Target/usbd_conf.o
                0x0000000008010610                USBD_static_free
 .text.USBD_Get_USB_Status
                0x0000000008010624       0x58 ./USB_DEVICE/Target/usbd_conf.o
                0x0000000008010624                USBD_Get_USB_Status
 .text.__errno  0x000000000801067c        0xc c:/st/stm32cubeide_1.12.1/stm32cubeide/plugins/com.st.stm32cube.ide.mcu.externaltools.gnu-tools-for-stm32.10.3-2021.10.win32_1.0.200.202301161003/tools/bin/../lib/gcc/arm-none-eabi/10.3.1/../../../../arm-none-eabi/lib/thumb/v7e-m+fp/hard\libc_nano.a(lib_a-errno.o)
                0x000000000801067c                __errno
 .text.__libc_init_array
                0x0000000008010688       0x48 c:/st/stm32cubeide_1.12.1/stm32cubeide/plugins/com.st.stm32cube.ide.mcu.externaltools.gnu-tools-for-stm32.10.3-2021.10.win32_1.0.200.202301161003/tools/bin/../lib/gcc/arm-none-eabi/10.3.1/../../../../arm-none-eabi/lib/thumb/v7e-m+fp/hard\libc_nano.a(lib_a-init.o)
                0x0000000008010688                __libc_init_array
 .text.malloc   0x00000000080106d0       0x10 c:/st/stm32cubeide_1.12.1/stm32cubeide/plugins/com.st.stm32cube.ide.mcu.externaltools.gnu-tools-for-stm32.10.3-2021.10.win32_1.0.200.202301161003/tools/bin/../lib/gcc/arm-none-eabi/10.3.1/../../../../arm-none-eabi/lib/thumb/v7e-m+fp/hard\libc_nano.a(lib_a-malloc.o)
                0x00000000080106d0                malloc
 .text.free     0x00000000080106e0       0x10 c:/st/stm32cubeide_1.12.1/stm32cubeide/plugins/com.st.stm32cube.ide.mcu.externaltools.gnu-tools-for-stm32.10.3-2021.10.win32_1.0.200.202301161003/tools/bin/../lib/gcc/arm-none-eabi/10.3.1/../../../../arm-none-eabi/lib/thumb/v7e-m+fp/hard\libc_nano.a(lib_a-malloc.o)
                0x00000000080106e0                free
 .text.memcpy   0x00000000080106f0       0x1c c:/st/stm32cubeide_1.12.1/stm32cubeide/plugins/com.st.stm32cube.ide.mcu.externaltools.gnu-tools-for-stm32.10.3-2021.10.win32_1.0.200.202301161003/tools/bin/../lib/gcc/arm-none-eabi/10.3.1/../../../../arm-none-eabi/lib/thumb/v7e-m+fp/hard\libc_nano.a(lib_a-memcpy-stub.o)
                0x00000000080106f0                memcpy
 .text.memset   0x000000000801070c       0x10 c:/st/stm32cubeide_1.12.1/stm32cubeide/plugins/com.st.stm32cube.ide.mcu.externaltools.gnu-tools-for-stm32.10.3-2021.10.win32_1.0.200.202301161003/tools/bin/../lib/gcc/arm-none-eabi/10.3.1/../../../../arm-none-eabi/lib/thumb/v7e-m+fp/hard\libc_nano.a(lib_a-memset.o)
                0x000000000801070c                memset
 .text._free_r  0x000000000801071c       0x98 c:/st/stm32cubeide_1.12.1/stm32cubeide/plugins/com.st.stm32cube.ide.mcu.externaltools.gnu-tools-for-stm32.10.3-2021.10.win32_1.0.200.202301161003/tools/bin/../lib/gcc/arm-none-eabi/10.3.1/../../../../arm-none-eabi/lib/thumb/v7e-m+fp/hard\libc_nano.a(lib_a-nano-freer.o)
                0x000000000801071c                _free_r
 .text.sbrk_aligned
                0x00000000080107b4       0x40 c:/st/stm32cubeide_1.12.1/stm32cubeide/plugins/com.st.stm32cube.ide.mcu.externaltools.gnu-tools-for-stm32.10.3-2021.10.win32_1.0.200.202301161003/tools/bin/../lib/gcc/arm-none-eabi/10.3.1/../../../../arm-none-eabi/lib/thumb/v7e-m+fp/hard\libc_nano.a(lib_a-nano-mallocr.o)
 .text._malloc_r