Archive member included to satisfy reference by file (symbol)

c:/st/stm32cubeide_1.12.1/stm32cubeide/plugins/com.st.stm32cube.ide.mcu.externaltools.gnu-tools-for-stm32.10.3-2021.10.win32_1.0.200.202301161003/tools/bin/../lib/gcc/arm-none-eabi/10.3.1/../../../../arm-none-eabi/lib/thumb/v7e-m+fp/hard\libc_nano.a(lib_a-errno.o)
                              ./Core/Src/syscalls.o (__errno)
c:/st/stm32cubeide_1.12.1/stm32cubeide/plugins/com.st.stm32cube.ide.mcu.externaltools.gnu-tools-for-stm32.10.3-2021.10.win32_1.0.200.202301161003/tools/bin/../lib/gcc/arm-none-eabi/10.3.1/../../../../arm-none-eabi/lib/thumb/v7e-m+fp/hard\libc_nano.a(lib_a-exit.o)
                              c:/st/stm32cubeide_1.12.1/stm32cubeide/plugins/com.st.stm32cube.ide.mcu.externaltools.gnu-tools-for-stm32.10.3-2021.10.win32_1.0.200.202301161003/tools/bin/../lib/gcc/arm-none-eabi/10.3.1/../../../../arm-none-eabi/lib/thumb/v7e-m+fp/hard/crt0.o (exit)
c:/st/stm32cubeide_1.12.1/stm32cubeide/plugins/com.st.stm32cube.ide.mcu.externaltools.gnu-tools-for-stm32.10.3-2021.10.win32_1.0.200.202301161003/tools/bin/../lib/gcc/arm-none-eabi/10.3.1/../../../../arm-none-eabi/lib/thumb/v7e-m+fp/hard\libc_nano.a(lib_a-impure.o)
                              c:/st/stm32cubeide_1.12.1/stm32cubeide/plugins/com.st.stm32cube.ide.mcu.externaltools.gnu-tools-for-stm32.10.3-2021.10.win32_1.0.200.202301161003/tools/bin/../lib/gcc/arm-none-eabi/10.3.1/../../../../arm-none-eabi/lib/thumb/v7e-m+fp/hard\libc_nano.a(lib_a-exit.o) (_global_impure_ptr)
c:/st/stm32cubeide_1.12.1/stm32cubeide/plugins/com.st.stm32cube.ide.mcu.externaltools.gnu-tools-for-stm32.10.3-2021.10.win32_1.0.200.202301161003/tools/bin/../lib/gcc/arm-none-eabi/10.3.1/../../../../arm-none-eabi/lib/thumb/v7e-m+fp/hard\libc_nano.a(lib_a-init.o)
                              c:/st/stm32cubeide_1.12.1/stm32cubeide/plugins/com.st.stm32cube.ide.mcu.externaltools.gnu-tools-for-stm32.10.3-2021.10.win32_1.0.200.202301161003/tools/bin/../lib/gcc/arm-none-eabi/10.3.1/../../../../arm-none-eabi/lib/thumb/v7e-m+fp/hard/crt0.o (__libc_init_array)
c:/st/stm32cubeide_1.12.1/stm32cubeide/plugins/com.st.stm32cube.ide.mcu.externaltools.gnu-tools-for-stm32.10.3-2021.10.win32_1.0.200.202301161003/tools/bin/../lib/gcc/arm-none-eabi/10.3.1/../../../../arm-none-eabi/lib/thumb/v7e-m+fp/hard\libc_nano.a(lib_a-malloc.o)
                              ./Core/Src/MFRC.o (malloc)
c:/st/stm32cubeide_1.12.1/stm32cubeide/plugins/com.st.stm32cube.ide.mcu.externaltools.gnu-tools-for-stm32.10.3-2021.10.win32_1.0.200.202301161003/tools/bin/../lib/gcc/arm-none-eabi/10.3.1/../../../../arm-none-eabi/lib/thumb/v7e-m+fp/hard\libc_nano.a(lib_a-memcpy-stub.o)
                              ./Core/Src/MFRC.o (memcpy)
c:/st/stm32cubeide_1.12.1/stm32cubeide/plugins/com.st.stm32cube.ide.mcu.externaltools.gnu-tools-for-stm32.10.3-2021.10.win32_1.0.200.202301161003/tools/bin/../lib/gcc/arm-none-eabi/10.3.1/../../../../arm-none-eabi/lib/thumb/v7e-m+fp/hard\libc_nano.a(lib_a-memset.o)
                              c:/st/stm32cubeide_1.12.1/stm32cubeide/plugins/com.st.stm32cube.ide.mcu.externaltools.gnu-tools-for-stm32.10.3-2021.10.win32_1.0.200.202301161003/tools/bin/../lib/gcc/arm-none-eabi/10.3.1/../../../../arm-none-eabi/lib/thumb/v7e-m+fp/hard/crt0.o (memset)
c:/st/stm32cubeide_1.12.1/stm32cubeide/plugins/com.st.stm32cube.ide.mcu.externaltools.gnu-tools-for-stm32.10.3-2021.10.win32_1.0.200.202301161003/tools/bin/../lib/gcc/arm-none-eabi/10.3.1/../../../../arm-none-eabi/lib/thumb/v7e-m+fp/hard\libc_nano.a(lib_a-nano-freer.o)
                              c:/st/stm32cubeide_1.12.1/stm32cubeide/plugins/com.st.stm32cube.ide.mcu.externaltools.gnu-tools-for-stm32.10.3-2021.10.win32_1.0.200.202301161003/tools/bin/../lib/gcc/arm-none-eabi/10.3.1/../../../../arm-none-eabi/lib/thumb/v7e-m+fp/hard\libc_nano.a(lib_a-malloc.o) (_free_r)
c:/st/stm32cubeide_1.12.1/stm32cubeide/plugins/com.st.stm32cube.ide.mcu.externaltools.gnu-tools-for-stm32.10.3-2021.10.win32_1.0.200.202301161003/tools/bin/../lib/gcc/arm-none-eabi/10.3.1/../../../../arm-none-eabi/lib/thumb/v7e-m+fp/hard\libc_nano.a(lib_a-nano-mallocr.o)
                              c:/st/stm32cubeide_1.12.1/stm32cubeide/plugins/com.st.stm32cube.ide.mcu.externaltools.gnu-tools-for-stm32.10.3-2021.10.win32_1.0.200.202301161003/tools/bin/../lib/gcc/arm-none-eabi/10.3.1/../../../../arm-none-eabi/lib/thumb/v7e-m+fp/hard\libc_nano.a(lib_a-malloc.o) (_malloc_r)
c:/st/stm32cubeide_1.12.1/stm32cubeide/plugins/com.st.stm32cube.ide.mcu.externaltools.gnu-tools-for-stm32.10.3-2021.10.win32_1.0.200.202301161003/tools/bin/../lib/gcc/arm-none-eabi/10.3.1/../../../../arm-none-eabi/lib/thumb/v7e-m+fp/hard\libc_nano.a(lib_a-printf.o)
                              ./Core/Src/MFRC.o (printf)
[...]
Memory Configuration

Name             Origin             Length             Attributes
RAM              0x0000000020000000 0x0000000000010000 xrw
FLASH            0x0000000008000000 0x0000000000020000 xr
*default*        0x0000000000000000 0xffffffffffffffff

Linker script and memory map

LOAD c:/st/stm32cubeide_1.12.1/stm32cubeide/plugins/com.st.stm32cube.ide.mcu.externaltools.gnu-tools-for-stm32.10.3-2021.10.win32_1.0.200.202301161003/tools/bin/../lib/gcc/arm-none-eabi/10.3.1/thumb/v7e-m+fp/hard/crti.o
LOAD c:/st/stm32cubeide_1.12.1/stm32cubeide/plugins/com.st.stm32cube.ide.mcu.externaltools.gnu-tools-for-stm32.10.3-2021.10.win32_1.0.200.202301161003/tools/bin/../lib/gcc/arm-none-eabi/10.3.1/thumb/v7e-m+fp/hard/crtbegin.o
LOAD c:/st/stm32cubeide_1.12.1/stm32cubeide/plugins/com.st.stm32cube.ide.mcu.externaltools.gnu-tools-for-stm32.10.3-2021.10.win32_1.0.200.202301161003/tools/bin/../lib/gcc/arm-none-eabi/10.3.1/../../../../arm-none-eabi/lib/thumb/v7e-m+fp/hard/crt0.o
LOAD ./Core/Src/MFRC.o
LOAD ./Core/Src/OLED.o
LOAD ./Core/Src/W25N01GVZEIG.o
LOAD ./Core/Src/button.o
LOAD ./Core/Src/freertos.o
LOAD ./Core/Src/main.o
LOAD ./Core/Src/ruthlessfs.o
LOAD ./Core/Src/screen.o
LOAD ./Core/Src/stm32f4xx_hal_msp.o
LOAD ./Core/Src/stm32f4xx_hal_timebase_tim.o
LOAD ./Core/Src/stm32f4xx_it.o
LOAD ./Core/Src/syscalls.o
LOAD ./Core/Src/sysmem.o
LOAD ./Core/Src/system_stm32f4xx.o
LOAD ./Core/Startup/startup_stm32f401cbux.o
LOAD ./Drivers/STM32F4xx_HAL_Driver/Src/stm32f4xx_hal.o
LOAD ./Drivers/STM32F4xx_HAL_Driver/Src/stm32f4xx_hal_cortex.o
LOAD ./Drivers/STM32F4xx_HAL_Driver/Src/stm32f4xx_hal_dma.o
LOAD ./Drivers/STM32F4xx_HAL_Driver/Src/stm32f4xx_hal_dma_ex.o
LOAD ./Drivers/STM32F4xx_HAL_Driver/Src/stm32f4xx_hal_exti.o
LOAD ./Drivers/STM32F4xx_HAL_Driver/Src/stm32f4xx_hal_flash.o
LOAD ./Drivers/STM32F4xx_HAL_Driver/Src/stm32f4xx_hal_flash_ex.o
LOAD ./Drivers/STM32F4xx_HAL_Driver/Src/stm32f4xx_hal_flash_ramfunc.o
LOAD ./Drivers/STM32F4xx_HAL_Driver/Src/stm32f4xx_hal_gpio.o
LOAD ./Drivers/STM32F4xx_HAL_Driver/Src/stm32f4xx_hal_i2c.o
LOAD ./Drivers/STM32F4xx_HAL_Driver/Src/stm32f4xx_hal_i2c_ex.o
LOAD ./Drivers/STM32F4xx_HAL_Driver/Src/stm32f4xx_hal_pcd.o
LOAD ./Drivers/STM32F4xx_HAL_Driver/Src/stm32f4xx_hal_pcd_ex.o
LOAD ./Drivers/STM32F4xx_HAL_Driver/Src/stm32f4xx_hal_pwr.o
LOAD ./Drivers/STM32F4xx_HAL_Driver/Src/stm32f4xx_hal_pwr_ex.o
LOAD ./Drivers/STM32F4xx_HAL_Driver/Src/stm32f4xx_hal_rcc.o
LOAD ./Drivers/STM32F4xx_HAL_Driver/Src/stm32f4xx_hal_rcc_ex.o
LOAD ./Drivers/STM32F4xx_HAL_Driver/Src/stm32f4xx_hal_spi.o
LOAD ./Drivers/STM32F4xx_HAL_Driver/Src/stm32f4xx_hal_tim.o
LOAD ./Drivers/STM32F4xx_HAL_Driver/Src/stm32f4xx_hal_tim_ex.o
LOAD ./Drivers/STM32F4xx_HAL_Driver/Src/stm32f4xx_ll_usb.o
LOAD ./Middlewares/ST/STM32_USB_Device_Library/Class/CDC/Src/usbd_cdc.o
LOAD ./Middlewares/ST/STM32_USB_Device_Library/Core/Src/usbd_core.o
LOAD ./Middlewares/ST/STM32_USB_Device_Library/Core/Src/usbd_ctlreq.o
LOAD ./Middlewares/ST/STM32_USB_Device_Library/Core/Src/usbd_ioreq.o
LOAD ./Middlewares/Third_Party/FreeRTOS/Source/CMSIS_RTOS_V2/cmsis_os2.o
LOAD ./Middlewares/Third_Party/FreeRTOS/Source/croutine.o
LOAD ./Middlewares/Third_Party/FreeRTOS/Source/event_groups.o
LOAD ./Middlewares/Third_Party/FreeRTOS/Source/list.o
LOAD ./Middlewares/Third_Party/FreeRTOS/Source/queue.o
LOAD ./Middlewares/Third_Party/FreeRTOS/Source/stream_buffer.o
LOAD ./Middlewares/Third_Party/FreeRTOS/Source/tasks.o
LOAD ./Middlewares/Third_Party/FreeRTOS/Source/timers.o
LOAD ./Middlewares/Third_Party/FreeRTOS/Source/portable/GCC/ARM_CM4F/port.o
LOAD ./Middlewares/Third_Party/FreeRTOS/Source/portable/MemMang/heap_4.o
LOAD ./USB_DEVICE/App/usb_device.o
LOAD ./USB_DEVICE/App/usbd_cdc_if.o
LOAD ./USB_DEVICE/App/usbd_desc.o
LOAD ./USB_DEVICE/Target/usbd_conf.o
START GROUP
LOAD c:/st/stm32cubeide_1.12.1/stm32cubeide/plugins/com.st.stm32cube.ide.mcu.externaltools.gnu-tools-for-stm32.10.3-2021.10.win32_1.0.200.202301161003/tools/bin/../lib/gcc/arm-none-eabi/10.3.1/../../../../arm-none-eabi/lib/thumb/v7e-m+fp/hard\libc_nano.a
LOAD c:/st/stm32cubeide_1.12.1/stm32cubeide/plugins/com.st.stm32cube.ide.mcu.externaltools.gnu-tools-for-stm32.10.3-2021.10.win32_1.0.200.202301161003/tools/bin/../lib/gcc/arm-none-eabi/10.3.1/../../../../arm-none-eabi/lib/thumb/v7e-m+fp/hard\libm.a
END GROUP
START GROUP
LOAD c:/st/stm32cubeide_1.12.1/stm32cubeide/plugins/com.st.stm32cube.ide.mcu.externaltools.gnu-tools-for-stm32.10.3-2021.10.win32_1.0.200.202301161003/tools/bin/../lib/gcc/arm-none-eabi/10.3.1/thumb/v7e-m+fp/hard\libgcc.a
LOAD c:/st/stm32cubeide_1.12.1/stm32cubeide/plugins/com.st.stm32cube.ide.mcu.externaltools.gnu-tools-for-stm32.10.3-2021.10.win32_1.0.200.202301161003/tools/bin/../lib/gcc/arm-none-eabi/10.3.1/../../../../arm-none-eabi/lib/thumb/v7e-m+fp/hard\libc_nano.a
END GROUP
START GROUP
LOAD c:/st/stm32cubeide_1.12.1/stm32cubeide/plugins/com.st.stm32cube.ide.mcu.externaltools.gnu-tools-for-stm32.10.3-2021.10.win32_1.0.200.202301161003/tools/bin/../lib/gcc/arm-none-eabi/10.3.1/thumb/v7e-m+fp/hard\libgcc.a
LOAD c:/st/stm32cubeide_1.12.1/stm32cubeide/plugins/com.st.stm32cube.ide.mcu.externaltools.gnu-tools-for-stm32.10.3-2021.10.win32_1.0.200.202301161003/tools/bin/../lib/gcc/arm-none-eabi/10.3.1/../../../../arm-none-eabi/lib/thumb/v7e-m+fp/hard\libc_nano.a
LOAD c:/st/stm32cubeide_1.12.1/stm32cubeide/plugins/com.st.stm32cube.ide.mcu.externaltools.gnu-tools-for-stm32.10.3-2021.10.win32_1.0.200.202301161003/tools/bin/../lib/gcc/arm-none-eabi/10.3.1/../../../../arm-none-eabi/lib/thumb/v7e-m+fp/hard\libnosys.a
END GROUP
START GROUP
LOAD c:/st/stm32cubeide_1.12.1/stm32cubeide/plugins/com.st.stm32cube.ide.mcu.externaltools.gnu-tools-for-stm32.10.3-2021.10.win32_1.0.200.202301161003/tools/bin/../lib/gcc/arm-none-eabi/10.3.1/thumb/v7e-m+fp/hard\libgcc.a
LOAD c:/st/stm32cubeide_1.12.1/stm32cubeide/plugins/com.st.stm32cube.ide.mcu.externaltools.gnu-tools-for-stm32.10.3-2021.10.win32_1.0.200.202301161003/tools/bin/../lib/gcc/arm-none-eabi/10.3.1/../../../../arm-none-eabi/lib/thumb/v7e-m+fp/hard\libc_nano.a
LOAD c:/st/stm32cubeide_1.12.1/stm32cubeide/plugins/com.st.stm32cube.ide.mcu.externaltools.gnu-tools-for-stm32.10.3-2021.10.win32_1.0.200.202301161003/tools/bin/../lib/gcc/arm-none-eabi/10.3.1/../../../../arm-none-eabi/lib/thumb/v7e-m+fp/hard\libnosys.a
END GROUP
LOAD c:/st/stm32cubeide_1.12.1/stm32cubeide/plugins/com.st.stm32cube.ide.mcu.externaltools.gnu-tools-for-stm32.10.3-2021.10.win32_1.0.200.202301161003/tools/bin/../lib/gcc/arm-none-eabi/10.3.1/thumb/v7e-m+fp/hard/crtend.o
LOAD c:/st/stm32cubeide_1.12.1/stm32cubeide/plugins/com.st.stm32cube.ide.mcu.externaltools.gnu-tools-for-stm32.10.3-2021.10.win32_1.0.200.202301161003/tools/bin/../lib/gcc/arm-none-eabi/10.3.1/thumb/v7e-m+fp/hard/crtn.o
                0x0000000020010000                _estack = (ORIGIN (RAM) + LENGTH (RAM))
                0x0000000000000200                _Min_Heap_Size = 0x200
                0x0000000000000400                _Min_Stack_Size = 0x400

.isr_vector     0x0000000008000000      0x194
                0x0000000008000000                . = ALIGN (0x4)
 *(.isr_vector)
 .isr_vector    0x0000000008000000      0x194 ./Core/Startup/startup_stm32f401cbux.o
                0x0000000008000000                g_pfnVectors
                0x0000000008000194                . = ALIGN (0x4)

.text           0x00000000080001a0    0x115dc
                0x00000000080001a0                . = ALIGN (0x4)
 *(.text)
 .text          0x00000000080001a0       0x40 c:/st/stm32cubeide_1.12.1/stm32cubeide/plugins/com.st.stm32cube.ide.mcu.externaltools.gnu-tools-for-stm32.10.3-2021.10.win32_1.0.200.202301161003/tools/bin/../lib/gcc/arm-none-eabi/10.3.1/thumb/v7e-m+fp/hard/crtbegin.o
 .text          0x00000000080001e0       0x10 c:/st/stm32cubeide_1.12.1/stm32cubeide/plugins/com.st.stm32cube.ide.mcu.externaltools.gnu-tools-for-stm32.10.3-2021.10.win32_1.0.200.202301161003/tools/bin/../lib/gcc/arm-none-eabi/10.3.1/../../../../arm-none-eabi/lib/thumb/v7e-m+fp/hard\libc_nano.a(lib_a-strlen.o)
                0x00000000080001e0                strlen
 .text          0x00000000080001f0       0xa0 c:/st/stm32cubeide_1.12.1/stm32cubeide/plugins/com.st.stm32cube.ide.mcu.externaltools.gnu-tools-for-stm32.10.3-2021.10.win32_1.0.200.202301161003/tools/bin/../lib/gcc/arm-none-eabi/10.3.1/../../../../arm-none-eabi/lib/thumb/v7e-m+fp/hard\libc_nano.a(lib_a-memchr.o)
                0x00000000080001f0                memchr
 .text          0x0000000008000290      0x254 c:/st/stm32cubeide_1.12.1/stm32cubeide/plugins/com.st.stm32cube.ide.mcu.externaltools.gnu-tools-for-stm32.10.3-2021.10.win32_1.0.200.202301161003/tools/bin/../lib/gcc/arm-none-eabi/10.3.1/thumb/v7e-m+fp/hard\libgcc.a(_arm_muldf3.o)
                0x0000000008000290                __muldf3
                0x0000000008000290                __aeabi_dmul
 .text          0x00000000080004e4      0x378 c:/st/stm32cubeide_1.12.1/stm32cubeide/plugins/com.st.stm32cube.ide.mcu.externaltools.gnu-tools-for-stm32.10.3-2021.10.win32_1.0.200.202301161003/tools/bin/../lib/gcc/arm-none-eabi/10.3.1/thumb/v7e-m+fp/hard\libgcc.a(_arm_addsubdf3.o)
                0x00000000080004e4                __aeabi_drsub
                0x00000000080004ec                __aeabi_dsub
                0x00000000080004ec                __subdf3
                0x00000000080004f0                __aeabi_dadd
                0x00000000080004f0                __adddf3
                0x0000000008000768                __floatunsidf
                0x0000000008000768                __aeabi_ui2d
                0x0000000008000788                __floatsidf
                0x0000000008000788                __aeabi_i2d
                0x00000000080007ac                __aeabi_f2d
                0x00000000080007ac                __extendsfdf2
                0x00000000080007f0                __floatundidf
                0x00000000080007f0                __aeabi_ul2d
                0x0000000008000800                __floatdidf
                0x0000000008000800                __aeabi_l2d
 .text          0x000000000800085c       0x40 c:/st/stm32cubeide_1.12.1/stm32cubeide/plugins/com.st.stm32cube.ide.mcu.externaltools.gnu-tools-for-stm32.10.3-2021.10.win32_1.0.200.202301161003/tools/bin/../lib/gcc/arm-none-eabi/10.3.1/thumb/v7e-m+fp/hard\libgcc.a(_arm_fixunsdfsi.o)
                0x000000000800085c                __aeabi_d2uiz
                0x000000000800085c                __fixunsdfsi
 .text          0x000000000800089c       0x30 c:/st/stm32cubeide_1.12.1/stm32cubeide/plugins/com.st.stm32cube.ide.mcu.externaltools.gnu-tools-for-stm32.10.3-2021.10.win32_1.0.200.202301161003/tools/bin/../lib/gcc/arm-none-eabi/10.3.1/thumb/v7e-m+fp/hard\libgcc.a(_aeabi_uldivmod.o)
                0x000000000800089c                __aeabi_uldivmod
 .text          0x00000000080008cc      0x2d0 c:/st/stm32cubeide_1.12.1/stm32cubeide/plugins/com.st.stm32cube.ide.mcu.externaltools.gnu-tools-for-stm32.10.3-2021.10.win32_1.0.200.202301161003/tools/bin/../lib/gcc/arm-none-eabi/10.3.1/thumb/v7e-m+fp/hard\libgcc.a(_udivmoddi4.o)
                0x00000000080008cc                __udivmoddi4
 .text          0x0000000008000b9c        0x4 c:/st/stm32cubeide_1.12.1/stm32cubeide/plugins/com.st.stm32cube.ide.mcu.externaltools.gnu-tools-for-stm32.10.3-2021.10.win32_1.0.200.202301161003/tools/bin/../lib/gcc/arm-none-eabi/10.3.1/thumb/v7e-m+fp/hard\libgcc.a(_dvmd_tls.o)
                0x0000000008000b9c                __aeabi_idiv0
                0x0000000008000b9c                __aeabi_ldiv0
 *(.text*)
 .text.MFRC_REGW
                0x0000000008000ba0       0x48 ./Core/Src/MFRC.o
                0x0000000008000ba0                MFRC_REGW
 .text.MFRC_REGR
                0x0000000008000be8       0x40 ./Core/Src/MFRC.o
                0x0000000008000be8                MFRC_REGR
 .text.MFRC_FIFOW
                0x0000000008000c28       0x5c ./Core/Src/MFRC.o
                0x0000000008000c28                MFRC_FIFOW
 .text.MFRC_FIFOR
                0x0000000008000c84       0x5c ./Core/Src/MFRC.o
                0x0000000008000c84                MFRC_FIFOR
 .text.MFRC_ANTON
                0x0000000008000ce0       0x32 ./Core/Src/MFRC.o
                0x0000000008000ce0                MFRC_ANTON
 .text.ClearBitMask
                0x0000000008000d12       0x42 ./Core/Src/MFRC.o
                0x0000000008000d12                ClearBitMask
 .text.MFRC_ANTOFF
                0x0000000008000d54       0x10 ./Core/Src/MFRC.o
                0x0000000008000d54                MFRC_ANTOFF
 .text.CALC_CRC
                0x0000000008000d64       0x7e ./Core/Src/MFRC.o
                0x0000000008000d64                CALC_CRC
 *fill*         0x0000000008000de2        0x2 
 .text.MFRC_INIT
                0x0000000008000de4       0x64 ./Core/Src/MFRC.o
                0x0000000008000de4                MFRC_INIT
 .text.MFRC_TRANSCEIVE
                0x0000000008000e48       0x8a ./Core/Src/MFRC.o
                0x0000000008000e48                MFRC_TRANSCEIVE
 .text.MFRC_WUPA
                0x0000000008000ed2       0x3a ./Core/Src/MFRC.o
                0x0000000008000ed2                MFRC_WUPA
 .text.MFRC_HALTA
                0x0000000008000f0c       0x54 ./Core/Src/MFRC.o
                0x0000000008000f0c                MFRC_HALTA
 .text.MFRC_ANTICOL1
                0x0000000008000f60       0x3c ./Core/Src/MFRC.o
                0x0000000008000f60                MFRC_ANTICOL1
 .text.MFRC_SEL1
                0x0000000008000f9c       0x6a ./Core/Src/MFRC.o
                0x0000000008000f9c                MFRC_SEL1
 .text.MFRC_ANTICOL2
                0x0000000008001006       0x3c ./Core/Src/MFRC.o
                0x0000000008001006                MFRC_ANTICOL2
 .text.MFRC_SEL2
                0x0000000008001042       0x6a ./Core/Src/MFRC.o
                0x0000000008001042                MFRC_SEL2
 .text.PICC_Select
                0x00000000080010ac       0x7c ./Core/Src/MFRC.o
                0x00000000080010ac                PICC_Select
 .text.PICC_CHECK
                0x0000000008001128       0x36 ./Core/Src/MFRC.o
                0x0000000008001128                PICC_CHECK
 .text.UL_READ  0x000000000800115e       0x58 ./Core/Src/MFRC.o
                0x000000000800115e                UL_READ
 .text.UL_WRITE
                0x00000000080011b6       0x76 ./Core/Src/MFRC.o
                0x00000000080011b6                UL_WRITE
 .text.UL_getuid
                0x000000000800122c       0x44 ./Core/Src/MFRC.o
                0x000000000800122c                UL_getuid
 .text.UL_getalldata
                0x0000000008001270       0x40 ./Core/Src/MFRC.o
                0x0000000008001270                UL_getalldata
 .text.UL_readcard
                0x00000000080012b0       0x60 ./Core/Src/MFRC.o
                0x00000000080012b0                UL_readcard
 .text.UL_writecard
                0x0000000008001310       0x80 ./Core/Src/MFRC.o
                0x0000000008001310                UL_writecard
 .text.uid_tostring
                0x0000000008001390       0x94 ./Core/Src/MFRC.o
                0x0000000008001390                uid_tostring
 .text.UL_verify
                0x0000000008001424       0xaa ./Core/Src/MFRC.o
                0x0000000008001424                UL_verify
 *fill*         0x00000000080014ce        0x2 
 .text.dump_card_serial
                0x00000000080014d0      0x128 ./Core/Src/MFRC.o
                0x00000000080014d0                dump_card_serial
 .text.OLED_Clear
                0x00000000080015f8       0x28 ./Core/Src/OLED.o
                0x00000000080015f8                OLED_Clear
 .text.OLED_cmd
                0x0000000008001620       0x74 ./Core/Src/OLED.o
                0x0000000008001620                OLED_cmd
 .text.OLED_data
                0x0000000008001694       0x78 ./Core/Src/OLED.o
                0x0000000008001694                OLED_data
 .text.OLED_FLUSH
                0x000000000800170c       0x66 ./Core/Src/OLED.o
                0x000000000800170c                OLED_FLUSH
 *fill*         0x0000000008001772        0x2 
 .text.OLED_INIT
                0x0000000008001774       0xd8 ./Core/Src/OLED.o
                0x0000000008001774                OLED_INIT
 .text.OLED_InvChar
                0x000000000800184c       0x64 ./Core/Src/OLED.o
                0x000000000800184c                OLED_InvChar
 .text.OLED_drawChar
                0x00000000080018b0       0xa0 ./Core/Src/OLED.o
                0x00000000080018b0                OLED_drawChar
 .text.OLED_Printlin
                0x0000000008001950       0x5e ./Core/Src/OLED.o
                0x0000000008001950                OLED_Printlin
 .text.OLED_PrintCent
                0x00000000080019ae       0x48 ./Core/Src/OLED.o
                0x00000000080019ae                OLED_PrintCent
 .text.OLED_Print
                0x00000000080019f6      0x196 ./Core/Src/OLED.o
                0x00000000080019f6                OLED_Print
 .text.OLED_SCREEN
                0x0000000008001b8c       0x72 ./Core/Src/OLED.o
                0x0000000008001b8c                OLED_SCREEN
 .text.OLED_SCRNREF
                0x0000000008001bfe       0x60 ./Core/Src/OLED.o
                0x0000000008001bfe                OLED_SCRNREF
 *fill*         0x0000000008001c5e        0x2 
 .text.OLED_SELECT
                0x0000000008001c60       0xec ./Core/Src/OLED.o
                0x0000000008001c60                OLED_SELECT
 .text.OLED_select_inv
                0x0000000008001d4c       0xd4 ./Core/Src/OLED.o
                0x0000000008001d4c                OLED_select_inv
 .text.OLED_display_files
                0x0000000008001e20      0x104 ./Core/Src/OLED.o
                0x0000000008001e20                OLED_display_files
 .text.free_filenames
                0x0000000008001f24       0x3c ./Core/Src/OLED.o
                0x0000000008001f24                free_filenames
 .text.find_restore_string
                0x0000000008001f60       0x6e ./Core/Src/OLED.o
                0x0000000008001f60                find_restore_string
 *fill*         0x0000000008001fce        0x2 
 .text.oled_show_file
                0x0000000008001fd0       0x80 ./Core/Src/OLED.o
                0x0000000008001fd0                oled_show_file
 .text.oled_move_selection
                0x0000000008002050       0x4c ./Core/Src/OLED.o
                0x0000000008002050                oled_move_selection
 .text.oled_move_selection_inv
                0x000000000800209c       0x46 ./Core/Src/OLED.o
                0x000000000800209c                oled_move_selection_inv
 *fill*         0x00000000080020e2        0x2 
 .text.oled_keyboard_insertChar
                0x00000000080020e4       0x7c ./Core/Src/OLED.o
                0x00000000080020e4                oled_keyboard_insertChar
 .text.oled_keyboard_removeChar
                0x0000000008002160       0xd4 ./Core/Src/OLED.o
                0x0000000008002160                oled_keyboard_removeChar
 .text.oled_set_contrast
                0x0000000008002234       0x26 ./Core/Src/OLED.o
                0x0000000008002234                oled_set_contrast
 *fill*         0x000000000800225a        0x2 
 .text.STAT_READ
                0x000000000800225c       0x5c ./Core/Src/W25N01GVZEIG.o
                0x000000000800225c                STAT_READ
 .text.STAT_WRITE
                0x00000000080022b8       0x54 ./Core/Src/W25N01GVZEIG.o
                0x00000000080022b8                STAT_WRITE
 .text.WRIT_EN  0x000000000800230c       0x58 ./Core/Src/W25N01GVZEIG.o
                0x000000000800230c                WRIT_EN
 .text.WRITE_DIS
                0x0000000008002364       0x54 ./Core/Src/W25N01GVZEIG.o
                0x0000000008002364                WRITE_DIS
 .text.block_erase
                0x00000000080023b8       0x78 ./Core/Src/W25N01GVZEIG.o
                0x00000000080023b8                block_erase
 .text.MEM_INIT
                0x0000000008002430       0x38 ./Core/Src/W25N01GVZEIG.o
                0x0000000008002430                MEM_INIT
 .text.MEM_WRITE
                0x0000000008002468      0x12c ./Core/Src/W25N01GVZEIG.o
                0x0000000008002468                MEM_WRITE
 .text.MEM_READPAGE
                0x0000000008002594      0x1a4 ./Core/Src/W25N01GVZEIG.o
                0x0000000008002594                MEM_READPAGE
 .text.mem_find_free_block
                0x0000000008002738       0x4e ./Core/Src/W25N01GVZEIG.o
                0x0000000008002738                mem_find_free_block
 .text.memory_reset
                0x0000000008002786       0x2e ./Core/Src/W25N01GVZEIG.o
                0x0000000008002786                memory_reset
 .text.HAL_GPIO_EXTI_Callback
                0x00000000080027b4       0x84 ./Core/Src/button.o
                0x00000000080027b4                HAL_GPIO_EXTI_Callback
 .text.BUZZ     0x0000000008002838       0x24 ./Core/Src/main.o
                0x0000000008002838                BUZZ
 .text.write_card
                0x000000000800285c       0xc8 ./Core/Src/main.o
                0x000000000800285c                write_card
 .text.main     0x0000000008002924      0x1a8 ./Core/Src/main.o
                0x0000000008002924                main
 .text.SystemClock_Config
                0x0000000008002acc       0xd4 ./Core/Src/main.o
                0x0000000008002acc                SystemClock_Config
 .text.MX_I2C1_Init
                0x0000000008002ba0       0x5c ./Core/Src/main.o
 .text.MX_SPI1_Init
                0x0000000008002bfc       0x70 ./Core/Src/main.o
 .text.MX_SPI2_Init
                0x0000000008002c6c       0x6c ./Core/Src/main.o
 .text.MX_TIM2_Init
                0x0000000008002cd8       0xec ./Core/Src/main.o
 .text.MX_TIM3_Init
                0x0000000008002dc4       0x9c ./Core/Src/main.o
 .text.MX_GPIO_Init
                0x0000000008002e60       0xf8 ./Core/Src/main.o
 .text._write   0x0000000008002f58       0x28 ./Core/Src/main.o
                0x0000000008002f58                _write
 .text.Start_Init
                0x0000000008002f80      0x170 ./Core/Src/main.o
                0x0000000008002f80                Start_Init
 .text.StartReadCard
                0x00000000080030f0       0x90 ./Core/Src/main.o
                0x00000000080030f0                StartReadCard
 .text.StartWriteCard
                0x0000000008003180       0xa0 ./Core/Src/main.o
                0x0000000008003180                StartWriteCard
 .text.StartHome
                0x0000000008003220       0xe8 ./Core/Src/main.o
                0x0000000008003220                StartHome
 .text.CardFoundStart
                0x0000000008003308      0x128 ./Core/Src/main.o
                0x0000000008003308                CardFoundStart
 .text.StartShowFiles
                0x0000000008003430       0xd8 ./Core/Src/main.o
                0x0000000008003430                StartShowFiles
 .text.StartShowFileData
                0x0000000008003508       0xa4 ./Core/Src/main.o
                0x0000000008003508                StartShowFileData
 .text.StartClone
                0x00000000080035ac       0xa8 ./Core/Src/main.o
                0x00000000080035ac                StartClone
 .text.StartKeyboard
                0x0000000008003654       0xc0 ./Core/Src/main.o
                0x0000000008003654                StartKeyboard
 .text.StartDisplaySettings
                0x0000000008003714       0xc8 ./Core/Src/main.o
                0x0000000008003714                StartDisplaySettings
 .text.HAL_TIM_PeriodElapsedCallback
                0x00000000080037dc       0x24 ./Core/Src/main.o
                0x00000000080037dc                HAL_TIM_PeriodElapsedCallback
 .text.Error_Handler
                0x0000000008003800        0xa ./Core/Src/main.o
                0x0000000008003800                Error_Handler
 .text.enter_card
                0x000000000800380a       0xaa ./Core/Src/ruthlessfs.o
                0x000000000800380a                enter_card
 .text.enter_metadata
                0x00000000080038b4       0xc6 ./Core/Src/ruthlessfs.o
                0x00000000080038b4                enter_metadata
 .text.read_card_entry
                0x000000000800397a       0x5a ./Core/Src/ruthlessfs.o
                0x000000000800397a                read_card_entry
 .text.read_metadata
                0x00000000080039d4       0xda ./Core/Src/ruthlessfs.o
                0x00000000080039d4                read_metadata
 .text.read_nameuid
                0x0000000008003aae       0xd6 ./Core/Src/ruthlessfs.o
                0x0000000008003aae                read_nameuid
 .text.read_cardcontents
                0x0000000008003b84       0x50 ./Core/Src/ruthlessfs.o
                0x0000000008003b84                read_cardcontents
 .text.get_datasize
                0x0000000008003bd4       0x58 ./Core/Src/ruthlessfs.o
                0x0000000008003bd4                get_datasize
 .text.get_number_files_section
                0x0000000008003c2c       0x48 ./Core/Src/ruthlessfs.o
                0x0000000008003c2c                get_number_files_section
 .text.get_number_files_all
                0x0000000008003c74       0x14 ./Core/Src/ruthlessfs.o
                0x0000000008003c74                get_number_files_all
 .text.get_files_section
                0x0000000008003c88       0xbc ./Core/Src/ruthlessfs.o
                0x0000000008003c88                get_files_section
 .text.entry_present
                0x0000000008003d44       0x3a ./Core/Src/ruthlessfs.o
                0x0000000008003d44                entry_present
 .text.get_file_name
                0x0000000008003d7e       0x5a ./Core/Src/ruthlessfs.o
                0x0000000008003d7e                get_file_name
 .text.remove_card
                0x0000000008003dd8       0x1a ./Core/Src/ruthlessfs.o
                0x0000000008003dd8                remove_card
 *fill*         0x0000000008003df2        0x6 
 .text.get_used_size
                0x0000000008003df8       0x40 ./Core/Src/ruthlessfs.o
                0x0000000008003df8                get_used_size
 .text.get_free_size
                0x0000000008003e38       0x12 ./Core/Src/ruthlessfs.o
                0x0000000008003e38                get_free_size
 *fill*         0x0000000008003e4a        0x2 
 .text.get_used_size_str
                0x0000000008003e4c       0x24 ./Core/Src/ruthlessfs.o
                0x0000000008003e4c                get_used_size_str
 .text.get_free_size_str
                0x0000000008003e70       0x24 ./Core/Src/ruthlessfs.o
                0x0000000008003e70                get_free_size_str
 .text.HAL_MspInit
                0x0000000008003e94       0x58 ./Core/Src/stm32f4xx_hal_msp.o
                0x0000000008003e94                HAL_MspInit
 .text.HAL_I2C_MspInit
                0x0000000008003eec       0x90 ./Core/Src/stm32f4xx_hal_msp.o
                0x0000000008003eec                HAL_I2C_MspInit
 .text.HAL_SPI_MspInit
                0x0000000008003f7c       0xfc ./Core/Src/stm32f4xx_hal_msp.o
                0x0000000008003f7c                HAL_SPI_MspInit
 .text.HAL_TIM_Base_MspInit
                0x0000000008004078       0x6c ./Core/Src/stm32f4xx_hal_msp.o
                0x0000000008004078                HAL_TIM_Base_MspInit
 .text.HAL_TIM_MspPostInit
                0x00000000080040e4       0x70 ./Core/Src/stm32f4xx_hal_msp.o
                0x00000000080040e4                HAL_TIM_MspPostInit
 .text.HAL_InitTick
                0x0000000008004154       0xf8 ./Core/Src/stm32f4xx_hal_timebase_tim.o
                0x0000000008004154                HAL_InitTick
 .text.NMI_Handler
                0x000000000800424c        0x6 ./Core/Src/stm32f4xx_it.o
                0x000000000800424c                NMI_Handler
 .text.HardFault_Handler
                0x0000000008004252        0x6 ./Core/Src/stm32f4xx_it.o
                0x0000000008004252                HardFault_Handler
 .text.MemManage_Handler
                0x0000000008004258        0x6 ./Core/Src/stm32f4xx_it.o
                0x0000000008004258                MemManage_Handler
 .text.BusFault_Handler
                0x000000000800425e        0x6 ./Core/Src/stm32f4xx_it.o
                0x000000000800425e                BusFault_Handler
 .text.UsageFault_Handler
                0x0000000008004264        0x6 ./Core/Src/stm32f4xx_it.o
                0x0000000008004264                UsageFault_Handler
 .text.DebugMon_Handler
                0x000000000800426a        0xe ./Core/Src/stm32f4xx_it.o
                0x000000000800426a                DebugMon_Handler
 .text.EXTI1_IRQHandler
                0x0000000008004278        0xe ./Core/Src/stm32f4xx_it.o
                0x0000000008004278                EXTI1_IRQHandler
 *fill*         0x0000000008004286        0x2 
 .text.TIM5_IRQHandler
                0x0000000008004288       0x14 ./Core/Src/stm32f4xx_it.o
                0x0000000008004288                TIM5_IRQHandler
 .text.OTG_FS_IRQHandler
                0x000000000800429c       0x14 ./Core/Src/stm32f4xx_it.o
                0x000000000800429c                OTG_FS_IRQHandler
 .text._read    0x00000000080042b0       0x3a ./Core/Src/syscalls.o
                0x00000000080042b0                _read
 .text._close   0x00000000080042ea       0x18 ./Core/Src/syscalls.o
                0x00000000080042ea                _close
 .text._fstat   0x0000000008004302       0x20 ./Core/Src/syscalls.o
                0x0000000008004302                _fstat
 .text._isatty  0x0000000008004322       0x16 ./Core/Src/syscalls.o
                0x0000000008004322                _isatty
 .text._lseek   0x0000000008004338       0x1a ./Core/Src/syscalls.o
                0x0000000008004338                _lseek
 *fill*         0x0000000008004352        0x2 
 .text._sbrk    0x0000000008004354       0x6c ./Core/Src/sysmem.o
                0x0000000008004354                _sbrk
 .text.SystemInit
                0x00000000080043c0       0x24 ./Core/Src/system_stm32f4xx.o
                0x00000000080043c0                SystemInit
 .text.Reset_Handler
                0x00000000080043e4       0x50 ./Core/Startup/startup_stm32f401cbux.o
                0x00000000080043e4                Reset_Handler
 .text.Default_Handler
                0x0000000008004434        0x2 ./Core/Startup/startup_stm32f401cbux.o
                0x0000000008004434                RTC_Alarm_IRQHandler
                0x0000000008004434                EXTI2_IRQHandler
                0x0000000008004434                SPI4_IRQHandler
                0x0000000008004434                TIM1_CC_IRQHandler
                0x0000000008004434                DMA2_Stream5_IRQHandler
                0x0000000008004434                DMA1_Stream5_IRQHandler
                0x0000000008004434                PVD_IRQHandler
                0x0000000008004434                SDIO_IRQHandler
                0x0000000008004434                TAMP_STAMP_IRQHandler
                0x0000000008004434                EXTI3_IRQHandler
                0x0000000008004434                TIM1_UP_TIM10_IRQHandler
                0x0000000008004434                I2C3_ER_IRQHandler
                0x0000000008004434                EXTI0_IRQHandler
                0x0000000008004434                I2C2_EV_IRQHandler
                0x0000000008004434                DMA1_Stream2_IRQHandler
                0x0000000008004434                FPU_IRQHandler
                0x0000000008004434                DMA2_Stream2_IRQHandler
                0x0000000008004434                SPI1_IRQHandler
                0x0000000008004434                TIM1_BRK_TIM9_IRQHandler
                0x0000000008004434                DMA2_Stream3_IRQHandler
                0x0000000008004434                USART6_IRQHandler
                0x0000000008004434                DMA2_Stream0_IRQHandler
                0x0000000008004434                TIM4_IRQHandler
                0x0000000008004434                I2C1_EV_IRQHandler
                0x0000000008004434                DMA1_Stream6_IRQHandler
                0x0000000008004434                DMA1_Stream1_IRQHandler
                0x0000000008004434                TIM3_IRQHandler
                0x0000000008004434                RCC_IRQHandler
                0x0000000008004434                Default_Handler
                0x0000000008004434                EXTI15_10_IRQHandler
                0x0000000008004434                ADC_IRQHandler
                0x0000000008004434                DMA1_Stream7_IRQHandler
                0x0000000008004434                DMA2_Stream7_IRQHandler
                0x0000000008004434                I2C3_EV_IRQHandler
                0x0000000008004434                EXTI9_5_IRQHandler
                0x0000000008004434                RTC_WKUP_IRQHandler
                0x0000000008004434                SPI2_IRQHandler
                0x0000000008004434                DMA1_Stream0_IRQHandler
                0x0000000008004434                EXTI4_IRQHandler
                0x0000000008004434                WWDG_IRQHandler
                0x0000000008004434                TIM2_IRQHandler
                0x0000000008004434                OTG_FS_WKUP_IRQHandler
                0x0000000008004434                TIM1_TRG_COM_TIM11_IRQHandler
                0x0000000008004434                USART2_IRQHandler
                0x0000000008004434                I2C2_ER_IRQHandler
                0x0000000008004434                DMA2_Stream1_IRQHandler
                0x0000000008004434                FLASH_IRQHandler
                0x0000000008004434                DMA2_Stream4_IRQHandler
                0x0000000008004434                USART1_IRQHandler
                0x0000000008004434                SPI3_IRQHandler
                0x0000000008004434                DMA1_Stream4_IRQHandler
                0x0000000008004434                I2C1_ER_IRQHandler
                0x0000000008004434                DMA2_Stream6_IRQHandler
                0x0000000008004434                DMA1_Stream3_IRQHandler
 *fill*         0x0000000008004436        0x2 
 .text.HAL_Init
                0x0000000008004438       0x44 ./Drivers/STM32F4xx_HAL_Driver/Src/stm32f4xx_hal.o
                0x0000000008004438                HAL_Init
 .text.HAL_IncTick
                0x000000000800447c       0x28 ./Drivers/STM32F4xx_HAL_Driver/Src/stm32f4xx_hal.o
                0x000000000800447c                HAL_IncTick
 .text.HAL_GetTick
                0x00000000080044a4       0x18 ./Drivers/STM32F4xx_HAL_Driver/Src/stm32f4xx_hal.o
                0x00000000080044a4                HAL_GetTick
 .text.HAL_Delay
                0x00000000080044bc       0x48 ./Drivers/STM32F4xx_HAL_Driver/Src/stm32f4xx_hal.o
                0x00000000080044bc                HAL_Delay
 .text.__NVIC_SetPriorityGrouping
                0x0000000008004504       0x48 ./Drivers/STM32F4xx_HAL_Driver/Src/stm32f4xx_hal_cortex.o
 .text.__NVIC_GetPriorityGrouping
                0x000000000800454c       0x1c ./Drivers/STM32F4xx_HAL_Driver/Src/stm32f4xx_hal_cortex.o
 .text.__NVIC_EnableIRQ
                0x0000000008004568       0x3c ./Drivers/STM32F4xx_HAL_Driver/Src/stm32f4xx_hal_cortex.o
 .text.__NVIC_SetPriority
                0x00000000080045a4       0x54 ./Drivers/STM32F4xx_HAL_Driver/Src/stm32f4xx_hal_cortex.o
 .text.NVIC_EncodePriority
                0x00000000080045f8       0x66 ./Drivers/STM32F4xx_HAL_Driver/Src/stm32f4xx_hal_cortex.o
 .text.HAL_NVIC_SetPriorityGrouping
                0x000000000800465e       0x16 ./Drivers/STM32F4xx_HAL_Driver/Src/stm32f4xx_hal_cortex.o
                0x000000000800465e                HAL_NVIC_SetPriorityGrouping
 .text.HAL_NVIC_SetPriority
                0x0000000008004674       0x38 ./Drivers/STM32F4xx_HAL_Driver/Src/stm32f4xx_hal_cortex.o
                0x0000000008004674                HAL_NVIC_SetPriority
 .text.HAL_NVIC_EnableIRQ
                0x00000000080046ac       0x1c ./Drivers/STM32F4xx_HAL_Driver/Src/stm32f4xx_hal_cortex.o
                0x00000000080046ac                HAL_NVIC_EnableIRQ
 .text.HAL_GPIO_Init
                0x00000000080046c8      0x308 ./Drivers/STM32F4xx_HAL_Driver/Src/stm32f4xx_hal_gpio.o
                0x00000000080046c8                HAL_GPIO_Init
 .text.HAL_GPIO_ReadPin
                0x00000000080049d0       0x30 ./Drivers/STM32F4xx_HAL_Driver/Src/stm32f4xx_hal_gpio.o
                0x00000000080049d0                HAL_GPIO_ReadPin
 .text.HAL_GPIO_WritePin
                0x0000000008004a00       0x32 ./Drivers/STM32F4xx_HAL_Driver/Src/stm32f4xx_hal_gpio.o
                0x0000000008004a00                HAL_GPIO_WritePin
 *fill*         0x0000000008004a32        0x2 
 .text.HAL_GPIO_EXTI_IRQHandler
                0x0000000008004a34       0x30 ./Drivers/STM32F4xx_HAL_Driver/Src/stm32f4xx_hal_gpio.o
                0x0000000008004a34                HAL_GPIO_EXTI_IRQHandler
 .text.HAL_I2C_Init
                0x0000000008004a64      0x288 ./Drivers/STM32F4xx_HAL_Driver/Src/stm32f4xx_hal_i2c.o
                0x0000000008004a64                HAL_I2C_Init
 .text.HAL_I2C_Mem_Write
                0x0000000008004cec      0x1f4 ./Drivers/STM32F4xx_HAL_Driver/Src/stm32f4xx_hal_i2c.o
                0x0000000008004cec                HAL_I2C_Mem_Write
 .text.HAL_I2C_Mem_Read
                0x0000000008004ee0      0x44c ./Drivers/STM32F4xx_HAL_Driver/Src/stm32f4xx_hal_i2c.o
                0x0000000008004ee0                HAL_I2C_Mem_Read
 .text.I2C_RequestMemoryWrite
                0x000000000800532c      0x12c ./Drivers/STM32F4xx_HAL_Driver/Src/stm32f4xx_hal_i2c.o
 .text.I2C_RequestMemoryRead
                0x0000000008005458      0x1d0 ./Drivers/STM32F4xx_HAL_Driver/Src/stm32f4xx_hal_i2c.o
 .text.I2C_WaitOnFlagUntilTimeout
                0x0000000008005628       0xae ./Drivers/STM32F4xx_HAL_Driver/Src/stm32f4xx_hal_i2c.o
 .text.I2C_WaitOnMasterAddressFlagUntilTimeout
                0x00000000080056d6       0xfe ./Drivers/STM32F4xx_HAL_Driver/Src/stm32f4xx_hal_i2c.o
 .text.I2C_WaitOnTXEFlagUntilTimeout
                0x00000000080057d4       0x82 ./Drivers/STM32F4xx_HAL_Driver/Src/stm32f4xx_hal_i2c.o
 .text.I2C_WaitOnBTFFlagUntilTimeout
                0x0000000008005856       0x82 ./Drivers/STM32F4xx_HAL_Driver/Src/stm32f4xx_hal_i2c.o
 .text.I2C_WaitOnRXNEFlagUntilTimeout
                0x00000000080058d8       0xac ./Drivers/STM32F4xx_HAL_Driver/Src/stm32f4xx_hal_i2c.o
 .text.I2C_IsAcknowledgeFailed
                0x0000000008005984       0x5e ./Drivers/STM32F4xx_HAL_Driver/Src/stm32f4xx_hal_i2c.o
 .text.HAL_PCD_Init
                0x00000000080059e2      0x23a ./Drivers/STM32F4xx_HAL_Driver/Src/stm32f4xx_hal_pcd.o
                0x00000000080059e2                HAL_PCD_Init
 .text.HAL_PCD_Start
                0x0000000008005c1c       0x66 ./Drivers/STM32F4xx_HAL_Driver/Src/stm32f4xx_hal_pcd.o
                0x0000000008005c1c                HAL_PCD_Start
 .text.HAL_PCD_IRQHandler
                0x0000000008005c82      0x93e ./Drivers/STM32F4xx_HAL_Driver/Src/stm32f4xx_hal_pcd.o
                0x0000000008005c82                HAL_PCD_IRQHandler
 .text.HAL_PCD_SetAddress
                0x00000000080065c0       0x4a ./Drivers/STM32F4xx_HAL_Driver/Src/stm32f4xx_hal_pcd.o
                0x00000000080065c0                HAL_PCD_SetAddress
 .text.HAL_PCD_EP_Open
                0x000000000800660a       0xd0 ./Drivers/STM32F4xx_HAL_Driver/Src/stm32f4xx_hal_pcd.o
                0x000000000800660a                HAL_PCD_EP_Open
 .text.HAL_PCD_EP_Close
                0x00000000080066da       0x94 ./Drivers/STM32F4xx_HAL_Driver/Src/stm32f4xx_hal_pcd.o
                0x00000000080066da                HAL_PCD_EP_Close
 .text.HAL_PCD_EP_Receive
                0x000000000800676e       0x96 ./Drivers/STM32F4xx_HAL_Driver/Src/stm32f4xx_hal_pcd.o
                0x000000000800676e                HAL_PCD_EP_Receive
 .text.HAL_PCD_EP_GetRxCount
                0x0000000008006804       0x30 ./Drivers/STM32F4xx_HAL_Driver/Src/stm32f4xx_hal_pcd.o
                0x0000000008006804                HAL_PCD_EP_GetRxCount
 .text.HAL_PCD_EP_Transmit
                0x0000000008006834       0x94 ./Drivers/STM32F4xx_HAL_Driver/Src/stm32f4xx_hal_pcd.o
                0x0000000008006834                HAL_PCD_EP_Transmit
 .text.HAL_PCD_EP_SetStall
                0x00000000080068c8       0xc8 ./Drivers/STM32F4xx_HAL_Driver/Src/stm32f4xx_hal_pcd.o
                0x00000000080068c8                HAL_PCD_EP_SetStall
 .text.HAL_PCD_EP_ClrStall
                0x0000000008006990       0xac ./Drivers/STM32F4xx_HAL_Driver/Src/stm32f4xx_hal_pcd.o
                0x0000000008006990                HAL_PCD_EP_ClrStall
 .text.HAL_PCD_EP_Abort
                0x0000000008006a3c       0x62 ./Drivers/STM32F4xx_HAL_Driver/Src/stm32f4xx_hal_pcd.o
                0x0000000008006a3c                HAL_PCD_EP_Abort
 .text.PCD_WriteEmptyTxFifo
                0x0000000008006a9e      0x11a ./Drivers/STM32F4xx_HAL_Driver/Src/stm32f4xx_hal_pcd.o
 .text.PCD_EP_OutXfrComplete_int
                0x0000000008006bb8      0x1d0 ./Drivers/STM32F4xx_HAL_Driver/Src/stm32f4xx_hal_pcd.o
 .text.PCD_EP_OutSetupPacket_int
                0x0000000008006d88       0x8c ./Drivers/STM32F4xx_HAL_Driver/Src/stm32f4xx_hal_pcd.o
 .text.HAL_PCDEx_SetTxFiFo
                0x0000000008006e14       0x8e ./Drivers/STM32F4xx_HAL_Driver/Src/stm32f4xx_hal_pcd_ex.o
                0x0000000008006e14                HAL_PCDEx_SetTxFiFo
 .text.HAL_PCDEx_SetRxFiFo
                0x0000000008006ea2       0x22 ./Drivers/STM32F4xx_HAL_Driver/Src/stm32f4xx_hal_pcd_ex.o
                0x0000000008006ea2                HAL_PCDEx_SetRxFiFo
 .text.HAL_PCDEx_LPM_Callback
                0x0000000008006ec4       0x18 ./Drivers/STM32F4xx_HAL_Driver/Src/stm32f4xx_hal_pcd_ex.o
                0x0000000008006ec4                HAL_PCDEx_LPM_Callback
 .text.HAL_RCC_OscConfig
                0x0000000008006edc      0x4f0 ./Drivers/STM32F4xx_HAL_Driver/Src/stm32f4xx_hal_rcc.o
                0x0000000008006edc                HAL_RCC_OscConfig
 .text.HAL_RCC_ClockConfig
                0x00000000080073cc      0x1cc ./Drivers/STM32F4xx_HAL_Driver/Src/stm32f4xx_hal_rcc.o
                0x00000000080073cc                HAL_RCC_ClockConfig
 .text.HAL_RCC_GetSysClockFreq
                0x0000000008007598      0x208 ./Drivers/STM32F4xx_HAL_Driver/Src/stm32f4xx_hal_rcc.o
                0x0000000008007598                HAL_RCC_GetSysClockFreq
 .text.HAL_RCC_GetHCLKFreq
                0x00000000080077a0       0x18 ./Drivers/STM32F4xx_HAL_Driver/Src/stm32f4xx_hal_rcc.o
                0x00000000080077a0                HAL_RCC_GetHCLKFreq
 .text.HAL_RCC_GetPCLK1Freq
                0x00000000080077b8       0x28 ./Drivers/STM32F4xx_HAL_Driver/Src/stm32f4xx_hal_rcc.o
                0x00000000080077b8                HAL_RCC_GetPCLK1Freq
 .text.HAL_RCC_GetClockConfig
                0x00000000080077e0       0x64 ./Drivers/STM32F4xx_HAL_Driver/Src/stm32f4xx_hal_rcc.o
                0x00000000080077e0                HAL_RCC_GetClockConfig
 .text.HAL_SPI_Init
                0x0000000008007844      0x112 ./Drivers/STM32F4xx_HAL_Driver/Src/stm32f4xx_hal_spi.o
                0x0000000008007844                HAL_SPI_Init
 .text.HAL_SPI_Transmit
                0x0000000008007956      0x278 ./Drivers/STM32F4xx_HAL_Driver/Src/stm32f4xx_hal_spi.o
                0x0000000008007956                HAL_SPI_Transmit
 .text.HAL_SPI_TransmitReceive
                0x0000000008007bce      0x344 ./Drivers/STM32F4xx_HAL_Driver/Src/stm32f4xx_hal_spi.o
                0x0000000008007bce                HAL_SPI_TransmitReceive
 *fill*         0x0000000008007f12        0x2 
 .text.SPI_WaitFlagStateUntilTimeout
                0x0000000008007f14      0x110 ./Drivers/STM32F4xx_HAL_Driver/Src/stm32f4xx_hal_spi.o
 .text.SPI_EndRxTxTransaction
                0x0000000008008024       0x84 ./Drivers/STM32F4xx_HAL_Driver/Src/stm32f4xx_hal_spi.o
 .text.HAL_TIM_Base_Init
                0x00000000080080a8       0x9e ./Drivers/STM32F4xx_HAL_Driver/Src/stm32f4xx_hal_tim.o
                0x00000000080080a8                HAL_TIM_Base_Init
 *fill*         0x0000000008008146        0x2 
 .text.HAL_TIM_Base_Start
                0x0000000008008148       0xb4 ./Drivers/STM32F4xx_HAL_Driver/Src/stm32f4xx_hal_tim.o
                0x0000000008008148                HAL_TIM_Base_Start
 .text.HAL_TIM_Base_Stop
                0x00000000080081fc       0x4e ./Drivers/STM32F4xx_HAL_Driver/Src/stm32f4xx_hal_tim.o
                0x00000000080081fc                HAL_TIM_Base_Stop
 *fill*         0x000000000800824a        0x2 
 .text.HAL_TIM_Base_Start_IT
                0x000000000800824c       0xc4 ./Drivers/STM32F4xx_HAL_Driver/Src/stm32f4xx_hal_tim.o
                0x000000000800824c                HAL_TIM_Base_Start_IT
 .text.HAL_TIM_PWM_Init
                0x0000000008008310       0x9e ./Drivers/STM32F4xx_HAL_Driver/Src/stm32f4xx_hal_tim.o
                0x0000000008008310                HAL_TIM_PWM_Init
 .text.HAL_TIM_PWM_MspInit
                0x00000000080083ae       0x14 ./Drivers/STM32F4xx_HAL_Driver/Src/stm32f4xx_hal_tim.o
                0x00000000080083ae                HAL_TIM_PWM_MspInit
 *fill*         0x00000000080083c2        0x2 
 .text.HAL_TIM_PWM_Start
                0x00000000080083c4      0x160 ./Drivers/STM32F4xx_HAL_Driver/Src/stm32f4xx_hal_tim.o
                0x00000000080083c4                HAL_TIM_PWM_Start
 .text.HAL_TIM_PWM_Stop
                0x0000000008008524       0xc8 ./Drivers/STM32F4xx_HAL_Driver/Src/stm32f4xx_hal_tim.o
                0x0000000008008524                HAL_TIM_PWM_Stop
 .text.HAL_TIM_IRQHandler
                0x00000000080085ec      0x210 ./Drivers/STM32F4xx_HAL_Driver/Src/stm32f4xx_hal_tim.o
                0x00000000080085ec                HAL_TIM_IRQHandler
 .text.HAL_TIM_PWM_ConfigChannel
                0x00000000080087fc      0x184 ./Drivers/STM32F4xx_HAL_Driver/Src/stm32f4xx_hal_tim.o
                0x00000000080087fc                HAL_TIM_PWM_ConfigChannel
 .text.HAL_TIM_ConfigClockSource
                0x0000000008008980      0x18e ./Drivers/STM32F4xx_HAL_Driver/Src/stm32f4xx_hal_tim.o
                0x0000000008008980                HAL_TIM_ConfigClockSource
 .text.HAL_TIM_OC_DelayElapsedCallback
                0x0000000008008b0e       0x14 ./Drivers/STM32F4xx_HAL_Driver/Src/stm32f4xx_hal_tim.o
                0x0000000008008b0e                HAL_TIM_OC_DelayElapsedCallback
 .text.HAL_TIM_IC_CaptureCallback
                0x0000000008008b22       0x14 ./Drivers/STM32F4xx_HAL_Driver/Src/stm32f4xx_hal_tim.o
                0x0000000008008b22                HAL_TIM_IC_CaptureCallback
 .text.HAL_TIM_PWM_PulseFinishedCallback
                0x0000000008008b36       0x14 ./Drivers/STM32F4xx_HAL_Driver/Src/stm32f4xx_hal_tim.o
                0x0000000008008b36                HAL_TIM_PWM_PulseFinishedCallback
 .text.HAL_TIM_TriggerCallback
                0x0000000008008b4a       0x14 ./Drivers/STM32F4xx_HAL_Driver/Src/stm32f4xx_hal_tim.o
                0x0000000008008b4a                HAL_TIM_TriggerCallback
 *fill*         0x0000000008008b5e        0x2 
 .text.TIM_Base_SetConfig
                0x0000000008008b60      0x100 ./Drivers/STM32F4xx_HAL_Driver/Src/stm32f4xx_hal_tim.o
                0x0000000008008b60                TIM_Base_SetConfig
 .text.TIM_OC1_SetConfig
                0x0000000008008c60       0xcc ./Drivers/STM32F4xx_HAL_Driver/Src/stm32f4xx_hal_tim.o
 .text.TIM_OC2_SetConfig
                0x0000000008008d2c       0xd8 ./Drivers/STM32F4xx_HAL_Driver/Src/stm32f4xx_hal_tim.o
                0x0000000008008d2c                TIM_OC2_SetConfig
 .text.TIM_OC3_SetConfig
                0x0000000008008e04       0xd4 ./Drivers/STM32F4xx_HAL_Driver/Src/stm32f4xx_hal_tim.o
 .text.TIM_OC4_SetConfig
                0x0000000008008ed8       0xa0 ./Drivers/STM32F4xx_HAL_Driver/Src/stm32f4xx_hal_tim.o
 .text.TIM_TI1_ConfigInputStage
                0x0000000008008f78       0x5e ./Drivers/STM32F4xx_HAL_Driver/Src/stm32f4xx_hal_tim.o
 .text.TIM_TI2_ConfigInputStage
                0x0000000008008fd6       0x60 ./Drivers/STM32F4xx_HAL_Driver/Src/stm32f4xx_hal_tim.o
 .text.TIM_ITRx_SetConfig
                0x0000000008009036       0x36 ./Drivers/STM32F4xx_HAL_Driver/Src/stm32f4xx_hal_tim.o
 .text.TIM_ETR_SetConfig
                0x000000000800906c       0x40 ./Drivers/STM32F4xx_HAL_Driver/Src/stm32f4xx_hal_tim.o
                0x000000000800906c                TIM_ETR_SetConfig
 .text.TIM_CCxChannelCmd
                0x00000000080090ac       0x4a ./Drivers/STM32F4xx_HAL_Driver/Src/stm32f4xx_hal_tim.o
                0x00000000080090ac                TIM_CCxChannelCmd
 *fill*         0x00000000080090f6        0x2 
 .text.HAL_TIMEx_MasterConfigSynchronization
                0x00000000080090f8       0xdc ./Drivers/STM32F4xx_HAL_Driver/Src/stm32f4xx_hal_tim_ex.o
                0x00000000080090f8                HAL_TIMEx_MasterConfigSynchronization
 .text.HAL_TIMEx_CommutCallback
                0x00000000080091d4       0x14 ./Drivers/STM32F4xx_HAL_Driver/Src/stm32f4xx_hal_tim_ex.o
                0x00000000080091d4                HAL_TIMEx_CommutCallback
 .text.HAL_TIMEx_BreakCallback
                0x00000000080091e8       0x14 ./Drivers/STM32F4xx_HAL_Driver/Src/stm32f4xx_hal_tim_ex.o
                0x00000000080091e8                HAL_TIMEx_BreakCallback
 .text.USB_CoreInit
                0x00000000080091fc       0xc2 ./Drivers/STM32F4xx_HAL_Driver/Src/stm32f4xx_ll_usb.o
                0x00000000080091fc                USB_CoreInit
 *fill*         0x00000000080092be        0x2 
 .text.USB_SetTurnaroundTime
                0x00000000080092c0      0x144 ./Drivers/STM32F4xx_HAL_Driver/Src/stm32f4xx_ll_usb.o
                0x00000000080092c0                USB_SetTurnaroundTime
 .text.USB_EnableGlobalInt
                0x0000000008009404       0x22 ./Drivers/STM32F4xx_HAL_Driver/Src/stm32f4xx_ll_usb.o
                0x0000000008009404                USB_EnableGlobalInt
 .text.USB_DisableGlobalInt
                0x0000000008009426       0x22 ./Drivers/STM32F4xx_HAL_Driver/Src/stm32f4xx_ll_usb.o
                0x0000000008009426                USB_DisableGlobalInt
 .text.USB_SetCurrentMode
                0x0000000008009448       0x98 ./Drivers/STM32F4xx_HAL_Driver/Src/stm32f4xx_ll_usb.o
                0x0000000008009448                USB_SetCurrentMode
 .text.USB_DevInit
                0x00000000080094e0      0x2c8 ./Drivers/STM32F4xx_HAL_Driver/Src/stm32f4xx_ll_usb.o
                0x00000000080094e0                USB_DevInit
 .text.USB_FlushTxFifo
                0x00000000080097a8       0x68 ./Drivers/STM32F4xx_HAL_Driver/Src/stm32f4xx_ll_usb.o
                0x00000000080097a8                USB_FlushTxFifo
 .text.USB_FlushRxFifo
                0x0000000008009810       0x60 ./Drivers/STM32F4xx_HAL_Driver/Src/stm32f4xx_ll_usb.o
                0x0000000008009810                USB_FlushRxFifo
 .text.USB_SetDevSpeed
                0x0000000008009870       0x32 ./Drivers/STM32F4xx_HAL_Driver/Src/stm32f4xx_ll_usb.o
                0x0000000008009870                USB_SetDevSpeed
 .text.USB_GetDevSpeed
                0x00000000080098a2       0x4a ./Drivers/STM32F4xx_HAL_Driver/Src/stm32f4xx_ll_usb.o
                0x00000000080098a2                USB_GetDevSpeed
 .text.USB_ActivateEndpoint
                0x00000000080098ec      0x10e ./Drivers/STM32F4xx_HAL_Driver/Src/stm32f4xx_ll_usb.o
                0x00000000080098ec                USB_ActivateEndpoint
 *fill*         0x00000000080099fa        0x2 
 .text.USB_DeactivateEndpoint
                0x00000000080099fc      0x1b8 ./Drivers/STM32F4xx_HAL_Driver/Src/stm32f4xx_ll_usb.o
                0x00000000080099fc                USB_DeactivateEndpoint
 .text.USB_EPStartXfer
                0x0000000008009bb4      0x490 ./Drivers/STM32F4xx_HAL_Driver/Src/stm32f4xx_ll_usb.o
                0x0000000008009bb4                USB_EPStartXfer
 .text.USB_EP0StartXfer
                0x000000000800a044      0x2b0 ./Drivers/STM32F4xx_HAL_Driver/Src/stm32f4xx_ll_usb.o
                0x000000000800a044                USB_EP0StartXfer
 .text.USB_EPStopXfer
                0x000000000800a2f4      0x154 ./Drivers/STM32F4xx_HAL_Driver/Src/stm32f4xx_ll_usb.o
                0x000000000800a2f4                USB_EPStopXfer
 .text.USB_WritePacket
                0x000000000800a448       0x7c ./Drivers/STM32F4xx_HAL_Driver/Src/stm32f4xx_ll_usb.o
                0x000000000800a448                USB_WritePacket
 .text.USB_ReadPacket
                0x000000000800a4c4       0xb0 ./Drivers/STM32F4xx_HAL_Driver/Src/stm32f4xx_ll_usb.o
                0x000000000800a4c4                USB_ReadPacket
 .text.USB_EPSetStall
                0x000000000800a574       0xdc ./Drivers/STM32F4xx_HAL_Driver/Src/stm32f4xx_ll_usb.o
                0x000000000800a574                USB_EPSetStall
 .text.USB_EPClearStall
                0x000000000800a650       0xcc ./Drivers/STM32F4xx_HAL_Driver/Src/stm32f4xx_ll_usb.o
                0x000000000800a650                USB_EPClearStall
 .text.USB_SetDevAddress
                0x000000000800a71c       0x4c ./Drivers/STM32F4xx_HAL_Driver/Src/stm32f4xx_ll_usb.o
                0x000000000800a71c                USB_SetDevAddress
 .text.USB_DevConnect
                0x000000000800a768       0x42 ./Drivers/STM32F4xx_HAL_Driver/Src/stm32f4xx_ll_usb.o
                0x000000000800a768                USB_DevConnect
 .text.USB_DevDisconnect
                0x000000000800a7aa       0x42 ./Drivers/STM32F4xx_HAL_Driver/Src/stm32f4xx_ll_usb.o
                0x000000000800a7aa                USB_DevDisconnect
 .text.USB_ReadInterrupts
                0x000000000800a7ec       0x26 ./Drivers/STM32F4xx_HAL_Driver/Src/stm32f4xx_ll_usb.o
                0x000000000800a7ec                USB_ReadInterrupts
 .text.USB_ReadDevAllOutEpInterrupt
                0x000000000800a812       0x34 ./Drivers/STM32F4xx_HAL_Driver/Src/stm32f4xx_ll_usb.o
                0x000000000800a812                USB_ReadDevAllOutEpInterrupt
 .text.USB_ReadDevAllInEpInterrupt
                0x000000000800a846       0x34 ./Drivers/STM32F4xx_HAL_Driver/Src/stm32f4xx_ll_usb.o
                0x000000000800a846                USB_ReadDevAllInEpInterrupt
 .text.USB_ReadDevOutEPInterrupt
                0x000000000800a87a       0x3c ./Drivers/STM32F4xx_HAL_Driver/Src/stm32f4xx_ll_usb.o
                0x000000000800a87a                USB_ReadDevOutEPInterrupt
 .text.USB_ReadDevInEPInterrupt
                0x000000000800a8b6       0x5c ./Drivers/STM32F4xx_HAL_Driver/Src/stm32f4xx_ll_usb.o
                0x000000000800a8b6                USB_ReadDevInEPInterrupt
 .text.USB_GetMode
                0x000000000800a912       0x1c ./Drivers/STM32F4xx_HAL_Driver/Src/stm32f4xx_ll_usb.o
                0x000000000800a912                USB_GetMode
 .text.USB_ActivateSetup
                0x000000000800a92e       0x46 ./Drivers/STM32F4xx_HAL_Driver/Src/stm32f4xx_ll_usb.o
                0x000000000800a92e                USB_ActivateSetup
 .text.USB_EP0_OutStart
                0x000000000800a974       0xbc ./Drivers/STM32F4xx_HAL_Driver/Src/stm32f4xx_ll_usb.o
                0x000000000800a974                USB_EP0_OutStart
 .text.USB_CoreReset
                0x000000000800aa30       0x68 ./Drivers/STM32F4xx_HAL_Driver/Src/stm32f4xx_ll_usb.o
 .text.USBD_CDC_Init
                0x000000000800aa98      0x1f0 ./Middlewares/ST/STM32_USB_Device_Library/Class/CDC/Src/usbd_cdc.o
 .text.USBD_CDC_DeInit
                0x000000000800ac88      0x104 ./Middlewares/ST/STM32_USB_Device_Library/Class/CDC/Src/usbd_cdc.o
 .text.USBD_CDC_Setup
                0x000000000800ad8c      0x1b8 ./Middlewares/ST/STM32_USB_Device_Library/Class/CDC/Src/usbd_cdc.o
 .text.USBD_CDC_DataIn
                0x000000000800af44       0xfe ./Middlewares/ST/STM32_USB_Device_Library/Class/CDC/Src/usbd_cdc.o
 .text.USBD_CDC_DataOut
                0x000000000800b042       0x70 ./Middlewares/ST/STM32_USB_Device_Library/Class/CDC/Src/usbd_cdc.o
 .text.USBD_CDC_EP0_RxReady
                0x000000000800b0b2       0x76 ./Middlewares/ST/STM32_USB_Device_Library/Class/CDC/Src/usbd_cdc.o
 .text.USBD_CDC_GetFSCfgDesc
                0x000000000800b128       0x70 ./Middlewares/ST/STM32_USB_Device_Library/Class/CDC/Src/usbd_cdc.o
 .text.USBD_CDC_GetHSCfgDesc
                0x000000000800b198       0x70 ./Middlewares/ST/STM32_USB_Device_Library/Class/CDC/Src/usbd_cdc.o
 .text.USBD_CDC_GetOtherSpeedCfgDesc
                0x000000000800b208       0x70 ./Middlewares/ST/STM32_USB_Device_Library/Class/CDC/Src/usbd_cdc.o
 .text.USBD_CDC_GetDeviceQualifierDescriptor
                0x000000000800b278       0x20 ./Middlewares/ST/STM32_USB_Device_Library/Class/CDC/Src/usbd_cdc.o
                0x000000000800b278                USBD_CDC_GetDeviceQualifierDescriptor
 .text.USBD_CDC_RegisterInterface
                0x000000000800b298       0x34 ./Middlewares/ST/STM32_USB_Device_Library/Class/CDC/Src/usbd_cdc.o
                0x000000000800b298                USBD_CDC_RegisterInterface
 .text.USBD_CDC_SetTxBuffer
                0x000000000800b2cc       0x44 ./Middlewares/ST/STM32_USB_Device_Library/Class/CDC/Src/usbd_cdc.o
                0x000000000800b2cc                USBD_CDC_SetTxBuffer
 .text.USBD_CDC_SetRxBuffer
                0x000000000800b310       0x3a ./Middlewares/ST/STM32_USB_Device_Library/Class/CDC/Src/usbd_cdc.o
                0x000000000800b310                USBD_CDC_SetRxBuffer
 *fill*         0x000000000800b34a        0x2 
 .text.USBD_CDC_TransmitPacket
                0x000000000800b34c       0x8c ./Middlewares/ST/STM32_USB_Device_Library/Class/CDC/Src/usbd_cdc.o
                0x000000000800b34c                USBD_CDC_TransmitPacket
 .text.USBD_CDC_ReceivePacket
                0x000000000800b3d8       0x6c ./Middlewares/ST/STM32_USB_Device_Library/Class/CDC/Src/usbd_cdc.o
                0x000000000800b3d8                USBD_CDC_ReceivePacket
 .text.USBD_Init
                0x000000000800b444       0x60 ./Middlewares/ST/STM32_USB_Device_Library/Core/Src/usbd_core.o
                0x000000000800b444                USBD_Init
 .text.USBD_RegisterClass
                0x000000000800b4a4       0x6c ./Middlewares/ST/STM32_USB_Device_Library/Core/Src/usbd_core.o
                0x000000000800b4a4                USBD_RegisterClass
 .text.USBD_Start
                0x000000000800b510       0x18 ./Middlewares/ST/STM32_USB_Device_Library/Core/Src/usbd_core.o
                0x000000000800b510                USBD_Start
 .text.USBD_RunTestMode
                0x000000000800b528       0x16 ./Middlewares/ST/STM32_USB_Device_Library/Core/Src/usbd_core.o
                0x000000000800b528                USBD_RunTestMode
 .text.USBD_SetClassConfig
                0x000000000800b53e       0x38 ./Middlewares/ST/STM32_USB_Device_Library/Core/Src/usbd_core.o
                0x000000000800b53e                USBD_SetClassConfig
 .text.USBD_ClrClassConfig
                0x000000000800b576       0x34 ./Middlewares/ST/STM32_USB_Device_Library/Core/Src/usbd_core.o
                0x000000000800b576                USBD_ClrClassConfig
 .text.USBD_LL_SetupStage
                0x000000000800b5aa       0xaa ./Middlewares/ST/STM32_USB_Device_Library/Core/Src/usbd_core.o
                0x000000000800b5aa                USBD_LL_SetupStage
 .text.USBD_LL_DataOutStage
                0x000000000800b654      0x166 ./Middlewares/ST/STM32_USB_Device_Library/Core/Src/usbd_core.o
                0x000000000800b654                USBD_LL_DataOutStage
 .text.USBD_LL_DataInStage
                0x000000000800b7ba      0x164 ./Middlewares/ST/STM32_USB_Device_Library/Core/Src/usbd_core.o
                0x000000000800b7ba                USBD_LL_DataInStage
 .text.USBD_LL_Reset
                0x000000000800b91e       0xa4 ./Middlewares/ST/STM32_USB_Device_Library/Core/Src/usbd_core.o
                0x000000000800b91e                USBD_LL_Reset
 .text.USBD_LL_SetSpeed
                0x000000000800b9c2       0x20 ./Middlewares/ST/STM32_USB_Device_Library/Core/Src/usbd_core.o
                0x000000000800b9c2                USBD_LL_SetSpeed
 .text.USBD_LL_Suspend
                0x000000000800b9e2       0x2c ./Middlewares/ST/STM32_USB_Device_Library/Core/Src/usbd_core.o
                0x000000000800b9e2                USBD_LL_Suspend
 .text.USBD_LL_Resume
                0x000000000800ba0e       0x30 ./Middlewares/ST/STM32_USB_Device_Library/Core/Src/usbd_core.o
                0x000000000800ba0e                USBD_LL_Resume
 .text.USBD_LL_SOF
                0x000000000800ba3e       0x40 ./Middlewares/ST/STM32_USB_Device_Library/Core/Src/usbd_core.o
                0x000000000800ba3e                USBD_LL_SOF
 .text.USBD_LL_IsoINIncomplete
                0x000000000800ba7e       0x64 ./Middlewares/ST/STM32_USB_Device_Library/Core/Src/usbd_core.o
                0x000000000800ba7e                USBD_LL_IsoINIncomplete
 .text.USBD_LL_IsoOUTIncomplete
                0x000000000800bae2       0x64 ./Middlewares/ST/STM32_USB_Device_Library/Core/Src/usbd_core.o
                0x000000000800bae2                USBD_LL_IsoOUTIncomplete
 .text.USBD_LL_DevConnected
                0x000000000800bb46       0x16 ./Middlewares/ST/STM32_USB_Device_Library/Core/Src/usbd_core.o
                0x000000000800bb46                USBD_LL_DevConnected
 .text.USBD_LL_DevDisconnected
                0x000000000800bb5c       0x46 ./Middlewares/ST/STM32_USB_Device_Library/Core/Src/usbd_core.o
                0x000000000800bb5c                USBD_LL_DevDisconnected
 .text.USBD_CoreFindIF
                0x000000000800bba2       0x1a ./Middlewares/ST/STM32_USB_Device_Library/Core/Src/usbd_core.o
                0x000000000800bba2                USBD_CoreFindIF
 .text.USBD_CoreFindEP
                0x000000000800bbbc       0x1a ./Middlewares/ST/STM32_USB_Device_Library/Core/Src/usbd_core.o
                0x000000000800bbbc                USBD_CoreFindEP
 .text.USBD_GetEpDesc
                0x000000000800bbd6       0x74 ./Middlewares/ST/STM32_USB_Device_Library/Core/Src/usbd_core.o
                0x000000000800bbd6                USBD_GetEpDesc
 .text.USBD_GetNextDesc
                0x000000000800bc4a       0x3a ./Middlewares/ST/STM32_USB_Device_Library/Core/Src/usbd_core.o
                0x000000000800bc4a                USBD_GetNextDesc
 .text.SWAPBYTE
                0x000000000800bc84       0x3c ./Middlewares/ST/STM32_USB_Device_Library/Core/Src/usbd_ctlreq.o
 .text.USBD_StdDevReq
                0x000000000800bcc0       0xe4 ./Middlewares/ST/STM32_USB_Device_Library/Core/Src/usbd_ctlreq.o
                0x000000000800bcc0                USBD_StdDevReq
 .text.USBD_StdItfReq
                0x000000000800bda4       0xd8 ./Middlewares/ST/STM32_USB_Device_Library/Core/Src/usbd_ctlreq.o
                0x000000000800bda4                USBD_StdItfReq
 .text.USBD_StdEPReq
                0x000000000800be7c      0x33a ./Middlewares/ST/STM32_USB_Device_Library/Core/Src/usbd_ctlreq.o
                0x000000000800be7c                USBD_StdEPReq
 *fill*         0x000000000800c1b6        0x2 
 .text.USBD_GetDescriptor
                0x000000000800c1b8      0x2d4 ./Middlewares/ST/STM32_USB_Device_Library/Core/Src/usbd_ctlreq.o
 .text.USBD_SetAddress
                0x000000000800c48c       0x88 ./Middlewares/ST/STM32_USB_Device_Library/Core/Src/usbd_ctlreq.o
 .text.USBD_SetConfig
                0x000000000800c514      0x154 ./Middlewares/ST/STM32_USB_Device_Library/Core/Src/usbd_ctlreq.o
 .text.USBD_GetConfig
                0x000000000800c668       0x6c ./Middlewares/ST/STM32_USB_Device_Library/Core/Src/usbd_ctlreq.o
 .text.USBD_GetStatus
                0x000000000800c6d4       0x68 ./Middlewares/ST/STM32_USB_Device_Library/Core/Src/usbd_ctlreq.o
 .text.USBD_SetFeature
                0x000000000800c73c       0x52 ./Middlewares/ST/STM32_USB_Device_Library/Core/Src/usbd_ctlreq.o
 .text.USBD_ClrFeature
                0x000000000800c78e       0x44 ./Middlewares/ST/STM32_USB_Device_Library/Core/Src/usbd_ctlreq.o
 .text.USBD_ParseSetupRequest
                0x000000000800c7d2       0x74 ./Middlewares/ST/STM32_USB_Device_Library/Core/Src/usbd_ctlreq.o
                0x000000000800c7d2                USBD_ParseSetupRequest
 .text.USBD_CtlError
                0x000000000800c846       0x22 ./Middlewares/ST/STM32_USB_Device_Library/Core/Src/usbd_ctlreq.o
                0x000000000800c846                USBD_CtlError
 .text.USBD_GetString
                0x000000000800c868       0x8c ./Middlewares/ST/STM32_USB_Device_Library/Core/Src/usbd_ctlreq.o
                0x000000000800c868                USBD_GetString
 .text.USBD_GetLen
                0x000000000800c8f4       0x34 ./Middlewares/ST/STM32_USB_Device_Library/Core/Src/usbd_ctlreq.o
 .text.USBD_CtlSendData
                0x000000000800c928       0x36 ./Middlewares/ST/STM32_USB_Device_Library/Core/Src/usbd_ioreq.o
                0x000000000800c928                USBD_CtlSendData
 .text.USBD_CtlContinueSendData
                0x000000000800c95e       0x22 ./Middlewares/ST/STM32_USB_Device_Library/Core/Src/usbd_ioreq.o
                0x000000000800c95e                USBD_CtlContinueSendData
 .text.USBD_CtlPrepareRx
                0x000000000800c980       0x3a ./Middlewares/ST/STM32_USB_Device_Library/Core/Src/usbd_ioreq.o
                0x000000000800c980                USBD_CtlPrepareRx
 .text.USBD_CtlContinueRx
                0x000000000800c9ba       0x22 ./Middlewares/ST/STM32_USB_Device_Library/Core/Src/usbd_ioreq.o
                0x000000000800c9ba                USBD_CtlContinueRx
 .text.USBD_CtlSendStatus
                0x000000000800c9dc       0x26 ./Middlewares/ST/STM32_USB_Device_Library/Core/Src/usbd_ioreq.o
                0x000000000800c9dc                USBD_CtlSendStatus
 .text.USBD_CtlReceiveStatus
                0x000000000800ca02       0x26 ./Middlewares/ST/STM32_USB_Device_Library/Core/Src/usbd_ioreq.o
                0x000000000800ca02                USBD_CtlReceiveStatus
 .text.__NVIC_SetPriority
                0x000000000800ca28       0x54 ./Middlewares/Third_Party/FreeRTOS/Source/CMSIS_RTOS_V2/cmsis_os2.o
 .text.SysTick_Handler
                0x000000000800ca7c       0x20 ./Middlewares/Third_Party/FreeRTOS/Source/CMSIS_RTOS_V2/cmsis_os2.o
                0x000000000800ca7c                SysTick_Handler
 .text.SVC_Setup
                0x000000000800ca9c       0x12 ./Middlewares/Third_Party/FreeRTOS/Source/CMSIS_RTOS_V2/cmsis_os2.o
 *fill*         0x000000000800caae        0x2 
 .text.osKernelInitialize
                0x000000000800cab0       0x48 ./Middlewares/Third_Party/FreeRTOS/Source/CMSIS_RTOS_V2/cmsis_os2.o
                0x000000000800cab0                osKernelInitialize
 .text.osKernelStart
                0x000000000800caf8       0x4c ./Middlewares/Third_Party/FreeRTOS/Source/CMSIS_RTOS_V2/cmsis_os2.o
                0x000000000800caf8                osKernelStart
 .text.osThreadNew
                0x000000000800cb44      0x126 ./Middlewares/Third_Party/FreeRTOS/Source/CMSIS_RTOS_V2/cmsis_os2.o
                0x000000000800cb44                osThreadNew
 .text.osDelay  0x000000000800cc6a       0x36 ./Middlewares/Third_Party/FreeRTOS/Source/CMSIS_RTOS_V2/cmsis_os2.o
                0x000000000800cc6a                osDelay
 .text.osMessageQueueNew
                0x000000000800cca0       0xe6 ./Middlewares/Third_Party/FreeRTOS/Source/CMSIS_RTOS_V2/cmsis_os2.o
                0x000000000800cca0                osMessageQueueNew
 *fill*         0x000000000800cd86        0x2 
 .text.vApplicationGetIdleTaskMemory
                0x000000000800cd88       0x34 ./Middlewares/Third_Party/FreeRTOS/Source/CMSIS_RTOS_V2/cmsis_os2.o
                0x000000000800cd88                vApplicationGetIdleTaskMemory
 .text.vApplicationGetTimerTaskMemory
                0x000000000800cdbc       0x34 ./Middlewares/Third_Party/FreeRTOS/Source/CMSIS_RTOS_V2/cmsis_os2.o
                0x000000000800cdbc                vApplicationGetTimerTaskMemory
 .text.vListInitialise
                0x000000000800cdf0       0x40 ./Middlewares/Third_Party/FreeRTOS/Source/list.o
                0x000000000800cdf0                vListInitialise
 .text.vListInitialiseItem
                0x000000000800ce30       0x1a ./Middlewares/Third_Party/FreeRTOS/Source/list.o
                0x000000000800ce30                vListInitialiseItem
 .text.vListInsertEnd
                0x000000000800ce4a       0x48 ./Middlewares/Third_Party/FreeRTOS/Source/list.o
                0x000000000800ce4a                vListInsertEnd
 .text.vListInsert
                0x000000000800ce92       0x72 ./Middlewares/Third_Party/FreeRTOS/Source/list.o
                0x000000000800ce92                vListInsert
 .text.uxListRemove
                0x000000000800cf04       0x54 ./Middlewares/Third_Party/FreeRTOS/Source/list.o
                0x000000000800cf04                uxListRemove
 .text.xQueueGenericReset
                0x000000000800cf58       0xd0 ./Middlewares/Third_Party/FreeRTOS/Source/queue.o
                0x000000000800cf58                xQueueGenericReset
 .text.xQueueGenericCreateStatic
                0x000000000800d028       0xf0 ./Middlewares/Third_Party/FreeRTOS/Source/queue.o
                0x000000000800d028                xQueueGenericCreateStatic
 .text.xQueueGenericCreate
                0x000000000800d118       0x74 ./Middlewares/Third_Party/FreeRTOS/Source/queue.o
                0x000000000800d118                xQueueGenericCreate
 .text.prvInitialiseNewQueue
                0x000000000800d18c       0x46 ./Middlewares/Third_Party/FreeRTOS/Source/queue.o
 *fill*         0x000000000800d1d2        0x2 
 .text.xQueueGenericSend
                0x000000000800d1d4      0x1fc ./Middlewares/Third_Party/FreeRTOS/Source/queue.o
                0x000000000800d1d4                xQueueGenericSend
 .text.xQueueGenericSendFromISR
                0x000000000800d3d0      0x136 ./Middlewares/Third_Party/FreeRTOS/Source/queue.o
                0x000000000800d3d0                xQueueGenericSendFromISR
 *fill*         0x000000000800d506        0x2 
 .text.xQueueReceive
                0x000000000800d508      0x1c0 ./Middlewares/Third_Party/FreeRTOS/Source/queue.o
                0x000000000800d508                xQueueReceive
 .text.prvCopyDataToQueue
                0x000000000800d6c8       0xd4 ./Middlewares/Third_Party/FreeRTOS/Source/queue.o
 .text.prvCopyDataFromQueue
                0x000000000800d79c       0x4c ./Middlewares/Third_Party/FreeRTOS/Source/queue.o
 .text.prvUnlockQueue
                0x000000000800d7e8       0xa4 ./Middlewares/Third_Party/FreeRTOS/Source/queue.o
 .text.prvIsQueueEmpty
                0x000000000800d88c       0x2c ./Middlewares/Third_Party/FreeRTOS/Source/queue.o
 .text.prvIsQueueFull
                0x000000000800d8b8       0x30 ./Middlewares/Third_Party/FreeRTOS/Source/queue.o
 .text.vQueueAddToRegistry
                0x000000000800d8e8       0x54 ./Middlewares/Third_Party/FreeRTOS/Source/queue.o
                0x000000000800d8e8                vQueueAddToRegistry
 .text.vQueueWaitForMessageRestricted
                0x000000000800d93c       0x68 ./Middlewares/Third_Party/FreeRTOS/Source/queue.o
                0x000000000800d93c                vQueueWaitForMessageRestricted
 .text.xTaskCreateStatic
                0x000000000800d9a4       0xba ./Middlewares/Third_Party/FreeRTOS/Source/tasks.o
                0x000000000800d9a4                xTaskCreateStatic
 .text.xTaskCreate
                0x000000000800da5e       0x8a ./Middlewares/Third_Party/FreeRTOS/Source/tasks.o
                0x000000000800da5e                xTaskCreate
 .text.prvInitialiseNewTask
                0x000000000800dae8      0x11e ./Middlewares/Third_Party/FreeRTOS/Source/tasks.o
 *fill*         0x000000000800dc06        0x2 
 .text.prvAddNewTaskToReadyList
                0x000000000800dc08       0xe0 ./Middlewares/Third_Party/FreeRTOS/Source/tasks.o
 .text.vTaskDelay
                0x000000000800dce8       0x68 ./Middlewares/Third_Party/FreeRTOS/Source/tasks.o
                0x000000000800dce8                vTaskDelay
 .text.vTaskSuspend
                0x000000000800dd50       0xec ./Middlewares/Third_Party/FreeRTOS/Source/tasks.o
                0x000000000800dd50                vTaskSuspend
 .text.prvTaskIsTaskSuspended
                0x000000000800de3c       0x64 ./Middlewares/Third_Party/FreeRTOS/Source/tasks.o
 .text.vTaskResume
                0x000000000800dea0       0xbc ./Middlewares/Third_Party/FreeRTOS/Source/tasks.o
                0x000000000800dea0                vTaskResume
 .text.vTaskStartScheduler
                0x000000000800df5c       0xcc ./Middlewares/Third_Party/FreeRTOS/Source/tasks.o
                0x000000000800df5c                vTaskStartScheduler
 .text.vTaskSuspendAll
                0x000000000800e028       0x1c ./Middlewares/Third_Party/FreeRTOS/Source/tasks.o
                0x000000000800e028                vTaskSuspendAll
 .text.xTaskResumeAll
                0x000000000800e044      0x13c ./Middlewares/Third_Party/FreeRTOS/Source/tasks.o
                0x000000000800e044                xTaskResumeAll
 .text.xTaskGetTickCount
                0x000000000800e180       0x20 ./Middlewares/Third_Party/FreeRTOS/Source/tasks.o
                0x000000000800e180                xTaskGetTickCount
 .text.xTaskIncrementTick
                0x000000000800e1a0      0x174 ./Middlewares/Third_Party/FreeRTOS/Source/tasks.o
                0x000000000800e1a0                xTaskIncrementTick
 .text.vTaskSwitchContext
                0x000000000800e314       0xbc ./Middlewares/Third_Party/FreeRTOS/Source/tasks.o
                0x000000000800e314                vTaskSwitchContext
 .text.vTaskPlaceOnEventList
                0x000000000800e3d0       0x48 ./Middlewares/Third_Party/FreeRTOS/Source/tasks.o
                0x000000000800e3d0                vTaskPlaceOnEventList
 .text.vTaskPlaceOnEventListRestricted
                0x000000000800e418       0x58 ./Middlewares/Third_Party/FreeRTOS/Source/tasks.o
                0x000000000800e418                vTaskPlaceOnEventListRestricted
 .text.xTaskRemoveFromEventList
                0x000000000800e470       0xc8 ./Middlewares/Third_Party/FreeRTOS/Source/tasks.o
                0x000000000800e470                xTaskRemoveFromEventList
 .text.vTaskInternalSetTimeOutState
                0x000000000800e538       0x2c ./Middlewares/Third_Party/FreeRTOS/Source/tasks.o
                0x000000000800e538                vTaskInternalSetTimeOutState
 .text.xTaskCheckForTimeOut
                0x000000000800e564       0xc4 ./Middlewares/Third_Party/FreeRTOS/Source/tasks.o
                0x000000000800e564                xTaskCheckForTimeOut
 .text.vTaskMissedYield
                0x000000000800e628       0x18 ./Middlewares/Third_Party/FreeRTOS/Source/tasks.o
                0x000000000800e628                vTaskMissedYield
 .text.prvIdleTask
                0x000000000800e640       0x30 ./Middlewares/Third_Party/FreeRTOS/Source/tasks.o
 .text.prvInitialiseTaskLists
                0x000000000800e670       0x80 ./Middlewares/Third_Party/FreeRTOS/Source/tasks.o
 .text.prvCheckTasksWaitingTermination
                0x000000000800e6f0       0x5c ./Middlewares/Third_Party/FreeRTOS/Source/tasks.o
 .text.prvDeleteTCB
                0x000000000800e74c       0x5e ./Middlewares/Third_Party/FreeRTOS/Source/tasks.o
 *fill*         0x000000000800e7aa        0x2 
 .text.prvResetNextTaskUnblockTime
                0x000000000800e7ac       0x40 ./Middlewares/Third_Party/FreeRTOS/Source/tasks.o
 .text.xTaskGetSchedulerState
                0x000000000800e7ec       0x3c ./Middlewares/Third_Party/FreeRTOS/Source/tasks.o
                0x000000000800e7ec                xTaskGetSchedulerState
 .text.xTaskPriorityDisinherit
                0x000000000800e828       0xdc ./Middlewares/Third_Party/FreeRTOS/Source/tasks.o
                0x000000000800e828                xTaskPriorityDisinherit
 .text.prvAddCurrentTaskToDelayedList
                0x000000000800e904       0xa8 ./Middlewares/Third_Party/FreeRTOS/Source/tasks.o
 .text.xTimerCreateTimerTask
                0x000000000800e9ac       0x90 ./Middlewares/Third_Party/FreeRTOS/Source/timers.o
                0x000000000800e9ac                xTimerCreateTimerTask
 .text.xTimerGenericCommand
                0x000000000800ea3c       0x9c ./Middlewares/Third_Party/FreeRTOS/Source/timers.o
                0x000000000800ea3c                xTimerGenericCommand
 .text.prvProcessExpiredTimer
                0x000000000800ead8       0x98 ./Middlewares/Third_Party/FreeRTOS/Source/timers.o
 .text.prvTimerTask
                0x000000000800eb70       0x24 ./Middlewares/Third_Party/FreeRTOS/Source/timers.o
 .text.prvProcessTimerOrBlockTask
                0x000000000800eb94       0x9c ./Middlewares/Third_Party/FreeRTOS/Source/timers.o
 .text.prvGetNextExpireTime
                0x000000000800ec30       0x48 ./Middlewares/Third_Party/FreeRTOS/Source/timers.o
 .text.prvSampleTimeNow
                0x000000000800ec78       0x40 ./Middlewares/Third_Party/FreeRTOS/Source/timers.o
 .text.prvInsertTimerInActiveList
                0x000000000800ecb8       0x84 ./Middlewares/Third_Party/FreeRTOS/Source/timers.o
 .text.prvProcessReceivedCommands
                0x000000000800ed3c      0x1c4 ./Middlewares/Third_Party/FreeRTOS/Source/timers.o
 .text.prvSwitchTimerLists
                0x000000000800ef00       0xc8 ./Middlewares/Third_Party/FreeRTOS/Source/timers.o
 .text.prvCheckForValidListAndQueue
                0x000000000800efc8       0x80 ./Middlewares/Third_Party/FreeRTOS/Source/timers.o
 .text.pxPortInitialiseStack
                0x000000000800f048       0x68 ./Middlewares/Third_Party/FreeRTOS/Source/portable/GCC/ARM_CM4F/port.o
                0x000000000800f048                pxPortInitialiseStack
 .text.prvTaskExitError
                0x000000000800f0b0       0x58 ./Middlewares/Third_Party/FreeRTOS/Source/portable/GCC/ARM_CM4F/port.o
 *fill*         0x000000000800f108        0x8 
 .text.SVC_Handler
                0x000000000800f110       0x28 ./Middlewares/Third_Party/FreeRTOS/Source/portable/GCC/ARM_CM4F/port.o
                0x000000000800f110                SVC_Handler
 .text.prvPortStartFirstTask
                0x000000000800f138       0x28 ./Middlewares/Third_Party/FreeRTOS/Source/portable/GCC/ARM_CM4F/port.o
 .text.xPortStartScheduler
                0x000000000800f160      0x144 ./Middlewares/Third_Party/FreeRTOS/Source/portable/GCC/ARM_CM4F/port.o
                0x000000000800f160                xPortStartScheduler
 .text.vPortEnterCritical
                0x000000000800f2a4       0x60 ./Middlewares/Third_Party/FreeRTOS/Source/portable/GCC/ARM_CM4F/port.o
                0x000000000800f2a4                vPortEnterCritical
 .text.vPortExitCritical
                0x000000000800f304       0x54 ./Middlewares/Third_Party/FreeRTOS/Source/portable/GCC/ARM_CM4F/port.o
                0x000000000800f304                vPortExitCritical
 *fill*         0x000000000800f358        0x8 
 .text.PendSV_Handler
                0x000000000800f360       0x68 ./Middlewares/Third_Party/FreeRTOS/Source/portable/GCC/ARM_CM4F/port.o
                0x000000000800f360                PendSV_Handler
 .text.xPortSysTickHandler
                0x000000000800f3c8       0x44 ./Middlewares/Third_Party/FreeRTOS/Source/portable/GCC/ARM_CM4F/port.o
                0x000000000800f3c8                xPortSysTickHandler
 .text.vPortSetupTimerInterrupt
                0x000000000800f40c       0x48 ./Middlewares/Third_Party/FreeRTOS/Source/portable/GCC/ARM_CM4F/port.o
                0x000000000800f40c                vPortSetupTimerInterrupt
 .text.vPortEnableVFP
                0x000000000800f454       0x14 ./Middlewares/Third_Party/FreeRTOS/Source/portable/GCC/ARM_CM4F/port.o
 .text.vPortValidateInterruptPriority
                0x000000000800f468       0x80 ./Middlewares/Third_Party/FreeRTOS/Source/portable/GCC/ARM_CM4F/port.o
                0x000000000800f468                vPortValidateInterruptPriority
 .text.pvPortMalloc
                0x000000000800f4e8      0x198 ./Middlewares/Third_Party/FreeRTOS/Source/portable/MemMang/heap_4.o
                0x000000000800f4e8                pvPortMalloc
 .text.vPortFree
                0x000000000800f680       0xc4 ./Middlewares/Third_Party/FreeRTOS/Source/portable/MemMang/heap_4.o
                0x000000000800f680                vPortFree
 .text.prvHeapInit
                0x000000000800f744       0xc4 ./Middlewares/Third_Party/FreeRTOS/Source/portable/MemMang/heap_4.o
 .text.prvInsertBlockIntoFreeList
                0x000000000800f808       0xb4 ./Middlewares/Third_Party/FreeRTOS/Source/portable/MemMang/heap_4.o
 .text.MX_USB_DEVICE_Init
                0x000000000800f8bc       0x60 ./USB_DEVICE/App/usb_device.o
                0x000000000800f8bc                MX_USB_DEVICE_Init
 .text.CDC_Init_FS
                0x000000000800f91c       0x28 ./USB_DEVICE/App/usbd_cdc_if.o
 .text.CDC_DeInit_FS
                0x000000000800f944       0x10 ./USB_DEVICE/App/usbd_cdc_if.o
 .text.CDC_Control_FS
                0x000000000800f954       0xbc ./USB_DEVICE/App/usbd_cdc_if.o
 .text.CDC_Receive_FS
                0x000000000800fa10       0x28 ./USB_DEVICE/App/usbd_cdc_if.o
 .text.CDC_Transmit_FS
                0x000000000800fa38       0x4c ./USB_DEVICE/App/usbd_cdc_if.o
                0x000000000800fa38                CDC_Transmit_FS
 .text.CDC_TransmitCplt_FS
                0x000000000800fa84       0x22 ./USB_DEVICE/App/usbd_cdc_if.o
 *fill*         0x000000000800faa6        0x2 
 .text.USBD_FS_DeviceDescriptor
                0x000000000800faa8       0x24 ./USB_DEVICE/App/usbd_desc.o
                0x000000000800faa8                USBD_FS_DeviceDescriptor
 .text.USBD_FS_LangIDStrDescriptor
                0x000000000800facc       0x24 ./USB_DEVICE/App/usbd_desc.o
                0x000000000800facc                USBD_FS_LangIDStrDescriptor
 .text.USBD_FS_ProductStrDescriptor
                0x000000000800faf0       0x3c ./USB_DEVICE/App/usbd_desc.o
                0x000000000800faf0                USBD_FS_ProductStrDescriptor
 .text.USBD_FS_ManufacturerStrDescriptor
                0x000000000800fb2c       0x28 ./USB_DEVICE/App/usbd_desc.o
                0x000000000800fb2c                USBD_FS_ManufacturerStrDescriptor
 .text.USBD_FS_SerialStrDescriptor
                0x000000000800fb54       0x24 ./USB_DEVICE/App/usbd_desc.o
                0x000000000800fb54                USBD_FS_SerialStrDescriptor
 .text.USBD_FS_ConfigStrDescriptor
                0x000000000800fb78       0x3c ./USB_DEVICE/App/usbd_desc.o
                0x000000000800fb78                USBD_FS_ConfigStrDescriptor
 .text.USBD_FS_InterfaceStrDescriptor
                0x000000000800fbb4       0x3c ./USB_DEVICE/App/usbd_desc.o
                0x000000000800fbb4                USBD_FS_InterfaceStrDescriptor
 .text.Get_SerialNum
                0x000000000800fbf0       0x58 ./USB_DEVICE/App/usbd_desc.o
 .text.IntToUnicode
                0x000000000800fc48       0x7e ./USB_DEVICE/App/usbd_desc.o
 *fill*         0x000000000800fcc6        0x2 
 .text.HAL_PCD_MspInit
                0x000000000800fcc8       0xa8 ./USB_DEVICE/Target/usbd_conf.o
                0x000000000800fcc8                HAL_PCD_MspInit
 .text.HAL_PCD_SetupStageCallback
                0x000000000800fd70       0x24 ./USB_DEVICE/Target/usbd_conf.o
                0x000000000800fd70                HAL_PCD_SetupStageCallback
 .text.HAL_PCD_DataOutStageCallback
                0x000000000800fd94       0x36 ./USB_DEVICE/Target/usbd_conf.o
                0x000000000800fd94                HAL_PCD_DataOutStageCallback
 .text.HAL_PCD_DataInStageCallback
                0x000000000800fdca       0x34 ./USB_DEVICE/Target/usbd_conf.o
                0x000000000800fdca                HAL_PCD_DataInStageCallback
 .text.HAL_PCD_SOFCallback
                0x000000000800fdfe       0x1c ./USB_DEVICE/Target/usbd_conf.o
                0x000000000800fdfe                HAL_PCD_SOFCallback
 .text.HAL_PCD_ResetCallback
                0x000000000800fe1a       0x3c ./USB_DEVICE/Target/usbd_conf.o
                0x000000000800fe1a                HAL_PCD_ResetCallback
 *fill*         0x000000000800fe56        0x2 
 .text.HAL_PCD_SuspendCallback
                0x000000000800fe58       0x4c ./USB_DEVICE/Target/usbd_conf.o
                0x000000000800fe58                HAL_PCD_SuspendCallback
 .text.HAL_PCD_ResumeCallback
                0x000000000800fea4       0x1c ./USB_DEVICE/Target/usbd_conf.o
                0x000000000800fea4                HAL_PCD_ResumeCallback
 .text.HAL_PCD_ISOOUTIncompleteCallback
                0x000000000800fec0       0x24 ./USB_DEVICE/Target/usbd_conf.o
                0x000000000800fec0                HAL_PCD_ISOOUTIncompleteCallback
 .text.HAL_PCD_ISOINIncompleteCallback
                0x000000000800fee4       0x24 ./USB_DEVICE/Target/usbd_conf.o
                0x000000000800fee4                HAL_PCD_ISOINIncompleteCallback
 .text.HAL_PCD_ConnectCallback
                0x000000000800ff08       0x1c ./USB_DEVICE/Target/usbd_conf.o
                0x000000000800ff08                HAL_PCD_ConnectCallback
 .text.HAL_PCD_DisconnectCallback
                0x000000000800ff24       0x1c ./USB_DEVICE/Target/usbd_conf.o
                0x000000000800ff24                HAL_PCD_DisconnectCallback
 .text.USBD_LL_Init
                0x000000000800ff40       0x98 ./USB_DEVICE/Target/usbd_conf.o
                0x000000000800ff40                USBD_LL_Init
 .text.USBD_LL_Start
                0x000000000800ffd8       0x36 ./USB_DEVICE/Target/usbd_conf.o
                0x000000000800ffd8                USBD_LL_Start
 .text.USBD_LL_OpenEP
                0x000000000801000e       0x4c ./USB_DEVICE/Target/usbd_conf.o
                0x000000000801000e                USBD_LL_OpenEP
 .text.USBD_LL_CloseEP
                0x000000000801005a       0x3e ./USB_DEVICE/Target/usbd_conf.o
                0x000000000801005a                USBD_LL_CloseEP
 .text.USBD_LL_StallEP
                0x0000000008010098       0x3e ./USB_DEVICE/Target/usbd_conf.o
                0x0000000008010098                USBD_LL_StallEP
 .text.USBD_LL_ClearStallEP
                0x00000000080100d6       0x3e ./USB_DEVICE/Target/usbd_conf.o
                0x00000000080100d6                USBD_LL_ClearStallEP
 .text.USBD_LL_IsStallEP
                0x0000000008010114       0x58 ./USB_DEVICE/Target/usbd_conf.o
                0x0000000008010114                USBD_LL_IsStallEP
 .text.USBD_LL_SetUSBAddress
                0x000000000801016c       0x3e ./USB_DEVICE/Target/usbd_conf.o
                0x000000000801016c                USBD_LL_SetUSBAddress
 .text.USBD_LL_Transmit
                0x00000000080101aa       0x42 ./USB_DEVICE/Target/usbd_conf.o
                0x00000000080101aa                USBD_LL_Transmit
 .text.USBD_LL_PrepareReceive
                0x00000000080101ec       0x42 ./USB_DEVICE/Target/usbd_conf.o
                0x00000000080101ec                USBD_LL_PrepareReceive
 .text.USBD_LL_GetRxDataSize
                0x000000000801022e       0x26 ./USB_DEVICE/Target/usbd_conf.o
                0x000000000801022e                USBD_LL_GetRxDataSize
 .text.USBD_static_malloc
                0x0000000008010254       0x1c ./USB_DEVICE/Target/usbd_conf.o
                0x0000000008010254                USBD_static_malloc
 .text.USBD_static_free
                0x0000000008010270       0x14 ./USB_DEVICE/Target/usbd_conf.o
                0x0000000008010270                USBD_static_free
 .text.USBD_Get_USB_Status
                0x0000000008010284       0x58 ./USB_DEVICE/Target/usbd_conf.o
                0x0000000008010284                USBD_Get_USB_Status
 .text.__errno  0x00000000080102dc        0xc c:/st/stm32cubeide_1.12.1/stm32cubeide/plugins/com.st.stm32cube.ide.mcu.externaltools.gnu-tools-for-stm32.10.3-2021.10.win32_1.0.200.202301161003/tools/bin/../lib/gcc/arm-none-eabi/10.3.1/../../../../arm-none-eabi/lib/thumb/v7e-m+fp/hard\libc_nano.a(lib_a-errno.o)
                0x00000000080102dc                __errno
 .text.__libc_init_array
                0x00000000080102e8       0x48 c:/st/stm32cubeide_1.12.1/stm32cubeide/plugins/com.st.stm32cube.ide.mcu.externaltools.gnu-tools-for-stm32.10.3-2021.10.win32_1.0.200.202301161003/tools/bin/../lib/gcc/arm-none-eabi/10.3.1/../../../../arm-none-eabi/lib/thumb/v7e-m+fp/hard\libc_nano.a(lib_a-init.o)
                0x00000000080102e8                __libc_init_array
 .text.malloc   0x0000000008010330       0x10 c:/st/stm32cubeide_1.12.1/stm32cubeide/plugins/com.st.stm32cube.ide.mcu.externaltools.gnu-tools-for-stm32.10.3-2021.10.win32_1.0.200.202301161003/tools/bin/../lib/gcc/arm-none-eabi/10.3.1/../../../../arm-none-eabi/lib/thumb/v7e-m+fp/hard\libc_nano.a(lib_a-malloc.o)
                0x0000000008010330                malloc
 .text.free     0x0000000008010340       0x10 c:/st/stm32cubeide_1.12.1/stm32cubeide/plugins/com.st.stm32cube.ide.mcu.externaltools.gnu-tools-for-stm32.10.3-2021.10.win32_1.0.200.202301161003/tools/bin/../lib/gcc/arm-none-eabi/10.3.1/../../../../arm-none-eabi/lib/thumb/v7e-m+fp/hard\libc_nano.a(lib_a-malloc.o)
                0x0000000008010340                free
 .text.memcpy   0x0000000008010350       0x1c c:/st/stm32cubeide_1.12.1/stm32cubeide/plugins/com.st.stm32cube.ide.mcu.externaltools.gnu-tools-for-stm32.10.3-2021.10.win32_1.0.200.202301161003/tools/bin/../lib/gcc/arm-none-eabi/10.3.1/../../../../arm-none-eabi/lib/thumb/v7e-m+fp/hard\libc_nano.a(lib_a-memcpy-stub.o)
                0x0000000008010350                memcpy
 .text.memset   0x000000000801036c       0x10 c:/st/stm32cubeide_1.12.1/stm32cubeide/plugins/com.st.stm32cube.ide.mcu.externaltools.gnu-tools-for-stm32.10.3-2021.10.win32_1.0.200.202301161003/tools/bin/../lib/gcc/arm-none-eabi/10.3.1/../../../../arm-none-eabi/lib/thumb/v7e-m+fp/hard\libc_nano.a(lib_a-memset.o)
                0x000000000801036c                memset
 .text._free_r  0x000000000801037c       0x98 c:/st/stm32cubeide_1.12.1/stm32cubeide/plugins/com.st.stm32cube.ide.mcu.externaltools.gnu-tools-for-stm32.10.3-2021.10.win32_1.0.200.202301161003/tools/bin/../lib/gcc/arm-none-eabi/10.3.1/../../../../arm-none-eabi/lib/thumb/v7e-m+fp/hard\libc_nano.a(lib_a-nano-freer.o)
                0x000000000801037c                _free_r
 .text.sbrk_aligned
                0x0000000008010414       0x40 c:/st/stm32cubeide_1.12.1/stm32cubeide/plugins/com.st.stm32cube.ide.mcu.externaltools.gnu-tools-for-stm32.10.3-2021.10.win32_1.0.200.202301161003/tools/bin/../lib/gcc/arm-none-eabi/10.3.1/../../../../arm-none-eabi/lib/thumb/v7e-m+fp/hard\libc_nano.a(lib_a-nano-mallocr.o)
 .text._malloc_r
                0x0000000008010454       0xe8 c:/st/stm32cubeide_1.12.1/stm32cubeide/plugins/com.st.stm32cube.ide.mcu.externaltools.gnu-tools-for-stm32.10.3-2021.10.win32_1.0.200.202301161003/tools/bin/../lib/gcc/arm-none-eabi/10.3.1/../../../../arm-none-eabi/lib/thumb/v7e-m+fp/hard\libc_nano.a(lib_a-nano-mallocr.o)
                0x0000000008010454                _malloc_r
 .text.printf   0x000000000801053c       0x30 c:/st/stm32cubeide_1.12.1/stm32cubeide/plugins/com.st.stm32cube.ide.mcu.externaltools.gnu-tools-for-stm32.10.3-2021.10.win32_1.0.200.202301161003/tools/bin/../lib/gcc/arm-none-eabi/10.3.1/../../../../arm-none-eabi/lib/thumb/v7e-m+fp/hard\libc_nano.a(lib_a-printf.o)
                0x000000000801053c                iprintf
                0x000000000801053c                printf
 .text._puts_r  0x000000000801056c       0xdc c:/st/stm32cubeide_1.12.1/stm32cubeide/plugins/com.st.stm32cube.ide.mcu.externaltools.gnu-tools-for-stm32.10.3-2021.10.win32_1.0.200.202301161003/tools/bin/../lib/gcc/arm-none-eabi/10.3.1/../../../../arm-none-eabi/lib/thumb/v7e-m+fp/hard\libc_nano.a(lib_a-puts.o)
                0x000000000801056c                _puts_r
 .text.puts     0x0000000008010648       0x10 c:/st/stm32cubeide_1.12.1/stm32cubeide/plugins/com.st.stm32cube.ide.mcu.externaltools.gnu-tools-for-stm32.10.3-2021.10.win32_1.0.200.202301161003/tools/bin/../lib/gcc/arm-none-eabi/10.3.1/../../../../arm-none-eabi/lib/thumb/v7e-m+fp/hard\libc_nano.a(lib_a-puts.o)
                0x0000000008010648                puts
 .text.realloc  0x0000000008010658       0x10 c:/st/stm32cubeide_1.12.1/stm32cubeide/plugins/com.st.stm32cube.ide.mcu.externaltools.gnu-tools-for-stm32.10.3-2021.10.win32_1.0.200.202301161003/tools/bin/../lib/gcc/arm-none-eabi/10.3.1/../../../../arm-none-eabi/lib/thumb/v7e-m+fp/hard\libc_nano.a(lib_a-realloc.o)
                0x0000000008010658                realloc