15:10:24 **** Incremental Build of configuration Debug for project Ruthless RFID ****
make -j8 all 
arm-none-eabi-gcc "../Core/Src/main.c" -mcpu=cortex-m4 -std=gnu11 -g3 -DDEBUG -DUSE_HAL_DRIVER -DSTM32F401xC -c -I../Core/Inc -I../USB_DEVICE/App -I../USB_DEVICE/Target -I../Drivers/STM32F4xx_HAL_Driver/Inc -I../Drivers/STM32F4xx_HAL_Driver/Inc/Legacy -I../Middlewares/Third_Party/FreeRTOS/Source/include -I../Middlewares/Third_Party/FreeRTOS/Source/CMSIS_RTOS_V2 -I../Middlewares/Third_Party/FreeRTOS/Source/portable/GCC/ARM_CM4F -I../Middlewares/ST/STM32_USB_Device_Library/Core/Inc -I../Middlewares/ST/STM32_USB_Device_Library/Class/CDC/Inc -I../Drivers/CMSIS/Device/ST/STM32F4xx/Include -I../Drivers/CMSIS/Include -O0 -ffunction-sections -fdata-sections -Wall -fstack-usage -fcyclomatic-complexity -MMD -MP -MF"Core/Src/main.d" -MT"Core/Src/main.o" --specs=nano.specs -mfpu=fpv4-sp-d16 -mfloat-abi=hard -mthumb -o "Core/Src/main.o"
../Core/Src/main.c: In function 'Start_Init':
../Core/Src/main.c:589:12: warning: assignment to 'int' from 'char *' makes integer from pointer without a cast [-Wint-conversion]
  589 |  mes.other = "test";
      |            ^
../Core/Src/main.c:590:44: warning: passing argument 5 of 'SCREEN_INIT' discards 'const' qualifier from pointer target type [-Wdiscarded-array-qualifiers]
  590 |  SCREEN_INIT(&HOME,7,6,(char**)HOME_SCREEN,HOME_DATLOC,HOME_SEL);
      |                                            ^~~~~~~~~~~
In file included from ../Core/Src/main.c:28:
../Core/Inc/OLED.h:198:80: note: expected 'uint8_t (*)[2]' {aka 'unsigned char (*)[2]'} but argument is of type 'const uint8_t (*)[2]' {aka 'const unsigned char (*)[2]'}
  198 | void SCREEN_INIT(Screen* screen,int datasize,int selsize,char** data,uint8_t (*dataloc)[2],uint8_t (*seldata)[2]);
      |                                                                      ~~~~~~~~~~^~~~~~~~~~~
../Core/Src/main.c:590:56: warning: passing argument 6 of 'SCREEN_INIT' discards 'const' qualifier from pointer target type [-Wdiscarded-array-qualifiers]
  590 |  SCREEN_INIT(&HOME,7,6,(char**)HOME_SCREEN,HOME_DATLOC,HOME_SEL);
      |                                                        ^~~~~~~~
In file included from ../Core/Src/main.c:28:
../Core/Inc/OLED.h:198:102: note: expected 'uint8_t (*)[2]' {aka 'unsigned char (*)[2]'} but argument is of type 'const uint8_t (*)[2]' {aka 'const unsigned char (*)[2]'}
  198 | void SCREEN_INIT(Screen* screen,int datasize,int selsize,char** data,uint8_t (*dataloc)[2],uint8_t (*seldata)[2]);
      |                                                                                            ~~~~~~~~~~^~~~~~~~~~~
../Core/Src/main.c: In function 'StartReadCard':
../Core/Src/main.c:624:8: warning: implicit declaration of function 'DumpINFO' [-Wimplicit-function-declaration]
  624 |     if(DumpINFO(cardinf)==PCD_OK){
      |        ^~~~~~~~
In file included from ../Core/Src/main.c:28:
At top level:
../Core/Inc/OLED.h:167:20: warning: 'WRITE_SCREEN' defined but not used [-Wunused-variable]
  167 | static const char* WRITE_SCREEN[4]={"WRITE CARD","STANDARD: ISO 14443-3","SRC FILE: NONE","STATUS: NO CARD"};
      |                    ^~~~~~~~~~~~
../Core/Inc/OLED.h:163:20: warning: 'CARD_FOUNDSCREEN' defined but not used [-Wunused-variable]
  163 | static const char* CARD_FOUNDSCREEN[5]={"CARD FOUND","UID:","IC:","SAVE","EXIT"};
      |                    ^~~~~~~~~~~~~~~~
../Core/Inc/OLED.h:159:20: warning: 'READ_SCREEN' defined but not used [-Wunused-variable]
  159 | static const char* READ_SCREEN[3]={"READ CARD","STANDARD: ISO 14443-3","STATUS: NO CARD"};
      |                    ^~~~~~~~~~~
arm-none-eabi-gcc -o "Ruthless RFID.elf" @"objects.list"   -mcpu=cortex-m4 -T"C:\Users\rhett\OneDrive\Documents\Ruthless RFID\Firmware\Ruthless RFID\STM32F401CBUX_FLASH.ld" --specs=nosys.specs -Wl,-Map="Ruthless RFID.map" -Wl,--gc-sections -static --specs=nano.specs -mfpu=fpv4-sp-d16 -mfloat-abi=hard -mthumb -Wl,--start-group -lc -lm -Wl,--end-group
Finished building target: Ruthless RFID.elf
 
arm-none-eabi-size   Ruthless\ RFID.elf 
arm-none-eabi-objdump -h -S  Ruthless\ RFID.elf  > "Ruthless RFID.list"
   text	   data	    bss	    dec	    hex	filename
  60488	   1572	  27564	  89624	  15e18	Ruthless RFID.elf
Finished building: default.size.stdout
 
Finished building: Ruthless RFID.list
 
15:10:37 **** Incremental Build of configuration Debug for project Ruthless RFID ****
make -j8 all 
arm-none-eabi-gcc "../Core/Src/main.c" -mcpu=cortex-m4 -std=gnu11 -g3 -DDEBUG -DUSE_HAL_DRIVER -DSTM32F401xC -c -I../Core/Inc -I../USB_DEVICE/App -I../USB_DEVICE/Target -I../Drivers/STM32F4xx_HAL_Driver/Inc -I../Drivers/STM32F4xx_HAL_Driver/Inc/Legacy -I../Middlewares/Third_Party/FreeRTOS/Source/include -I../Middlewares/Third_Party/FreeRTOS/Source/CMSIS_RTOS_V2 -I../Middlewares/Third_Party/FreeRTOS/Source/portable/GCC/ARM_CM4F -I../Middlewares/ST/STM32_USB_Device_Library/Core/Inc -I../Middlewares/ST/STM32_USB_Device_Library/Class/CDC/Inc -I../Drivers/CMSIS/Device/ST/STM32F4xx/Include -I../Drivers/CMSIS/Include -O0 -ffunction-sections -fdata-sections -Wall -fstack-usage -fcyclomatic-complexity -MMD -MP -MF"Core/Src/main.d" -MT"Core/Src/main.o" --specs=nano.specs -mfpu=fpv4-sp-d16 -mfloat-abi=hard -mthumb -o "Core/Src/main.o"
../Core/Src/main.c: In function 'Start_Init':
../Core/Src/main.c:589:12: warning: assignment to 'int' from 'char *' makes integer from pointer without a cast [-Wint-conversion]
  589 |  mes.other = "12654";
      |            ^
../Core/Src/main.c:590:44: warning: passing argument 5 of 'SCREEN_INIT' discards 'const' qualifier from pointer target type [-Wdiscarded-array-qualifiers]
  590 |  SCREEN_INIT(&HOME,7,6,(char**)HOME_SCREEN,HOME_DATLOC,HOME_SEL);
      |                                            ^~~~~~~~~~~
In file included from ../Core/Src/main.c:28:
../Core/Inc/OLED.h:198:80: note: expected 'uint8_t (*)[2]' {aka 'unsigned char (*)[2]'} but argument is of type 'const uint8_t (*)[2]' {aka 'const unsigned char (*)[2]'}
  198 | void SCREEN_INIT(Screen* screen,int datasize,int selsize,char** data,uint8_t (*dataloc)[2],uint8_t (*seldata)[2]);
      |                                                                      ~~~~~~~~~~^~~~~~~~~~~
../Core/Src/main.c:590:56: warning: passing argument 6 of 'SCREEN_INIT' discards 'const' qualifier from pointer target type [-Wdiscarded-array-qualifiers]
  590 |  SCREEN_INIT(&HOME,7,6,(char**)HOME_SCREEN,HOME_DATLOC,HOME_SEL);
      |                                                        ^~~~~~~~
In file included from ../Core/Src/main.c:28:
../Core/Inc/OLED.h:198:102: note: expected 'uint8_t (*)[2]' {aka 'unsigned char (*)[2]'} but argument is of type 'const uint8_t (*)[2]' {aka 'const unsigned char (*)[2]'}
  198 | void SCREEN_INIT(Screen* screen,int datasize,int selsize,char** data,uint8_t (*dataloc)[2],uint8_t (*seldata)[2]);
      |                                                                                            ~~~~~~~~~~^~~~~~~~~~~
../Core/Src/main.c: In function 'StartReadCard':
../Core/Src/main.c:624:8: warning: implicit declaration of function 'DumpINFO' [-Wimplicit-function-declaration]
  624 |     if(DumpINFO(cardinf)==PCD_OK){
      |        ^~~~~~~~
In file included from ../Core/Src/main.c:28:
At top level:
../Core/Inc/OLED.h:167:20: warning: 'WRITE_SCREEN' defined but not used [-Wunused-variable]
  167 | static const char* WRITE_SCREEN[4]={"WRITE CARD","STANDARD: ISO 14443-3","SRC FILE: NONE","STATUS: NO CARD"};
      |                    ^~~~~~~~~~~~
../Core/Inc/OLED.h:163:20: warning: 'CARD_FOUNDSCREEN' defined but not used [-Wunused-variable]
  163 | static const char* CARD_FOUNDSCREEN[5]={"CARD FOUND","UID:","IC:","SAVE","EXIT"};
      |                    ^~~~~~~~~~~~~~~~
../Core/Inc/OLED.h:159:20: warning: 'READ_SCREEN' defined but not used [-Wunused-variable]
  159 | static const char* READ_SCREEN[3]={"READ CARD","STANDARD: ISO 14443-3","STATUS: NO CARD"};
      |                    ^~~~~~~~~~~
arm-none-eabi-gcc -o "Ruthless RFID.elf" @"objects.list"   -mcpu=cortex-m4 -T"C:\Users\rhett\OneDrive\Documents\Ruthless RFID\Firmware\Ruthless RFID\STM32F401CBUX_FLASH.ld" --specs=nosys.specs -Wl,-Map="Ruthless RFID.map" -Wl,--gc-sections -static --specs=nano.specs -mfpu=fpv4-sp-d16 -mfloat-abi=hard -mthumb -Wl,--start-group -lc -lm -Wl,--end-group
Finished building target: Ruthless RFID.elf
 
arm-none-eabi-size   Ruthless\ RFID.elf 
arm-none-eabi-objdump -h -S  Ruthless\ RFID.elf  > "Ruthless RFID.list"
   text	   data	    bss	    dec	    hex	filename
  60488	   1572	  27564	  89624	  15e18	Ruthless RFID.elf
Finished building: default.size.stdout
 
Finished building: Ruthless RFID.list
 
15:13:26 **** Incremental Build of configuration Debug for project Ruthless RFID ****
make -j8 all 
arm-none-eabi-gcc "../Core/Src/main.c" -mcpu=cortex-m4 -std=gnu11 -g3 -DDEBUG -DUSE_HAL_DRIVER -DSTM32F401xC -c -I../Core/Inc -I../USB_DEVICE/App -I../USB_DEVICE/Target -I../Drivers/STM32F4xx_HAL_Driver/Inc -I../Drivers/STM32F4xx_HAL_Driver/Inc/Legacy -I../Middlewares/Third_Party/FreeRTOS/Source/include -I../Middlewares/Third_Party/FreeRTOS/Source/CMSIS_RTOS_V2 -I../Middlewares/Third_Party/FreeRTOS/Source/portable/GCC/ARM_CM4F -I../Middlewares/ST/STM32_USB_Device_Library/Core/Inc -I../Middlewares/ST/STM32_USB_Device_Library/Class/CDC/Inc -I../Drivers/CMSIS/Device/ST/STM32F4xx/Include -I../Drivers/CMSIS/Include -O0 -ffunction-sections -fdata-sections -Wall -fstack-usage -fcyclomatic-complexity -MMD -MP -MF"Core/Src/main.d" -MT"Core/Src/main.o" --specs=nano.specs -mfpu=fpv4-sp-d16 -mfloat-abi=hard -mthumb -o "Core/Src/main.o"
../Core/Src/main.c: In function 'Start_Init':
../Core/Src/main.c:589:12: warning: assignment to 'int' from 'char *' makes integer from pointer without a cast [-Wint-conversion]
  589 |  mes.other = "12654";
      |            ^
../Core/Src/main.c:590:44: warning: passing argument 5 of 'SCREEN_INIT' discards 'const' qualifier from pointer target type [-Wdiscarded-array-qualifiers]
  590 |  SCREEN_INIT(&HOME,7,6,(char**)HOME_SCREEN,HOME_DATLOC,HOME_SEL);
      |                                            ^~~~~~~~~~~
In file included from ../Core/Src/main.c:28:
../Core/Inc/OLED.h:198:80: note: expected 'uint8_t (*)[2]' {aka 'unsigned char (*)[2]'} but argument is of type 'const uint8_t (*)[2]' {aka 'const unsigned char (*)[2]'}
  198 | void SCREEN_INIT(Screen* screen,int datasize,int selsize,char** data,uint8_t (*dataloc)[2],uint8_t (*seldata)[2]);
      |                                                                      ~~~~~~~~~~^~~~~~~~~~~
../Core/Src/main.c:590:56: warning: passing argument 6 of 'SCREEN_INIT' discards 'const' qualifier from pointer target type [-Wdiscarded-array-qualifiers]
  590 |  SCREEN_INIT(&HOME,7,6,(char**)HOME_SCREEN,HOME_DATLOC,HOME_SEL);
      |                                                        ^~~~~~~~
In file included from ../Core/Src/main.c:28:
../Core/Inc/OLED.h:198:102: note: expected 'uint8_t (*)[2]' {aka 'unsigned char (*)[2]'} but argument is of type 'const uint8_t (*)[2]' {aka 'const unsigned char (*)[2]'}
  198 | void SCREEN_INIT(Screen* screen,int datasize,int selsize,char** data,uint8_t (*dataloc)[2],uint8_t (*seldata)[2]);
      |                                                                                            ~~~~~~~~~~^~~~~~~~~~~
../Core/Src/main.c: In function 'StartReadCard':
../Core/Src/main.c:624:8: warning: implicit declaration of function 'DumpINFO' [-Wimplicit-function-declaration]
  624 |     if(DumpINFO(cardinf)==PCD_OK){
      |        ^~~~~~~~
In file included from ../Core/Src/main.c:28:
At top level:
../Core/Inc/OLED.h:167:20: warning: 'WRITE_SCREEN' defined but not used [-Wunused-variable]
  167 | static const char* WRITE_SCREEN[4]={"WRITE CARD","STANDARD: ISO 14443-3","SRC FILE: NONE","STATUS: NO CARD"};
      |                    ^~~~~~~~~~~~
../Core/Inc/OLED.h:163:20: warning: 'CARD_FOUNDSCREEN' defined but not used [-Wunused-variable]
  163 | static const char* CARD_FOUNDSCREEN[5]={"CARD FOUND","UID:","IC:","SAVE","EXIT"};
      |                    ^~~~~~~~~~~~~~~~
../Core/Inc/OLED.h:159:20: warning: 'READ_SCREEN' defined but not used [-Wunused-variable]
  159 | static const char* READ_SCREEN[3]={"READ CARD","STANDARD: ISO 14443-3","STATUS: NO CARD"};
      |                    ^~~~~~~~~~~
arm-none-eabi-gcc -o "Ruthless RFID.elf" @"objects.list"   -mcpu=cortex-m4 -T"C:\Users\rhett\OneDrive\Documents\Ruthless RFID\Firmware\Ruthless RFID\STM32F401CBUX_FLASH.ld" --specs=nosys.specs -Wl,-Map="Ruthless RFID.map" -Wl,--gc-sections -static --specs=nano.specs -mfpu=fpv4-sp-d16 -mfloat-abi=hard -mthumb -Wl,--start-group -lc -lm -Wl,--end-group
Finished building target: Ruthless RFID.elf
 
arm-none-eabi-size   Ruthless\ RFID.elf 
arm-none-eabi-objdump -h -S  Ruthless\ RFID.elf  > "Ruthless RFID.list"
   text	   data	    bss	    dec	    hex	filename
  60488	   1572	  27564	  89624	  15e18	Ruthless RFID.elf
Finished building: default.size.stdout
 
Finished building: Ruthless RFID.list
 
15:14:18 **** Incremental Build of configuration Debug for project Ruthless RFID ****
make -j8 all 
arm-none-eabi-gcc "../Core/Src/main.c" -mcpu=cortex-m4 -std=gnu11 -g3 -DDEBUG -DUSE_HAL_DRIVER -DSTM32F401xC -c -I../Core/Inc -I../USB_DEVICE/App -I../USB_DEVICE/Target -I../Drivers/STM32F4xx_HAL_Driver/Inc -I../Drivers/STM32F4xx_HAL_Driver/Inc/Legacy -I../Middlewares/Third_Party/FreeRTOS/Source/include -I../Middlewares/Third_Party/FreeRTOS/Source/CMSIS_RTOS_V2 -I../Middlewares/Third_Party/FreeRTOS/Source/portable/GCC/ARM_CM4F -I../Middlewares/ST/STM32_USB_Device_Library/Core/Inc -I../Middlewares/ST/STM32_USB_Device_Library/Class/CDC/Inc -I../Drivers/CMSIS/Device/ST/STM32F4xx/Include -I../Drivers/CMSIS/Include -O0 -ffunction-sections -fdata-sections -Wall -fstack-usage -fcyclomatic-complexity -MMD -MP -MF"Core/Src/main.d" -MT"Core/Src/main.o" --specs=nano.specs -mfpu=fpv4-sp-d16 -mfloat-abi=hard -mthumb -o "Core/Src/main.o"
../Core/Src/main.c: In function 'Start_Init':
../Core/Src/main.c:589:12: warning: assignment to 'int' from 'char *' makes integer from pointer without a cast [-Wint-conversion]
  589 |  mes.other = "12654";
      |            ^
../Core/Src/main.c:590:44: warning: passing argument 5 of 'SCREEN_INIT' discards 'const' qualifier from pointer target type [-Wdiscarded-array-qualifiers]
  590 |  SCREEN_INIT(&HOME,7,6,(char**)HOME_SCREEN,HOME_DATLOC,HOME_SEL);
      |                                            ^~~~~~~~~~~
In file included from ../Core/Src/main.c:28:
../Core/Inc/OLED.h:198:80: note: expected 'uint8_t (*)[2]' {aka 'unsigned char (*)[2]'} but argument is of type 'const uint8_t (*)[2]' {aka 'const unsigned char (*)[2]'}
  198 | void SCREEN_INIT(Screen* screen,int datasize,int selsize,char** data,uint8_t (*dataloc)[2],uint8_t (*seldata)[2]);
      |                                                                      ~~~~~~~~~~^~~~~~~~~~~
../Core/Src/main.c:590:56: warning: passing argument 6 of 'SCREEN_INIT' discards 'const' qualifier from pointer target type [-Wdiscarded-array-qualifiers]
  590 |  SCREEN_INIT(&HOME,7,6,(char**)HOME_SCREEN,HOME_DATLOC,HOME_SEL);
      |                                                        ^~~~~~~~
In file included from ../Core/Src/main.c:28:
../Core/Inc/OLED.h:198:102: note: expected 'uint8_t (*)[2]' {aka 'unsigned char (*)[2]'} but argument is of type 'const uint8_t (*)[2]' {aka 'const unsigned char (*)[2]'}
  198 | void SCREEN_INIT(Screen* screen,int datasize,int selsize,char** data,uint8_t (*dataloc)[2],uint8_t (*seldata)[2]);
      |                                                                                            ~~~~~~~~~~^~~~~~~~~~~
../Core/Src/main.c: In function 'StartReadCard':
../Core/Src/main.c:624:8: warning: implicit declaration of function 'DumpINFO' [-Wimplicit-function-declaration]
  624 |     if(DumpINFO(cardinf)==PCD_OK){
      |        ^~~~~~~~
In file included from ../Core/Src/main.c:28:
At top level:
../Core/Inc/OLED.h:167:20: warning: 'WRITE_SCREEN' defined but not used [-Wunused-variable]
  167 | static const char* WRITE_SCREEN[4]={"WRITE CARD","STANDARD: ISO 14443-3","SRC FILE: NONE","STATUS: NO CARD"};
      |                    ^~~~~~~~~~~~
../Core/Inc/OLED.h:163:20: warning: 'CARD_FOUNDSCREEN' defined but not used [-Wunused-variable]
  163 | static const char* CARD_FOUNDSCREEN[5]={"CARD FOUND","UID:","IC:","SAVE","EXIT"};
      |                    ^~~~~~~~~~~~~~~~
../Core/Inc/OLED.h:159:20: warning: 'READ_SCREEN' defined but not used [-Wunused-variable]
  159 | static const char* READ_SCREEN[3]={"READ CARD","STANDARD: ISO 14443-3","STATUS: NO CARD"};
      |                    ^~~~~~~~~~~
arm-none-eabi-gcc -o "Ruthless RFID.elf" @"objects.list"   -mcpu=cortex-m4 -T"C:\Users\rhett\OneDrive\Documents\Ruthless RFID\Firmware\Ruthless RFID\STM32F401CBUX_FLASH.ld" --specs=nosys.specs -Wl,-Map="Ruthless RFID.map" -Wl,--gc-sections -static --specs=nano.specs -mfpu=fpv4-sp-d16 -mfloat-abi=hard -mthumb -Wl,--start-group -lc -lm -Wl,--end-group
Finished building target: Ruthless RFID.elf
 
arm-none-eabi-size   Ruthless\ RFID.elf 
arm-none-eabi-objdump -h -S  Ruthless\ RFID.elf  > "Ruthless RFID.list"
   text	   data	    bss	    dec	    hex	filename
  60488	   1572	  27564	  89624	  15e18	Ruthless RFID.elf
Finished building: default.size.stdout
 
Finished building: Ruthless RFID.list
 
15:14:59 **** Incremental Build of configuration Debug for project Ruthless RFID ****
make -j8 all 
arm-none-eabi-size   Ruthless\ RFID.elf 
   text	   data	    bss	    dec	    hex	filename
  60488	   1572	  27564	  89624	  15e18	Ruthless RFID.elf
Finished building: default.size.stdout
 
15:16:02 **** Incremental Build of configuration Debug for project Ruthless RFID ****
make -j8 all 
arm-none-eabi-gcc "../Core/Src/main.c" -mcpu=cortex-m4 -std=gnu11 -g3 -DDEBUG -DUSE_HAL_DRIVER -DSTM32F401xC -c -I../Core/Inc -I../USB_DEVICE/App -I../USB_DEVICE/Target -I../Drivers/STM32F4xx_HAL_Driver/Inc -I../Drivers/STM32F4xx_HAL_Driver/Inc/Legacy -I../Middlewares/Third_Party/FreeRTOS/Source/include -I../Middlewares/Third_Party/FreeRTOS/Source/CMSIS_RTOS_V2 -I../Middlewares/Third_Party/FreeRTOS/Source/portable/GCC/ARM_CM4F -I../Middlewares/ST/STM32_USB_Device_Library/Core/Inc -I../Middlewares/ST/STM32_USB_Device_Library/Class/CDC/Inc -I../Drivers/CMSIS/Device/ST/STM32F4xx/Include -I../Drivers/CMSIS/Include -O0 -ffunction-sections -fdata-sections -Wall -fstack-usage -fcyclomatic-complexity -MMD -MP -MF"Core/Src/main.d" -MT"Core/Src/main.o" --specs=nano.specs -mfpu=fpv4-sp-d16 -mfloat-abi=hard -mthumb -o "Core/Src/main.o"
../Core/Src/main.c: In function 'Start_Init':
../Core/Src/main.c:589:12: warning: assignment to 'int' from 'char *' makes integer from pointer without a cast [-Wint-conversion]
  589 |  mes.other = "12654";
      |            ^
../Core/Src/main.c:590:44: warning: passing argument 5 of 'SCREEN_INIT' discards 'const' qualifier from pointer target type [-Wdiscarded-array-qualifiers]
  590 |  SCREEN_INIT(&HOME,7,6,(char**)HOME_SCREEN,HOME_DATLOC,HOME_SEL);
      |                                            ^~~~~~~~~~~
In file included from ../Core/Src/main.c:28:
../Core/Inc/OLED.h:198:80: note: expected 'uint8_t (*)[2]' {aka 'unsigned char (*)[2]'} but argument is of type 'const uint8_t (*)[2]' {aka 'const unsigned char (*)[2]'}
  198 | void SCREEN_INIT(Screen* screen,int datasize,int selsize,char** data,uint8_t (*dataloc)[2],uint8_t (*seldata)[2]);
      |                                                                      ~~~~~~~~~~^~~~~~~~~~~
../Core/Src/main.c:590:56: warning: passing argument 6 of 'SCREEN_INIT' discards 'const' qualifier from pointer target type [-Wdiscarded-array-qualifiers]
  590 |  SCREEN_INIT(&HOME,7,6,(char**)HOME_SCREEN,HOME_DATLOC,HOME_SEL);
      |                                                        ^~~~~~~~
In file included from ../Core/Src/main.c:28:
../Core/Inc/OLED.h:198:102: note: expected 'uint8_t (*)[2]' {aka 'unsigned char (*)[2]'} but argument is of type 'const uint8_t (*)[2]' {aka 'const unsigned char (*)[2]'}
  198 | void SCREEN_INIT(Screen* screen,int datasize,int selsize,char** data,uint8_t (*dataloc)[2],uint8_t (*seldata)[2]);
      |                                                                                            ~~~~~~~~~~^~~~~~~~~~~
../Core/Src/main.c: In function 'StartReadCard':
../Core/Src/main.c:624:8: warning: implicit declaration of function 'DumpINFO' [-Wimplicit-function-declaration]
  624 |     if(DumpINFO(cardinf)==PCD_OK){
      |        ^~~~~~~~
In file included from ../Core/Src/main.c:28:
At top level:
../Core/Inc/OLED.h:167:20: warning: 'WRITE_SCREEN' defined but not used [-Wunused-variable]
  167 | static const char* WRITE_SCREEN[4]={"WRITE CARD","STANDARD: ISO 14443-3","SRC FILE: NONE","STATUS: NO CARD"};
      |                    ^~~~~~~~~~~~
../Core/Inc/OLED.h:163:20: warning: 'CARD_FOUNDSCREEN' defined but not used [-Wunused-variable]
  163 | static const char* CARD_FOUNDSCREEN[5]={"CARD FOUND","UID:","IC:","SAVE","EXIT"};
      |                    ^~~~~~~~~~~~~~~~
../Core/Inc/OLED.h:159:20: warning: 'READ_SCREEN' defined but not used [-Wunused-variable]
  159 | static const char* READ_SCREEN[3]={"READ CARD","STANDARD: ISO 14443-3","STATUS: NO CARD"};
      |                    ^~~~~~~~~~~
arm-none-eabi-gcc -o "Ruthless RFID.elf" @"objects.list"   -mcpu=cortex-m4 -T"C:\Users\rhett\OneDrive\Documents\Ruthless RFID\Firmware\Ruthless RFID\STM32F401CBUX_FLASH.ld" --specs=nosys.specs -Wl,-Map="Ruthless RFID.map" -Wl,--gc-sections -static --specs=nano.specs -mfpu=fpv4-sp-d16 -mfloat-abi=hard -mthumb -Wl,--start-group -lc -lm -Wl,--end-group
Finished building target: Ruthless RFID.elf
 
arm-none-eabi-size   Ruthless\ RFID.elf 
arm-none-eabi-objdump -h -S  Ruthless\ RFID.elf  > "Ruthless RFID.list"
   text	   data	    bss	    dec	    hex	filename
  60488	   1572	  27564	  89624	  15e18	Ruthless RFID.elf
Finished building: default.size.stdout
 
Finished building: Ruthless RFID.list
 
15:16:44 **** Incremental Build of configuration Debug for project Ruthless RFID ****
make -j8 all 
arm-none-eabi-gcc "../Core/Src/main.c" -mcpu=cortex-m4 -std=gnu11 -g3 -DDEBUG -DUSE_HAL_DRIVER -DSTM32F401xC -c -I../Core/Inc -I../USB_DEVICE/App -I../USB_DEVICE/Target -I../Drivers/STM32F4xx_HAL_Driver/Inc -I../Drivers/STM32F4xx_HAL_Driver/Inc/Legacy -I../Middlewares/Third_Party/FreeRTOS/Source/include -I../Middlewares/Third_Party/FreeRTOS/Source/CMSIS_RTOS_V2 -I../Middlewares/Third_Party/FreeRTOS/Source/portable/GCC/ARM_CM4F -I../Middlewares/ST/STM32_USB_Device_Library/Core/Inc -I../Middlewares/ST/STM32_USB_Device_Library/Class/CDC/Inc -I../Drivers/CMSIS/Device/ST/STM32F4xx/Include -I../Drivers/CMSIS/Include -O0 -ffunction-sections -fdata-sections -Wall -fstack-usage -fcyclomatic-complexity -MMD -MP -MF"Core/Src/main.d" -MT"Core/Src/main.o" --specs=nano.specs -mfpu=fpv4-sp-d16 -mfloat-abi=hard -mthumb -o "Core/Src/main.o"
../Core/Src/main.c: In function 'Start_Init':
../Core/Src/main.c:590:44: warning: passing argument 5 of 'SCREEN_INIT' discards 'const' qualifier from pointer target type [-Wdiscarded-array-qualifiers]
  590 |  SCREEN_INIT(&HOME,7,6,(char**)HOME_SCREEN,HOME_DATLOC,HOME_SEL);
      |                                            ^~~~~~~~~~~
In file included from ../Core/Src/main.c:28:
../Core/Inc/OLED.h:198:80: note: expected 'uint8_t (*)[2]' {aka 'unsigned char (*)[2]'} but argument is of type 'const uint8_t (*)[2]' {aka 'const unsigned char (*)[2]'}
  198 | void SCREEN_INIT(Screen* screen,int datasize,int selsize,char** data,uint8_t (*dataloc)[2],uint8_t (*seldata)[2]);
      |                                                                      ~~~~~~~~~~^~~~~~~~~~~
../Core/Src/main.c:590:56: warning: passing argument 6 of 'SCREEN_INIT' discards 'const' qualifier from pointer target type [-Wdiscarded-array-qualifiers]
  590 |  SCREEN_INIT(&HOME,7,6,(char**)HOME_SCREEN,HOME_DATLOC,HOME_SEL);
      |                                                        ^~~~~~~~
In file included from ../Core/Src/main.c:28:
../Core/Inc/OLED.h:198:102: note: expected 'uint8_t (*)[2]' {aka 'unsigned char (*)[2]'} but argument is of type 'const uint8_t (*)[2]' {aka 'const unsigned char (*)[2]'}
  198 | void SCREEN_INIT(Screen* screen,int datasize,int selsize,char** data,uint8_t (*dataloc)[2],uint8_t (*seldata)[2]);
      |                                                                                            ~~~~~~~~~~^~~~~~~~~~~
../Core/Src/main.c: In function 'StartReadCard':
../Core/Src/main.c:624:8: warning: implicit declaration of function 'DumpINFO' [-Wimplicit-function-declaration]
  624 |     if(DumpINFO(cardinf)==PCD_OK){
      |        ^~~~~~~~
In file included from ../Core/Src/main.c:28:
At top level:
../Core/Inc/OLED.h:167:20: warning: 'WRITE_SCREEN' defined but not used [-Wunused-variable]
  167 | static const char* WRITE_SCREEN[4]={"WRITE CARD","STANDARD: ISO 14443-3","SRC FILE: NONE","STATUS: NO CARD"};
      |                    ^~~~~~~~~~~~
../Core/Inc/OLED.h:163:20: warning: 'CARD_FOUNDSCREEN' defined but not used [-Wunused-variable]
  163 | static const char* CARD_FOUNDSCREEN[5]={"CARD FOUND","UID:","IC:","SAVE","EXIT"};
      |                    ^~~~~~~~~~~~~~~~
../Core/Inc/OLED.h:159:20: warning: 'READ_SCREEN' defined but not used [-Wunused-variable]
  159 | static const char* READ_SCREEN[3]={"READ CARD","STANDARD: ISO 14443-3","STATUS: NO CARD"};
      |                    ^~~~~~~~~~~
arm-none-eabi-gcc -o "Ruthless RFID.elf" @"objects.list"   -mcpu=cortex-m4 -T"C:\Users\rhett\OneDrive\Documents\Ruthless RFID\Firmware\Ruthless RFID\STM32F401CBUX_FLASH.ld" --specs=nosys.specs -Wl,-Map="Ruthless RFID.map" -Wl,--gc-sections -static --specs=nano.specs -mfpu=fpv4-sp-d16 -mfloat-abi=hard -mthumb -Wl,--start-group -lc -lm -Wl,--end-group
Finished building target: Ruthless RFID.elf
 
arm-none-eabi-size   Ruthless\ RFID.elf 
arm-none-eabi-objdump -h -S  Ruthless\ RFID.elf  > "Ruthless RFID.list"
   text	   data	    bss	    dec	    hex	filename
  60464	   1572	  27564	  89600	  15e00	Ruthless RFID.elf
Finished building: default.size.stdout
 
Finished building: Ruthless RFID.list
 
15:17:30 **** Incremental Build of configuration Debug for project Ruthless RFID ****
make -j8 all 
arm-none-eabi-gcc "../Core/Src/main.c" -mcpu=cortex-m4 -std=gnu11 -g3 -DDEBUG -DUSE_HAL_DRIVER -DSTM32F401xC -c -I../Core/Inc -I../USB_DEVICE/App -I../USB_DEVICE/Target -I../Drivers/STM32F4xx_HAL_Driver/Inc -I../Drivers/STM32F4xx_HAL_Driver/Inc/Legacy -I../Middlewares/Third_Party/FreeRTOS/Source/include -I../Middlewares/Third_Party/FreeRTOS/Source/CMSIS_RTOS_V2 -I../Middlewares/Third_Party/FreeRTOS/Source/portable/GCC/ARM_CM4F -I../Middlewares/ST/STM32_USB_Device_Library/Core/Inc -I../Middlewares/ST/STM32_USB_Device_Library/Class/CDC/Inc -I../Drivers/CMSIS/Device/ST/STM32F4xx/Include -I../Drivers/CMSIS/Include -O0 -ffunction-sections -fdata-sections -Wall -fstack-usage -fcyclomatic-complexity -MMD -MP -MF"Core/Src/main.d" -MT"Core/Src/main.o" --specs=nano.specs -mfpu=fpv4-sp-d16 -mfloat-abi=hard -mthumb -o "Core/Src/main.o"
../Core/Src/main.c: In function 'Start_Init':
../Core/Src/main.c:590:44: warning: passing argument 5 of 'SCREEN_INIT' discards 'const' qualifier from pointer target type [-Wdiscarded-array-qualifiers]
  590 |  SCREEN_INIT(&HOME,7,6,(char**)HOME_SCREEN,HOME_DATLOC,HOME_SEL);
      |                                            ^~~~~~~~~~~
In file included from ../Core/Src/main.c:28:
../Core/Inc/OLED.h:198:80: note: expected 'uint8_t (*)[2]' {aka 'unsigned char (*)[2]'} but argument is of type 'const uint8_t (*)[2]' {aka 'const unsigned char (*)[2]'}
  198 | void SCREEN_INIT(Screen* screen,int datasize,int selsize,char** data,uint8_t (*dataloc)[2],uint8_t (*seldata)[2]);
      |                                                                      ~~~~~~~~~~^~~~~~~~~~~
../Core/Src/main.c:590:56: warning: passing argument 6 of 'SCREEN_INIT' discards 'const' qualifier from pointer target type [-Wdiscarded-array-qualifiers]
  590 |  SCREEN_INIT(&HOME,7,6,(char**)HOME_SCREEN,HOME_DATLOC,HOME_SEL);
      |                                                        ^~~~~~~~
In file included from ../Core/Src/main.c:28:
../Core/Inc/OLED.h:198:102: note: expected 'uint8_t (*)[2]' {aka 'unsigned char (*)[2]'} but argument is of type 'const uint8_t (*)[2]' {aka 'const unsigned char (*)[2]'}
  198 | void SCREEN_INIT(Screen* screen,int datasize,int selsize,char** data,uint8_t (*dataloc)[2],uint8_t (*seldata)[2]);
      |                                                                                            ~~~~~~~~~~^~~~~~~~~~~
../Core/Src/main.c: In function 'StartReadCard':
../Core/Src/main.c:624:8: warning: implicit declaration of function 'DumpINFO' [-Wimplicit-function-declaration]
  624 |     if(DumpINFO(cardinf)==PCD_OK){
      |        ^~~~~~~~
In file included from ../Core/Src/main.c:28:
At top level:
../Core/Inc/OLED.h:167:20: warning: 'WRITE_SCREEN' defined but not used [-Wunused-variable]
  167 | static const char* WRITE_SCREEN[4]={"WRITE CARD","STANDARD: ISO 14443-3","SRC FILE: NONE","STATUS: NO CARD"};
      |                    ^~~~~~~~~~~~
../Core/Inc/OLED.h:163:20: warning: 'CARD_FOUNDSCREEN' defined but not used [-Wunused-variable]
  163 | static const char* CARD_FOUNDSCREEN[5]={"CARD FOUND","UID:","IC:","SAVE","EXIT"};
      |                    ^~~~~~~~~~~~~~~~
../Core/Inc/OLED.h:159:20: warning: 'READ_SCREEN' defined but not used [-Wunused-variable]
  159 | static const char* READ_SCREEN[3]={"READ CARD","STANDARD: ISO 14443-3","STATUS: NO CARD"};
      |                    ^~~~~~~~~~~
arm-none-eabi-gcc -o "Ruthless RFID.elf" @"objects.list"   -mcpu=cortex-m4 -T"C:\Users\rhett\OneDrive\Documents\Ruthless RFID\Firmware\Ruthless RFID\STM32F401CBUX_FLASH.ld" --specs=nosys.specs -Wl,-Map="Ruthless RFID.map" -Wl,--gc-sections -static --specs=nano.specs -mfpu=fpv4-sp-d16 -mfloat-abi=hard -mthumb -Wl,--start-group -lc -lm -Wl,--end-group
Finished building target: Ruthless RFID.elf
 
arm-none-eabi-size   Ruthless\ RFID.elf 
arm-none-eabi-objdump -h -S  Ruthless\ RFID.elf  > "Ruthless RFID.list"
   text	   data	    bss	    dec	    hex	filename
  60480	   1572	  27572	  89624	  15e18	Ruthless RFID.elf
Finished building: default.size.stdout
 
Finished building: Ruthless RFID.list
 
15:18:24 **** Incremental Build of configuration Debug for project Ruthless RFID ****
make -j8 all 
arm-none-eabi-gcc "../Core/Src/main.c" -mcpu=cortex-m4 -std=gnu11 -g3 -DDEBUG -DUSE_HAL_DRIVER -DSTM32F401xC -c -I../Core/Inc -I../USB_DEVICE/App -I../USB_DEVICE/Target -I../Drivers/STM32F4xx_HAL_Driver/Inc -I../Drivers/STM32F4xx_HAL_Driver/Inc/Legacy -I../Middlewares/Third_Party/FreeRTOS/Source/include -I../Middlewares/Third_Party/FreeRTOS/Source/CMSIS_RTOS_V2 -I../Middlewares/Third_Party/FreeRTOS/Source/portable/GCC/ARM_CM4F -I../Middlewares/ST/STM32_USB_Device_Library/Core/Inc -I../Middlewares/ST/STM32_USB_Device_Library/Class/CDC/Inc -I../Drivers/CMSIS/Device/ST/STM32F4xx/Include -I../Drivers/CMSIS/Include -O0 -ffunction-sections -fdata-sections -Wall -fstack-usage -fcyclomatic-complexity -MMD -MP -MF"Core/Src/main.d" -MT"Core/Src/main.o" --specs=nano.specs -mfpu=fpv4-sp-d16 -mfloat-abi=hard -mthumb -o "Core/Src/main.o"
../Core/Src/main.c: In function 'Start_Init':
../Core/Src/main.c:590:44: warning: passing argument 5 of 'SCREEN_INIT' discards 'const' qualifier from pointer target type [-Wdiscarded-array-qualifiers]
  590 |  SCREEN_INIT(&HOME,7,6,(char**)HOME_SCREEN,HOME_DATLOC,HOME_SEL);
      |                                            ^~~~~~~~~~~
In file included from ../Core/Src/main.c:28:
../Core/Inc/OLED.h:198:80: note: expected 'uint8_t (*)[2]' {aka 'unsigned char (*)[2]'} but argument is of type 'const uint8_t (*)[2]' {aka 'const unsigned char (*)[2]'}
  198 | void SCREEN_INIT(Screen* screen,int datasize,int selsize,char** data,uint8_t (*dataloc)[2],uint8_t (*seldata)[2]);
      |                                                                      ~~~~~~~~~~^~~~~~~~~~~
../Core/Src/main.c:590:56: warning: passing argument 6 of 'SCREEN_INIT' discards 'const' qualifier from pointer target type [-Wdiscarded-array-qualifiers]
  590 |  SCREEN_INIT(&HOME,7,6,(char**)HOME_SCREEN,HOME_DATLOC,HOME_SEL);
      |                                                        ^~~~~~~~
In file included from ../Core/Src/main.c:28:
../Core/Inc/OLED.h:198:102: note: expected 'uint8_t (*)[2]' {aka 'unsigned char (*)[2]'} but argument is of type 'const uint8_t (*)[2]' {aka 'const unsigned char (*)[2]'}
  198 | void SCREEN_INIT(Screen* screen,int datasize,int selsize,char** data,uint8_t (*dataloc)[2],uint8_t (*seldata)[2]);
      |                                                                                            ~~~~~~~~~~^~~~~~~~~~~
../Core/Src/main.c: In function 'StartReadCard':
../Core/Src/main.c:624:8: warning: implicit declaration of function 'DumpINFO' [-Wimplicit-function-declaration]
  624 |     if(DumpINFO(cardinf)==PCD_OK){
      |        ^~~~~~~~
In file included from ../Core/Src/main.c:28:
At top level:
../Core/Inc/OLED.h:167:20: warning: 'WRITE_SCREEN' defined but not used [-Wunused-variable]
  167 | static const char* WRITE_SCREEN[4]={"WRITE CARD","STANDARD: ISO 14443-3","SRC FILE: NONE","STATUS: NO CARD"};
      |                    ^~~~~~~~~~~~
../Core/Inc/OLED.h:163:20: warning: 'CARD_FOUNDSCREEN' defined but not used [-Wunused-variable]
  163 | static const char* CARD_FOUNDSCREEN[5]={"CARD FOUND","UID:","IC:","SAVE","EXIT"};
      |                    ^~~~~~~~~~~~~~~~
../Core/Inc/OLED.h:159:20: warning: 'READ_SCREEN' defined but not used [-Wunused-variable]
  159 | static const char* READ_SCREEN[3]={"READ CARD","STANDARD: ISO 14443-3","STATUS: NO CARD"};
      |                    ^~~~~~~~~~~
arm-none-eabi-gcc -o "Ruthless RFID.elf" @"objects.list"   -mcpu=cortex-m4 -T"C:\Users\rhett\OneDrive\Documents\Ruthless RFID\Firmware\Ruthless RFID\STM32F401CBUX_FLASH.ld" --specs=nosys.specs -Wl,-Map="Ruthless RFID.map" -Wl,--gc-sections -static --specs=nano.specs -mfpu=fpv4-sp-d16 -mfloat-abi=hard -mthumb -Wl,--start-group -lc -lm -Wl,--end-group
Finished building target: Ruthless RFID.elf
 
arm-none-eabi-size   Ruthless\ RFID.elf 
arm-none-eabi-objdump -h -S  Ruthless\ RFID.elf  > "Ruthless RFID.list"
   text	   data	    bss	    dec	    hex	filename
  60480	   1572	  27564	  89616	  15e10	Ruthless RFID.elf
Finished building: default.size.stdout
 
Finished building: Ruthless RFID.list
 
15:20:44 **** Incremental Build of configuration Debug for project Ruthless RFID ****
make -j8 all 
arm-none-eabi-gcc "../Core/Src/main.c" -mcpu=cortex-m4 -std=gnu11 -g3 -DDEBUG -DUSE_HAL_DRIVER -DSTM32F401xC -c -I../Core/Inc -I../USB_DEVICE/App -I../USB_DEVICE/Target -I../Drivers/STM32F4xx_HAL_Driver/Inc -I../Drivers/STM32F4xx_HAL_Driver/Inc/Legacy -I../Middlewares/Third_Party/FreeRTOS/Source/include -I../Middlewares/Third_Party/FreeRTOS/Source/CMSIS_RTOS_V2 -I../Middlewares/Third_Party/FreeRTOS/Source/portable/GCC/ARM_CM4F -I../Middlewares/ST/STM32_USB_Device_Library/Core/Inc -I../Middlewares/ST/STM32_USB_Device_Library/Class/CDC/Inc -I../Drivers/CMSIS/Device/ST/STM32F4xx/Include -I../Drivers/CMSIS/Include -O0 -ffunction-sections -fdata-sections -Wall -fstack-usage -fcyclomatic-complexity -MMD -MP -MF"Core/Src/main.d" -MT"Core/Src/main.o" --specs=nano.specs -mfpu=fpv4-sp-d16 -mfloat-abi=hard -mthumb -o "Core/Src/main.o"
../Core/Src/main.c: In function 'Start_Init':
../Core/Src/main.c:589:11: error: assignment to expression with array type
  589 |  mes.name = "test";
      |           ^
../Core/Src/main.c:590:44: warning: passing argument 5 of 'SCREEN_INIT' discards 'const' qualifier from pointer target type [-Wdiscarded-array-qualifiers]
  590 |  SCREEN_INIT(&HOME,7,6,(char**)HOME_SCREEN,HOME_DATLOC,HOME_SEL);
      |                                            ^~~~~~~~~~~
In file included from ../Core/Src/main.c:28:
../Core/Inc/OLED.h:198:80: note: expected 'uint8_t (*)[2]' {aka 'unsigned char (*)[2]'} but argument is of type 'const uint8_t (*)[2]' {aka 'const unsigned char (*)[2]'}
  198 | void SCREEN_INIT(Screen* screen,int datasize,int selsize,char** data,uint8_t (*dataloc)[2],uint8_t (*seldata)[2]);
      |                                                                      ~~~~~~~~~~^~~~~~~~~~~
../Core/Src/main.c:590:56: warning: passing argument 6 of 'SCREEN_INIT' discards 'const' qualifier from pointer target type [-Wdiscarded-array-qualifiers]
  590 |  SCREEN_INIT(&HOME,7,6,(char**)HOME_SCREEN,HOME_DATLOC,HOME_SEL);
      |                                                        ^~~~~~~~
In file included from ../Core/Src/main.c:28:
../Core/Inc/OLED.h:198:102: note: expected 'uint8_t (*)[2]' {aka 'unsigned char (*)[2]'} but argument is of type 'const uint8_t (*)[2]' {aka 'const unsigned char (*)[2]'}
  198 | void SCREEN_INIT(Screen* screen,int datasize,int selsize,char** data,uint8_t (*dataloc)[2],uint8_t (*seldata)[2]);
      |                                                                                            ~~~~~~~~~~^~~~~~~~~~~
../Core/Src/main.c: In function 'StartReadCard':
../Core/Src/main.c:624:8: warning: implicit declaration of function 'DumpINFO' [-Wimplicit-function-declaration]
  624 |     if(DumpINFO(cardinf)==PCD_OK){
      |        ^~~~~~~~
../Core/Src/main.c: In function 'StartUpdateDisplay':
../Core/Src/main.c:712:10: error: assignment to expression with array type
  712 |  rec.name="";
      |          ^
In file included from ../Core/Src/main.c:28:
At top level:
../Core/Inc/OLED.h:167:20: warning: 'WRITE_SCREEN' defined but not used [-Wunused-variable]
  167 | static const char* WRITE_SCREEN[4]={"WRITE CARD","STANDARD: ISO 14443-3","SRC FILE: NONE","STATUS: NO CARD"};
      |                    ^~~~~~~~~~~~
../Core/Inc/OLED.h:163:20: warning: 'CARD_FOUNDSCREEN' defined but not used [-Wunused-variable]
  163 | static const char* CARD_FOUNDSCREEN[5]={"CARD FOUND","UID:","IC:","SAVE","EXIT"};
      |                    ^~~~~~~~~~~~~~~~
../Core/Inc/OLED.h:159:20: warning: 'READ_SCREEN' defined but not used [-Wunused-variable]
  159 | static const char* READ_SCREEN[3]={"READ CARD","STANDARD: ISO 14443-3","STATUS: NO CARD"};
      |                    ^~~~~~~~~~~
make: *** [Core/Src/subdir.mk:49: Core/Src/main.o] Error 1
"make -j8 all" terminated with exit code 2. Build might be incomplete.
15:20:57 **** Incremental Build of configuration Debug for project Ruthless RFID ****
make -j8 all 
arm-none-eabi-gcc "../Core/Src/main.c" -mcpu=cortex-m4 -std=gnu11 -g3 -DDEBUG -DUSE_HAL_DRIVER -DSTM32F401xC -c -I../Core/Inc -I../USB_DEVICE/App -I../USB_DEVICE/Target -I../Drivers/STM32F4xx_HAL_Driver/Inc -I../Drivers/STM32F4xx_HAL_Driver/Inc/Legacy -I../Middlewares/Third_Party/FreeRTOS/Source/include -I../Middlewares/Third_Party/FreeRTOS/Source/CMSIS_RTOS_V2 -I../Middlewares/Third_Party/FreeRTOS/Source/portable/GCC/ARM_CM4F -I../Middlewares/ST/STM32_USB_Device_Library/Core/Inc -I../Middlewares/ST/STM32_USB_Device_Library/Class/CDC/Inc -I../Drivers/CMSIS/Device/ST/STM32F4xx/Include -I../Drivers/CMSIS/Include -O0 -ffunction-sections -fdata-sections -Wall -fstack-usage -fcyclomatic-complexity -MMD -MP -MF"Core/Src/main.d" -MT"Core/Src/main.o" --specs=nano.specs -mfpu=fpv4-sp-d16 -mfloat-abi=hard -mthumb -o "Core/Src/main.o"
../Core/Src/main.c: In function 'Start_Init':
../Core/Src/main.c:589:11: error: assignment to expression with array type
  589 |  mes.name = "test";
      |           ^
../Core/Src/main.c:590:44: warning: passing argument 5 of 'SCREEN_INIT' discards 'const' qualifier from pointer target type [-Wdiscarded-array-qualifiers]
  590 |  SCREEN_INIT(&HOME,7,6,(char**)HOME_SCREEN,HOME_DATLOC,HOME_SEL);
      |                                            ^~~~~~~~~~~
In file included from ../Core/Src/main.c:28:
../Core/Inc/OLED.h:198:80: note: expected 'uint8_t (*)[2]' {aka 'unsigned char (*)[2]'} but argument is of type 'const uint8_t (*)[2]' {aka 'const unsigned char (*)[2]'}
  198 | void SCREEN_INIT(Screen* screen,int datasize,int selsize,char** data,uint8_t (*dataloc)[2],uint8_t (*seldata)[2]);
      |                                                                      ~~~~~~~~~~^~~~~~~~~~~
../Core/Src/main.c:590:56: warning: passing argument 6 of 'SCREEN_INIT' discards 'const' qualifier from pointer target type [-Wdiscarded-array-qualifiers]
  590 |  SCREEN_INIT(&HOME,7,6,(char**)HOME_SCREEN,HOME_DATLOC,HOME_SEL);
      |                                                        ^~~~~~~~
In file included from ../Core/Src/main.c:28:
../Core/Inc/OLED.h:198:102: note: expected 'uint8_t (*)[2]' {aka 'unsigned char (*)[2]'} but argument is of type 'const uint8_t (*)[2]' {aka 'const unsigned char (*)[2]'}
  198 | void SCREEN_INIT(Screen* screen,int datasize,int selsize,char** data,uint8_t (*dataloc)[2],uint8_t (*seldata)[2]);
      |                                                                                            ~~~~~~~~~~^~~~~~~~~~~
../Core/Src/main.c: In function 'StartReadCard':
../Core/Src/main.c:624:8: warning: implicit declaration of function 'DumpINFO' [-Wimplicit-function-declaration]
  624 |     if(DumpINFO(cardinf)==PCD_OK){
      |        ^~~~~~~~
In file included from ../Core/Src/main.c:28:
At top level:
../Core/Inc/OLED.h:167:20: warning: 'WRITE_SCREEN' defined but not used [-Wunused-variable]
  167 | static const char* WRITE_SCREEN[4]={"WRITE CARD","STANDARD: ISO 14443-3","SRC FILE: NONE","STATUS: NO CARD"};
      |                    ^~~~~~~~~~~~
../Core/Inc/OLED.h:163:20: warning: 'CARD_FOUNDSCREEN' defined but not used [-Wunused-variable]
  163 | static const char* CARD_FOUNDSCREEN[5]={"CARD FOUND","UID:","IC:","SAVE","EXIT"};
      |                    ^~~~~~~~~~~~~~~~
../Core/Inc/OLED.h:159:20: warning: 'READ_SCREEN' defined but not used [-Wunused-variable]
  159 | static const char* READ_SCREEN[3]={"READ CARD","STANDARD: ISO 14443-3","STATUS: NO CARD"};
      |                    ^~~~~~~~~~~
make: *** [Core/Src/subdir.mk:49: Core/Src/main.o] Error 1
"make -j8 all" terminated with exit code 2. Build might be incomplete.
15:21:31 **** Incremental Build of configuration Debug for project Ruthless RFID ****
make -j8 all 
arm-none-eabi-gcc "../Core/Src/main.c" -mcpu=cortex-m4 -std=gnu11 -g3 -DDEBUG -DUSE_HAL_DRIVER -DSTM32F401xC -c -I../Core/Inc -I../USB_DEVICE/App -I../USB_DEVICE/Target -I../Drivers/STM32F4xx_HAL_Driver/Inc -I../Drivers/STM32F4xx_HAL_Driver/Inc/Legacy -I../Middlewares/Third_Party/FreeRTOS/Source/include -I../Middlewares/Third_Party/FreeRTOS/Source/CMSIS_RTOS_V2 -I../Middlewares/Third_Party/FreeRTOS/Source/portable/GCC/ARM_CM4F -I../Middlewares/ST/STM32_USB_Device_Library/Core/Inc -I../Middlewares/ST/STM32_USB_Device_Library/Class/CDC/Inc -I../Drivers/CMSIS/Device/ST/STM32F4xx/Include -I../Drivers/CMSIS/Include -O0 -ffunction-sections -fdata-sections -Wall -fstack-usage -fcyclomatic-complexity -MMD -MP -MF"Core/Src/main.d" -MT"Core/Src/main.o" --specs=nano.specs -mfpu=fpv4-sp-d16 -mfloat-abi=hard -mthumb -o "Core/Src/main.o"
../Core/Src/main.c: In function 'Start_Init':
../Core/Src/main.c:590:44: warning: passing argument 5 of 'SCREEN_INIT' discards 'const' qualifier from pointer target type [-Wdiscarded-array-qualifiers]
  590 |  SCREEN_INIT(&HOME,7,6,(char**)HOME_SCREEN,HOME_DATLOC,HOME_SEL);
      |                                            ^~~~~~~~~~~
In file included from ../Core/Src/main.c:28:
../Core/Inc/OLED.h:198:80: note: expected 'uint8_t (*)[2]' {aka 'unsigned char (*)[2]'} but argument is of type 'const uint8_t (*)[2]' {aka 'const unsigned char (*)[2]'}
  198 | void SCREEN_INIT(Screen* screen,int datasize,int selsize,char** data,uint8_t (*dataloc)[2],uint8_t (*seldata)[2]);
      |                                                                      ~~~~~~~~~~^~~~~~~~~~~
../Core/Src/main.c:590:56: warning: passing argument 6 of 'SCREEN_INIT' discards 'const' qualifier from pointer target type [-Wdiscarded-array-qualifiers]
  590 |  SCREEN_INIT(&HOME,7,6,(char**)HOME_SCREEN,HOME_DATLOC,HOME_SEL);
      |                                                        ^~~~~~~~
In file included from ../Core/Src/main.c:28:
../Core/Inc/OLED.h:198:102: note: expected 'uint8_t (*)[2]' {aka 'unsigned char (*)[2]'} but argument is of type 'const uint8_t (*)[2]' {aka 'const unsigned char (*)[2]'}
  198 | void SCREEN_INIT(Screen* screen,int datasize,int selsize,char** data,uint8_t (*dataloc)[2],uint8_t (*seldata)[2]);
      |                                                                                            ~~~~~~~~~~^~~~~~~~~~~
../Core/Src/main.c: In function 'StartReadCard':
../Core/Src/main.c:624:8: warning: implicit declaration of function 'DumpINFO' [-Wimplicit-function-declaration]
  624 |     if(DumpINFO(cardinf)==PCD_OK){
      |        ^~~~~~~~
In file included from ../Core/Src/main.c:28:
At top level:
../Core/Inc/OLED.h:167:20: warning: 'WRITE_SCREEN' defined but not used [-Wunused-variable]
  167 | static const char* WRITE_SCREEN[4]={"WRITE CARD","STANDARD: ISO 14443-3","SRC FILE: NONE","STATUS: NO CARD"};
      |                    ^~~~~~~~~~~~
../Core/Inc/OLED.h:163:20: warning: 'CARD_FOUNDSCREEN' defined but not used [-Wunused-variable]
  163 | static const char* CARD_FOUNDSCREEN[5]={"CARD FOUND","UID:","IC:","SAVE","EXIT"};
      |                    ^~~~~~~~~~~~~~~~
../Core/Inc/OLED.h:159:20: warning: 'READ_SCREEN' defined but not used [-Wunused-variable]
  159 | static const char* READ_SCREEN[3]={"READ CARD","STANDARD: ISO 14443-3","STATUS: NO CARD"};
      |                    ^~~~~~~~~~~
arm-none-eabi-gcc -o "Ruthless RFID.elf" @"objects.list"   -mcpu=cortex-m4 -T"C:\Users\rhett\OneDrive\Documents\Ruthless RFID\Firmware\Ruthless RFID\STM32F401CBUX_FLASH.ld" --specs=nosys.specs -Wl,-Map="Ruthless RFID.map" -Wl,--gc-sections -static --specs=nano.specs -mfpu=fpv4-sp-d16 -mfloat-abi=hard -mthumb -Wl,--start-group -lc -lm -Wl,--end-group
Finished building target: Ruthless RFID.elf
 
arm-none-eabi-size   Ruthless\ RFID.elf 
arm-none-eabi-objdump -h -S  Ruthless\ RFID.elf  > "Ruthless RFID.list"
   text	   data	    bss	    dec	    hex	filename
  60504	   1572	  27564	  89640	  15e28	Ruthless RFID.elf
Finished building: default.size.stdout
 
Finished building: Ruthless RFID.list
 
15:23:33 **** Incremental Build of configuration Debug for project Ruthless RFID ****
make -j8 all 
arm-none-eabi-gcc "../Core/Src/main.c" -mcpu=cortex-m4 -std=gnu11 -g3 -DDEBUG -DUSE_HAL_DRIVER -DSTM32F401xC -c -I../Core/Inc -I../USB_DEVICE/App -I../USB_DEVICE/Target -I../Drivers/STM32F4xx_HAL_Driver/Inc -I../Drivers/STM32F4xx_HAL_Driver/Inc/Legacy -I../Middlewares/Third_Party/FreeRTOS/Source/include -I../Middlewares/Third_Party/FreeRTOS/Source/CMSIS_RTOS_V2 -I../Middlewares/Third_Party/FreeRTOS/Source/portable/GCC/ARM_CM4F -I../Middlewares/ST/STM32_USB_Device_Library/Core/Inc -I../Middlewares/ST/STM32_USB_Device_Library/Class/CDC/Inc -I../Drivers/CMSIS/Device/ST/STM32F4xx/Include -I../Drivers/CMSIS/Include -O0 -ffunction-sections -fdata-sections -Wall -fstack-usage -fcyclomatic-complexity -MMD -MP -MF"Core/Src/main.d" -MT"Core/Src/main.o" --specs=nano.specs -mfpu=fpv4-sp-d16 -mfloat-abi=hard -mthumb -o "Core/Src/main.o"
../Core/Src/main.c: In function 'Start_Init':
../Core/Src/main.c:590:44: warning: passing argument 5 of 'SCREEN_INIT' discards 'const' qualifier from pointer target type [-Wdiscarded-array-qualifiers]
  590 |  SCREEN_INIT(&HOME,7,6,(char**)HOME_SCREEN,HOME_DATLOC,HOME_SEL);
      |                                            ^~~~~~~~~~~
In file included from ../Core/Src/main.c:28:
../Core/Inc/OLED.h:198:80: note: expected 'uint8_t (*)[2]' {aka 'unsigned char (*)[2]'} but argument is of type 'const uint8_t (*)[2]' {aka 'const unsigned char (*)[2]'}
  198 | void SCREEN_INIT(Screen* screen,int datasize,int selsize,char** data,uint8_t (*dataloc)[2],uint8_t (*seldata)[2]);
      |                                                                      ~~~~~~~~~~^~~~~~~~~~~
../Core/Src/main.c:590:56: warning: passing argument 6 of 'SCREEN_INIT' discards 'const' qualifier from pointer target type [-Wdiscarded-array-qualifiers]
  590 |  SCREEN_INIT(&HOME,7,6,(char**)HOME_SCREEN,HOME_DATLOC,HOME_SEL);
      |                                                        ^~~~~~~~
In file included from ../Core/Src/main.c:28:
../Core/Inc/OLED.h:198:102: note: expected 'uint8_t (*)[2]' {aka 'unsigned char (*)[2]'} but argument is of type 'const uint8_t (*)[2]' {aka 'const unsigned char (*)[2]'}
  198 | void SCREEN_INIT(Screen* screen,int datasize,int selsize,char** data,uint8_t (*dataloc)[2],uint8_t (*seldata)[2]);
      |                                                                                            ~~~~~~~~~~^~~~~~~~~~~
../Core/Src/main.c: In function 'StartReadCard':
../Core/Src/main.c:624:8: warning: implicit declaration of function 'DumpINFO' [-Wimplicit-function-declaration]
  624 |     if(DumpINFO(cardinf)==PCD_OK){
      |        ^~~~~~~~
In file included from ../Core/Src/main.c:28:
At top level:
../Core/Inc/OLED.h:167:20: warning: 'WRITE_SCREEN' defined but not used [-Wunused-variable]
  167 | static const char* WRITE_SCREEN[4]={"WRITE CARD","STANDARD: ISO 14443-3","SRC FILE: NONE","STATUS: NO CARD"};
      |                    ^~~~~~~~~~~~
../Core/Inc/OLED.h:163:20: warning: 'CARD_FOUNDSCREEN' defined but not used [-Wunused-variable]
  163 | static const char* CARD_FOUNDSCREEN[5]={"CARD FOUND","UID:","IC:","SAVE","EXIT"};
      |                    ^~~~~~~~~~~~~~~~
../Core/Inc/OLED.h:159:20: warning: 'READ_SCREEN' defined but not used [-Wunused-variable]
  159 | static const char* READ_SCREEN[3]={"READ CARD","STANDARD: ISO 14443-3","STATUS: NO CARD"};
      |                    ^~~~~~~~~~~
arm-none-eabi-gcc -o "Ruthless RFID.elf" @"objects.list"   -mcpu=cortex-m4 -T"C:\Users\rhett\OneDrive\Documents\Ruthless RFID\Firmware\Ruthless RFID\STM32F401CBUX_FLASH.ld" --specs=nosys.specs -Wl,-Map="Ruthless RFID.map" -Wl,--gc-sections -static --specs=nano.specs -mfpu=fpv4-sp-d16 -mfloat-abi=hard -mthumb -Wl,--start-group -lc -lm -Wl,--end-group
Finished building target: Ruthless RFID.elf
 
arm-none-eabi-size   Ruthless\ RFID.elf 
arm-none-eabi-objdump -h -S  Ruthless\ RFID.elf  > "Ruthless RFID.list"
   text	   data	    bss	    dec	    hex	filename
  60488	   1572	  27564	  89624	  15e18	Ruthless RFID.elf
Finished building: default.size.stdout
 
Finished building: Ruthless RFID.list
 
15:26:53 **** Incremental Build of configuration Debug for project Ruthless RFID ****
make -j8 all 
arm-none-eabi-gcc "../Core/Src/main.c" -mcpu=cortex-m4 -std=gnu11 -g3 -DDEBUG -DUSE_HAL_DRIVER -DSTM32F401xC -c -I../Core/Inc -I../USB_DEVICE/App -I../USB_DEVICE/Target -I../Drivers/STM32F4xx_HAL_Driver/Inc -I../Drivers/STM32F4xx_HAL_Driver/Inc/Legacy -I../Middlewares/Third_Party/FreeRTOS/Source/include -I../Middlewares/Third_Party/FreeRTOS/Source/CMSIS_RTOS_V2 -I../Middlewares/Third_Party/FreeRTOS/Source/portable/GCC/ARM_CM4F -I../Middlewares/ST/STM32_USB_Device_Library/Core/Inc -I../Middlewares/ST/STM32_USB_Device_Library/Class/CDC/Inc -I../Drivers/CMSIS/Device/ST/STM32F4xx/Include -I../Drivers/CMSIS/Include -O0 -ffunction-sections -fdata-sections -Wall -fstack-usage -fcyclomatic-complexity -MMD -MP -MF"Core/Src/main.d" -MT"Core/Src/main.o" --specs=nano.specs -mfpu=fpv4-sp-d16 -mfloat-abi=hard -mthumb -o "Core/Src/main.o"
../Core/Src/main.c: In function 'Start_Init':
../Core/Src/main.c:590:44: warning: passing argument 5 of 'SCREEN_INIT' discards 'const' qualifier from pointer target type [-Wdiscarded-array-qualifiers]
  590 |  SCREEN_INIT(&HOME,7,6,(char**)HOME_SCREEN,HOME_DATLOC,HOME_SEL);
      |                                            ^~~~~~~~~~~
In file included from ../Core/Src/main.c:28:
../Core/Inc/OLED.h:198:80: note: expected 'uint8_t (*)[2]' {aka 'unsigned char (*)[2]'} but argument is of type 'const uint8_t (*)[2]' {aka 'const unsigned char (*)[2]'}
  198 | void SCREEN_INIT(Screen* screen,int datasize,int selsize,char** data,uint8_t (*dataloc)[2],uint8_t (*seldata)[2]);
      |                                                                      ~~~~~~~~~~^~~~~~~~~~~
../Core/Src/main.c:590:56: warning: passing argument 6 of 'SCREEN_INIT' discards 'const' qualifier from pointer target type [-Wdiscarded-array-qualifiers]
  590 |  SCREEN_INIT(&HOME,7,6,(char**)HOME_SCREEN,HOME_DATLOC,HOME_SEL);
      |                                                        ^~~~~~~~
In file included from ../Core/Src/main.c:28:
../Core/Inc/OLED.h:198:102: note: expected 'uint8_t (*)[2]' {aka 'unsigned char (*)[2]'} but argument is of type 'const uint8_t (*)[2]' {aka 'const unsigned char (*)[2]'}
  198 | void SCREEN_INIT(Screen* screen,int datasize,int selsize,char** data,uint8_t (*dataloc)[2],uint8_t (*seldata)[2]);
      |                                                                                            ~~~~~~~~~~^~~~~~~~~~~
../Core/Src/main.c: In function 'StartReadCard':
../Core/Src/main.c:624:8: warning: implicit declaration of function 'DumpINFO' [-Wimplicit-function-declaration]
  624 |     if(DumpINFO(cardinf)==PCD_OK){
      |        ^~~~~~~~
In file included from ../Core/Src/main.c:28:
At top level:
../Core/Inc/OLED.h:167:20: warning: 'WRITE_SCREEN' defined but not used [-Wunused-variable]
  167 | static const char* WRITE_SCREEN[4]={"WRITE CARD","STANDARD: ISO 14443-3","SRC FILE: NONE","STATUS: NO CARD"};
      |                    ^~~~~~~~~~~~
../Core/Inc/OLED.h:163:20: warning: 'CARD_FOUNDSCREEN' defined but not used [-Wunused-variable]
  163 | static const char* CARD_FOUNDSCREEN[5]={"CARD FOUND","UID:","IC:","SAVE","EXIT"};
      |                    ^~~~~~~~~~~~~~~~
../Core/Inc/OLED.h:159:20: warning: 'READ_SCREEN' defined but not used [-Wunused-variable]
  159 | static const char* READ_SCREEN[3]={"READ CARD","STANDARD: ISO 14443-3","STATUS: NO CARD"};
      |                    ^~~~~~~~~~~
arm-none-eabi-gcc -o "Ruthless RFID.elf" @"objects.list"   -mcpu=cortex-m4 -T"C:\Users\rhett\OneDrive\Documents\Ruthless RFID\Firmware\Ruthless RFID\STM32F401CBUX_FLASH.ld" --specs=nosys.specs -Wl,-Map="Ruthless RFID.map" -Wl,--gc-sections -static --specs=nano.specs -mfpu=fpv4-sp-d16 -mfloat-abi=hard -mthumb -Wl,--start-group -lc -lm -Wl,--end-group
Finished building target: Ruthless RFID.elf
 
arm-none-eabi-size   Ruthless\ RFID.elf 
arm-none-eabi-objdump -h -S  Ruthless\ RFID.elf  > "Ruthless RFID.list"
   text	   data	    bss	    dec	    hex	filename
  60520	   1572	  27564	  89656	  15e38	Ruthless RFID.elf
Finished building: default.size.stdout
 
Finished building: Ruthless RFID.list
 
15:27:47 **** Incremental Build of configuration Debug for project Ruthless RFID ****
make -j8 all 
arm-none-eabi-size   Ruthless\ RFID.elf 
   text	   data	    bss	    dec	    hex	filename
  60520	   1572	  27564	  89656	  15e38	Ruthless RFID.elf
Finished building: default.size.stdout
 
15:29:23 **** Incremental Build of configuration Debug for project Ruthless RFID ****
make -j8 all 
arm-none-eabi-gcc "../Core/Src/main.c" -mcpu=cortex-m4 -std=gnu11 -g3 -DDEBUG -DUSE_HAL_DRIVER -DSTM32F401xC -c -I../Core/Inc -I../USB_DEVICE/App -I../USB_DEVICE/Target -I../Drivers/STM32F4xx_HAL_Driver/Inc -I../Drivers/STM32F4xx_HAL_Driver/Inc/Legacy -I../Middlewares/Third_Party/FreeRTOS/Source/include -I../Middlewares/Third_Party/FreeRTOS/Source/CMSIS_RTOS_V2 -I../Middlewares/Third_Party/FreeRTOS/Source/portable/GCC/ARM_CM4F -I../Middlewares/ST/STM32_USB_Device_Library/Core/Inc -I../Middlewares/ST/STM32_USB_Device_Library/Class/CDC/Inc -I../Drivers/CMSIS/Device/ST/STM32F4xx/Include -I../Drivers/CMSIS/Include -O0 -ffunction-sections -fdata-sections -Wall -fstack-usage -fcyclomatic-complexity -MMD -MP -MF"Core/Src/main.d" -MT"Core/Src/main.o" --specs=nano.specs -mfpu=fpv4-sp-d16 -mfloat-abi=hard -mthumb -o "Core/Src/main.o"
../Core/Src/main.c: In function 'Start_Init':
../Core/Src/main.c:590:44: warning: passing argument 5 of 'SCREEN_INIT' discards 'const' qualifier from pointer target type [-Wdiscarded-array-qualifiers]
  590 |  SCREEN_INIT(&HOME,7,6,(char**)HOME_SCREEN,HOME_DATLOC,HOME_SEL);
      |                                            ^~~~~~~~~~~
In file included from ../Core/Src/main.c:28:
../Core/Inc/OLED.h:198:80: note: expected 'uint8_t (*)[2]' {aka 'unsigned char (*)[2]'} but argument is of type 'const uint8_t (*)[2]' {aka 'const unsigned char (*)[2]'}
  198 | void SCREEN_INIT(Screen* screen,int datasize,int selsize,char** data,uint8_t (*dataloc)[2],uint8_t (*seldata)[2]);
      |                                                                      ~~~~~~~~~~^~~~~~~~~~~
../Core/Src/main.c:590:56: warning: passing argument 6 of 'SCREEN_INIT' discards 'const' qualifier from pointer target type [-Wdiscarded-array-qualifiers]
  590 |  SCREEN_INIT(&HOME,7,6,(char**)HOME_SCREEN,HOME_DATLOC,HOME_SEL);
      |                                                        ^~~~~~~~
In file included from ../Core/Src/main.c:28:
../Core/Inc/OLED.h:198:102: note: expected 'uint8_t (*)[2]' {aka 'unsigned char (*)[2]'} but argument is of type 'const uint8_t (*)[2]' {aka 'const unsigned char (*)[2]'}
  198 | void SCREEN_INIT(Screen* screen,int datasize,int selsize,char** data,uint8_t (*dataloc)[2],uint8_t (*seldata)[2]);
      |                                                                                            ~~~~~~~~~~^~~~~~~~~~~
../Core/Src/main.c: In function 'StartReadCard':
../Core/Src/main.c:624:8: warning: implicit declaration of function 'DumpINFO' [-Wimplicit-function-declaration]
  624 |     if(DumpINFO(cardinf)==PCD_OK){
      |        ^~~~~~~~
In file included from ../Core/Src/main.c:28:
At top level:
../Core/Inc/OLED.h:167:20: warning: 'WRITE_SCREEN' defined but not used [-Wunused-variable]
  167 | static const char* WRITE_SCREEN[4]={"WRITE CARD","STANDARD: ISO 14443-3","SRC FILE: NONE","STATUS: NO CARD"};
      |                    ^~~~~~~~~~~~
../Core/Inc/OLED.h:163:20: warning: 'CARD_FOUNDSCREEN' defined but not used [-Wunused-variable]
  163 | static const char* CARD_FOUNDSCREEN[5]={"CARD FOUND","UID:","IC:","SAVE","EXIT"};
      |                    ^~~~~~~~~~~~~~~~
../Core/Inc/OLED.h:159:20: warning: 'READ_SCREEN' defined but not used [-Wunused-variable]
  159 | static const char* READ_SCREEN[3]={"READ CARD","STANDARD: ISO 14443-3","STATUS: NO CARD"};
      |                    ^~~~~~~~~~~
arm-none-eabi-gcc -o "Ruthless RFID.elf" @"objects.list"   -mcpu=cortex-m4 -T"C:\Users\rhett\OneDrive\Documents\Ruthless RFID\Firmware\Ruthless RFID\STM32F401CBUX_FLASH.ld" --specs=nosys.specs -Wl,-Map="Ruthless RFID.map" -Wl,--gc-sections -static --specs=nano.specs -mfpu=fpv4-sp-d16 -mfloat-abi=hard -mthumb -Wl,--start-group -lc -lm -Wl,--end-group
Finished building target: Ruthless RFID.elf
 
arm-none-eabi-size   Ruthless\ RFID.elf 
arm-none-eabi-objdump -h -S  Ruthless\ RFID.elf  > "Ruthless RFID.list"
   text	   data	    bss	    dec	    hex	filename
  60504	   1572	  27564	  89640	  15e28	Ruthless RFID.elf
Finished building: default.size.stdout
 
Finished building: Ruthless RFID.list
 
15:55:49 **** Incremental Build of configuration Debug for project Ruthless RFID ****
make -j8 all 
arm-none-eabi-gcc "../Core/Src/main.c" -mcpu=cortex-m4 -std=gnu11 -g3 -DDEBUG -DUSE_HAL_DRIVER -DSTM32F401xC -c -I../Core/Inc -I../USB_DEVICE/App -I../USB_DEVICE/Target -I../Drivers/STM32F4xx_HAL_Driver/Inc -I../Drivers/STM32F4xx_HAL_Driver/Inc/Legacy -I../Middlewares/Third_Party/FreeRTOS/Source/include -I../Middlewares/Third_Party/FreeRTOS/Source/CMSIS_RTOS_V2 -I../Middlewares/Third_Party/FreeRTOS/Source/portable/GCC/ARM_CM4F -I../Middlewares/ST/STM32_USB_Device_Library/Core/Inc -I../Middlewares/ST/STM32_USB_Device_Library/Class/CDC/Inc -I../Drivers/CMSIS/Device/ST/STM32F4xx/Include -I../Drivers/CMSIS/Include -O0 -ffunction-sections -fdata-sections -Wall -fstack-usage -fcyclomatic-complexity -MMD -MP -MF"Core/Src/main.d" -MT"Core/Src/main.o" --specs=nano.specs -mfpu=fpv4-sp-d16 -mfloat-abi=hard -mthumb -o "Core/Src/main.o"
../Core/Src/main.c: In function 'Start_Init':
../Core/Src/main.c:590:44: warning: passing argument 5 of 'SCREEN_INIT' discards 'const' qualifier from pointer target type [-Wdiscarded-array-qualifiers]
  590 |  SCREEN_INIT(&HOME,7,6,(char**)HOME_SCREEN,HOME_DATLOC,HOME_SEL);
      |                                            ^~~~~~~~~~~
In file included from ../Core/Src/main.c:28:
../Core/Inc/OLED.h:198:80: note: expected 'uint8_t (*)[2]' {aka 'unsigned char (*)[2]'} but argument is of type 'const uint8_t (*)[2]' {aka 'const unsigned char (*)[2]'}
  198 | void SCREEN_INIT(Screen* screen,int datasize,int selsize,char** data,uint8_t (*dataloc)[2],uint8_t (*seldata)[2]);
      |                                                                      ~~~~~~~~~~^~~~~~~~~~~
../Core/Src/main.c:590:56: warning: passing argument 6 of 'SCREEN_INIT' discards 'const' qualifier from pointer target type [-Wdiscarded-array-qualifiers]
  590 |  SCREEN_INIT(&HOME,7,6,(char**)HOME_SCREEN,HOME_DATLOC,HOME_SEL);
      |                                                        ^~~~~~~~
In file included from ../Core/Src/main.c:28:
../Core/Inc/OLED.h:198:102: note: expected 'uint8_t (*)[2]' {aka 'unsigned char (*)[2]'} but argument is of type 'const uint8_t (*)[2]' {aka 'const unsigned char (*)[2]'}
  198 | void SCREEN_INIT(Screen* screen,int datasize,int selsize,char** data,uint8_t (*dataloc)[2],uint8_t (*seldata)[2]);
      |                                                                                            ~~~~~~~~~~^~~~~~~~~~~
../Core/Src/main.c: In function 'StartReadCard':
../Core/Src/main.c:624:8: warning: implicit declaration of function 'DumpINFO' [-Wimplicit-function-declaration]
  624 |     if(DumpINFO(cardinf)==PCD_OK){
      |        ^~~~~~~~
In file included from ../Core/Src/main.c:28:
At top level:
../Core/Inc/OLED.h:167:20: warning: 'WRITE_SCREEN' defined but not used [-Wunused-variable]
  167 | static const char* WRITE_SCREEN[4]={"WRITE CARD","STANDARD: ISO 14443-3","SRC FILE: NONE","STATUS: NO CARD"};
      |                    ^~~~~~~~~~~~
../Core/Inc/OLED.h:163:20: warning: 'CARD_FOUNDSCREEN' defined but not used [-Wunused-variable]
  163 | static const char* CARD_FOUNDSCREEN[5]={"CARD FOUND","UID:","IC:","SAVE","EXIT"};
      |                    ^~~~~~~~~~~~~~~~
../Core/Inc/OLED.h:159:20: warning: 'READ_SCREEN' defined but not used [-Wunused-variable]
  159 | static const char* READ_SCREEN[3]={"READ CARD","STANDARD: ISO 14443-3","STATUS: NO CARD"};
      |                    ^~~~~~~~~~~
arm-none-eabi-gcc -o "Ruthless RFID.elf" @"objects.list"   -mcpu=cortex-m4 -T"C:\Users\rhett\OneDrive\Documents\Ruthless RFID\Firmware\Ruthless RFID\STM32F401CBUX_FLASH.ld" --specs=nosys.specs -Wl,-Map="Ruthless RFID.map" -Wl,--gc-sections -static --specs=nano.specs -mfpu=fpv4-sp-d16 -mfloat-abi=hard -mthumb -Wl,--start-group -lc -lm -Wl,--end-group
Finished building target: Ruthless RFID.elf
 
arm-none-eabi-size   Ruthless\ RFID.elf 
arm-none-eabi-objdump -h -S  Ruthless\ RFID.elf  > "Ruthless RFID.list"
   text	   data	    bss	    dec	    hex	filename
  60504	   1572	  27564	  89640	  15e28	Ruthless RFID.elf
Finished building: default.size.stdout
 
Finished building: Ruthless RFID.list
 
15:58:29 **** Incremental Build of configuration Debug for project Ruthless RFID ****
make -j8 all 
arm-none-eabi-gcc "../Core/Src/main.c" -mcpu=cortex-m4 -std=gnu11 -g3 -DDEBUG -DUSE_HAL_DRIVER -DSTM32F401xC -c -I../Core/Inc -I../USB_DEVICE/App -I../USB_DEVICE/Target -I../Drivers/STM32F4xx_HAL_Driver/Inc -I../Drivers/STM32F4xx_HAL_Driver/Inc/Legacy -I../Middlewares/Third_Party/FreeRTOS/Source/include -I../Middlewares/Third_Party/FreeRTOS/Source/CMSIS_RTOS_V2 -I../Middlewares/Third_Party/FreeRTOS/Source/portable/GCC/ARM_CM4F -I../Middlewares/ST/STM32_USB_Device_Library/Core/Inc -I../Middlewares/ST/STM32_USB_Device_Library/Class/CDC/Inc -I../Drivers/CMSIS/Device/ST/STM32F4xx/Include -I../Drivers/CMSIS/Include -O0 -ffunction-sections -fdata-sections -Wall -fstack-usage -fcyclomatic-complexity -MMD -MP -MF"Core/Src/main.d" -MT"Core/Src/main.o" --specs=nano.specs -mfpu=fpv4-sp-d16 -mfloat-abi=hard -mthumb -o "Core/Src/main.o"
../Core/Src/main.c: In function 'Start_Init':
../Core/Src/main.c:591:44: warning: passing argument 5 of 'SCREEN_INIT' discards 'const' qualifier from pointer target type [-Wdiscarded-array-qualifiers]
  591 |  SCREEN_INIT(&HOME,7,6,(char**)HOME_SCREEN,HOME_DATLOC,HOME_SEL);
      |                                            ^~~~~~~~~~~
In file included from ../Core/Src/main.c:28:
../Core/Inc/OLED.h:198:80: note: expected 'uint8_t (*)[2]' {aka 'unsigned char (*)[2]'} but argument is of type 'const uint8_t (*)[2]' {aka 'const unsigned char (*)[2]'}
  198 | void SCREEN_INIT(Screen* screen,int datasize,int selsize,char** data,uint8_t (*dataloc)[2],uint8_t (*seldata)[2]);
      |                                                                      ~~~~~~~~~~^~~~~~~~~~~
../Core/Src/main.c:591:56: warning: passing argument 6 of 'SCREEN_INIT' discards 'const' qualifier from pointer target type [-Wdiscarded-array-qualifiers]
  591 |  SCREEN_INIT(&HOME,7,6,(char**)HOME_SCREEN,HOME_DATLOC,HOME_SEL);
      |                                                        ^~~~~~~~
In file included from ../Core/Src/main.c:28:
../Core/Inc/OLED.h:198:102: note: expected 'uint8_t (*)[2]' {aka 'unsigned char (*)[2]'} but argument is of type 'const uint8_t (*)[2]' {aka 'const unsigned char (*)[2]'}
  198 | void SCREEN_INIT(Screen* screen,int datasize,int selsize,char** data,uint8_t (*dataloc)[2],uint8_t (*seldata)[2]);
      |                                                                                            ~~~~~~~~~~^~~~~~~~~~~
../Core/Src/main.c: In function 'StartReadCard':
../Core/Src/main.c:625:8: warning: implicit declaration of function 'DumpINFO' [-Wimplicit-function-declaration]
  625 |     if(DumpINFO(cardinf)==PCD_OK){
      |        ^~~~~~~~
../Core/Src/main.c: In function 'StartUpdateDisplay':
../Core/Src/main.c:708:10: warning: unused variable 'rec' [-Wunused-variable]
  708 |  message rec;
      |          ^~~
In file included from ../Core/Src/main.c:28:
At top level:
../Core/Inc/OLED.h:167:20: warning: 'WRITE_SCREEN' defined but not used [-Wunused-variable]
  167 | static const char* WRITE_SCREEN[4]={"WRITE CARD","STANDARD: ISO 14443-3","SRC FILE: NONE","STATUS: NO CARD"};
      |                    ^~~~~~~~~~~~
../Core/Inc/OLED.h:163:20: warning: 'CARD_FOUNDSCREEN' defined but not used [-Wunused-variable]
  163 | static const char* CARD_FOUNDSCREEN[5]={"CARD FOUND","UID:","IC:","SAVE","EXIT"};
      |                    ^~~~~~~~~~~~~~~~
../Core/Inc/OLED.h:159:20: warning: 'READ_SCREEN' defined but not used [-Wunused-variable]
  159 | static const char* READ_SCREEN[3]={"READ CARD","STANDARD: ISO 14443-3","STATUS: NO CARD"};
      |                    ^~~~~~~~~~~
arm-none-eabi-gcc -o "Ruthless RFID.elf" @"objects.list"   -mcpu=cortex-m4 -T"C:\Users\rhett\OneDrive\Documents\Ruthless RFID\Firmware\Ruthless RFID\STM32F401CBUX_FLASH.ld" --specs=nosys.specs -Wl,-Map="Ruthless RFID.map" -Wl,--gc-sections -static --specs=nano.specs -mfpu=fpv4-sp-d16 -mfloat-abi=hard -mthumb -Wl,--start-group -lc -lm -Wl,--end-group
Finished building target: Ruthless RFID.elf
 
arm-none-eabi-size   Ruthless\ RFID.elf 
arm-none-eabi-objdump -h -S  Ruthless\ RFID.elf  > "Ruthless RFID.list"
   text	   data	    bss	    dec	    hex	filename
  60540	   1572	  27564	  89676	  15e4c	Ruthless RFID.elf
Finished building: default.size.stdout
 
Finished building: Ruthless RFID.list
 
15:59:22 **** Incremental Build of configuration Debug for project Ruthless RFID ****
make -j8 all 
arm-none-eabi-gcc "../Core/Src/main.c" -mcpu=cortex-m4 -std=gnu11 -g3 -DDEBUG -DUSE_HAL_DRIVER -DSTM32F401xC -c -I../Core/Inc -I../USB_DEVICE/App -I../USB_DEVICE/Target -I../Drivers/STM32F4xx_HAL_Driver/Inc -I../Drivers/STM32F4xx_HAL_Driver/Inc/Legacy -I../Middlewares/Third_Party/FreeRTOS/Source/include -I../Middlewares/Third_Party/FreeRTOS/Source/CMSIS_RTOS_V2 -I../Middlewares/Third_Party/FreeRTOS/Source/portable/GCC/ARM_CM4F -I../Middlewares/ST/STM32_USB_Device_Library/Core/Inc -I../Middlewares/ST/STM32_USB_Device_Library/Class/CDC/Inc -I../Drivers/CMSIS/Device/ST/STM32F4xx/Include -I../Drivers/CMSIS/Include -O0 -ffunction-sections -fdata-sections -Wall -fstack-usage -fcyclomatic-complexity -MMD -MP -MF"Core/Src/main.d" -MT"Core/Src/main.o" --specs=nano.specs -mfpu=fpv4-sp-d16 -mfloat-abi=hard -mthumb -o "Core/Src/main.o"
../Core/Src/main.c: In function 'Start_Init':
../Core/Src/main.c:591:44: warning: passing argument 5 of 'SCREEN_INIT' discards 'const' qualifier from pointer target type [-Wdiscarded-array-qualifiers]
  591 |  SCREEN_INIT(&HOME,7,6,(char**)HOME_SCREEN,HOME_DATLOC,HOME_SEL);
      |                                            ^~~~~~~~~~~
In file included from ../Core/Src/main.c:28:
../Core/Inc/OLED.h:198:80: note: expected 'uint8_t (*)[2]' {aka 'unsigned char (*)[2]'} but argument is of type 'const uint8_t (*)[2]' {aka 'const unsigned char (*)[2]'}
  198 | void SCREEN_INIT(Screen* screen,int datasize,int selsize,char** data,uint8_t (*dataloc)[2],uint8_t (*seldata)[2]);
      |                                                                      ~~~~~~~~~~^~~~~~~~~~~
../Core/Src/main.c:591:56: warning: passing argument 6 of 'SCREEN_INIT' discards 'const' qualifier from pointer target type [-Wdiscarded-array-qualifiers]
  591 |  SCREEN_INIT(&HOME,7,6,(char**)HOME_SCREEN,HOME_DATLOC,HOME_SEL);
      |                                                        ^~~~~~~~
In file included from ../Core/Src/main.c:28:
../Core/Inc/OLED.h:198:102: note: expected 'uint8_t (*)[2]' {aka 'unsigned char (*)[2]'} but argument is of type 'const uint8_t (*)[2]' {aka 'const unsigned char (*)[2]'}
  198 | void SCREEN_INIT(Screen* screen,int datasize,int selsize,char** data,uint8_t (*dataloc)[2],uint8_t (*seldata)[2]);
      |                                                                                            ~~~~~~~~~~^~~~~~~~~~~
../Core/Src/main.c: In function 'StartReadCard':
../Core/Src/main.c:625:8: warning: implicit declaration of function 'DumpINFO' [-Wimplicit-function-declaration]
  625 |     if(DumpINFO(cardinf)==PCD_OK){
      |        ^~~~~~~~
../Core/Src/main.c: In function 'StartUpdateDisplay':
../Core/Src/main.c:708:10: warning: unused variable 'rec' [-Wunused-variable]
  708 |  message rec;
      |          ^~~
In file included from ../Core/Src/main.c:28:
At top level:
../Core/Inc/OLED.h:167:20: warning: 'WRITE_SCREEN' defined but not used [-Wunused-variable]
  167 | static const char* WRITE_SCREEN[4]={"WRITE CARD","STANDARD: ISO 14443-3","SRC FILE: NONE","STATUS: NO CARD"};
      |                    ^~~~~~~~~~~~
../Core/Inc/OLED.h:163:20: warning: 'CARD_FOUNDSCREEN' defined but not used [-Wunused-variable]
  163 | static const char* CARD_FOUNDSCREEN[5]={"CARD FOUND","UID:","IC:","SAVE","EXIT"};
      |                    ^~~~~~~~~~~~~~~~
../Core/Inc/OLED.h:159:20: warning: 'READ_SCREEN' defined but not used [-Wunused-variable]
  159 | static const char* READ_SCREEN[3]={"READ CARD","STANDARD: ISO 14443-3","STATUS: NO CARD"};
      |                    ^~~~~~~~~~~
arm-none-eabi-gcc -o "Ruthless RFID.elf" @"objects.list"   -mcpu=cortex-m4 -T"C:\Users\rhett\OneDrive\Documents\Ruthless RFID\Firmware\Ruthless RFID\STM32F401CBUX_FLASH.ld" --specs=nosys.specs -Wl,-Map="Ruthless RFID.map" -Wl,--gc-sections -static --specs=nano.specs -mfpu=fpv4-sp-d16 -mfloat-abi=hard -mthumb -Wl,--start-group -lc -lm -Wl,--end-group
Finished building target: Ruthless RFID.elf
 
arm-none-eabi-size   Ruthless\ RFID.elf 
arm-none-eabi-objdump -h -S  Ruthless\ RFID.elf  > "Ruthless RFID.list"
   text	   data	    bss	    dec	    hex	filename
  60540	   1572	  27564	  89676	  15e4c	Ruthless RFID.elf
Finished building: default.size.stdout
 
Finished building: Ruthless RFID.list
 
16:22:07 **** Incremental Build of configuration Debug for project Ruthless RFID ****
make -j8 all 
arm-none-eabi-gcc "../Core/Src/main.c" -mcpu=cortex-m4 -std=gnu11 -g3 -DDEBUG -DUSE_HAL_DRIVER -DSTM32F401xC -c -I../Core/Inc -I../USB_DEVICE/App -I../USB_DEVICE/Target -I../Drivers/STM32F4xx_HAL_Driver/Inc -I../Drivers/STM32F4xx_HAL_Driver/Inc/Legacy -I../Middlewares/Third_Party/FreeRTOS/Source/include -I../Middlewares/Third_Party/FreeRTOS/Source/CMSIS_RTOS_V2 -I../Middlewares/Third_Party/FreeRTOS/Source/portable/GCC/ARM_CM4F -I../Middlewares/ST/STM32_USB_Device_Library/Core/Inc -I../Middlewares/ST/STM32_USB_Device_Library/Class/CDC/Inc -I../Drivers/CMSIS/Device/ST/STM32F4xx/Include -I../Drivers/CMSIS/Include -O0 -ffunction-sections -fdata-sections -Wall -fstack-usage -fcyclomatic-complexity -MMD -MP -MF"Core/Src/main.d" -MT"Core/Src/main.o" --specs=nano.specs -mfpu=fpv4-sp-d16 -mfloat-abi=hard -mthumb -o "Core/Src/main.o"
../Core/Src/main.c: In function 'Start_Init':
../Core/Src/main.c:591:44: warning: passing argument 5 of 'SCREEN_INIT' discards 'const' qualifier from pointer target type [-Wdiscarded-array-qualifiers]
  591 |  SCREEN_INIT(&HOME,7,6,(char**)HOME_SCREEN,HOME_DATLOC,HOME_SEL);
      |                                            ^~~~~~~~~~~
In file included from ../Core/Src/main.c:28:
../Core/Inc/OLED.h:198:80: note: expected 'uint8_t (*)[2]' {aka 'unsigned char (*)[2]'} but argument is of type 'const uint8_t (*)[2]' {aka 'const unsigned char (*)[2]'}
  198 | void SCREEN_INIT(Screen* screen,int datasize,int selsize,char** data,uint8_t (*dataloc)[2],uint8_t (*seldata)[2]);
      |                                                                      ~~~~~~~~~~^~~~~~~~~~~
../Core/Src/main.c:591:56: warning: passing argument 6 of 'SCREEN_INIT' discards 'const' qualifier from pointer target type [-Wdiscarded-array-qualifiers]
  591 |  SCREEN_INIT(&HOME,7,6,(char**)HOME_SCREEN,HOME_DATLOC,HOME_SEL);
      |                                                        ^~~~~~~~
In file included from ../Core/Src/main.c:28:
../Core/Inc/OLED.h:198:102: note: expected 'uint8_t (*)[2]' {aka 'unsigned char (*)[2]'} but argument is of type 'const uint8_t (*)[2]' {aka 'const unsigned char (*)[2]'}
  198 | void SCREEN_INIT(Screen* screen,int datasize,int selsize,char** data,uint8_t (*dataloc)[2],uint8_t (*seldata)[2]);
      |                                                                                            ~~~~~~~~~~^~~~~~~~~~~
../Core/Src/main.c: In function 'StartReadCard':
../Core/Src/main.c:625:8: warning: implicit declaration of function 'DumpINFO' [-Wimplicit-function-declaration]
  625 |     if(DumpINFO(cardinf)==PCD_OK){
      |        ^~~~~~~~
../Core/Src/main.c: In function 'StartUpdateDisplay':
../Core/Src/main.c:713:41: warning: passing argument 2 of 'xQueueReceive' makes pointer from integer without a cast [-Wint-conversion]
  713 |  xQueueReceive(DisplayDataHandle, values[0], 0);
      |                                   ~~~~~~^~~
      |                                         |
      |                                         int
In file included from ../Core/Src/main.c:29:
../Middlewares/Third_Party/FreeRTOS/Source/include/queue.h:868:62: note: expected 'void * const' but argument is of type 'int'
  868 | BaseType_t xQueueReceive( QueueHandle_t xQueue, void * const pvBuffer, TickType_t xTicksToWait ) PRIVILEGED_FUNCTION;
      |                                                 ~~~~~~~~~~~~~^~~~~~~~
../Core/Src/main.c:708:10: warning: unused variable 'rec' [-Wunused-variable]
  708 |  message rec;
      |          ^~~
In file included from ../Core/Src/main.c:28:
At top level:
../Core/Inc/OLED.h:167:20: warning: 'WRITE_SCREEN' defined but not used [-Wunused-variable]
  167 | static const char* WRITE_SCREEN[4]={"WRITE CARD","STANDARD: ISO 14443-3","SRC FILE: NONE","STATUS: NO CARD"};
      |                    ^~~~~~~~~~~~
../Core/Inc/OLED.h:163:20: warning: 'CARD_FOUNDSCREEN' defined but not used [-Wunused-variable]
  163 | static const char* CARD_FOUNDSCREEN[5]={"CARD FOUND","UID:","IC:","SAVE","EXIT"};
      |                    ^~~~~~~~~~~~~~~~
../Core/Inc/OLED.h:159:20: warning: 'READ_SCREEN' defined but not used [-Wunused-variable]
  159 | static const char* READ_SCREEN[3]={"READ CARD","STANDARD: ISO 14443-3","STATUS: NO CARD"};
      |                    ^~~~~~~~~~~
../Core/Src/main.c: In function 'StartUpdateDisplay':
../Core/Src/main.c:713:41: warning: 'values[0]' is used uninitialized in this function [-Wuninitialized]
  713 |  xQueueReceive(DisplayDataHandle, values[0], 0);
      |                                   ~~~~~~^~~
arm-none-eabi-gcc -o "Ruthless RFID.elf" @"objects.list"   -mcpu=cortex-m4 -T"C:\Users\rhett\OneDrive\Documents\Ruthless RFID\Firmware\Ruthless RFID\STM32F401CBUX_FLASH.ld" --specs=nosys.specs -Wl,-Map="Ruthless RFID.map" -Wl,--gc-sections -static --specs=nano.specs -mfpu=fpv4-sp-d16 -mfloat-abi=hard -mthumb -Wl,--start-group -lc -lm -Wl,--end-group
Finished building target: Ruthless RFID.elf
 
arm-none-eabi-size   Ruthless\ RFID.elf 
arm-none-eabi-objdump -h -S  Ruthless\ RFID.elf  > "Ruthless RFID.list"
   text	   data	    bss	    dec	    hex	filename
  60556	   1572	  27564	  89692	  15e5c	Ruthless RFID.elf
Finished building: default.size.stdout
 
Finished building: Ruthless RFID.list
 
16:22:45 **** Incremental Build of configuration Debug for project Ruthless RFID ****
make -j8 all 
arm-none-eabi-gcc "../Core/Src/main.c" -mcpu=cortex-m4 -std=gnu11 -g3 -DDEBUG -DUSE_HAL_DRIVER -DSTM32F401xC -c -I../Core/Inc -I../USB_DEVICE/App -I../USB_DEVICE/Target -I../Drivers/STM32F4xx_HAL_Driver/Inc -I../Drivers/STM32F4xx_HAL_Driver/Inc/Legacy -I../Middlewares/Third_Party/FreeRTOS/Source/include -I../Middlewares/Third_Party/FreeRTOS/Source/CMSIS_RTOS_V2 -I../Middlewares/Third_Party/FreeRTOS/Source/portable/GCC/ARM_CM4F -I../Middlewares/ST/STM32_USB_Device_Library/Core/Inc -I../Middlewares/ST/STM32_USB_Device_Library/Class/CDC/Inc -I../Drivers/CMSIS/Device/ST/STM32F4xx/Include -I../Drivers/CMSIS/Include -O0 -ffunction-sections -fdata-sections -Wall -fstack-usage -fcyclomatic-complexity -MMD -MP -MF"Core/Src/main.d" -MT"Core/Src/main.o" --specs=nano.specs -mfpu=fpv4-sp-d16 -mfloat-abi=hard -mthumb -o "Core/Src/main.o"
../Core/Src/main.c: In function 'Start_Init':
../Core/Src/main.c:591:44: warning: passing argument 5 of 'SCREEN_INIT' discards 'const' qualifier from pointer target type [-Wdiscarded-array-qualifiers]
  591 |  SCREEN_INIT(&HOME,7,6,(char**)HOME_SCREEN,HOME_DATLOC,HOME_SEL);
      |                                            ^~~~~~~~~~~
In file included from ../Core/Src/main.c:28:
../Core/Inc/OLED.h:198:80: note: expected 'uint8_t (*)[2]' {aka 'unsigned char (*)[2]'} but argument is of type 'const uint8_t (*)[2]' {aka 'const unsigned char (*)[2]'}
  198 | void SCREEN_INIT(Screen* screen,int datasize,int selsize,char** data,uint8_t (*dataloc)[2],uint8_t (*seldata)[2]);
      |                                                                      ~~~~~~~~~~^~~~~~~~~~~
../Core/Src/main.c:591:56: warning: passing argument 6 of 'SCREEN_INIT' discards 'const' qualifier from pointer target type [-Wdiscarded-array-qualifiers]
  591 |  SCREEN_INIT(&HOME,7,6,(char**)HOME_SCREEN,HOME_DATLOC,HOME_SEL);
      |                                                        ^~~~~~~~
In file included from ../Core/Src/main.c:28:
../Core/Inc/OLED.h:198:102: note: expected 'uint8_t (*)[2]' {aka 'unsigned char (*)[2]'} but argument is of type 'const uint8_t (*)[2]' {aka 'const unsigned char (*)[2]'}
  198 | void SCREEN_INIT(Screen* screen,int datasize,int selsize,char** data,uint8_t (*dataloc)[2],uint8_t (*seldata)[2]);
      |                                                                                            ~~~~~~~~~~^~~~~~~~~~~
../Core/Src/main.c: In function 'StartReadCard':
../Core/Src/main.c:625:8: warning: implicit declaration of function 'DumpINFO' [-Wimplicit-function-declaration]
  625 |     if(DumpINFO(cardinf)==PCD_OK){
[...]
  198 | void SCREEN_INIT(Screen* screen,int datasize,int selsize,char** data,uint8_t (*dataloc)[2],uint8_t (*seldata)[2]);
      |                                                                                            ~~~~~~~~~~^~~~~~~~~~~
../Core/Src/main.c: In function 'StartReadCard':
../Core/Src/main.c:632:8: warning: implicit declaration of function 'DumpINFO' [-Wimplicit-function-declaration]
  632 |     if(DumpINFO(cardinf)==PCD_OK){
      |        ^~~~~~~~
In file included from ../Core/Src/main.c:28:
At top level:
../Core/Inc/OLED.h:167:20: warning: 'WRITE_SCREEN' defined but not used [-Wunused-variable]
  167 | static const char* WRITE_SCREEN[4]={"WRITE CARD","STANDARD: ISO 14443-3","SRC FILE: NONE","STATUS: NO CARD"};
      |                    ^~~~~~~~~~~~
../Core/Inc/OLED.h:163:20: warning: 'CARD_FOUNDSCREEN' defined but not used [-Wunused-variable]
  163 | static const char* CARD_FOUNDSCREEN[5]={"CARD FOUND","UID:","IC:","SAVE","EXIT"};
      |                    ^~~~~~~~~~~~~~~~
../Core/Inc/OLED.h:159:20: warning: 'READ_SCREEN' defined but not used [-Wunused-variable]
  159 | static const char* READ_SCREEN[3]={"READ CARD","STANDARD: ISO 14443-3","STATUS: NO CARD"};
      |                    ^~~~~~~~~~~
arm-none-eabi-gcc -o "Ruthless RFID.elf" @"objects.list"   -mcpu=cortex-m4 -T"C:\Users\rhett\OneDrive\Documents\Ruthless RFID\Firmware\Ruthless RFID\STM32F401CBUX_FLASH.ld" --specs=nosys.specs -Wl,-Map="Ruthless RFID.map" -Wl,--gc-sections -static --specs=nano.specs -mfpu=fpv4-sp-d16 -mfloat-abi=hard -mthumb -Wl,--start-group -lc -lm -Wl,--end-group
Finished building target: Ruthless RFID.elf
 
arm-none-eabi-size   Ruthless\ RFID.elf 
arm-none-eabi-objdump -h -S  Ruthless\ RFID.elf  > "Ruthless RFID.list"
   text	   data	    bss	    dec	    hex	filename
  60608	   1416	  27568	  89592	  15df8	Ruthless RFID.elf
Finished building: default.size.stdout
 
Finished building: Ruthless RFID.list
 
23:45:41 **** Incremental Build of configuration Debug for project Ruthless RFID ****
make -j8 all 
arm-none-eabi-gcc "../Core/Src/main.c" -mcpu=cortex-m4 -std=gnu11 -g3 -DDEBUG -DUSE_HAL_DRIVER -DSTM32F401xC -c -I../Core/Inc -I../USB_DEVICE/App -I../USB_DEVICE/Target -I../Drivers/STM32F4xx_HAL_Driver/Inc -I../Drivers/STM32F4xx_HAL_Driver/Inc/Legacy -I../Middlewares/Third_Party/FreeRTOS/Source/include -I../Middlewares/Third_Party/FreeRTOS/Source/CMSIS_RTOS_V2 -I../Middlewares/Third_Party/FreeRTOS/Source/portable/GCC/ARM_CM4F -I../Middlewares/ST/STM32_USB_Device_Library/Core/Inc -I../Middlewares/ST/STM32_USB_Device_Library/Class/CDC/Inc -I../Drivers/CMSIS/Device/ST/STM32F4xx/Include -I../Drivers/CMSIS/Include -O0 -ffunction-sections -fdata-sections -Wall -fstack-usage -fcyclomatic-complexity -MMD -MP -MF"Core/Src/main.d" -MT"Core/Src/main.o" --specs=nano.specs -mfpu=fpv4-sp-d16 -mfloat-abi=hard -mthumb -o "Core/Src/main.o"
../Core/Src/main.c: In function 'Start_Init':
../Core/Src/main.c:595:44: warning: passing argument 5 of 'SCREEN_INIT' discards 'const' qualifier from pointer target type [-Wdiscarded-array-qualifiers]
  595 |  SCREEN_INIT(&HOME,7,6,(char**)HOME_SCREEN,HOME_DATLOC,HOME_SEL);
      |                                            ^~~~~~~~~~~
In file included from ../Core/Src/main.c:28:
../Core/Inc/OLED.h:198:80: note: expected 'uint8_t (*)[2]' {aka 'unsigned char (*)[2]'} but argument is of type 'const uint8_t (*)[2]' {aka 'const unsigned char (*)[2]'}
  198 | void SCREEN_INIT(Screen* screen,int datasize,int selsize,char** data,uint8_t (*dataloc)[2],uint8_t (*seldata)[2]);
      |                                                                      ~~~~~~~~~~^~~~~~~~~~~
../Core/Src/main.c:595:56: warning: passing argument 6 of 'SCREEN_INIT' discards 'const' qualifier from pointer target type [-Wdiscarded-array-qualifiers]
  595 |  SCREEN_INIT(&HOME,7,6,(char**)HOME_SCREEN,HOME_DATLOC,HOME_SEL);
      |                                                        ^~~~~~~~
In file included from ../Core/Src/main.c:28:
../Core/Inc/OLED.h:198:102: note: expected 'uint8_t (*)[2]' {aka 'unsigned char (*)[2]'} but argument is of type 'const uint8_t (*)[2]' {aka 'const unsigned char (*)[2]'}
  198 | void SCREEN_INIT(Screen* screen,int datasize,int selsize,char** data,uint8_t (*dataloc)[2],uint8_t (*seldata)[2]);
      |                                                                                            ~~~~~~~~~~^~~~~~~~~~~
../Core/Src/main.c:597:11: warning: unused variable 'count' [-Wunused-variable]
  597 |  uint32_t count = 0;
      |           ^~~~~
../Core/Src/main.c: In function 'StartReadCard':
../Core/Src/main.c:632:8: warning: implicit declaration of function 'DumpINFO' [-Wimplicit-function-declaration]
  632 |     if(DumpINFO(cardinf)==PCD_OK){
      |        ^~~~~~~~
../Core/Src/main.c: In function 'StartUpdateDisplay':
../Core/Src/main.c:719:11: warning: unused variable 'count' [-Wunused-variable]
  719 |  uint32_t count = 0;
      |           ^~~~~
In file included from ../Core/Src/main.c:28:
At top level:
../Core/Inc/OLED.h:167:20: warning: 'WRITE_SCREEN' defined but not used [-Wunused-variable]
  167 | static const char* WRITE_SCREEN[4]={"WRITE CARD","STANDARD: ISO 14443-3","SRC FILE: NONE","STATUS: NO CARD"};
      |                    ^~~~~~~~~~~~
../Core/Inc/OLED.h:163:20: warning: 'CARD_FOUNDSCREEN' defined but not used [-Wunused-variable]
  163 | static const char* CARD_FOUNDSCREEN[5]={"CARD FOUND","UID:","IC:","SAVE","EXIT"};
      |                    ^~~~~~~~~~~~~~~~
../Core/Inc/OLED.h:159:20: warning: 'READ_SCREEN' defined but not used [-Wunused-variable]
  159 | static const char* READ_SCREEN[3]={"READ CARD","STANDARD: ISO 14443-3","STATUS: NO CARD"};
      |                    ^~~~~~~~~~~
arm-none-eabi-gcc -o "Ruthless RFID.elf" @"objects.list"   -mcpu=cortex-m4 -T"C:\Users\rhett\OneDrive\Documents\Ruthless RFID\Firmware\Ruthless RFID\STM32F401CBUX_FLASH.ld" --specs=nosys.specs -Wl,-Map="Ruthless RFID.map" -Wl,--gc-sections -static --specs=nano.specs -mfpu=fpv4-sp-d16 -mfloat-abi=hard -mthumb -Wl,--start-group -lc -lm -Wl,--end-group
Finished building target: Ruthless RFID.elf
 
arm-none-eabi-size   Ruthless\ RFID.elf 
arm-none-eabi-objdump -h -S  Ruthless\ RFID.elf  > "Ruthless RFID.list"
   text	   data	    bss	    dec	    hex	filename
  60272	   1416	  27568	  89256	  15ca8	Ruthless RFID.elf
Finished building: default.size.stdout
 
Finished building: Ruthless RFID.list
 
23:46:42 **** Incremental Build of configuration Debug for project Ruthless RFID ****
make -j8 all 
arm-none-eabi-size   Ruthless\ RFID.elf 
   text	   data	    bss	    dec	    hex	filename
  60272	   1416	  27568	  89256	  15ca8	Ruthless RFID.elf
Finished building: default.size.stdout
 
23:47:57 **** Incremental Build of configuration Debug for project Ruthless RFID ****
make -j8 all 
arm-none-eabi-gcc "../Core/Src/main.c" -mcpu=cortex-m4 -std=gnu11 -g3 -DDEBUG -DUSE_HAL_DRIVER -DSTM32F401xC -c -I../Core/Inc -I../USB_DEVICE/App -I../USB_DEVICE/Target -I../Drivers/STM32F4xx_HAL_Driver/Inc -I../Drivers/STM32F4xx_HAL_Driver/Inc/Legacy -I../Middlewares/Third_Party/FreeRTOS/Source/include -I../Middlewares/Third_Party/FreeRTOS/Source/CMSIS_RTOS_V2 -I../Middlewares/Third_Party/FreeRTOS/Source/portable/GCC/ARM_CM4F -I../Middlewares/ST/STM32_USB_Device_Library/Core/Inc -I../Middlewares/ST/STM32_USB_Device_Library/Class/CDC/Inc -I../Drivers/CMSIS/Device/ST/STM32F4xx/Include -I../Drivers/CMSIS/Include -O0 -ffunction-sections -fdata-sections -Wall -fstack-usage -fcyclomatic-complexity -MMD -MP -MF"Core/Src/main.d" -MT"Core/Src/main.o" --specs=nano.specs -mfpu=fpv4-sp-d16 -mfloat-abi=hard -mthumb -o "Core/Src/main.o"
../Core/Src/main.c: In function 'Start_Init':
../Core/Src/main.c:595:44: warning: passing argument 5 of 'SCREEN_INIT' discards 'const' qualifier from pointer target type [-Wdiscarded-array-qualifiers]
  595 |  SCREEN_INIT(&HOME,7,6,(char**)HOME_SCREEN,HOME_DATLOC,HOME_SEL);
      |                                            ^~~~~~~~~~~
In file included from ../Core/Src/main.c:28:
../Core/Inc/OLED.h:198:80: note: expected 'uint8_t (*)[2]' {aka 'unsigned char (*)[2]'} but argument is of type 'const uint8_t (*)[2]' {aka 'const unsigned char (*)[2]'}
  198 | void SCREEN_INIT(Screen* screen,int datasize,int selsize,char** data,uint8_t (*dataloc)[2],uint8_t (*seldata)[2]);
      |                                                                      ~~~~~~~~~~^~~~~~~~~~~
../Core/Src/main.c:595:56: warning: passing argument 6 of 'SCREEN_INIT' discards 'const' qualifier from pointer target type [-Wdiscarded-array-qualifiers]
  595 |  SCREEN_INIT(&HOME,7,6,(char**)HOME_SCREEN,HOME_DATLOC,HOME_SEL);
      |                                                        ^~~~~~~~
In file included from ../Core/Src/main.c:28:
../Core/Inc/OLED.h:198:102: note: expected 'uint8_t (*)[2]' {aka 'unsigned char (*)[2]'} but argument is of type 'const uint8_t (*)[2]' {aka 'const unsigned char (*)[2]'}
  198 | void SCREEN_INIT(Screen* screen,int datasize,int selsize,char** data,uint8_t (*dataloc)[2],uint8_t (*seldata)[2]);
      |                                                                                            ~~~~~~~~~~^~~~~~~~~~~
../Core/Src/main.c:597:11: warning: unused variable 'count' [-Wunused-variable]
  597 |  uint32_t count = 0;
      |           ^~~~~
../Core/Src/main.c: In function 'StartReadCard':
../Core/Src/main.c:632:8: warning: implicit declaration of function 'DumpINFO' [-Wimplicit-function-declaration]
  632 |     if(DumpINFO(cardinf)==PCD_OK){
      |        ^~~~~~~~
../Core/Src/main.c: In function 'StartUpdateDisplay':
../Core/Src/main.c:719:11: warning: unused variable 'count' [-Wunused-variable]
  719 |  uint32_t count = 0;
      |           ^~~~~
In file included from ../Core/Src/main.c:28:
At top level:
../Core/Inc/OLED.h:167:20: warning: 'WRITE_SCREEN' defined but not used [-Wunused-variable]
  167 | static const char* WRITE_SCREEN[4]={"WRITE CARD","STANDARD: ISO 14443-3","SRC FILE: NONE","STATUS: NO CARD"};
      |                    ^~~~~~~~~~~~
../Core/Inc/OLED.h:163:20: warning: 'CARD_FOUNDSCREEN' defined but not used [-Wunused-variable]
  163 | static const char* CARD_FOUNDSCREEN[5]={"CARD FOUND","UID:","IC:","SAVE","EXIT"};
      |                    ^~~~~~~~~~~~~~~~
../Core/Inc/OLED.h:159:20: warning: 'READ_SCREEN' defined but not used [-Wunused-variable]
  159 | static const char* READ_SCREEN[3]={"READ CARD","STANDARD: ISO 14443-3","STATUS: NO CARD"};
      |                    ^~~~~~~~~~~
arm-none-eabi-gcc -o "Ruthless RFID.elf" @"objects.list"   -mcpu=cortex-m4 -T"C:\Users\rhett\OneDrive\Documents\Ruthless RFID\Firmware\Ruthless RFID\STM32F401CBUX_FLASH.ld" --specs=nosys.specs -Wl,-Map="Ruthless RFID.map" -Wl,--gc-sections -static --specs=nano.specs -mfpu=fpv4-sp-d16 -mfloat-abi=hard -mthumb -Wl,--start-group -lc -lm -Wl,--end-group
Finished building target: Ruthless RFID.elf
 
arm-none-eabi-size   Ruthless\ RFID.elf 
arm-none-eabi-objdump -h -S  Ruthless\ RFID.elf  > "Ruthless RFID.list"
   text	   data	    bss	    dec	    hex	filename
  60272	   1416	  27568	  89256	  15ca8	Ruthless RFID.elf
Finished building: default.size.stdout
 
Finished building: Ruthless RFID.list
 
23:49:00 **** Incremental Build of configuration Debug for project Ruthless RFID ****
make -j8 all 
arm-none-eabi-gcc "../Core/Src/main.c" -mcpu=cortex-m4 -std=gnu11 -g3 -DDEBUG -DUSE_HAL_DRIVER -DSTM32F401xC -c -I../Core/Inc -I../USB_DEVICE/App -I../USB_DEVICE/Target -I../Drivers/STM32F4xx_HAL_Driver/Inc -I../Drivers/STM32F4xx_HAL_Driver/Inc/Legacy -I../Middlewares/Third_Party/FreeRTOS/Source/include -I../Middlewares/Third_Party/FreeRTOS/Source/CMSIS_RTOS_V2 -I../Middlewares/Third_Party/FreeRTOS/Source/portable/GCC/ARM_CM4F -I../Middlewares/ST/STM32_USB_Device_Library/Core/Inc -I../Middlewares/ST/STM32_USB_Device_Library/Class/CDC/Inc -I../Drivers/CMSIS/Device/ST/STM32F4xx/Include -I../Drivers/CMSIS/Include -O0 -ffunction-sections -fdata-sections -Wall -fstack-usage -fcyclomatic-complexity -MMD -MP -MF"Core/Src/main.d" -MT"Core/Src/main.o" --specs=nano.specs -mfpu=fpv4-sp-d16 -mfloat-abi=hard -mthumb -o "Core/Src/main.o"
../Core/Src/main.c: In function 'Start_Init':
../Core/Src/main.c:595:44: warning: passing argument 5 of 'SCREEN_INIT' discards 'const' qualifier from pointer target type [-Wdiscarded-array-qualifiers]
  595 |  SCREEN_INIT(&HOME,7,6,(char**)HOME_SCREEN,HOME_DATLOC,HOME_SEL);
      |                                            ^~~~~~~~~~~
In file included from ../Core/Src/main.c:28:
../Core/Inc/OLED.h:198:80: note: expected 'uint8_t (*)[2]' {aka 'unsigned char (*)[2]'} but argument is of type 'const uint8_t (*)[2]' {aka 'const unsigned char (*)[2]'}
  198 | void SCREEN_INIT(Screen* screen,int datasize,int selsize,char** data,uint8_t (*dataloc)[2],uint8_t (*seldata)[2]);
      |                                                                      ~~~~~~~~~~^~~~~~~~~~~
../Core/Src/main.c:595:56: warning: passing argument 6 of 'SCREEN_INIT' discards 'const' qualifier from pointer target type [-Wdiscarded-array-qualifiers]
  595 |  SCREEN_INIT(&HOME,7,6,(char**)HOME_SCREEN,HOME_DATLOC,HOME_SEL);
      |                                                        ^~~~~~~~
In file included from ../Core/Src/main.c:28:
../Core/Inc/OLED.h:198:102: note: expected 'uint8_t (*)[2]' {aka 'unsigned char (*)[2]'} but argument is of type 'const uint8_t (*)[2]' {aka 'const unsigned char (*)[2]'}
  198 | void SCREEN_INIT(Screen* screen,int datasize,int selsize,char** data,uint8_t (*dataloc)[2],uint8_t (*seldata)[2]);
      |                                                                                            ~~~~~~~~~~^~~~~~~~~~~
../Core/Src/main.c:597:11: warning: unused variable 'count' [-Wunused-variable]
  597 |  uint32_t count = 0;
      |           ^~~~~
../Core/Src/main.c: In function 'StartReadCard':
../Core/Src/main.c:632:8: warning: implicit declaration of function 'DumpINFO' [-Wimplicit-function-declaration]
  632 |     if(DumpINFO(cardinf)==PCD_OK){
      |        ^~~~~~~~
../Core/Src/main.c: In function 'StartUpdateDisplay':
../Core/Src/main.c:719:11: warning: unused variable 'count' [-Wunused-variable]
  719 |  uint32_t count = 0;
      |           ^~~~~
In file included from ../Core/Src/main.c:28:
At top level:
../Core/Inc/OLED.h:167:20: warning: 'WRITE_SCREEN' defined but not used [-Wunused-variable]
  167 | static const char* WRITE_SCREEN[4]={"WRITE CARD","STANDARD: ISO 14443-3","SRC FILE: NONE","STATUS: NO CARD"};
      |                    ^~~~~~~~~~~~
../Core/Inc/OLED.h:163:20: warning: 'CARD_FOUNDSCREEN' defined but not used [-Wunused-variable]
  163 | static const char* CARD_FOUNDSCREEN[5]={"CARD FOUND","UID:","IC:","SAVE","EXIT"};
      |                    ^~~~~~~~~~~~~~~~
../Core/Inc/OLED.h:159:20: warning: 'READ_SCREEN' defined but not used [-Wunused-variable]
  159 | static const char* READ_SCREEN[3]={"READ CARD","STANDARD: ISO 14443-3","STATUS: NO CARD"};
      |                    ^~~~~~~~~~~
arm-none-eabi-gcc -o "Ruthless RFID.elf" @"objects.list"   -mcpu=cortex-m4 -T"C:\Users\rhett\OneDrive\Documents\Ruthless RFID\Firmware\Ruthless RFID\STM32F401CBUX_FLASH.ld" --specs=nosys.specs -Wl,-Map="Ruthless RFID.map" -Wl,--gc-sections -static --specs=nano.specs -mfpu=fpv4-sp-d16 -mfloat-abi=hard -mthumb -Wl,--start-group -lc -lm -Wl,--end-group
Finished building target: Ruthless RFID.elf
 
arm-none-eabi-size   Ruthless\ RFID.elf 
arm-none-eabi-objdump -h -S  Ruthless\ RFID.elf  > "Ruthless RFID.list"
   text	   data	    bss	    dec	    hex	filename
  60272	   1416	  27568	  89256	  15ca8	Ruthless RFID.elf
Finished building: default.size.stdout
 
Finished building: Ruthless RFID.list
 
23:49:35 **** Incremental Build of configuration Debug for project Ruthless RFID ****
make -j8 all 
arm-none-eabi-gcc "../Core/Src/main.c" -mcpu=cortex-m4 -std=gnu11 -g3 -DDEBUG -DUSE_HAL_DRIVER -DSTM32F401xC -c -I../Core/Inc -I../USB_DEVICE/App -I../USB_DEVICE/Target -I../Drivers/STM32F4xx_HAL_Driver/Inc -I../Drivers/STM32F4xx_HAL_Driver/Inc/Legacy -I../Middlewares/Third_Party/FreeRTOS/Source/include -I../Middlewares/Third_Party/FreeRTOS/Source/CMSIS_RTOS_V2 -I../Middlewares/Third_Party/FreeRTOS/Source/portable/GCC/ARM_CM4F -I../Middlewares/ST/STM32_USB_Device_Library/Core/Inc -I../Middlewares/ST/STM32_USB_Device_Library/Class/CDC/Inc -I../Drivers/CMSIS/Device/ST/STM32F4xx/Include -I../Drivers/CMSIS/Include -O0 -ffunction-sections -fdata-sections -Wall -fstack-usage -fcyclomatic-complexity -MMD -MP -MF"Core/Src/main.d" -MT"Core/Src/main.o" --specs=nano.specs -mfpu=fpv4-sp-d16 -mfloat-abi=hard -mthumb -o "Core/Src/main.o"
../Core/Src/main.c: In function 'Start_Init':
../Core/Src/main.c:595:44: warning: passing argument 5 of 'SCREEN_INIT' discards 'const' qualifier from pointer target type [-Wdiscarded-array-qualifiers]
  595 |  SCREEN_INIT(&HOME,7,6,(char**)HOME_SCREEN,HOME_DATLOC,HOME_SEL);
      |                                            ^~~~~~~~~~~
In file included from ../Core/Src/main.c:28:
../Core/Inc/OLED.h:198:80: note: expected 'uint8_t (*)[2]' {aka 'unsigned char (*)[2]'} but argument is of type 'const uint8_t (*)[2]' {aka 'const unsigned char (*)[2]'}
  198 | void SCREEN_INIT(Screen* screen,int datasize,int selsize,char** data,uint8_t (*dataloc)[2],uint8_t (*seldata)[2]);
      |                                                                      ~~~~~~~~~~^~~~~~~~~~~
../Core/Src/main.c:595:56: warning: passing argument 6 of 'SCREEN_INIT' discards 'const' qualifier from pointer target type [-Wdiscarded-array-qualifiers]
  595 |  SCREEN_INIT(&HOME,7,6,(char**)HOME_SCREEN,HOME_DATLOC,HOME_SEL);
      |                                                        ^~~~~~~~
In file included from ../Core/Src/main.c:28:
../Core/Inc/OLED.h:198:102: note: expected 'uint8_t (*)[2]' {aka 'unsigned char (*)[2]'} but argument is of type 'const uint8_t (*)[2]' {aka 'const unsigned char (*)[2]'}
  198 | void SCREEN_INIT(Screen* screen,int datasize,int selsize,char** data,uint8_t (*dataloc)[2],uint8_t (*seldata)[2]);
      |                                                                                            ~~~~~~~~~~^~~~~~~~~~~
../Core/Src/main.c: In function 'StartReadCard':
../Core/Src/main.c:632:8: warning: implicit declaration of function 'DumpINFO' [-Wimplicit-function-declaration]
  632 |     if(DumpINFO(cardinf)==PCD_OK){
      |        ^~~~~~~~
In file included from ../Core/Src/main.c:28:
At top level:
../Core/Inc/OLED.h:167:20: warning: 'WRITE_SCREEN' defined but not used [-Wunused-variable]
  167 | static const char* WRITE_SCREEN[4]={"WRITE CARD","STANDARD: ISO 14443-3","SRC FILE: NONE","STATUS: NO CARD"};
      |                    ^~~~~~~~~~~~
../Core/Inc/OLED.h:163:20: warning: 'CARD_FOUNDSCREEN' defined but not used [-Wunused-variable]
  163 | static const char* CARD_FOUNDSCREEN[5]={"CARD FOUND","UID:","IC:","SAVE","EXIT"};
      |                    ^~~~~~~~~~~~~~~~
../Core/Inc/OLED.h:159:20: warning: 'READ_SCREEN' defined but not used [-Wunused-variable]
  159 | static const char* READ_SCREEN[3]={"READ CARD","STANDARD: ISO 14443-3","STATUS: NO CARD"};
      |                    ^~~~~~~~~~~
arm-none-eabi-gcc -o "Ruthless RFID.elf" @"objects.list"   -mcpu=cortex-m4 -T"C:\Users\rhett\OneDrive\Documents\Ruthless RFID\Firmware\Ruthless RFID\STM32F401CBUX_FLASH.ld" --specs=nosys.specs -Wl,-Map="Ruthless RFID.map" -Wl,--gc-sections -static --specs=nano.specs -mfpu=fpv4-sp-d16 -mfloat-abi=hard -mthumb -Wl,--start-group -lc -lm -Wl,--end-group
Finished building target: Ruthless RFID.elf
 
arm-none-eabi-size   Ruthless\ RFID.elf 
arm-none-eabi-objdump -h -S  Ruthless\ RFID.elf  > "Ruthless RFID.list"
   text	   data	    bss	    dec	    hex	filename
  60608	   1416	  27568	  89592	  15df8	Ruthless RFID.elf
Finished building: default.size.stdout
 
Finished building: Ruthless RFID.list
 
