18:54:38 **** Incremental Build of configuration Debug for project Ruthless RFID ****
make -j8 all 
arm-none-eabi-gcc "../Core/Src/main.c" -mcpu=cortex-m4 -std=gnu11 -g3 -DDEBUG -DUSE_HAL_DRIVER -DSTM32F401xC -c -I../Core/Inc -I../USB_DEVICE/App -I../USB_DEVICE/Target -I../Drivers/STM32F4xx_HAL_Driver/Inc -I../Drivers/STM32F4xx_HAL_Driver/Inc/Legacy -I../Middlewares/Third_Party/FreeRTOS/Source/include -I../Middlewares/Third_Party/FreeRTOS/Source/CMSIS_RTOS_V2 -I../Middlewares/Third_Party/FreeRTOS/Source/portable/GCC/ARM_CM4F -I../Middlewares/ST/STM32_USB_Device_Library/Core/Inc -I../Middlewares/ST/STM32_USB_Device_Library/Class/CDC/Inc -I../Drivers/CMSIS/Device/ST/STM32F4xx/Include -I../Drivers/CMSIS/Include -O0 -ffunction-sections -fdata-sections -Wall -fstack-usage -fcyclomatic-complexity -MMD -MP -MF"Core/Src/main.d" -MT"Core/Src/main.o" --specs=nano.specs -mfpu=fpv4-sp-d16 -mfloat-abi=hard -mthumb -o "Core/Src/main.o"
../Core/Src/main.c: In function 'writecard':
../Core/Src/main.c:177:2: warning: implicit declaration of function 'findfreeaddr' [-Wimplicit-function-declaration]
  177 |  findfreeaddr(address);
      |  ^~~~~~~~~~~~
../Core/Src/main.c: In function 'Start_Init':
../Core/Src/main.c:625:20: warning: unused variable 'byte2' [-Wunused-variable]
  625 |     uint8_t byte1, byte2;
      |                    ^~~~~
../Core/Src/main.c:625:13: warning: unused variable 'byte1' [-Wunused-variable]
  625 |     uint8_t byte1, byte2;
      |             ^~~~~
../Core/Src/main.c:624:11: warning: variable 'read' set but not used [-Wunused-but-set-variable]
  624 |     Card* read;
      |           ^~~~
../Core/Src/main.c: In function 'CardFoundStart':
../Core/Src/main.c:778:36: warning: passing argument 3 of 'choose' from incompatible pointer type [-Wincompatible-pointer-types]
  778 |  choose(&SCRN_CardFound, &suspend, &count, 2, OLED_NORESTORE);
      |                                    ^~~~~~
      |                                    |
      |                                    int *
../Core/Src/main.c:155:55: note: expected 'uint32_t *' {aka 'long unsigned int *'} but argument is of type 'int *'
  155 | int choose (const Screen* screen,int* flag, uint32_t* count, int max, int restopt) {
      |                                             ~~~~~~~~~~^~~~~
../Core/Src/main.c: In function 'StartShowFiles':
../Core/Src/main.c:811:24: warning: passing argument 1 of 'OLED_display_files' discards 'const' qualifier from pointer target type [-Wdiscarded-qualifiers]
  811 |     OLED_display_files(&SCRN_ShowFiles, 0);
      |                        ^~~~~~~~~~~~~~~
In file included from ../Core/Src/main.c:28:
../Core/Inc/OLED.h:175:46: note: expected 'Screen *' but argument is of type 'const Screen *'
  175 | HAL_StatusTypeDef OLED_display_files(Screen* screen, uint8_t page);
      |                                      ~~~~~~~~^~~~~~
../Core/Src/main.c:803:7: warning: unused variable 'count' [-Wunused-variable]
  803 |   int count = 0;
      |       ^~~~~
../Core/Src/main.c: In function 'choose':
../Core/Src/main.c:173:1: warning: control reaches end of non-void function [-Wreturn-type]
  173 | }
      | ^
../Core/Src/main.c: In function 'writecard':
../Core/Src/main.c:179:1: warning: control reaches end of non-void function [-Wreturn-type]
  179 | }
      | ^
arm-none-eabi-gcc -o "Ruthless RFID.elf" @"objects.list"   -mcpu=cortex-m4 -T"C:\Users\rhett\OneDrive\Documents\Ruthless RFID\Firmware\Ruthless RFID\STM32F401CBUX_FLASH.ld" --specs=nosys.specs -Wl,-Map="Ruthless RFID.map" -Wl,--gc-sections -static --specs=nano.specs -mfpu=fpv4-sp-d16 -mfloat-abi=hard -mthumb -Wl,--start-group -lc -lm -Wl,--end-group
Finished building target: Ruthless RFID.elf
 
arm-none-eabi-size   Ruthless\ RFID.elf 
arm-none-eabi-objdump -h -S  Ruthless\ RFID.elf  > "Ruthless RFID.list"
   text	   data	    bss	    dec	    hex	filename
  64028	   1648	  27560	  93236	  16c34	Ruthless RFID.elf
Finished building: default.size.stdout
 
Finished building: Ruthless RFID.list
 
18:54:48 **** Incremental Build of configuration Debug for project Ruthless RFID ****
make -j8 all 
arm-none-eabi-size   Ruthless\ RFID.elf 
   text	   data	    bss	    dec	    hex	filename
  64028	   1648	  27560	  93236	  16c34	Ruthless RFID.elf
Finished building: default.size.stdout
 
18:55:19 **** Incremental Build of configuration Debug for project Ruthless RFID ****
make -j8 all 
arm-none-eabi-size   Ruthless\ RFID.elf 
   text	   data	    bss	    dec	    hex	filename
  64028	   1648	  27560	  93236	  16c34	Ruthless RFID.elf
Finished building: default.size.stdout
 
18:58:21 **** Incremental Build of configuration Debug for project Ruthless RFID ****
make -j8 all 
arm-none-eabi-gcc "../Core/Src/MFRC.c" -mcpu=cortex-m4 -std=gnu11 -g3 -DDEBUG -DUSE_HAL_DRIVER -DSTM32F401xC -c -I../Core/Inc -I../USB_DEVICE/App -I../USB_DEVICE/Target -I../Drivers/STM32F4xx_HAL_Driver/Inc -I../Drivers/STM32F4xx_HAL_Driver/Inc/Legacy -I../Middlewares/Third_Party/FreeRTOS/Source/include -I../Middlewares/Third_Party/FreeRTOS/Source/CMSIS_RTOS_V2 -I../Middlewares/Third_Party/FreeRTOS/Source/portable/GCC/ARM_CM4F -I../Middlewares/ST/STM32_USB_Device_Library/Core/Inc -I../Middlewares/ST/STM32_USB_Device_Library/Class/CDC/Inc -I../Drivers/CMSIS/Device/ST/STM32F4xx/Include -I../Drivers/CMSIS/Include -O0 -ffunction-sections -fdata-sections -Wall -fstack-usage -fcyclomatic-complexity -MMD -MP -MF"Core/Src/MFRC.d" -MT"Core/Src/MFRC.o" --specs=nano.specs -mfpu=fpv4-sp-d16 -mfloat-abi=hard -mthumb -o "Core/Src/MFRC.o"
arm-none-eabi-gcc "../Core/Src/main.c" -mcpu=cortex-m4 -std=gnu11 -g3 -DDEBUG -DUSE_HAL_DRIVER -DSTM32F401xC -c -I../Core/Inc -I../USB_DEVICE/App -I../USB_DEVICE/Target -I../Drivers/STM32F4xx_HAL_Driver/Inc -I../Drivers/STM32F4xx_HAL_Driver/Inc/Legacy -I../Middlewares/Third_Party/FreeRTOS/Source/include -I../Middlewares/Third_Party/FreeRTOS/Source/CMSIS_RTOS_V2 -I../Middlewares/Third_Party/FreeRTOS/Source/portable/GCC/ARM_CM4F -I../Middlewares/ST/STM32_USB_Device_Library/Core/Inc -I../Middlewares/ST/STM32_USB_Device_Library/Class/CDC/Inc -I../Drivers/CMSIS/Device/ST/STM32F4xx/Include -I../Drivers/CMSIS/Include -O0 -ffunction-sections -fdata-sections -Wall -fstack-usage -fcyclomatic-complexity -MMD -MP -MF"Core/Src/main.d" -MT"Core/Src/main.o" --specs=nano.specs -mfpu=fpv4-sp-d16 -mfloat-abi=hard -mthumb -o "Core/Src/main.o"
../Core/Src/MFRC.c: In function 'MFRC_TRANSCEIVE':
../Core/Src/MFRC.c:201:14: warning: suggest parentheses around comparison in operand of '&' [-Wparentheses]
  201 |  while(IRQval&0x30!=0x30){ //Hang here until RXIRQ and IDLEIRQ bits are set
      |              ^
../Core/Src/MFRC.c: In function 'UL_WRITE':
../Core/Src/MFRC.c:450:6: warning: implicit declaration of function 'PICC_SELECT' [-Wimplicit-function-declaration]
  450 |  if (PICC_SELECT() != PCD_OK) {
      |      ^~~~~~~~~~~
../Core/Src/MFRC.c: In function 'DumpINFO':
../Core/Src/MFRC.c:539:1: warning: control reaches end of non-void function [-Wreturn-type]
  539 | }
      | ^
../Core/Src/main.c: In function 'writecard':
../Core/Src/main.c:177:2: warning: implicit declaration of function 'findfreeaddr' [-Wimplicit-function-declaration]
  177 |  findfreeaddr(address);
      |  ^~~~~~~~~~~~
../Core/Src/main.c: In function 'CardFoundStart':
../Core/Src/main.c:761:36: warning: passing argument 3 of 'choose' from incompatible pointer type [-Wincompatible-pointer-types]
  761 |  choose(&SCRN_CardFound, &suspend, &count, 2, OLED_NORESTORE);
      |                                    ^~~~~~
      |                                    |
      |                                    int *
../Core/Src/main.c:155:55: note: expected 'uint32_t *' {aka 'long unsigned int *'} but argument is of type 'int *'
  155 | int choose (const Screen* screen,int* flag, uint32_t* count, int max, int restopt) {
      |                                             ~~~~~~~~~~^~~~~
../Core/Src/main.c: In function 'StartShowFiles':
../Core/Src/main.c:794:24: warning: passing argument 1 of 'OLED_display_files' discards 'const' qualifier from pointer target type [-Wdiscarded-qualifiers]
  794 |     OLED_display_files(&SCRN_ShowFiles, 0);
      |                        ^~~~~~~~~~~~~~~
In file included from ../Core/Src/main.c:28:
../Core/Inc/OLED.h:175:46: note: expected 'Screen *' but argument is of type 'const Screen *'
  175 | HAL_StatusTypeDef OLED_display_files(Screen* screen, uint8_t page);
      |                                      ~~~~~~~~^~~~~~
../Core/Src/main.c:786:7: warning: unused variable 'count' [-Wunused-variable]
  786 |   int count = 0;
      |       ^~~~~
../Core/Src/main.c: In function 'choose':
../Core/Src/main.c:173:1: warning: control reaches end of non-void function [-Wreturn-type]
  173 | }
      | ^
../Core/Src/main.c: In function 'writecard':
../Core/Src/main.c:179:1: warning: control reaches end of non-void function [-Wreturn-type]
  179 | }
      | ^
arm-none-eabi-gcc -o "Ruthless RFID.elf" @"objects.list"   -mcpu=cortex-m4 -T"C:\Users\rhett\OneDrive\Documents\Ruthless RFID\Firmware\Ruthless RFID\STM32F401CBUX_FLASH.ld" --specs=nosys.specs -Wl,-Map="Ruthless RFID.map" -Wl,--gc-sections -static --specs=nano.specs -mfpu=fpv4-sp-d16 -mfloat-abi=hard -mthumb -Wl,--start-group -lc -lm -Wl,--end-group
Finished building target: Ruthless RFID.elf
 
arm-none-eabi-size   Ruthless\ RFID.elf 
arm-none-eabi-objdump -h -S  Ruthless\ RFID.elf  > "Ruthless RFID.list"
   text	   data	    bss	    dec	    hex	filename
  63916	   1648	  27560	  93124	  16bc4	Ruthless RFID.elf
Finished building: default.size.stdout
 
Finished building: Ruthless RFID.list
 
19:06:12 **** Incremental Build of configuration Debug for project Ruthless RFID ****
make -j8 all 
arm-none-eabi-gcc "../Core/Src/MFRC.c" -mcpu=cortex-m4 -std=gnu11 -g3 -DDEBUG -DUSE_HAL_DRIVER -DSTM32F401xC -c -I../Core/Inc -I../USB_DEVICE/App -I../USB_DEVICE/Target -I../Drivers/STM32F4xx_HAL_Driver/Inc -I../Drivers/STM32F4xx_HAL_Driver/Inc/Legacy -I../Middlewares/Third_Party/FreeRTOS/Source/include -I../Middlewares/Third_Party/FreeRTOS/Source/CMSIS_RTOS_V2 -I../Middlewares/Third_Party/FreeRTOS/Source/portable/GCC/ARM_CM4F -I../Middlewares/ST/STM32_USB_Device_Library/Core/Inc -I../Middlewares/ST/STM32_USB_Device_Library/Class/CDC/Inc -I../Drivers/CMSIS/Device/ST/STM32F4xx/Include -I../Drivers/CMSIS/Include -O0 -ffunction-sections -fdata-sections -Wall -fstack-usage -fcyclomatic-complexity -MMD -MP -MF"Core/Src/MFRC.d" -MT"Core/Src/MFRC.o" --specs=nano.specs -mfpu=fpv4-sp-d16 -mfloat-abi=hard -mthumb -o "Core/Src/MFRC.o"
../Core/Src/MFRC.c: In function 'MFRC_TRANSCEIVE':
../Core/Src/MFRC.c:201:14: warning: suggest parentheses around comparison in operand of '&' [-Wparentheses]
  201 |  while(IRQval&0x30!=0x30){ //Hang here until RXIRQ and IDLEIRQ bits are set
      |              ^
../Core/Src/MFRC.c: In function 'UL_WRITE':
../Core/Src/MFRC.c:450:6: warning: implicit declaration of function 'PICC_SELECT' [-Wimplicit-function-declaration]
  450 |  if (PICC_SELECT() != PCD_OK) {
      |      ^~~~~~~~~~~
../Core/Src/MFRC.c: In function 'DumpINFO':
../Core/Src/MFRC.c:539:1: warning: control reaches end of non-void function [-Wreturn-type]
  539 | }
      | ^
arm-none-eabi-gcc -o "Ruthless RFID.elf" @"objects.list"   -mcpu=cortex-m4 -T"C:\Users\rhett\OneDrive\Documents\Ruthless RFID\Firmware\Ruthless RFID\STM32F401CBUX_FLASH.ld" --specs=nosys.specs -Wl,-Map="Ruthless RFID.map" -Wl,--gc-sections -static --specs=nano.specs -mfpu=fpv4-sp-d16 -mfloat-abi=hard -mthumb -Wl,--start-group -lc -lm -Wl,--end-group
Finished building target: Ruthless RFID.elf
 
arm-none-eabi-size   Ruthless\ RFID.elf 
arm-none-eabi-objdump -h -S  Ruthless\ RFID.elf  > "Ruthless RFID.list"
   text	   data	    bss	    dec	    hex	filename
  63948	   1648	  27560	  93156	  16be4	Ruthless RFID.elf
Finished building: default.size.stdout
 
Finished building: Ruthless RFID.list
 
