15:29:11 **** Incremental Build of configuration Debug for project Ruthless RFID ****
make -j8 all 
arm-none-eabi-gcc "../Core/Src/commands.c" -mcpu=cortex-m4 -std=gnu11 -g3 -DDEBUG -DUSE_HAL_DRIVER -DSTM32F401xC -c -I../Core/Inc -I../USB_DEVICE/App -I../USB_DEVICE/Target -I../Drivers/STM32F4xx_HAL_Driver/Inc -I../Drivers/STM32F4xx_HAL_Driver/Inc/Legacy -I../Middlewares/Third_Party/FreeRTOS/Source/include -I../Middlewares/Third_Party/FreeRTOS/Source/CMSIS_RTOS_V2 -I../Middlewares/Third_Party/FreeRTOS/Source/portable/GCC/ARM_CM4F -I../Middlewares/ST/STM32_USB_Device_Library/Core/Inc -I../Middlewares/ST/STM32_USB_Device_Library/Class/CDC/Inc -I../Drivers/CMSIS/Device/ST/STM32F4xx/Include -I../Drivers/CMSIS/Include -O0 -ffunction-sections -fdata-sections -Wall -fstack-usage -fcyclomatic-complexity -MMD -MP -MF"Core/Src/commands.d" -MT"Core/Src/commands.o" --specs=nano.specs -mfpu=fpv4-sp-d16 -mfloat-abi=hard -mthumb -o "Core/Src/commands.o"
arm-none-eabi-gcc "../Core/Src/main.c" -mcpu=cortex-m4 -std=gnu11 -g3 -DDEBUG -DUSE_HAL_DRIVER -DSTM32F401xC -c -I../Core/Inc -I../USB_DEVICE/App -I../USB_DEVICE/Target -I../Drivers/STM32F4xx_HAL_Driver/Inc -I../Drivers/STM32F4xx_HAL_Driver/Inc/Legacy -I../Middlewares/Third_Party/FreeRTOS/Source/include -I../Middlewares/Third_Party/FreeRTOS/Source/CMSIS_RTOS_V2 -I../Middlewares/Third_Party/FreeRTOS/Source/portable/GCC/ARM_CM4F -I../Middlewares/ST/STM32_USB_Device_Library/Core/Inc -I../Middlewares/ST/STM32_USB_Device_Library/Class/CDC/Inc -I../Drivers/CMSIS/Device/ST/STM32F4xx/Include -I../Drivers/CMSIS/Include -O0 -ffunction-sections -fdata-sections -Wall -fstack-usage -fcyclomatic-complexity -MMD -MP -MF"Core/Src/main.d" -MT"Core/Src/main.o" --specs=nano.specs -mfpu=fpv4-sp-d16 -mfloat-abi=hard -mthumb -o "Core/Src/main.o"
../Core/Src/commands.c: In function 'cmd_ls':
../Core/Src/commands.c:16:22: warning: implicit declaration of function 'malloc' [-Wimplicit-function-declaration]
   16 |  char** file_names = malloc(get_number_files_section(0, 3) * sizeof(char*));
      |                      ^~~~~~
../Core/Src/commands.c:16:22: warning: incompatible implicit declaration of built-in function 'malloc'
../Core/Src/commands.c:14:1: note: include '<stdlib.h>' or provide a declaration of 'malloc'
   13 | #include <stdio.h>
  +++ |+#include <stdlib.h>
   14 | 
../Core/Src/commands.c: In function 'cmd_build':
../Core/Src/commands.c:43:19: warning: passing argument 1 of 'strlen' from incompatible pointer type [-Wincompatible-pointer-types]
   43 |   length = strlen(current);
      |                   ^~~~~~~
      |                   |
      |                   char **
In file included from ../Core/Src/commands.c:12:
c:\st\stm32cubeide_1.12.1\stm32cubeide\plugins\com.st.stm32cube.ide.mcu.externaltools.gnu-tools-for-stm32.10.3-2021.10.win32_1.0.200.202301161003\tools\arm-none-eabi\include\string.h:41:17: note: expected 'const char *' but argument is of type 'char **'
   41 | size_t  strlen (const char *);
      |                 ^~~~~~~~~~~~
../Core/Src/commands.c:46:13: warning: implicit declaration of function 'realloc' [-Wimplicit-function-declaration]
   46 |  *current = realloc(current, length + 2);
      |             ^~~~~~~
../Core/Src/commands.c:46:13: warning: incompatible implicit declaration of built-in function 'realloc'
../Core/Src/commands.c:46:13: note: include '<stdlib.h>' or provide a declaration of 'realloc'
../Core/Src/commands.c: In function 'cmd_parse':
../Core/Src/commands.c:35:1: warning: control reaches end of non-void function [-Wreturn-type]
   35 | }
      | ^
../Core/Src/main.c: In function 'write_card':
../Core/Src/main.c:213:2: warning: implicit declaration of function 'OLED_Clear' [-Wimplicit-function-declaration]
  213 |  OLED_Clear();
      |  ^~~~~~~~~~
arm-none-eabi-gcc -o "Ruthless RFID.elf" @"objects.list"   -mcpu=cortex-m4 -T"C:\Users\rhett\OneDrive\Documents\Ruthless RFID\Firmware\Ruthless RFID\STM32F401CBUX_FLASH.ld" --specs=nosys.specs -Wl,-Map="Ruthless RFID.map" -Wl,--gc-sections -static --specs=nano.specs -mfpu=fpv4-sp-d16 -mfloat-abi=hard -mthumb -Wl,--start-group -lc -lm -Wl,--end-group
Finished building target: Ruthless RFID.elf
 
arm-none-eabi-size   Ruthless\ RFID.elf 
arm-none-eabi-objdump -h -S  Ruthless\ RFID.elf  > "Ruthless RFID.list"
   text	   data	    bss	    dec	    hex	filename
  75760	   1836	  42244	 119840	  1d420	Ruthless RFID.elf
Finished building: default.size.stdout
 
Finished building: Ruthless RFID.list
 
15:29:16 **** Incremental Build of configuration Debug for project Ruthless RFID ****
make -j8 all 
arm-none-eabi-size   Ruthless\ RFID.elf 
   text	   data	    bss	    dec	    hex	filename
  75760	   1836	  42244	 119840	  1d420	Ruthless RFID.elf
Finished building: default.size.stdout
 
15:30:28 **** Incremental Build of configuration Debug for project Ruthless RFID ****
make -j8 all 
arm-none-eabi-size   Ruthless\ RFID.elf 
   text	   data	    bss	    dec	    hex	filename
  75760	   1836	  42244	 119840	  1d420	Ruthless RFID.elf
Finished building: default.size.stdout
 
15:33:23 **** Incremental Build of configuration Debug for project Ruthless RFID ****
make -j8 all 
arm-none-eabi-gcc "../Core/Src/commands.c" -mcpu=cortex-m4 -std=gnu11 -g3 -DDEBUG -DUSE_HAL_DRIVER -DSTM32F401xC -c -I../Core/Inc -I../USB_DEVICE/App -I../USB_DEVICE/Target -I../Drivers/STM32F4xx_HAL_Driver/Inc -I../Drivers/STM32F4xx_HAL_Driver/Inc/Legacy -I../Middlewares/Third_Party/FreeRTOS/Source/include -I../Middlewares/Third_Party/FreeRTOS/Source/CMSIS_RTOS_V2 -I../Middlewares/Third_Party/FreeRTOS/Source/portable/GCC/ARM_CM4F -I../Middlewares/ST/STM32_USB_Device_Library/Core/Inc -I../Middlewares/ST/STM32_USB_Device_Library/Class/CDC/Inc -I../Drivers/CMSIS/Device/ST/STM32F4xx/Include -I../Drivers/CMSIS/Include -O0 -ffunction-sections -fdata-sections -Wall -fstack-usage -fcyclomatic-complexity -MMD -MP -MF"Core/Src/commands.d" -MT"Core/Src/commands.o" --specs=nano.specs -mfpu=fpv4-sp-d16 -mfloat-abi=hard -mthumb -o "Core/Src/commands.o"
../Core/Src/commands.c: In function 'cmd_ls':
../Core/Src/commands.c:20:22: warning: implicit declaration of function 'malloc' [-Wimplicit-function-declaration]
   20 |  char** file_names = malloc(get_number_files_section(0, 3) * sizeof(char*));
      |                      ^~~~~~
../Core/Src/commands.c:20:22: warning: incompatible implicit declaration of built-in function 'malloc'
../Core/Src/commands.c:14:1: note: include '<stdlib.h>' or provide a declaration of 'malloc'
   13 | #include <stdio.h>
  +++ |+#include <stdlib.h>
   14 | 
../Core/Src/commands.c: In function 'cmd_build':
../Core/Src/commands.c:60:13: warning: implicit declaration of function 'realloc' [-Wimplicit-function-declaration]
   60 |  *current = realloc(*current, length + 2);
      |             ^~~~~~~
../Core/Src/commands.c:60:13: warning: incompatible implicit declaration of built-in function 'realloc'
../Core/Src/commands.c:60:13: note: include '<stdlib.h>' or provide a declaration of 'realloc'
arm-none-eabi-gcc -o "Ruthless RFID.elf" @"objects.list"   -mcpu=cortex-m4 -T"C:\Users\rhett\OneDrive\Documents\Ruthless RFID\Firmware\Ruthless RFID\STM32F401CBUX_FLASH.ld" --specs=nosys.specs -Wl,-Map="Ruthless RFID.map" -Wl,--gc-sections -static --specs=nano.specs -mfpu=fpv4-sp-d16 -mfloat-abi=hard -mthumb -Wl,--start-group -lc -lm -Wl,--end-group
Finished building target: Ruthless RFID.elf
 
arm-none-eabi-size   Ruthless\ RFID.elf 
arm-none-eabi-objdump -h -S  Ruthless\ RFID.elf  > "Ruthless RFID.list"
   text	   data	    bss	    dec	    hex	filename
  75760	   1836	  42244	 119840	  1d420	Ruthless RFID.elf
Finished building: default.size.stdout
 
Finished building: Ruthless RFID.list
 
15:34:24 **** Incremental Build of configuration Debug for project Ruthless RFID ****
make -j8 all 
arm-none-eabi-gcc "../Core/Src/commands.c" -mcpu=cortex-m4 -std=gnu11 -g3 -DDEBUG -DUSE_HAL_DRIVER -DSTM32F401xC -c -I../Core/Inc -I../USB_DEVICE/App -I../USB_DEVICE/Target -I../Drivers/STM32F4xx_HAL_Driver/Inc -I../Drivers/STM32F4xx_HAL_Driver/Inc/Legacy -I../Middlewares/Third_Party/FreeRTOS/Source/include -I../Middlewares/Third_Party/FreeRTOS/Source/CMSIS_RTOS_V2 -I../Middlewares/Third_Party/FreeRTOS/Source/portable/GCC/ARM_CM4F -I../Middlewares/ST/STM32_USB_Device_Library/Core/Inc -I../Middlewares/ST/STM32_USB_Device_Library/Class/CDC/Inc -I../Drivers/CMSIS/Device/ST/STM32F4xx/Include -I../Drivers/CMSIS/Include -O0 -ffunction-sections -fdata-sections -Wall -fstack-usage -fcyclomatic-complexity -MMD -MP -MF"Core/Src/commands.d" -MT"Core/Src/commands.o" --specs=nano.specs -mfpu=fpv4-sp-d16 -mfloat-abi=hard -mthumb -o "Core/Src/commands.o"
../Core/Src/commands.c: In function 'cmd_ls':
../Core/Src/commands.c:20:22: warning: implicit declaration of function 'malloc' [-Wimplicit-function-declaration]
   20 |  char** file_names = malloc(get_number_files_section(0, 3) * sizeof(char*));
      |                      ^~~~~~
../Core/Src/commands.c:20:22: warning: incompatible implicit declaration of built-in function 'malloc'
../Core/Src/commands.c:14:1: note: include '<stdlib.h>' or provide a declaration of 'malloc'
   13 | #include <stdio.h>
  +++ |+#include <stdlib.h>
   14 | 
../Core/Src/commands.c: In function 'cmd_build':
../Core/Src/commands.c:60:13: warning: implicit declaration of function 'realloc' [-Wimplicit-function-declaration]
   60 |  *current = realloc(*current, length + 2);
      |             ^~~~~~~
../Core/Src/commands.c:60:13: warning: incompatible implicit declaration of built-in function 'realloc'
../Core/Src/commands.c:60:13: note: include '<stdlib.h>' or provide a declaration of 'realloc'
arm-none-eabi-gcc -o "Ruthless RFID.elf" @"objects.list"   -mcpu=cortex-m4 -T"C:\Users\rhett\OneDrive\Documents\Ruthless RFID\Firmware\Ruthless RFID\STM32F401CBUX_FLASH.ld" --specs=nosys.specs -Wl,-Map="Ruthless RFID.map" -Wl,--gc-sections -static --specs=nano.specs -mfpu=fpv4-sp-d16 -mfloat-abi=hard -mthumb -Wl,--start-group -lc -lm -Wl,--end-group
Finished building target: Ruthless RFID.elf
 
arm-none-eabi-size   Ruthless\ RFID.elf 
arm-none-eabi-objdump -h -S  Ruthless\ RFID.elf  > "Ruthless RFID.list"
   text	   data	    bss	    dec	    hex	filename
  75764	   1836	  42244	 119844	  1d424	Ruthless RFID.elf
Finished building: default.size.stdout
 
Finished building: Ruthless RFID.list
 
15:34:52 **** Incremental Build of configuration Debug for project Ruthless RFID ****
make -j8 all 
arm-none-eabi-size   Ruthless\ RFID.elf 
   text	   data	    bss	    dec	    hex	filename
  75764	   1836	  42244	 119844	  1d424	Ruthless RFID.elf
Finished building: default.size.stdout
 
