15:53:48 **** Incremental Build of configuration Debug for project Ruthless RFID ****
make -j8 all 
arm-none-eabi-gcc "../Core/Src/commands.c" -mcpu=cortex-m4 -std=gnu11 -g3 -DDEBUG -DUSE_HAL_DRIVER -DSTM32F401xC -c -I../Core/Inc -I../USB_DEVICE/App -I../USB_DEVICE/Target -I../Drivers/STM32F4xx_HAL_Driver/Inc -I../Drivers/STM32F4xx_HAL_Driver/Inc/Legacy -I../Middlewares/Third_Party/FreeRTOS/Source/include -I../Middlewares/Third_Party/FreeRTOS/Source/CMSIS_RTOS_V2 -I../Middlewares/Third_Party/FreeRTOS/Source/portable/GCC/ARM_CM4F -I../Middlewares/ST/STM32_USB_Device_Library/Core/Inc -I../Middlewares/ST/STM32_USB_Device_Library/Class/CDC/Inc -I../Drivers/CMSIS/Device/ST/STM32F4xx/Include -I../Drivers/CMSIS/Include -O0 -ffunction-sections -fdata-sections -Wall -fstack-usage -fcyclomatic-complexity -MMD -MP -MF"Core/Src/commands.d" -MT"Core/Src/commands.o" --specs=nano.specs -mfpu=fpv4-sp-d16 -mfloat-abi=hard -mthumb -o "Core/Src/commands.o"
arm-none-eabi-gcc -o "Ruthless RFID.elf" @"objects.list"   -mcpu=cortex-m4 -T"C:\Users\rhett\OneDrive\Documents\Ruthless RFID\Firmware\Ruthless RFID\STM32F401CBUX_FLASH.ld" --specs=nosys.specs -Wl,-Map="Ruthless RFID.map" -Wl,--gc-sections -static --specs=nano.specs -mfpu=fpv4-sp-d16 -mfloat-abi=hard -mthumb -Wl,--start-group -lc -lm -Wl,--end-group
Finished building target: Ruthless RFID.elf
 
arm-none-eabi-size   Ruthless\ RFID.elf 
arm-none-eabi-objdump -h -S  Ruthless\ RFID.elf  > "Ruthless RFID.list"
   text	   data	    bss	    dec	    hex	filename
  75764	   1836	  42244	 119844	  1d424	Ruthless RFID.elf
Finished building: default.size.stdout
 
Finished building: Ruthless RFID.list
 
16:03:37 **** Incremental Build of configuration Debug for project Ruthless RFID ****
make -j8 all 
arm-none-eabi-gcc "../USB_DEVICE/App/usbd_cdc_if.c" -mcpu=cortex-m4 -std=gnu11 -g3 -DDEBUG -DUSE_HAL_DRIVER -DSTM32F401xC -c -I../Core/Inc -I../USB_DEVICE/App -I../USB_DEVICE/Target -I../Drivers/STM32F4xx_HAL_Driver/Inc -I../Drivers/STM32F4xx_HAL_Driver/Inc/Legacy -I../Middlewares/Third_Party/FreeRTOS/Source/include -I../Middlewares/Third_Party/FreeRTOS/Source/CMSIS_RTOS_V2 -I../Middlewares/Third_Party/FreeRTOS/Source/portable/GCC/ARM_CM4F -I../Middlewares/ST/STM32_USB_Device_Library/Core/Inc -I../Middlewares/ST/STM32_USB_Device_Library/Class/CDC/Inc -I../Drivers/CMSIS/Device/ST/STM32F4xx/Include -I../Drivers/CMSIS/Include -O0 -ffunction-sections -fdata-sections -Wall -fstack-usage -fcyclomatic-complexity -MMD -MP -MF"USB_DEVICE/App/usbd_cdc_if.d" -MT"USB_DEVICE/App/usbd_cdc_if.o" --specs=nano.specs -mfpu=fpv4-sp-d16 -mfloat-abi=hard -mthumb -o "USB_DEVICE/App/usbd_cdc_if.o"
arm-none-eabi-gcc "../Core/Src/main.c" -mcpu=cortex-m4 -std=gnu11 -g3 -DDEBUG -DUSE_HAL_DRIVER -DSTM32F401xC -c -I../Core/Inc -I../USB_DEVICE/App -I../USB_DEVICE/Target -I../Drivers/STM32F4xx_HAL_Driver/Inc -I../Drivers/STM32F4xx_HAL_Driver/Inc/Legacy -I../Middlewares/Third_Party/FreeRTOS/Source/include -I../Middlewares/Third_Party/FreeRTOS/Source/CMSIS_RTOS_V2 -I../Middlewares/Third_Party/FreeRTOS/Source/portable/GCC/ARM_CM4F -I../Middlewares/ST/STM32_USB_Device_Library/Core/Inc -I../Middlewares/ST/STM32_USB_Device_Library/Class/CDC/Inc -I../Drivers/CMSIS/Device/ST/STM32F4xx/Include -I../Drivers/CMSIS/Include -O0 -ffunction-sections -fdata-sections -Wall -fstack-usage -fcyclomatic-complexity -MMD -MP -MF"Core/Src/main.d" -MT"Core/Src/main.o" --specs=nano.specs -mfpu=fpv4-sp-d16 -mfloat-abi=hard -mthumb -o "Core/Src/main.o"
../Core/Src/main.c: In function 'write_card':
../Core/Src/main.c:213:2: warning: implicit declaration of function 'OLED_Clear' [-Wimplicit-function-declaration]
  213 |  OLED_Clear();
      |  ^~~~~~~~~~
arm-none-eabi-gcc -o "Ruthless RFID.elf" @"objects.list"   -mcpu=cortex-m4 -T"C:\Users\rhett\OneDrive\Documents\Ruthless RFID\Firmware\Ruthless RFID\STM32F401CBUX_FLASH.ld" --specs=nosys.specs -Wl,-Map="Ruthless RFID.map" -Wl,--gc-sections -static --specs=nano.specs -mfpu=fpv4-sp-d16 -mfloat-abi=hard -mthumb -Wl,--start-group -lc -lm -Wl,--end-group
Finished building target: Ruthless RFID.elf
 
arm-none-eabi-size   Ruthless\ RFID.elf 
arm-none-eabi-objdump -h -S  Ruthless\ RFID.elf  > "Ruthless RFID.list"
   text	   data	    bss	    dec	    hex	filename
  75812	   1836	  42244	 119892	  1d454	Ruthless RFID.elf
Finished building: default.size.stdout
 
Finished building: Ruthless RFID.list
 
16:05:02 **** Incremental Build of configuration Debug for project Ruthless RFID ****
make -j8 all 
arm-none-eabi-gcc "../Core/Src/main.c" -mcpu=cortex-m4 -std=gnu11 -g3 -DDEBUG -DUSE_HAL_DRIVER -DSTM32F401xC -c -I../Core/Inc -I../USB_DEVICE/App -I../USB_DEVICE/Target -I../Drivers/STM32F4xx_HAL_Driver/Inc -I../Drivers/STM32F4xx_HAL_Driver/Inc/Legacy -I../Middlewares/Third_Party/FreeRTOS/Source/include -I../Middlewares/Third_Party/FreeRTOS/Source/CMSIS_RTOS_V2 -I../Middlewares/Third_Party/FreeRTOS/Source/portable/GCC/ARM_CM4F -I../Middlewares/ST/STM32_USB_Device_Library/Core/Inc -I../Middlewares/ST/STM32_USB_Device_Library/Class/CDC/Inc -I../Drivers/CMSIS/Device/ST/STM32F4xx/Include -I../Drivers/CMSIS/Include -O0 -ffunction-sections -fdata-sections -Wall -fstack-usage -fcyclomatic-complexity -MMD -MP -MF"Core/Src/main.d" -MT"Core/Src/main.o" --specs=nano.specs -mfpu=fpv4-sp-d16 -mfloat-abi=hard -mthumb -o "Core/Src/main.o"
../Core/Src/main.c: In function 'write_card':
../Core/Src/main.c:213:2: warning: implicit declaration of function 'OLED_Clear' [-Wimplicit-function-declaration]
  213 |  OLED_Clear();
      |  ^~~~~~~~~~
arm-none-eabi-gcc -o "Ruthless RFID.elf" @"objects.list"   -mcpu=cortex-m4 -T"C:\Users\rhett\OneDrive\Documents\Ruthless RFID\Firmware\Ruthless RFID\STM32F401CBUX_FLASH.ld" --specs=nosys.specs -Wl,-Map="Ruthless RFID.map" -Wl,--gc-sections -static --specs=nano.specs -mfpu=fpv4-sp-d16 -mfloat-abi=hard -mthumb -Wl,--start-group -lc -lm -Wl,--end-group
Finished building target: Ruthless RFID.elf
 
arm-none-eabi-size   Ruthless\ RFID.elf 
arm-none-eabi-objdump -h -S  Ruthless\ RFID.elf  > "Ruthless RFID.list"
   text	   data	    bss	    dec	    hex	filename
  75812	   1836	  42244	 119892	  1d454	Ruthless RFID.elf
Finished building: default.size.stdout
 
Finished building: Ruthless RFID.list
 
16:05:56 **** Incremental Build of configuration Debug for project Ruthless RFID ****
make -j8 all 
arm-none-eabi-gcc "../Core/Src/main.c" -mcpu=cortex-m4 -std=gnu11 -g3 -DDEBUG -DUSE_HAL_DRIVER -DSTM32F401xC -c -I../Core/Inc -I../USB_DEVICE/App -I../USB_DEVICE/Target -I../Drivers/STM32F4xx_HAL_Driver/Inc -I../Drivers/STM32F4xx_HAL_Driver/Inc/Legacy -I../Middlewares/Third_Party/FreeRTOS/Source/include -I../Middlewares/Third_Party/FreeRTOS/Source/CMSIS_RTOS_V2 -I../Middlewares/Third_Party/FreeRTOS/Source/portable/GCC/ARM_CM4F -I../Middlewares/ST/STM32_USB_Device_Library/Core/Inc -I../Middlewares/ST/STM32_USB_Device_Library/Class/CDC/Inc -I../Drivers/CMSIS/Device/ST/STM32F4xx/Include -I../Drivers/CMSIS/Include -O0 -ffunction-sections -fdata-sections -Wall -fstack-usage -fcyclomatic-complexity -MMD -MP -MF"Core/Src/main.d" -MT"Core/Src/main.o" --specs=nano.specs -mfpu=fpv4-sp-d16 -mfloat-abi=hard -mthumb -o "Core/Src/main.o"
../Core/Src/main.c: In function 'write_card':
../Core/Src/main.c:213:2: warning: implicit declaration of function 'OLED_Clear' [-Wimplicit-function-declaration]
  213 |  OLED_Clear();
      |  ^~~~~~~~~~
arm-none-eabi-gcc -o "Ruthless RFID.elf" @"objects.list"   -mcpu=cortex-m4 -T"C:\Users\rhett\OneDrive\Documents\Ruthless RFID\Firmware\Ruthless RFID\STM32F401CBUX_FLASH.ld" --specs=nosys.specs -Wl,-Map="Ruthless RFID.map" -Wl,--gc-sections -static --specs=nano.specs -mfpu=fpv4-sp-d16 -mfloat-abi=hard -mthumb -Wl,--start-group -lc -lm -Wl,--end-group
Finished building target: Ruthless RFID.elf
 
arm-none-eabi-size   Ruthless\ RFID.elf 
arm-none-eabi-objdump -h -S  Ruthless\ RFID.elf  > "Ruthless RFID.list"
   text	   data	    bss	    dec	    hex	filename
  75796	   1836	  42244	 119876	  1d444	Ruthless RFID.elf
Finished building: default.size.stdout
 
Finished building: Ruthless RFID.list
 
16:07:09 **** Incremental Build of configuration Debug for project Ruthless RFID ****
make -j8 all 
arm-none-eabi-gcc "../Core/Src/main.c" -mcpu=cortex-m4 -std=gnu11 -g3 -DDEBUG -DUSE_HAL_DRIVER -DSTM32F401xC -c -I../Core/Inc -I../USB_DEVICE/App -I../USB_DEVICE/Target -I../Drivers/STM32F4xx_HAL_Driver/Inc -I../Drivers/STM32F4xx_HAL_Driver/Inc/Legacy -I../Middlewares/Third_Party/FreeRTOS/Source/include -I../Middlewares/Third_Party/FreeRTOS/Source/CMSIS_RTOS_V2 -I../Middlewares/Third_Party/FreeRTOS/Source/portable/GCC/ARM_CM4F -I../Middlewares/ST/STM32_USB_Device_Library/Core/Inc -I../Middlewares/ST/STM32_USB_Device_Library/Class/CDC/Inc -I../Drivers/CMSIS/Device/ST/STM32F4xx/Include -I../Drivers/CMSIS/Include -O0 -ffunction-sections -fdata-sections -Wall -fstack-usage -fcyclomatic-complexity -MMD -MP -MF"Core/Src/main.d" -MT"Core/Src/main.o" --specs=nano.specs -mfpu=fpv4-sp-d16 -mfloat-abi=hard -mthumb -o "Core/Src/main.o"
../Core/Src/main.c: In function 'write_card':
../Core/Src/main.c:213:2: warning: implicit declaration of function 'OLED_Clear' [-Wimplicit-function-declaration]
  213 |  OLED_Clear();
      |  ^~~~~~~~~~
arm-none-eabi-gcc -o "Ruthless RFID.elf" @"objects.list"   -mcpu=cortex-m4 -T"C:\Users\rhett\OneDrive\Documents\Ruthless RFID\Firmware\Ruthless RFID\STM32F401CBUX_FLASH.ld" --specs=nosys.specs -Wl,-Map="Ruthless RFID.map" -Wl,--gc-sections -static --specs=nano.specs -mfpu=fpv4-sp-d16 -mfloat-abi=hard -mthumb -Wl,--start-group -lc -lm -Wl,--end-group
Finished building target: Ruthless RFID.elf
 
arm-none-eabi-size   Ruthless\ RFID.elf 
arm-none-eabi-objdump -h -S  Ruthless\ RFID.elf  > "Ruthless RFID.list"
   text	   data	    bss	    dec	    hex	filename
  75812	   1836	  42244	 119892	  1d454	Ruthless RFID.elf
Finished building: default.size.stdout
 
Finished building: Ruthless RFID.list
 
16:17:54 **** Incremental Build of configuration Debug for project Ruthless RFID ****
make -j8 all 
arm-none-eabi-gcc "../Core/Src/commands.c" -mcpu=cortex-m4 -std=gnu11 -g3 -DDEBUG -DUSE_HAL_DRIVER -DSTM32F401xC -c -I../Core/Inc -I../USB_DEVICE/App -I../USB_DEVICE/Target -I../Drivers/STM32F4xx_HAL_Driver/Inc -I../Drivers/STM32F4xx_HAL_Driver/Inc/Legacy -I../Middlewares/Third_Party/FreeRTOS/Source/include -I../Middlewares/Third_Party/FreeRTOS/Source/CMSIS_RTOS_V2 -I../Middlewares/Third_Party/FreeRTOS/Source/portable/GCC/ARM_CM4F -I../Middlewares/ST/STM32_USB_Device_Library/Core/Inc -I../Middlewares/ST/STM32_USB_Device_Library/Class/CDC/Inc -I../Drivers/CMSIS/Device/ST/STM32F4xx/Include -I../Drivers/CMSIS/Include -O0 -ffunction-sections -fdata-sections -Wall -fstack-usage -fcyclomatic-complexity -MMD -MP -MF"Core/Src/commands.d" -MT"Core/Src/commands.o" --specs=nano.specs -mfpu=fpv4-sp-d16 -mfloat-abi=hard -mthumb -o "Core/Src/commands.o"
arm-none-eabi-gcc "../Core/Src/main.c" -mcpu=cortex-m4 -std=gnu11 -g3 -DDEBUG -DUSE_HAL_DRIVER -DSTM32F401xC -c -I../Core/Inc -I../USB_DEVICE/App -I../USB_DEVICE/Target -I../Drivers/STM32F4xx_HAL_Driver/Inc -I../Drivers/STM32F4xx_HAL_Driver/Inc/Legacy -I../Middlewares/Third_Party/FreeRTOS/Source/include -I../Middlewares/Third_Party/FreeRTOS/Source/CMSIS_RTOS_V2 -I../Middlewares/Third_Party/FreeRTOS/Source/portable/GCC/ARM_CM4F -I../Middlewares/ST/STM32_USB_Device_Library/Core/Inc -I../Middlewares/ST/STM32_USB_Device_Library/Class/CDC/Inc -I../Drivers/CMSIS/Device/ST/STM32F4xx/Include -I../Drivers/CMSIS/Include -O0 -ffunction-sections -fdata-sections -Wall -fstack-usage -fcyclomatic-complexity -MMD -MP -MF"Core/Src/main.d" -MT"Core/Src/main.o" --specs=nano.specs -mfpu=fpv4-sp-d16 -mfloat-abi=hard -mthumb -o "Core/Src/main.o"
../Core/Src/commands.c: In function 'cmd_parse':
../Core/Src/commands.c:42:3: warning: implicit declaration of function 'clear_terminal' [-Wimplicit-function-declaration]
   42 |   clear_terminal();
      |   ^~~~~~~~~~~~~~
../Core/Src/main.c: In function 'write_card':
../Core/Src/main.c:213:2: warning: implicit declaration of function 'OLED_Clear' [-Wimplicit-function-declaration]
  213 |  OLED_Clear();
      |  ^~~~~~~~~~
arm-none-eabi-gcc -o "Ruthless RFID.elf" @"objects.list"   -mcpu=cortex-m4 -T"C:\Users\rhett\OneDrive\Documents\Ruthless RFID\Firmware\Ruthless RFID\STM32F401CBUX_FLASH.ld" --specs=nosys.specs -Wl,-Map="Ruthless RFID.map" -Wl,--gc-sections -static --specs=nano.specs -mfpu=fpv4-sp-d16 -mfloat-abi=hard -mthumb -Wl,--start-group -lc -lm -Wl,--end-group
Finished building target: Ruthless RFID.elf
 
arm-none-eabi-size   Ruthless\ RFID.elf 
arm-none-eabi-objdump -h -S  Ruthless\ RFID.elf  > "Ruthless RFID.list"
   text	   data	    bss	    dec	    hex	filename
  75900	   1836	  42244	 119980	  1d4ac	Ruthless RFID.elf
Finished building: default.size.stdout
 
Finished building: Ruthless RFID.list
 
16:19:29 **** Incremental Build of configuration Debug for project Ruthless RFID ****
make -j8 all 
arm-none-eabi-gcc "../Core/Src/commands.c" -mcpu=cortex-m4 -std=gnu11 -g3 -DDEBUG -DUSE_HAL_DRIVER -DSTM32F401xC -c -I../Core/Inc -I../USB_DEVICE/App -I../USB_DEVICE/Target -I../Drivers/STM32F4xx_HAL_Driver/Inc -I../Drivers/STM32F4xx_HAL_Driver/Inc/Legacy -I../Middlewares/Third_Party/FreeRTOS/Source/include -I../Middlewares/Third_Party/FreeRTOS/Source/CMSIS_RTOS_V2 -I../Middlewares/Third_Party/FreeRTOS/Source/portable/GCC/ARM_CM4F -I../Middlewares/ST/STM32_USB_Device_Library/Core/Inc -I../Middlewares/ST/STM32_USB_Device_Library/Class/CDC/Inc -I../Drivers/CMSIS/Device/ST/STM32F4xx/Include -I../Drivers/CMSIS/Include -O0 -ffunction-sections -fdata-sections -Wall -fstack-usage -fcyclomatic-complexity -MMD -MP -MF"Core/Src/commands.d" -MT"Core/Src/commands.o" --specs=nano.specs -mfpu=fpv4-sp-d16 -mfloat-abi=hard -mthumb -o "Core/Src/commands.o"
arm-none-eabi-gcc -o "Ruthless RFID.elf" @"objects.list"   -mcpu=cortex-m4 -T"C:\Users\rhett\OneDrive\Documents\Ruthless RFID\Firmware\Ruthless RFID\STM32F401CBUX_FLASH.ld" --specs=nosys.specs -Wl,-Map="Ruthless RFID.map" -Wl,--gc-sections -static --specs=nano.specs -mfpu=fpv4-sp-d16 -mfloat-abi=hard -mthumb -Wl,--start-group -lc -lm -Wl,--end-group
Finished building target: Ruthless RFID.elf
 
arm-none-eabi-size   Ruthless\ RFID.elf 
arm-none-eabi-objdump -h -S  Ruthless\ RFID.elf  > "Ruthless RFID.list"
   text	   data	    bss	    dec	    hex	filename
  75932	   1836	  42244	 120012	  1d4cc	Ruthless RFID.elf
Finished building: default.size.stdout
 
Finished building: Ruthless RFID.list
 
