16:46:21 **** Incremental Build of configuration Debug for project Ruthless RFID ****
make -j8 all 
arm-none-eabi-gcc "../Core/Src/commands.c" -mcpu=cortex-m4 -std=gnu11 -g3 -DDEBUG -DUSE_HAL_DRIVER -DSTM32F401xC -c -I../Core/Inc -I../USB_DEVICE/App -I../USB_DEVICE/Target -I../Drivers/STM32F4xx_HAL_Driver/Inc -I../Drivers/STM32F4xx_HAL_Driver/Inc/Legacy -I../Middlewares/Third_Party/FreeRTOS/Source/include -I../Middlewares/Third_Party/FreeRTOS/Source/CMSIS_RTOS_V2 -I../Middlewares/Third_Party/FreeRTOS/Source/portable/GCC/ARM_CM4F -I../Middlewares/ST/STM32_USB_Device_Library/Core/Inc -I../Middlewares/ST/STM32_USB_Device_Library/Class/CDC/Inc -I../Drivers/CMSIS/Device/ST/STM32F4xx/Include -I../Drivers/CMSIS/Include -O0 -ffunction-sections -fdata-sections -Wall -fstack-usage -fcyclomatic-complexity -MMD -MP -MF"Core/Src/commands.d" -MT"Core/Src/commands.o" --specs=nano.specs -mfpu=fpv4-sp-d16 -mfloat-abi=hard -mthumb -o "Core/Src/commands.o"
In file included from ../Core/Src/commands.c:9:
../Core/Inc/terminal.h:34:20: warning: 'RR_TERMINALART' defined but not used [-Wunused-variable]
   34 | static const char* RR_TERMINALART[] = {
      |                    ^~~~~~~~~~~~~~
arm-none-eabi-gcc -o "Ruthless RFID.elf" @"objects.list"   -mcpu=cortex-m4 -T"C:\Users\rhett\OneDrive\Documents\Ruthless RFID\Firmware\Ruthless RFID\STM32F401CBUX_FLASH.ld" --specs=nosys.specs -Wl,-Map="Ruthless RFID.map" -Wl,--gc-sections -static --specs=nano.specs -mfpu=fpv4-sp-d16 -mfloat-abi=hard -mthumb -Wl,--start-group -lc -lm -Wl,--end-group
Finished building target: Ruthless RFID.elf
 
arm-none-eabi-size   Ruthless\ RFID.elf 
arm-none-eabi-objdump -h -S  Ruthless\ RFID.elf  > "Ruthless RFID.list"
   text	   data	    bss	    dec	    hex	filename
  77664	   1860	  42244	 121768	  1dba8	Ruthless RFID.elf
Finished building: default.size.stdout
 
Finished building: Ruthless RFID.list
 
16:46:27 **** Incremental Build of configuration Debug for project Ruthless RFID ****
make -j8 all 
arm-none-eabi-size   Ruthless\ RFID.elf 
   text	   data	    bss	    dec	    hex	filename
  77664	   1860	  42244	 121768	  1dba8	Ruthless RFID.elf
Finished building: default.size.stdout
 
