18:47:08 **** Incremental Build of configuration Debug for project Ruthless RFID ****
make -j8 all 
arm-none-eabi-gcc "../Core/Src/MFRC.c" -mcpu=cortex-m4 -std=gnu11 -g3 -DDEBUG -DUSE_HAL_DRIVER -DSTM32F401xC -c -I../Core/Inc -I../USB_DEVICE/App -I../USB_DEVICE/Target -I../Drivers/STM32F4xx_HAL_Driver/Inc -I../Drivers/STM32F4xx_HAL_Driver/Inc/Legacy -I../Middlewares/Third_Party/FreeRTOS/Source/include -I../Middlewares/Third_Party/FreeRTOS/Source/CMSIS_RTOS_V2 -I../Middlewares/Third_Party/FreeRTOS/Source/portable/GCC/ARM_CM4F -I../Middlewares/ST/STM32_USB_Device_Library/Core/Inc -I../Middlewares/ST/STM32_USB_Device_Library/Class/CDC/Inc -I../Drivers/CMSIS/Device/ST/STM32F4xx/Include -I../Drivers/CMSIS/Include -O0 -ffunction-sections -fdata-sections -Wall -fstack-usage -fcyclomatic-complexity -MMD -MP -MF"Core/Src/MFRC.d" -MT"Core/Src/MFRC.o" --specs=nano.specs -mfpu=fpv4-sp-d16 -mfloat-abi=hard -mthumb -o "Core/Src/MFRC.o"
arm-none-eabi-gcc "../Core/Src/OLED.c" -mcpu=cortex-m4 -std=gnu11 -g3 -DDEBUG -DUSE_HAL_DRIVER -DSTM32F401xC -c -I../Core/Inc -I../USB_DEVICE/App -I../USB_DEVICE/Target -I../Drivers/STM32F4xx_HAL_Driver/Inc -I../Drivers/STM32F4xx_HAL_Driver/Inc/Legacy -I../Middlewares/Third_Party/FreeRTOS/Source/include -I../Middlewares/Third_Party/FreeRTOS/Source/CMSIS_RTOS_V2 -I../Middlewares/Third_Party/FreeRTOS/Source/portable/GCC/ARM_CM4F -I../Middlewares/ST/STM32_USB_Device_Library/Core/Inc -I../Middlewares/ST/STM32_USB_Device_Library/Class/CDC/Inc -I../Drivers/CMSIS/Device/ST/STM32F4xx/Include -I../Drivers/CMSIS/Include -O0 -ffunction-sections -fdata-sections -Wall -fstack-usage -fcyclomatic-complexity -MMD -MP -MF"Core/Src/OLED.d" -MT"Core/Src/OLED.o" --specs=nano.specs -mfpu=fpv4-sp-d16 -mfloat-abi=hard -mthumb -o "Core/Src/OLED.o"
arm-none-eabi-gcc "../Core/Src/main.c" -mcpu=cortex-m4 -std=gnu11 -g3 -DDEBUG -DUSE_HAL_DRIVER -DSTM32F401xC -c -I../Core/Inc -I../USB_DEVICE/App -I../USB_DEVICE/Target -I../Drivers/STM32F4xx_HAL_Driver/Inc -I../Drivers/STM32F4xx_HAL_Driver/Inc/Legacy -I../Middlewares/Third_Party/FreeRTOS/Source/include -I../Middlewares/Third_Party/FreeRTOS/Source/CMSIS_RTOS_V2 -I../Middlewares/Third_Party/FreeRTOS/Source/portable/GCC/ARM_CM4F -I../Middlewares/ST/STM32_USB_Device_Library/Core/Inc -I../Middlewares/ST/STM32_USB_Device_Library/Class/CDC/Inc -I../Drivers/CMSIS/Device/ST/STM32F4xx/Include -I../Drivers/CMSIS/Include -O0 -ffunction-sections -fdata-sections -Wall -fstack-usage -fcyclomatic-complexity -MMD -MP -MF"Core/Src/main.d" -MT"Core/Src/main.o" --specs=nano.specs -mfpu=fpv4-sp-d16 -mfloat-abi=hard -mthumb -o "Core/Src/main.o"
arm-none-eabi-gcc "../Core/Src/ruthlessfs.c" -mcpu=cortex-m4 -std=gnu11 -g3 -DDEBUG -DUSE_HAL_DRIVER -DSTM32F401xC -c -I../Core/Inc -I../USB_DEVICE/App -I../USB_DEVICE/Target -I../Drivers/STM32F4xx_HAL_Driver/Inc -I../Drivers/STM32F4xx_HAL_Driver/Inc/Legacy -I../Middlewares/Third_Party/FreeRTOS/Source/include -I../Middlewares/Third_Party/FreeRTOS/Source/CMSIS_RTOS_V2 -I../Middlewares/Third_Party/FreeRTOS/Source/portable/GCC/ARM_CM4F -I../Middlewares/ST/STM32_USB_Device_Library/Core/Inc -I../Middlewares/ST/STM32_USB_Device_Library/Class/CDC/Inc -I../Drivers/CMSIS/Device/ST/STM32F4xx/Include -I../Drivers/CMSIS/Include -O0 -ffunction-sections -fdata-sections -Wall -fstack-usage -fcyclomatic-complexity -MMD -MP -MF"Core/Src/ruthlessfs.d" -MT"Core/Src/ruthlessfs.o" --specs=nano.specs -mfpu=fpv4-sp-d16 -mfloat-abi=hard -mthumb -o "Core/Src/ruthlessfs.o"
../Core/Src/MFRC.c: In function 'MFRC_TRANSCEIVE':
../Core/Src/MFRC.c:201:14: warning: suggest parentheses around comparison in operand of '&' [-Wparentheses]
  201 |  while(IRQval&0x30!=0x30){ //Hang here until RXIRQ and IDLEIRQ bits are set
      |              ^
../Core/Src/MFRC.c: In function 'UL_WRITE':
../Core/Src/MFRC.c:450:6: warning: implicit declaration of function 'PICC_SELECT' [-Wimplicit-function-declaration]
  450 |  if (PICC_SELECT() != PCD_OK) {
      |      ^~~~~~~~~~~
../Core/Src/MFRC.c: In function 'DumpINFO':
../Core/Src/MFRC.c:539:1: warning: control reaches end of non-void function [-Wreturn-type]
  539 | }
      | ^
../Core/Src/MFRC.c: In function 'UL_readcard':
../Core/Src/MFRC.c:614:1: warning: control reaches end of non-void function [-Wreturn-type]
  614 | }
      | ^
../Core/Src/main.c: In function 'writecard':
../Core/Src/main.c:169:2: warning: implicit declaration of function 'findfreeaddr' [-Wimplicit-function-declaration]
  169 |  findfreeaddr(address);
      |  ^~~~~~~~~~~~
../Core/Src/main.c: In function 'Start_Init':
../Core/Src/main.c:614:13: warning: unused variable 'raw_read' [-Wunused-variable]
  614 |     uint8_t raw_read[30];
      |             ^~~~~~~~
../Core/Src/main.c:613:11: warning: unused variable 'read' [-Wunused-variable]
  613 |     Card* read;
      |           ^~~~
../Core/Src/main.c: In function 'CardFoundStart':
../Core/Src/main.c:762:34: warning: passing argument 3 of 'choose' from incompatible pointer type [-Wincompatible-pointer-types]
  762 |  choose(&SCRN_CardFound,&suspend,&count,2,OLED_NORESTORE);
      |                                  ^~~~~~
      |                                  |
      |                                  int *
../Core/Src/main.c:147:55: note: expected 'uint32_t *' {aka 'long unsigned int *'} but argument is of type 'int *'
  147 | int choose (const Screen* screen,int* flag, uint32_t* count, int max, int restopt) {
      |                                             ~~~~~~~~~~^~~~~
../Core/Src/main.c: In function 'choose':
../Core/Src/main.c:165:1: warning: control reaches end of non-void function [-Wreturn-type]
  165 | }
      | ^
../Core/Src/main.c: In function 'writecard':
../Core/Src/main.c:171:1: warning: control reaches end of non-void function [-Wreturn-type]
  171 | }
      | ^
arm-none-eabi-gcc -o "Ruthless RFID.elf" @"objects.list"   -mcpu=cortex-m4 -T"C:\Users\rhett\OneDrive\Documents\Ruthless RFID\Firmware\Ruthless RFID\STM32F401CBUX_FLASH.ld" --specs=nosys.specs -Wl,-Map="Ruthless RFID.map" -Wl,--gc-sections -static --specs=nano.specs -mfpu=fpv4-sp-d16 -mfloat-abi=hard -mthumb -Wl,--start-group -lc -lm -Wl,--end-group
Finished building target: Ruthless RFID.elf
 
arm-none-eabi-size   Ruthless\ RFID.elf 
arm-none-eabi-objdump -h -S  Ruthless\ RFID.elf  > "Ruthless RFID.list"
   text	   data	    bss	    dec	    hex	filename
  63992	   1620	  27556	  93168	  16bf0	Ruthless RFID.elf
Finished building: default.size.stdout
 
Finished building: Ruthless RFID.list
 
18:47:39 **** Incremental Build of configuration Debug for project Ruthless RFID ****
make -j8 all 
arm-none-eabi-size   Ruthless\ RFID.elf 
   text	   data	    bss	    dec	    hex	filename
  63992	   1620	  27556	  93168	  16bf0	Ruthless RFID.elf
Finished building: default.size.stdout
 
18:49:32 **** Incremental Build of configuration Debug for project Ruthless RFID ****
make -j8 all 
arm-none-eabi-gcc "../Core/Src/MFRC.c" -mcpu=cortex-m4 -std=gnu11 -g3 -DDEBUG -DUSE_HAL_DRIVER -DSTM32F401xC -c -I../Core/Inc -I../USB_DEVICE/App -I../USB_DEVICE/Target -I../Drivers/STM32F4xx_HAL_Driver/Inc -I../Drivers/STM32F4xx_HAL_Driver/Inc/Legacy -I../Middlewares/Third_Party/FreeRTOS/Source/include -I../Middlewares/Third_Party/FreeRTOS/Source/CMSIS_RTOS_V2 -I../Middlewares/Third_Party/FreeRTOS/Source/portable/GCC/ARM_CM4F -I../Middlewares/ST/STM32_USB_Device_Library/Core/Inc -I../Middlewares/ST/STM32_USB_Device_Library/Class/CDC/Inc -I../Drivers/CMSIS/Device/ST/STM32F4xx/Include -I../Drivers/CMSIS/Include -O0 -ffunction-sections -fdata-sections -Wall -fstack-usage -fcyclomatic-complexity -MMD -MP -MF"Core/Src/MFRC.d" -MT"Core/Src/MFRC.o" --specs=nano.specs -mfpu=fpv4-sp-d16 -mfloat-abi=hard -mthumb -o "Core/Src/MFRC.o"
../Core/Src/MFRC.c: In function 'MFRC_TRANSCEIVE':
../Core/Src/MFRC.c:201:14: warning: suggest parentheses around comparison in operand of '&' [-Wparentheses]
  201 |  while(IRQval&0x30!=0x30){ //Hang here until RXIRQ and IDLEIRQ bits are set
      |              ^
../Core/Src/MFRC.c: In function 'UL_WRITE':
../Core/Src/MFRC.c:450:6: warning: implicit declaration of function 'PICC_SELECT' [-Wimplicit-function-declaration]
  450 |  if (PICC_SELECT() != PCD_OK) {
      |      ^~~~~~~~~~~
../Core/Src/MFRC.c: In function 'DumpINFO':
../Core/Src/MFRC.c:539:1: warning: control reaches end of non-void function [-Wreturn-type]
  539 | }
      | ^
../Core/Src/MFRC.c: In function 'UL_readcard':
../Core/Src/MFRC.c:613:1: warning: control reaches end of non-void function [-Wreturn-type]
  613 | }
      | ^
arm-none-eabi-gcc -o "Ruthless RFID.elf" @"objects.list"   -mcpu=cortex-m4 -T"C:\Users\rhett\OneDrive\Documents\Ruthless RFID\Firmware\Ruthless RFID\STM32F401CBUX_FLASH.ld" --specs=nosys.specs -Wl,-Map="Ruthless RFID.map" -Wl,--gc-sections -static --specs=nano.specs -mfpu=fpv4-sp-d16 -mfloat-abi=hard -mthumb -Wl,--start-group -lc -lm -Wl,--end-group
Finished building target: Ruthless RFID.elf
 
arm-none-eabi-size   Ruthless\ RFID.elf 
arm-none-eabi-objdump -h -S  Ruthless\ RFID.elf  > "Ruthless RFID.list"
   text	   data	    bss	    dec	    hex	filename
  63912	   1620	  27556	  93088	  16ba0	Ruthless RFID.elf
Finished building: default.size.stdout
 
Finished building: Ruthless RFID.list
 
19:38:04 **** Incremental Build of configuration Debug for project Ruthless RFID ****
make -j8 all 
arm-none-eabi-gcc "../Core/Src/main.c" -mcpu=cortex-m4 -std=gnu11 -g3 -DDEBUG -DUSE_HAL_DRIVER -DSTM32F401xC -c -I../Core/Inc -I../USB_DEVICE/App -I../USB_DEVICE/Target -I../Drivers/STM32F4xx_HAL_Driver/Inc -I../Drivers/STM32F4xx_HAL_Driver/Inc/Legacy -I../Middlewares/Third_Party/FreeRTOS/Source/include -I../Middlewares/Third_Party/FreeRTOS/Source/CMSIS_RTOS_V2 -I../Middlewares/Third_Party/FreeRTOS/Source/portable/GCC/ARM_CM4F -I../Middlewares/ST/STM32_USB_Device_Library/Core/Inc -I../Middlewares/ST/STM32_USB_Device_Library/Class/CDC/Inc -I../Drivers/CMSIS/Device/ST/STM32F4xx/Include -I../Drivers/CMSIS/Include -O0 -ffunction-sections -fdata-sections -Wall -fstack-usage -fcyclomatic-complexity -MMD -MP -MF"Core/Src/main.d" -MT"Core/Src/main.o" --specs=nano.specs -mfpu=fpv4-sp-d16 -mfloat-abi=hard -mthumb -o "Core/Src/main.o"
../Core/Src/main.c: In function 'writecard':
../Core/Src/main.c:169:2: warning: implicit declaration of function 'findfreeaddr' [-Wimplicit-function-declaration]
  169 |  findfreeaddr(address);
      |  ^~~~~~~~~~~~
../Core/Src/main.c: In function 'CardFoundStart':
../Core/Src/main.c:744:34: warning: passing argument 3 of 'choose' from incompatible pointer type [-Wincompatible-pointer-types]
  744 |  choose(&SCRN_CardFound,&suspend,&count,2,OLED_NORESTORE);
      |                                  ^~~~~~
      |                                  |
      |                                  int *
../Core/Src/main.c:147:55: note: expected 'uint32_t *' {aka 'long unsigned int *'} but argument is of type 'int *'
  147 | int choose (const Screen* screen,int* flag, uint32_t* count, int max, int restopt) {
      |                                             ~~~~~~~~~~^~~~~
../Core/Src/main.c: In function 'choose':
../Core/Src/main.c:165:1: warning: control reaches end of non-void function [-Wreturn-type]
  165 | }
      | ^
../Core/Src/main.c: In function 'writecard':
../Core/Src/main.c:171:1: warning: control reaches end of non-void function [-Wreturn-type]
  171 | }
      | ^
arm-none-eabi-gcc -o "Ruthless RFID.elf" @"objects.list"   -mcpu=cortex-m4 -T"C:\Users\rhett\OneDrive\Documents\Ruthless RFID\Firmware\Ruthless RFID\STM32F401CBUX_FLASH.ld" --specs=nosys.specs -Wl,-Map="Ruthless RFID.map" -Wl,--gc-sections -static --specs=nano.specs -mfpu=fpv4-sp-d16 -mfloat-abi=hard -mthumb -Wl,--start-group -lc -lm -Wl,--end-group
Finished building target: Ruthless RFID.elf
 
arm-none-eabi-size   Ruthless\ RFID.elf 
arm-none-eabi-objdump -h -S  Ruthless\ RFID.elf  > "Ruthless RFID.list"
   text	   data	    bss	    dec	    hex	filename
  61332	   1620	  27556	  90508	  1618c	Ruthless RFID.elf
Finished building: default.size.stdout
 
Finished building: Ruthless RFID.list
 
19:41:33 **** Incremental Build of configuration Debug for project Ruthless RFID ****
make -j8 all 
arm-none-eabi-gcc "../Core/Src/MFRC.c" -mcpu=cortex-m4 -std=gnu11 -g3 -DDEBUG -DUSE_HAL_DRIVER -DSTM32F401xC -c -I../Core/Inc -I../USB_DEVICE/App -I../USB_DEVICE/Target -I../Drivers/STM32F4xx_HAL_Driver/Inc -I../Drivers/STM32F4xx_HAL_Driver/Inc/Legacy -I../Middlewares/Third_Party/FreeRTOS/Source/include -I../Middlewares/Third_Party/FreeRTOS/Source/CMSIS_RTOS_V2 -I../Middlewares/Third_Party/FreeRTOS/Source/portable/GCC/ARM_CM4F -I../Middlewares/ST/STM32_USB_Device_Library/Core/Inc -I../Middlewares/ST/STM32_USB_Device_Library/Class/CDC/Inc -I../Drivers/CMSIS/Device/ST/STM32F4xx/Include -I../Drivers/CMSIS/Include -O0 -ffunction-sections -fdata-sections -Wall -fstack-usage -fcyclomatic-complexity -MMD -MP -MF"Core/Src/MFRC.d" -MT"Core/Src/MFRC.o" --specs=nano.specs -mfpu=fpv4-sp-d16 -mfloat-abi=hard -mthumb -o "Core/Src/MFRC.o"
../Core/Src/MFRC.c: In function 'MFRC_TRANSCEIVE':
../Core/Src/MFRC.c:201:14: warning: suggest parentheses around comparison in operand of '&' [-Wparentheses]
  201 |  while(IRQval&0x30!=0x30){ //Hang here until RXIRQ and IDLEIRQ bits are set
      |              ^
../Core/Src/MFRC.c: In function 'UL_WRITE':
../Core/Src/MFRC.c:450:6: warning: implicit declaration of function 'PICC_SELECT' [-Wimplicit-function-declaration]
  450 |  if (PICC_SELECT() != PCD_OK) {
      |      ^~~~~~~~~~~
../Core/Src/MFRC.c: In function 'DumpINFO':
../Core/Src/MFRC.c:539:1: warning: control reaches end of non-void function [-Wreturn-type]
  539 | }
      | ^
arm-none-eabi-gcc -o "Ruthless RFID.elf" @"objects.list"   -mcpu=cortex-m4 -T"C:\Users\rhett\OneDrive\Documents\Ruthless RFID\Firmware\Ruthless RFID\STM32F401CBUX_FLASH.ld" --specs=nosys.specs -Wl,-Map="Ruthless RFID.map" -Wl,--gc-sections -static --specs=nano.specs -mfpu=fpv4-sp-d16 -mfloat-abi=hard -mthumb -Wl,--start-group -lc -lm -Wl,--end-group
Finished building target: Ruthless RFID.elf
 
arm-none-eabi-size   Ruthless\ RFID.elf 
arm-none-eabi-objdump -h -S  Ruthless\ RFID.elf  > "Ruthless RFID.list"
   text	   data	    bss	    dec	    hex	filename
  61332	   1620	  27556	  90508	  1618c	Ruthless RFID.elf
Finished building: default.size.stdout
 
Finished building: Ruthless RFID.list
 
19:44:34 **** Incremental Build of configuration Debug for project Ruthless RFID ****
make -j8 all 
arm-none-eabi-gcc "../Core/Src/MFRC.c" -mcpu=cortex-m4 -std=gnu11 -g3 -DDEBUG -DUSE_HAL_DRIVER -DSTM32F401xC -c -I../Core/Inc -I../USB_DEVICE/App -I../USB_DEVICE/Target -I../Drivers/STM32F4xx_HAL_Driver/Inc -I../Drivers/STM32F4xx_HAL_Driver/Inc/Legacy -I../Middlewares/Third_Party/FreeRTOS/Source/include -I../Middlewares/Third_Party/FreeRTOS/Source/CMSIS_RTOS_V2 -I../Middlewares/Third_Party/FreeRTOS/Source/portable/GCC/ARM_CM4F -I../Middlewares/ST/STM32_USB_Device_Library/Core/Inc -I../Middlewares/ST/STM32_USB_Device_Library/Class/CDC/Inc -I../Drivers/CMSIS/Device/ST/STM32F4xx/Include -I../Drivers/CMSIS/Include -O0 -ffunction-sections -fdata-sections -Wall -fstack-usage -fcyclomatic-complexity -MMD -MP -MF"Core/Src/MFRC.d" -MT"Core/Src/MFRC.o" --specs=nano.specs -mfpu=fpv4-sp-d16 -mfloat-abi=hard -mthumb -o "Core/Src/MFRC.o"
../Core/Src/MFRC.c: In function 'MFRC_TRANSCEIVE':
../Core/Src/MFRC.c:201:14: warning: suggest parentheses around comparison in operand of '&' [-Wparentheses]
  201 |  while(IRQval&0x30!=0x30){ //Hang here until RXIRQ and IDLEIRQ bits are set
      |              ^
../Core/Src/MFRC.c: In function 'UL_WRITE':
../Core/Src/MFRC.c:450:6: warning: implicit declaration of function 'PICC_SELECT' [-Wimplicit-function-declaration]
  450 |  if (PICC_SELECT() != PCD_OK) {
      |      ^~~~~~~~~~~
../Core/Src/MFRC.c: In function 'DumpINFO':
../Core/Src/MFRC.c:539:1: warning: control reaches end of non-void function [-Wreturn-type]
  539 | }
      | ^
arm-none-eabi-gcc -o "Ruthless RFID.elf" @"objects.list"   -mcpu=cortex-m4 -T"C:\Users\rhett\OneDrive\Documents\Ruthless RFID\Firmware\Ruthless RFID\STM32F401CBUX_FLASH.ld" --specs=nosys.specs -Wl,-Map="Ruthless RFID.map" -Wl,--gc-sections -static --specs=nano.specs -mfpu=fpv4-sp-d16 -mfloat-abi=hard -mthumb -Wl,--start-group -lc -lm -Wl,--end-group
Finished building target: Ruthless RFID.elf
 
arm-none-eabi-size   Ruthless\ RFID.elf 
arm-none-eabi-objdump -h -S  Ruthless\ RFID.elf  > "Ruthless RFID.list"
   text	   data	    bss	    dec	    hex	filename
  61332	   1620	  27556	  90508	  1618c	Ruthless RFID.elf
Finished building: default.size.stdout
 
Finished building: Ruthless RFID.list
 
19:50:41 **** Incremental Build of configuration Debug for project Ruthless RFID ****
make -j8 all 
arm-none-eabi-gcc "../Core/Src/MFRC.c" -mcpu=cortex-m4 -std=gnu11 -g3 -DDEBUG -DUSE_HAL_DRIVER -DSTM32F401xC -c -I../Core/Inc -I../USB_DEVICE/App -I../USB_DEVICE/Target -I../Drivers/STM32F4xx_HAL_Driver/Inc -I../Drivers/STM32F4xx_HAL_Driver/Inc/Legacy -I../Middlewares/Third_Party/FreeRTOS/Source/include -I../Middlewares/Third_Party/FreeRTOS/Source/CMSIS_RTOS_V2 -I../Middlewares/Third_Party/FreeRTOS/Source/portable/GCC/ARM_CM4F -I../Middlewares/ST/STM32_USB_Device_Library/Core/Inc -I../Middlewares/ST/STM32_USB_Device_Library/Class/CDC/Inc -I../Drivers/CMSIS/Device/ST/STM32F4xx/Include -I../Drivers/CMSIS/Include -O0 -ffunction-sections -fdata-sections -Wall -fstack-usage -fcyclomatic-complexity -MMD -MP -MF"Core/Src/MFRC.d" -MT"Core/Src/MFRC.o" --specs=nano.specs -mfpu=fpv4-sp-d16 -mfloat-abi=hard -mthumb -o "Core/Src/MFRC.o"
../Core/Src/MFRC.c: In function 'MFRC_TRANSCEIVE':
../Core/Src/MFRC.c:201:14: warning: suggest parentheses around comparison in operand of '&' [-Wparentheses]
  201 |  while(IRQval&0x30!=0x30){ //Hang here until RXIRQ and IDLEIRQ bits are set
      |              ^
../Core/Src/MFRC.c: In function 'UL_WRITE':
../Core/Src/MFRC.c:450:6: warning: implicit declaration of function 'PICC_SELECT' [-Wimplicit-function-declaration]
  450 |  if (PICC_SELECT() != PCD_OK) {
      |      ^~~~~~~~~~~
../Core/Src/MFRC.c: In function 'DumpINFO':
../Core/Src/MFRC.c:539:1: warning: control reaches end of non-void function [-Wreturn-type]
  539 | }
      | ^
arm-none-eabi-gcc -o "Ruthless RFID.elf" @"objects.list"   -mcpu=cortex-m4 -T"C:\Users\rhett\OneDrive\Documents\Ruthless RFID\Firmware\Ruthless RFID\STM32F401CBUX_FLASH.ld" --specs=nosys.specs -Wl,-Map="Ruthless RFID.map" -Wl,--gc-sections -static --specs=nano.specs -mfpu=fpv4-sp-d16 -mfloat-abi=hard -mthumb -Wl,--start-group -lc -lm -Wl,--end-group
Finished building target: Ruthless RFID.elf
 
arm-none-eabi-size   Ruthless\ RFID.elf 
arm-none-eabi-objdump -h -S  Ruthless\ RFID.elf  > "Ruthless RFID.list"
   text	   data	    bss	    dec	    hex	filename
  61332	   1620	  27556	  90508	  1618c	Ruthless RFID.elf
Finished building: default.size.stdout
 
Finished building: Ruthless RFID.list
 
19:52:34 **** Incremental Build of configuration Debug for project Ruthless RFID ****
make -j8 all 
arm-none-eabi-size   Ruthless\ RFID.elf 
   text	   data	    bss	    dec	    hex	filename
  61332	   1620	  27556	  90508	  1618c	Ruthless RFID.elf
Finished building: default.size.stdout
 
19:56:13 **** Incremental Build of configuration Debug for project Ruthless RFID ****
make -j8 all 
arm-none-eabi-gcc "../Core/Src/MFRC.c" -mcpu=cortex-m4 -std=gnu11 -g3 -DDEBUG -DUSE_HAL_DRIVER -DSTM32F401xC -c -I../Core/Inc -I../USB_DEVICE/App -I../USB_DEVICE/Target -I../Drivers/STM32F4xx_HAL_Driver/Inc -I../Drivers/STM32F4xx_HAL_Driver/Inc/Legacy -I../Middlewares/Third_Party/FreeRTOS/Source/include -I../Middlewares/Third_Party/FreeRTOS/Source/CMSIS_RTOS_V2 -I../Middlewares/Third_Party/FreeRTOS/Source/portable/GCC/ARM_CM4F -I../Middlewares/ST/STM32_USB_Device_Library/Core/Inc -I../Middlewares/ST/STM32_USB_Device_Library/Class/CDC/Inc -I../Drivers/CMSIS/Device/ST/STM32F4xx/Include -I../Drivers/CMSIS/Include -O0 -ffunction-sections -fdata-sections -Wall -fstack-usage -fcyclomatic-complexity -MMD -MP -MF"Core/Src/MFRC.d" -MT"Core/Src/MFRC.o" --specs=nano.specs -mfpu=fpv4-sp-d16 -mfloat-abi=hard -mthumb -o "Core/Src/MFRC.o"
../Core/Src/MFRC.c: In function 'MFRC_TRANSCEIVE':
../Core/Src/MFRC.c:201:14: warning: suggest parentheses around comparison in operand of '&' [-Wparentheses]
  201 |  while(IRQval&0x30!=0x30){ //Hang here until RXIRQ and IDLEIRQ bits are set
      |              ^
../Core/Src/MFRC.c: In function 'UL_WRITE':
../Core/Src/MFRC.c:450:6: warning: implicit declaration of function 'PICC_SELECT' [-Wimplicit-function-declaration]
  450 |  if (PICC_SELECT() != PCD_OK) {
      |      ^~~~~~~~~~~
../Core/Src/MFRC.c: In function 'DumpINFO':
../Core/Src/MFRC.c:539:1: warning: control reaches end of non-void function [-Wreturn-type]
  539 | }
      | ^
arm-none-eabi-gcc -o "Ruthless RFID.elf" @"objects.list"   -mcpu=cortex-m4 -T"C:\Users\rhett\OneDrive\Documents\Ruthless RFID\Firmware\Ruthless RFID\STM32F401CBUX_FLASH.ld" --specs=nosys.specs -Wl,-Map="Ruthless RFID.map" -Wl,--gc-sections -static --specs=nano.specs -mfpu=fpv4-sp-d16 -mfloat-abi=hard -mthumb -Wl,--start-group -lc -lm -Wl,--end-group
Finished building target: Ruthless RFID.elf
 
arm-none-eabi-size   Ruthless\ RFID.elf 
arm-none-eabi-objdump -h -S  Ruthless\ RFID.elf  > "Ruthless RFID.list"
   text	   data	    bss	    dec	    hex	filename
  61332	   1620	  27556	  90508	  1618c	Ruthless RFID.elf
Finished building: default.size.stdout
 
Finished building: Ruthless RFID.list
 
19:59:34 **** Incremental Build of configuration Debug for project Ruthless RFID ****
make -j8 all 
arm-none-eabi-gcc "../Core/Src/MFRC.c" -mcpu=cortex-m4 -std=gnu11 -g3 -DDEBUG -DUSE_HAL_DRIVER -DSTM32F401xC -c -I../Core/Inc -I../USB_DEVICE/App -I../USB_DEVICE/Target -I../Drivers/STM32F4xx_HAL_Driver/Inc -I../Drivers/STM32F4xx_HAL_Driver/Inc/Legacy -I../Middlewares/Third_Party/FreeRTOS/Source/include -I../Middlewares/Third_Party/FreeRTOS/Source/CMSIS_RTOS_V2 -I../Middlewares/Third_Party/FreeRTOS/Source/portable/GCC/ARM_CM4F -I../Middlewares/ST/STM32_USB_Device_Library/Core/Inc -I../Middlewares/ST/STM32_USB_Device_Library/Class/CDC/Inc -I../Drivers/CMSIS/Device/ST/STM32F4xx/Include -I../Drivers/CMSIS/Include -O0 -ffunction-sections -fdata-sections -Wall -fstack-usage -fcyclomatic-complexity -MMD -MP -MF"Core/Src/MFRC.d" -MT"Core/Src/MFRC.o" --specs=nano.specs -mfpu=fpv4-sp-d16 -mfloat-abi=hard -mthumb -o "Core/Src/MFRC.o"
../Core/Src/MFRC.c: In function 'MFRC_TRANSCEIVE':
../Core/Src/MFRC.c:201:14: warning: suggest parentheses around comparison in operand of '&' [-Wparentheses]
  201 |  while(IRQval&0x30!=0x30){ //Hang here until RXIRQ and IDLEIRQ bits are set
      |              ^
../Core/Src/MFRC.c: In function 'UL_WRITE':
../Core/Src/MFRC.c:450:6: warning: implicit declaration of function 'PICC_SELECT' [-Wimplicit-function-declaration]
  450 |  if (PICC_SELECT() != PCD_OK) {
      |      ^~~~~~~~~~~
../Core/Src/MFRC.c: In function 'uid_tostring':
../Core/Src/MFRC.c:621:3: warning: implicit declaration of function 'sprint'; did you mean 'sprintf'? [-Wimplicit-function-declaration]
  621 |   sprint(result + i, "%X", uid[i]);
      |   ^~~~~~
      |   sprintf
../Core/Src/MFRC.c: In function 'DumpINFO':
../Core/Src/MFRC.c:539:1: warning: control reaches end of non-void function [-Wreturn-type]
  539 | }
      | ^
arm-none-eabi-gcc -o "Ruthless RFID.elf" @"objects.list"   -mcpu=cortex-m4 -T"C:\Users\rhett\OneDrive\Documents\Ruthless RFID\Firmware\Ruthless RFID\STM32F401CBUX_FLASH.ld" --specs=nosys.specs -Wl,-Map="Ruthless RFID.map" -Wl,--gc-sections -static --specs=nano.specs -mfpu=fpv4-sp-d16 -mfloat-abi=hard -mthumb -Wl,--start-group -lc -lm -Wl,--end-group
c:\st\stm32cubeide_1.12.1\stm32cubeide\plugins\com.st.stm32cube.ide.mcu.externaltools.gnu-tools-for-stm32.10.3-2021.10.win32_1.0.200.202301161003\tools\arm-none-eabi\bin\ld.exe: ./Core/Src/MFRC.o: in function `uid_tostring':
C:/Users/rhett/OneDrive/Documents/Ruthless RFID/Firmware/Ruthless RFID/Debug/../Core/Src/MFRC.c:621: undefined reference to `sprint'
collect2.exe: error: ld returned 1 exit status
make: *** [makefile:72: Ruthless RFID.elf] Error 1
"make -j8 all" terminated with exit code 2. Build might be incomplete.
19:59:46 **** Incremental Build of configuration Debug for project Ruthless RFID ****
make -j8 all 
arm-none-eabi-gcc "../Core/Src/MFRC.c" -mcpu=cortex-m4 -std=gnu11 -g3 -DDEBUG -DUSE_HAL_DRIVER -DSTM32F401xC -c -I../Core/Inc -I../USB_DEVICE/App -I../USB_DEVICE/Target -I../Drivers/STM32F4xx_HAL_Driver/Inc -I../Drivers/STM32F4xx_HAL_Driver/Inc/Legacy -I../Middlewares/Third_Party/FreeRTOS/Source/include -I../Middlewares/Third_Party/FreeRTOS/Source/CMSIS_RTOS_V2 -I../Middlewares/Third_Party/FreeRTOS/Source/portable/GCC/ARM_CM4F -I../Middlewares/ST/STM32_USB_Device_Library/Core/Inc -I../Middlewares/ST/STM32_USB_Device_Library/Class/CDC/Inc -I../Drivers/CMSIS/Device/ST/STM32F4xx/Include -I../Drivers/CMSIS/Include -O0 -ffunction-sections -fdata-sections -Wall -fstack-usage -fcyclomatic-complexity -MMD -MP -MF"Core/Src/MFRC.d" -MT"Core/Src/MFRC.o" --specs=nano.specs -mfpu=fpv4-sp-d16 -mfloat-abi=hard -mthumb -o "Core/Src/MFRC.o"
../Core/Src/MFRC.c: In function 'MFRC_TRANSCEIVE':
../Core/Src/MFRC.c:201:14: warning: suggest parentheses around comparison in operand of '&' [-Wparentheses]
  201 |  while(IRQval&0x30!=0x30){ //Hang here until RXIRQ and IDLEIRQ bits are set
      |              ^
../Core/Src/MFRC.c: In function 'UL_WRITE':
../Core/Src/MFRC.c:450:6: warning: implicit declaration of function 'PICC_SELECT' [-Wimplicit-function-declaration]
  450 |  if (PICC_SELECT() != PCD_OK) {
      |      ^~~~~~~~~~~
../Core/Src/MFRC.c: In function 'DumpINFO':
../Core/Src/MFRC.c:539:1: warning: control reaches end of non-void function [-Wreturn-type]
  539 | }
      | ^
arm-none-eabi-gcc -o "Ruthless RFID.elf" @"objects.list"   -mcpu=cortex-m4 -T"C:\Users\rhett\OneDrive\Documents\Ruthless RFID\Firmware\Ruthless RFID\STM32F401CBUX_FLASH.ld" --specs=nosys.specs -Wl,-Map="Ruthless RFID.map" -Wl,--gc-sections -static --specs=nano.specs -mfpu=fpv4-sp-d16 -mfloat-abi=hard -mthumb -Wl,--start-group -lc -lm -Wl,--end-group
Finished building target: Ruthless RFID.elf
 
arm-none-eabi-size   Ruthless\ RFID.elf 
arm-none-eabi-objdump -h -S  Ruthless\ RFID.elf  > "Ruthless RFID.list"
   text	   data	    bss	    dec	    hex	filename
  61348	   1620	  27556	  90524	  1619c	Ruthless RFID.elf
Finished building: default.size.stdout
 
Finished building: Ruthless RFID.list
 
20:00:42 **** Incremental Build of configuration Debug for project Ruthless RFID ****
make -j8 all 
arm-none-eabi-gcc "../Core/Src/MFRC.c" -mcpu=cortex-m4 -std=gnu11 -g3 -DDEBUG -DUSE_HAL_DRIVER -DSTM32F401xC -c -I../Core/Inc -I../USB_DEVICE/App -I../USB_DEVICE/Target -I../Drivers/STM32F4xx_HAL_Driver/Inc -I../Drivers/STM32F4xx_HAL_Driver/Inc/Legacy -I../Middlewares/Third_Party/FreeRTOS/Source/include -I../Middlewares/Third_Party/FreeRTOS/Source/CMSIS_RTOS_V2 -I../Middlewares/Third_Party/FreeRTOS/Source/portable/GCC/ARM_CM4F -I../Middlewares/ST/STM32_USB_Device_Library/Core/Inc -I../Middlewares/ST/STM32_USB_Device_Library/Class/CDC/Inc -I../Drivers/CMSIS/Device/ST/STM32F4xx/Include -I../Drivers/CMSIS/Include -O0 -ffunction-sections -fdata-sections -Wall -fstack-usage -fcyclomatic-complexity -MMD -MP -MF"Core/Src/MFRC.d" -MT"Core/Src/MFRC.o" --specs=nano.specs -mfpu=fpv4-sp-d16 -mfloat-abi=hard -mthumb -o "Core/Src/MFRC.o"
../Core/Src/MFRC.c: In function 'MFRC_TRANSCEIVE':
../Core/Src/MFRC.c:201:14: warning: suggest parentheses around comparison in operand of '&' [-Wparentheses]
  201 |  while(IRQval&0x30!=0x30){ //Hang here until RXIRQ and IDLEIRQ bits are set
      |              ^
../Core/Src/MFRC.c: In function 'UL_WRITE':
../Core/Src/MFRC.c:450:6: warning: implicit declaration of function 'PICC_SELECT' [-Wimplicit-function-declaration]
  450 |  if (PICC_SELECT() != PCD_OK) {
      |      ^~~~~~~~~~~
../Core/Src/MFRC.c: In function 'DumpINFO':
../Core/Src/MFRC.c:539:1: warning: control reaches end of non-void function [-Wreturn-type]
  539 | }
      | ^
arm-none-eabi-gcc -o "Ruthless RFID.elf" @"objects.list"   -mcpu=cortex-m4 -T"C:\Users\rhett\OneDrive\Documents\Ruthless RFID\Firmware\Ruthless RFID\STM32F401CBUX_FLASH.ld" --specs=nosys.specs -Wl,-Map="Ruthless RFID.map" -Wl,--gc-sections -static --specs=nano.specs -mfpu=fpv4-sp-d16 -mfloat-abi=hard -mthumb -Wl,--start-group -lc -lm -Wl,--end-group
Finished building target: Ruthless RFID.elf
 
arm-none-eabi-size   Ruthless\ RFID.elf 
arm-none-eabi-objdump -h -S  Ruthless\ RFID.elf  > "Ruthless RFID.list"
   text	   data	    bss	    dec	    hex	filename
  61348	   1620	  27556	  90524	  1619c	Ruthless RFID.elf
Finished building: default.size.stdout
 
Finished building: Ruthless RFID.list
 
20:06:27 **** Incremental Build of configuration Debug for project Ruthless RFID ****
make -j8 all 
arm-none-eabi-gcc "../Core/Src/MFRC.c" -mcpu=cortex-m4 -std=gnu11 -g3 -DDEBUG -DUSE_HAL_DRIVER -DSTM32F401xC -c -I../Core/Inc -I../USB_DEVICE/App -I../USB_DEVICE/Target -I../Drivers/STM32F4xx_HAL_Driver/Inc -I../Drivers/STM32F4xx_HAL_Driver/Inc/Legacy -I../Middlewares/Third_Party/FreeRTOS/Source/include -I../Middlewares/Third_Party/FreeRTOS/Source/CMSIS_RTOS_V2 -I../Middlewares/Third_Party/FreeRTOS/Source/portable/GCC/ARM_CM4F -I../Middlewares/ST/STM32_USB_Device_Library/Core/Inc -I../Middlewares/ST/STM32_USB_Device_Library/Class/CDC/Inc -I../Drivers/CMSIS/Device/ST/STM32F4xx/Include -I../Drivers/CMSIS/Include -O0 -ffunction-sections -fdata-sections -Wall -fstack-usage -fcyclomatic-complexity -MMD -MP -MF"Core/Src/MFRC.d" -MT"Core/Src/MFRC.o" --specs=nano.specs -mfpu=fpv4-sp-d16 -mfloat-abi=hard -mthumb -o "Core/Src/MFRC.o"
../Core/Src/MFRC.c: In function 'MFRC_TRANSCEIVE':
../Core/Src/MFRC.c:201:14: warning: suggest parentheses around comparison in operand of '&' [-Wparentheses]
  201 |  while(IRQval&0x30!=0x30){ //Hang here until RXIRQ and IDLEIRQ bits are set
      |              ^
../Core/Src/MFRC.c: In function 'UL_WRITE':
../Core/Src/MFRC.c:450:6: warning: implicit declaration of function 'PICC_SELECT' [-Wimplicit-function-declaration]
  450 |  if (PICC_SELECT() != PCD_OK) {
      |      ^~~~~~~~~~~
../Core/Src/MFRC.c: In function 'DumpINFO':
../Core/Src/MFRC.c:539:1: warning: control reaches end of non-void function [-Wreturn-type]
  539 | }
      | ^
arm-none-eabi-gcc -o "Ruthless RFID.elf" @"objects.list"   -mcpu=cortex-m4 -T"C:\Users\rhett\OneDrive\Documents\Ruthless RFID\Firmware\Ruthless RFID\STM32F401CBUX_FLASH.ld" --specs=nosys.specs -Wl,-Map="Ruthless RFID.map" -Wl,--gc-sections -static --specs=nano.specs -mfpu=fpv4-sp-d16 -mfloat-abi=hard -mthumb -Wl,--start-group -lc -lm -Wl,--end-group
Finished building target: Ruthless RFID.elf
 
arm-none-eabi-size   Ruthless\ RFID.elf 
arm-none-eabi-objdump -h -S  Ruthless\ RFID.elf  > "Ruthless RFID.list"
   text	   data	    bss	    dec	    hex	filename
  61364	   1620	  27556	  90540	  161ac	Ruthless RFID.elf
Finished building: default.size.stdout
 
Finished building: Ruthless RFID.list
 
20:19:50 **** Incremental Build of configuration Debug for project Ruthless RFID ****
make -j8 all 
arm-none-eabi-gcc "../Core/Src/MFRC.c" -mcpu=cortex-m4 -std=gnu11 -g3 -DDEBUG -DUSE_HAL_DRIVER -DSTM32F401xC -c -I../Core/Inc -I../USB_DEVICE/App -I../USB_DEVICE/Target -I../Drivers/STM32F4xx_HAL_Driver/Inc -I../Drivers/STM32F4xx_HAL_Driver/Inc/Legacy -I../Middlewares/Third_Party/FreeRTOS/Source/include -I../Middlewares/Third_Party/FreeRTOS/Source/CMSIS_RTOS_V2 -I../Middlewares/Third_Party/FreeRTOS/Source/portable/GCC/ARM_CM4F -I../Middlewares/ST/STM32_USB_Device_Library/Core/Inc -I../Middlewares/ST/STM32_USB_Device_Library/Class/CDC/Inc -I../Drivers/CMSIS/Device/ST/STM32F4xx/Include -I../Drivers/CMSIS/Include -O0 -ffunction-sections -fdata-sections -Wall -fstack-usage -fcyclomatic-complexity -MMD -MP -MF"Core/Src/MFRC.d" -MT"Core/Src/MFRC.o" --specs=nano.specs -mfpu=fpv4-sp-d16 -mfloat-abi=hard -mthumb -o "Core/Src/MFRC.o"
../Core/Src/MFRC.c: In function 'MFRC_TRANSCEIVE':
../Core/Src/MFRC.c:201:14: warning: suggest parentheses around comparison in operand of '&' [-Wparentheses]
  201 |  while(IRQval&0x30!=0x30){ //Hang here until RXIRQ and IDLEIRQ bits are set
      |              ^
../Core/Src/MFRC.c: In function 'UL_WRITE':
../Core/Src/MFRC.c:450:6: warning: implicit declaration of function 'PICC_SELECT' [-Wimplicit-function-declaration]
  450 |  if (PICC_SELECT() != PCD_OK) {
      |      ^~~~~~~~~~~
../Core/Src/MFRC.c: In function 'DumpINFO':
../Core/Src/MFRC.c:539:1: warning: control reaches end of non-void function [-Wreturn-type]
  539 | }
      | ^
arm-none-eabi-gcc -o "Ruthless RFID.elf" @"objects.list"   -mcpu=cortex-m4 -T"C:\Users\rhett\OneDrive\Documents\Ruthless RFID\Firmware\Ruthless RFID\STM32F401CBUX_FLASH.ld" --specs=nosys.specs -Wl,-Map="Ruthless RFID.map" -Wl,--gc-sections -static --specs=nano.specs -mfpu=fpv4-sp-d16 -mfloat-abi=hard -mthumb -Wl,--start-group -lc -lm -Wl,--end-group
Finished building target: Ruthless RFID.elf
 
arm-none-eabi-size   Ruthless\ RFID.elf 
arm-none-eabi-objdump -h -S  Ruthless\ RFID.elf  > "Ruthless RFID.list"
   text	   data	    bss	    dec	    hex	filename
  61384	   1620	  27556	  90560	  161c0	Ruthless RFID.elf
Finished building: default.size.stdout
 
Finished building: Ruthless RFID.list
 
20:21:40 **** Incremental Build of configuration Debug for project Ruthless RFID ****
make -j8 all 
arm-none-eabi-gcc "../Core/Src/main.c" -mcpu=cortex-m4 -std=gnu11 -g3 -DDEBUG -DUSE_HAL_DRIVER -DSTM32F401xC -c -I../Core/Inc -I../USB_DEVICE/App -I../USB_DEVICE/Target -I../Drivers/STM32F4xx_HAL_Driver/Inc -I../Drivers/STM32F4xx_HAL_Driver/Inc/Legacy -I../Middlewares/Third_Party/FreeRTOS/Source/include -I../Middlewares/Third_Party/FreeRTOS/Source/CMSIS_RTOS_V2 -I../Middlewares/Third_Party/FreeRTOS/Source/portable/GCC/ARM_CM4F -I../Middlewares/ST/STM32_USB_Device_Library/Core/Inc -I../Middlewares/ST/STM32_USB_Device_Library/Class/CDC/Inc -I../Drivers/CMSIS/Device/ST/STM32F4xx/Include -I../Drivers/CMSIS/Include -O0 -ffunction-sections -fdata-sections -Wall -fstack-usage -fcyclomatic-complexity -MMD -MP -MF"Core/Src/main.d" -MT"Core/Src/main.o" --specs=nano.specs -mfpu=fpv4-sp-d16 -mfloat-abi=hard -mthumb -o "Core/Src/main.o"
../Core/Src/main.c: In function 'writecard':
../Core/Src/main.c:169:2: warning: implicit declaration of function 'findfreeaddr' [-Wimplicit-function-declaration]
  169 |  findfreeaddr(address);
      |  ^~~~~~~~~~~~
../Core/Src/main.c: In function 'CardFoundStart':
../Core/Src/main.c:746:34: warning: passing argument 3 of 'choose' from incompatible pointer type [-Wincompatible-pointer-types]
  746 |  choose(&SCRN_CardFound,&suspend,&count,2,OLED_NORESTORE);
      |                                  ^~~~~~
      |                                  |
      |                                  int *
../Core/Src/main.c:147:55: note: expected 'uint32_t *' {aka 'long unsigned int *'} but argument is of type 'int *'
  147 | int choose (const Screen* screen,int* flag, uint32_t* count, int max, int restopt) {
      |                                             ~~~~~~~~~~^~~~~
../Core/Src/main.c: In function 'choose':
../Core/Src/main.c:165:1: warning: control reaches end of non-void function [-Wreturn-type]
  165 | }
      | ^
../Core/Src/main.c: In function 'writecard':
../Core/Src/main.c:171:1: warning: control reaches end of non-void function [-Wreturn-type]
  171 | }
      | ^
arm-none-eabi-gcc -o "Ruthless RFID.elf" @"objects.list"   -mcpu=cortex-m4 -T"C:\Users\rhett\OneDrive\Documents\Ruthless RFID\Firmware\Ruthless RFID\STM32F401CBUX_FLASH.ld" --specs=nosys.specs -Wl,-Map="Ruthless RFID.map" -Wl,--gc-sections -static --specs=nano.specs -mfpu=fpv4-sp-d16 -mfloat-abi=hard -mthumb -Wl,--start-group -lc -lm -Wl,--end-group
Finished building target: Ruthless RFID.elf
 
arm-none-eabi-size   Ruthless\ RFID.elf 
arm-none-eabi-objdump -h -S  Ruthless\ RFID.elf  > "Ruthless RFID.list"
   text	   data	    bss	    dec	    hex	filename
  61384	   1620	  27556	  90560	  161c0	Ruthless RFID.elf
Finished building: default.size.stdout
 
Finished building: Ruthless RFID.list
 
20:24:44 **** Incremental Build of configuration Debug for project Ruthless RFID ****
make -j8 all 
arm-none-eabi-gcc "../Core/Src/main.c" -mcpu=cortex-m4 -std=gnu11 -g3 -DDEBUG -DUSE_HAL_DRIVER -DSTM32F401xC -c -I../Core/Inc -I../USB_DEVICE/App -I../USB_DEVICE/Target -I../Drivers/STM32F4xx_HAL_Driver/Inc -I../Drivers/STM32F4xx_HAL_Driver/Inc/Legacy -I../Middlewares/Third_Party/FreeRTOS/Source/include -I../Middlewares/Third_Party/FreeRTOS/Source/CMSIS_RTOS_V2 -I../Middlewares/Third_Party/FreeRTOS/Source/portable/GCC/ARM_CM4F -I../Middlewares/ST/STM32_USB_Device_Library/Core/Inc -I../Middlewares/ST/STM32_USB_Device_Library/Class/CDC/Inc -I../Drivers/CMSIS/Device/ST/STM32F4xx/Include -I../Drivers/CMSIS/Include -O0 -ffunction-sections -fdata-sections -Wall -fstack-usage -fcyclomatic-complexity -MMD -MP -MF"Core/Src/main.d" -MT"Core/Src/main.o" --specs=nano.specs -mfpu=fpv4-sp-d16 -mfloat-abi=hard -mthumb -o "Core/Src/main.o"
../Core/Src/main.c: In function 'writecard':
../Core/Src/main.c:169:2: warning: implicit declaration of function 'findfreeaddr' [-Wimplicit-function-declaration]
  169 |  findfreeaddr(address);
      |  ^~~~~~~~~~~~
../Core/Src/main.c: In function 'CardFoundStart':
../Core/Src/main.c:736:9: warning: unused variable 'uid_str' [-Wunused-variable]
  736 |   char* uid_str = uid_tostring(read_card->uid, read_card->uidsize);
      |         ^~~~~~~
../Core/Src/main.c:745:34: warning: passing argument 3 of 'choose' from incompatible pointer type [-Wincompatible-pointer-types]
  745 |  choose(&SCRN_CardFound,&suspend,&count,2,OLED_NORESTORE);
      |                                  ^~~~~~
      |                                  |
      |                                  int *
../Core/Src/main.c:147:55: note: expected 'uint32_t *' {aka 'long unsigned int *'} but argument is of type 'int *'
  147 | int choose (const Screen* screen,int* flag, uint32_t* count, int max, int restopt) {
      |                                             ~~~~~~~~~~^~~~~
../Core/Src/main.c: In function 'choose':
../Core/Src/main.c:165:1: warning: control reaches end of non-void function [-Wreturn-type]
  165 | }
      | ^
../Core/Src/main.c: In function 'writecard':
../Core/Src/main.c:171:1: warning: control reaches end of non-void function [-Wreturn-type]
  171 | }
      | ^
arm-none-eabi-gcc -o "Ruthless RFID.elf" @"objects.list"   -mcpu=cortex-m4 -T"C:\Users\rhett\OneDrive\Documents\Ruthless RFID\Firmware\Ruthless RFID\STM32F401CBUX_FLASH.ld" --specs=nosys.specs -Wl,-Map="Ruthless RFID.map" -Wl,--gc-sections -static --specs=nano.specs -mfpu=fpv4-sp-d16 -mfloat-abi=hard -mthumb -Wl,--start-group -lc -lm -Wl,--end-group
Finished building target: Ruthless RFID.elf
 
arm-none-eabi-size   Ruthless\ RFID.elf 
arm-none-eabi-objdump -h -S  Ruthless\ RFID.elf  > "Ruthless RFID.list"
   text	   data	    bss	    dec	    hex	filename
  61400	   1620	  27556	  90576	  161d0	Ruthless RFID.elf
Finished building: default.size.stdout
 
Finished building: Ruthless RFID.list
 
20:25:18 **** Incremental Build of configuration Debug for project Ruthless RFID ****
make -j8 all 
arm-none-eabi-gcc "../Core/Src/main.c" -mcpu=cortex-m4 -std=gnu11 -g3 -DDEBUG -DUSE_HAL_DRIVER -DSTM32F401xC -c -I../Core/Inc -I../USB_DEVICE/App -I../USB_DEVICE/Target -I../Drivers/STM32F4xx_HAL_Driver/Inc -I../Drivers/STM32F4xx_HAL_Driver/Inc/Legacy -I../Middlewares/Third_Party/FreeRTOS/Source/include -I../Middlewares/Third_Party/FreeRTOS/Source/CMSIS_RTOS_V2 -I../Middlewares/Third_Party/FreeRTOS/Source/portable/GCC/ARM_CM4F -I../Middlewares/ST/STM32_USB_Device_Library/Core/Inc -I../Middlewares/ST/STM32_USB_Device_Library/Class/CDC/Inc -I../Drivers/CMSIS/Device/ST/STM32F4xx/Include -I../Drivers/CMSIS/Include -O0 -ffunction-sections -fdata-sections -Wall -fstack-usage -fcyclomatic-complexity -MMD -MP -MF"Core/Src/main.d" -MT"Core/Src/main.o" --specs=nano.specs -mfpu=fpv4-sp-d16 -mfloat-abi=hard -mthumb -o "Core/Src/main.o"
../Core/Src/main.c: In function 'writecard':
../Core/Src/main.c:169:2: warning: implicit declaration of function 'findfreeaddr' [-Wimplicit-function-declaration]
  169 |  findfreeaddr(address);
      |  ^~~~~~~~~~~~
../Core/Src/main.c: In function 'CardFoundStart':
../Core/Src/main.c:745:34: warning: passing argument 3 of 'choose' from incompatible pointer type [-Wincompatible-pointer-types]
  745 |  choose(&SCRN_CardFound,&suspend,&count,2,OLED_NORESTORE);
      |                                  ^~~~~~
      |                                  |
      |                                  int *
../Core/Src/main.c:147:55: note: expected 'uint32_t *' {aka 'long unsigned int *'} but argument is of type 'int *'
  147 | int choose (const Screen* screen,int* flag, uint32_t* count, int max, int restopt) {
      |                                             ~~~~~~~~~~^~~~~
../Core/Src/main.c: In function 'choose':
../Core/Src/main.c:165:1: warning: control reaches end of non-void function [-Wreturn-type]
  165 | }
      | ^
../Core/Src/main.c: In function 'writecard':
../Core/Src/main.c:171:1: warning: control reaches end of non-void function [-Wreturn-type]
  171 | }
      | ^
arm-none-eabi-gcc -o "Ruthless RFID.elf" @"objects.list"   -mcpu=cortex-m4 -T"C:\Users\rhett\OneDrive\Documents\Ruthless RFID\Firmware\Ruthless RFID\STM32F401CBUX_FLASH.ld" --specs=nosys.specs -Wl,-Map="Ruthless RFID.map" -Wl,--gc-sections -static --specs=nano.specs -mfpu=fpv4-sp-d16 -mfloat-abi=hard -mthumb -Wl,--start-group -lc -lm -Wl,--end-group
Finished building target: Ruthless RFID.elf
 
arm-none-eabi-size   Ruthless\ RFID.elf 
arm-none-eabi-objdump -h -S  Ruthless\ RFID.elf  > "Ruthless RFID.list"
   text	   data	    bss	    dec	    hex	filename
  61384	   1620	  27556	  90560	  161c0	Ruthless RFID.elf
Finished building: default.size.stdout
 
Finished building: Ruthless RFID.list
 
20:27:49 **** Incremental Build of configuration Debug for project Ruthless RFID ****
make -j8 all 
arm-none-eabi-gcc "../Core/Src/main.c" -mcpu=cortex-m4 -std=gnu11 -g3 -DDEBUG -DUSE_HAL_DRIVER -DSTM32F401xC -c -I../Core/Inc -I../USB_DEVICE/App -I../USB_DEVICE/Target -I../Drivers/STM32F4xx_HAL_Driver/Inc -I../Drivers/STM32F4xx_HAL_Driver/Inc/Legacy -I../Middlewares/Third_Party/FreeRTOS/Source/include -I../Middlewares/Third_Party/FreeRTOS/Source/CMSIS_RTOS_V2 -I../Middlewares/Third_Party/FreeRTOS/Source/portable/GCC/ARM_CM4F -I../Middlewares/ST/STM32_USB_Device_Library/Core/Inc -I../Middlewares/ST/STM32_USB_Device_Library/Class/CDC/Inc -I../Drivers/CMSIS/Device/ST/STM32F4xx/Include -I../Drivers/CMSIS/Include -O0 -ffunction-sections -fdata-sections -Wall -fstack-usage -fcyclomatic-complexity -MMD -MP -MF"Core/Src/main.d" -MT"Core/Src/main.o" --specs=nano.specs -mfpu=fpv4-sp-d16 -mfloat-abi=hard -mthumb -o "Core/Src/main.o"
../Core/Src/main.c: In function 'writecard':
../Core/Src/main.c:169:2: warning: implicit declaration of function 'findfreeaddr' [-Wimplicit-function-declaration]
  169 |  findfreeaddr(address);
      |  ^~~~~~~~~~~~
../Core/Src/main.c: In function 'CardFoundStart':
../Core/Src/main.c:746:34: warning: passing argument 3 of 'choose' from incompatible pointer type [-Wincompatible-pointer-types]
  746 |  choose(&SCRN_CardFound,&suspend,&count,2,OLED_NORESTORE);
      |                                  ^~~~~~
      |                                  |
      |                                  int *
../Core/Src/main.c:147:55: note: expected 'uint32_t *' {aka 'long unsigned int *'} but argument is of type 'int *'
  147 | int choose (const Screen* screen,int* flag, uint32_t* count, int max, int restopt) {
      |                                             ~~~~~~~~~~^~~~~
../Core/Src/main.c: In function 'choose':
../Core/Src/main.c:165:1: warning: control reaches end of non-void function [-Wreturn-type]
  165 | }
      | ^
../Core/Src/main.c: In function 'writecard':
../Core/Src/main.c:171:1: warning: control reaches end of non-void function [-Wreturn-type]
  171 | }
      | ^
arm-none-eabi-gcc -o "Ruthless RFID.elf" @"objects.list"   -mcpu=cortex-m4 -T"C:\Users\rhett\OneDrive\Documents\Ruthless RFID\Firmware\Ruthless RFID\STM32F401CBUX_FLASH.ld" --specs=nosys.specs -Wl,-Map="Ruthless RFID.map" -Wl,--gc-sections -static --specs=nano.specs -mfpu=fpv4-sp-d16 -mfloat-abi=hard -mthumb -Wl,--start-group -lc -lm -Wl,--end-group
Finished building target: Ruthless RFID.elf
 
arm-none-eabi-size   Ruthless\ RFID.elf 
arm-none-eabi-objdump -h -S  Ruthless\ RFID.elf  > "Ruthless RFID.list"
   text	   data	    bss	    dec	    hex	filename
  61384	   1620	  27556	  90560	  161c0	Ruthless RFID.elf
Finished building: default.size.stdout
 
Finished building: Ruthless RFID.list
 
