23:56:54 **** Incremental Build of configuration Debug for project Ruthless RFID ****
make -j8 all 
arm-none-eabi-gcc "../Core/Src/main.c" -mcpu=cortex-m4 -std=gnu11 -g3 -DDEBUG -DUSE_HAL_DRIVER -DSTM32F401xC -c -I../Core/Inc -I../USB_DEVICE/App -I../USB_DEVICE/Target -I../Drivers/STM32F4xx_HAL_Driver/Inc -I../Drivers/STM32F4xx_HAL_Driver/Inc/Legacy -I../Middlewares/Third_Party/FreeRTOS/Source/include -I../Middlewares/Third_Party/FreeRTOS/Source/CMSIS_RTOS_V2 -I../Middlewares/Third_Party/FreeRTOS/Source/portable/GCC/ARM_CM4F -I../Middlewares/ST/STM32_USB_Device_Library/Core/Inc -I../Middlewares/ST/STM32_USB_Device_Library/Class/CDC/Inc -I../Drivers/CMSIS/Device/ST/STM32F4xx/Include -I../Drivers/CMSIS/Include -O0 -ffunction-sections -fdata-sections -Wall -fstack-usage -fcyclomatic-complexity -MMD -MP -MF"Core/Src/main.d" -MT"Core/Src/main.o" --specs=nano.specs -mfpu=fpv4-sp-d16 -mfloat-abi=hard -mthumb -o "Core/Src/main.o"
../Core/Src/main.c: In function 'writecard':
../Core/Src/main.c:168:15: warning: passing argument 1 of 'findfreeaddr' from incompatible pointer type [-Wincompatible-pointer-types]
  168 |  findfreeaddr(address);
      |               ^~~~~~~
      |               |
      |               uint32_t ** {aka long unsigned int **}
In file included from ../Core/Src/main.c:30:
../Core/Inc/W25N01GVZEIG.h:57:30: note: expected 'uint32_t *' {aka 'long unsigned int *'} but argument is of type 'uint32_t **' {aka 'long unsigned int **'}
   57 | void findfreeaddr (uint32_t* result);
      |                    ~~~~~~~~~~^~~~~~
../Core/Src/main.c: In function 'StartReadCard':
../Core/Src/main.c:626:13: warning: initialization of 'char' from 'void *' makes integer from pointer without a cast [-Wint-conversion]
  626 |  char uid = malloc(26);
      |             ^~~~~~
../Core/Src/main.c:637:18: warning: passing argument 1 of 'UL_getuidstr' makes pointer from integer without a cast [-Wint-conversion]
  637 |  if(UL_getuidstr(uid) == PCD_OK){
      |                  ^~~
      |                  |
      |                  char
In file included from ../Core/Src/main.c:27:
../Core/Inc/MFRC.h:106:38: note: expected 'char *' but argument is of type 'char'
  106 | PCD_StatusTypeDef UL_getuidstr(char* uid_str);
      |                                ~~~~~~^~~~~~~
../Core/Src/main.c: In function 'CardFoundStart':
../Core/Src/main.c:742:34: warning: passing argument 3 of 'choose' from incompatible pointer type [-Wincompatible-pointer-types]
  742 |  choose(&SCRN_CardFound,&suspend,&count,2,OLED_NORESTORE);
      |                                  ^~~~~~
      |                                  |
      |                                  int *
../Core/Src/main.c:146:55: note: expected 'uint32_t *' {aka 'long unsigned int *'} but argument is of type 'int *'
  146 | int choose (const Screen* screen,int* flag, uint32_t* count, int max, int restopt) {
      |                                             ~~~~~~~~~~^~~~~
../Core/Src/main.c: In function 'choose':
../Core/Src/main.c:164:1: warning: control reaches end of non-void function [-Wreturn-type]
  164 | }
      | ^
../Core/Src/main.c: In function 'writecard':
../Core/Src/main.c:170:1: warning: control reaches end of non-void function [-Wreturn-type]
  170 | }
      | ^
arm-none-eabi-gcc -o "Ruthless RFID.elf" @"objects.list"   -mcpu=cortex-m4 -T"C:\Users\rhett\OneDrive\Documents\Ruthless RFID\Firmware\Ruthless RFID\STM32F401CBUX_FLASH.ld" --specs=nosys.specs -Wl,-Map="Ruthless RFID.map" -Wl,--gc-sections -static --specs=nano.specs -mfpu=fpv4-sp-d16 -mfloat-abi=hard -mthumb -Wl,--start-group -lc -lm -Wl,--end-group
Finished building target: Ruthless RFID.elf
 
arm-none-eabi-size   Ruthless\ RFID.elf 
arm-none-eabi-objdump -h -S  Ruthless\ RFID.elf  > "Ruthless RFID.list"
   text	   data	    bss	    dec	    hex	filename
  61220	   1620	  27556	  90396	  1611c	Ruthless RFID.elf
Finished building: default.size.stdout
 
Finished building: Ruthless RFID.list
 
23:57:01 **** Incremental Build of configuration Debug for project Ruthless RFID ****
make -j8 all 
arm-none-eabi-gcc "../Core/Src/main.c" -mcpu=cortex-m4 -std=gnu11 -g3 -DDEBUG -DUSE_HAL_DRIVER -DSTM32F401xC -c -I../Core/Inc -I../USB_DEVICE/App -I../USB_DEVICE/Target -I../Drivers/STM32F4xx_HAL_Driver/Inc -I../Drivers/STM32F4xx_HAL_Driver/Inc/Legacy -I../Middlewares/Third_Party/FreeRTOS/Source/include -I../Middlewares/Third_Party/FreeRTOS/Source/CMSIS_RTOS_V2 -I../Middlewares/Third_Party/FreeRTOS/Source/portable/GCC/ARM_CM4F -I../Middlewares/ST/STM32_USB_Device_Library/Core/Inc -I../Middlewares/ST/STM32_USB_Device_Library/Class/CDC/Inc -I../Drivers/CMSIS/Device/ST/STM32F4xx/Include -I../Drivers/CMSIS/Include -O0 -ffunction-sections -fdata-sections -Wall -fstack-usage -fcyclomatic-complexity -MMD -MP -MF"Core/Src/main.d" -MT"Core/Src/main.o" --specs=nano.specs -mfpu=fpv4-sp-d16 -mfloat-abi=hard -mthumb -o "Core/Src/main.o"
../Core/Src/main.c: In function 'writecard':
../Core/Src/main.c:168:15: warning: passing argument 1 of 'findfreeaddr' from incompatible pointer type [-Wincompatible-pointer-types]
  168 |  findfreeaddr(address);
      |               ^~~~~~~
      |               |
      |               uint32_t ** {aka long unsigned int **}
In file included from ../Core/Src/main.c:30:
../Core/Inc/W25N01GVZEIG.h:57:30: note: expected 'uint32_t *' {aka 'long unsigned int *'} but argument is of type 'uint32_t **' {aka 'long unsigned int **'}
   57 | void findfreeaddr (uint32_t* result);
      |                    ~~~~~~~~~~^~~~~~
../Core/Src/main.c: In function 'CardFoundStart':
../Core/Src/main.c:742:34: warning: passing argument 3 of 'choose' from incompatible pointer type [-Wincompatible-pointer-types]
  742 |  choose(&SCRN_CardFound,&suspend,&count,2,OLED_NORESTORE);
      |                                  ^~~~~~
      |                                  |
      |                                  int *
../Core/Src/main.c:146:55: note: expected 'uint32_t *' {aka 'long unsigned int *'} but argument is of type 'int *'
  146 | int choose (const Screen* screen,int* flag, uint32_t* count, int max, int restopt) {
      |                                             ~~~~~~~~~~^~~~~
../Core/Src/main.c: In function 'choose':
../Core/Src/main.c:164:1: warning: control reaches end of non-void function [-Wreturn-type]
  164 | }
      | ^
../Core/Src/main.c: In function 'writecard':
../Core/Src/main.c:170:1: warning: control reaches end of non-void function [-Wreturn-type]
  170 | }
      | ^
arm-none-eabi-gcc -o "Ruthless RFID.elf" @"objects.list"   -mcpu=cortex-m4 -T"C:\Users\rhett\OneDrive\Documents\Ruthless RFID\Firmware\Ruthless RFID\STM32F401CBUX_FLASH.ld" --specs=nosys.specs -Wl,-Map="Ruthless RFID.map" -Wl,--gc-sections -static --specs=nano.specs -mfpu=fpv4-sp-d16 -mfloat-abi=hard -mthumb -Wl,--start-group -lc -lm -Wl,--end-group
Finished building target: Ruthless RFID.elf
 
arm-none-eabi-size   Ruthless\ RFID.elf 
arm-none-eabi-objdump -h -S  Ruthless\ RFID.elf  > "Ruthless RFID.list"
   text	   data	    bss	    dec	    hex	filename
  61204	   1620	  27556	  90380	  1610c	Ruthless RFID.elf
Finished building: default.size.stdout
 
Finished building: Ruthless RFID.list
 
23:57:35 **** Incremental Build of configuration Debug for project Ruthless RFID ****
make -j8 all 
arm-none-eabi-gcc "../Core/Src/main.c" -mcpu=cortex-m4 -std=gnu11 -g3 -DDEBUG -DUSE_HAL_DRIVER -DSTM32F401xC -c -I../Core/Inc -I../USB_DEVICE/App -I../USB_DEVICE/Target -I../Drivers/STM32F4xx_HAL_Driver/Inc -I../Drivers/STM32F4xx_HAL_Driver/Inc/Legacy -I../Middlewares/Third_Party/FreeRTOS/Source/include -I../Middlewares/Third_Party/FreeRTOS/Source/CMSIS_RTOS_V2 -I../Middlewares/Third_Party/FreeRTOS/Source/portable/GCC/ARM_CM4F -I../Middlewares/ST/STM32_USB_Device_Library/Core/Inc -I../Middlewares/ST/STM32_USB_Device_Library/Class/CDC/Inc -I../Drivers/CMSIS/Device/ST/STM32F4xx/Include -I../Drivers/CMSIS/Include -O0 -ffunction-sections -fdata-sections -Wall -fstack-usage -fcyclomatic-complexity -MMD -MP -MF"Core/Src/main.d" -MT"Core/Src/main.o" --specs=nano.specs -mfpu=fpv4-sp-d16 -mfloat-abi=hard -mthumb -o "Core/Src/main.o"
../Core/Src/main.c: In function 'writecard':
../Core/Src/main.c:168:15: warning: passing argument 1 of 'findfreeaddr' from incompatible pointer type [-Wincompatible-pointer-types]
  168 |  findfreeaddr(address);
      |               ^~~~~~~
      |               |
      |               uint32_t ** {aka long unsigned int **}
In file included from ../Core/Src/main.c:30:
../Core/Inc/W25N01GVZEIG.h:57:30: note: expected 'uint32_t *' {aka 'long unsigned int *'} but argument is of type 'uint32_t **' {aka 'long unsigned int **'}
   57 | void findfreeaddr (uint32_t* result);
      |                    ~~~~~~~~~~^~~~~~
../Core/Src/main.c: In function 'CardFoundStart':
../Core/Src/main.c:742:34: warning: passing argument 3 of 'choose' from incompatible pointer type [-Wincompatible-pointer-types]
  742 |  choose(&SCRN_CardFound,&suspend,&count,2,OLED_NORESTORE);
      |                                  ^~~~~~
      |                                  |
      |                                  int *
../Core/Src/main.c:146:55: note: expected 'uint32_t *' {aka 'long unsigned int *'} but argument is of type 'int *'
  146 | int choose (const Screen* screen,int* flag, uint32_t* count, int max, int restopt) {
      |                                             ~~~~~~~~~~^~~~~
../Core/Src/main.c: In function 'choose':
../Core/Src/main.c:164:1: warning: control reaches end of non-void function [-Wreturn-type]
  164 | }
      | ^
../Core/Src/main.c: In function 'writecard':
../Core/Src/main.c:170:1: warning: control reaches end of non-void function [-Wreturn-type]
  170 | }
      | ^
arm-none-eabi-gcc -o "Ruthless RFID.elf" @"objects.list"   -mcpu=cortex-m4 -T"C:\Users\rhett\OneDrive\Documents\Ruthless RFID\Firmware\Ruthless RFID\STM32F401CBUX_FLASH.ld" --specs=nosys.specs -Wl,-Map="Ruthless RFID.map" -Wl,--gc-sections -static --specs=nano.specs -mfpu=fpv4-sp-d16 -mfloat-abi=hard -mthumb -Wl,--start-group -lc -lm -Wl,--end-group
Finished building target: Ruthless RFID.elf
 
arm-none-eabi-size   Ruthless\ RFID.elf 
arm-none-eabi-objdump -h -S  Ruthless\ RFID.elf  > "Ruthless RFID.list"
   text	   data	    bss	    dec	    hex	filename
  61204	   1620	  27556	  90380	  1610c	Ruthless RFID.elf
Finished building: default.size.stdout
 
Finished building: Ruthless RFID.list
 
23:58:31 **** Incremental Build of configuration Debug for project Ruthless RFID ****
make -j8 all 
arm-none-eabi-gcc "../Core/Src/main.c" -mcpu=cortex-m4 -std=gnu11 -g3 -DDEBUG -DUSE_HAL_DRIVER -DSTM32F401xC -c -I../Core/Inc -I../USB_DEVICE/App -I../USB_DEVICE/Target -I../Drivers/STM32F4xx_HAL_Driver/Inc -I../Drivers/STM32F4xx_HAL_Driver/Inc/Legacy -I../Middlewares/Third_Party/FreeRTOS/Source/include -I../Middlewares/Third_Party/FreeRTOS/Source/CMSIS_RTOS_V2 -I../Middlewares/Third_Party/FreeRTOS/Source/portable/GCC/ARM_CM4F -I../Middlewares/ST/STM32_USB_Device_Library/Core/Inc -I../Middlewares/ST/STM32_USB_Device_Library/Class/CDC/Inc -I../Drivers/CMSIS/Device/ST/STM32F4xx/Include -I../Drivers/CMSIS/Include -O0 -ffunction-sections -fdata-sections -Wall -fstack-usage -fcyclomatic-complexity -MMD -MP -MF"Core/Src/main.d" -MT"Core/Src/main.o" --specs=nano.specs -mfpu=fpv4-sp-d16 -mfloat-abi=hard -mthumb -o "Core/Src/main.o"
../Core/Src/main.c: In function 'writecard':
../Core/Src/main.c:168:15: warning: passing argument 1 of 'findfreeaddr' from incompatible pointer type [-Wincompatible-pointer-types]
  168 |  findfreeaddr(address);
      |               ^~~~~~~
      |               |
      |               uint32_t ** {aka long unsigned int **}
In file included from ../Core/Src/main.c:30:
../Core/Inc/W25N01GVZEIG.h:57:30: note: expected 'uint32_t *' {aka 'long unsigned int *'} but argument is of type 'uint32_t **' {aka 'long unsigned int **'}
   57 | void findfreeaddr (uint32_t* result);
      |                    ~~~~~~~~~~^~~~~~
../Core/Src/main.c: In function 'CardFoundStart':
../Core/Src/main.c:742:34: warning: passing argument 3 of 'choose' from incompatible pointer type [-Wincompatible-pointer-types]
  742 |  choose(&SCRN_CardFound,&suspend,&count,2,OLED_NORESTORE);
      |                                  ^~~~~~
      |                                  |
      |                                  int *
../Core/Src/main.c:146:55: note: expected 'uint32_t *' {aka 'long unsigned int *'} but argument is of type 'int *'
  146 | int choose (const Screen* screen,int* flag, uint32_t* count, int max, int restopt) {
      |                                             ~~~~~~~~~~^~~~~
../Core/Src/main.c: In function 'choose':
../Core/Src/main.c:164:1: warning: control reaches end of non-void function [-Wreturn-type]
  164 | }
      | ^
../Core/Src/main.c: In function 'writecard':
../Core/Src/main.c:170:1: warning: control reaches end of non-void function [-Wreturn-type]
  170 | }
      | ^
arm-none-eabi-gcc -o "Ruthless RFID.elf" @"objects.list"   -mcpu=cortex-m4 -T"C:\Users\rhett\OneDrive\Documents\Ruthless RFID\Firmware\Ruthless RFID\STM32F401CBUX_FLASH.ld" --specs=nosys.specs -Wl,-Map="Ruthless RFID.map" -Wl,--gc-sections -static --specs=nano.specs -mfpu=fpv4-sp-d16 -mfloat-abi=hard -mthumb -Wl,--start-group -lc -lm -Wl,--end-group
Finished building target: Ruthless RFID.elf
 
arm-none-eabi-size   Ruthless\ RFID.elf 
arm-none-eabi-objdump -h -S  Ruthless\ RFID.elf  > "Ruthless RFID.list"
   text	   data	    bss	    dec	    hex	filename
  61204	   1620	  27556	  90380	  1610c	Ruthless RFID.elf
Finished building: default.size.stdout
 
Finished building: Ruthless RFID.list
 
23:59:08 **** Incremental Build of configuration Debug for project Ruthless RFID ****
make -j8 all 
arm-none-eabi-gcc "../Core/Src/main.c" -mcpu=cortex-m4 -std=gnu11 -g3 -DDEBUG -DUSE_HAL_DRIVER -DSTM32F401xC -c -I../Core/Inc -I../USB_DEVICE/App -I../USB_DEVICE/Target -I../Drivers/STM32F4xx_HAL_Driver/Inc -I../Drivers/STM32F4xx_HAL_Driver/Inc/Legacy -I../Middlewares/Third_Party/FreeRTOS/Source/include -I../Middlewares/Third_Party/FreeRTOS/Source/CMSIS_RTOS_V2 -I../Middlewares/Third_Party/FreeRTOS/Source/portable/GCC/ARM_CM4F -I../Middlewares/ST/STM32_USB_Device_Library/Core/Inc -I../Middlewares/ST/STM32_USB_Device_Library/Class/CDC/Inc -I../Drivers/CMSIS/Device/ST/STM32F4xx/Include -I../Drivers/CMSIS/Include -O0 -ffunction-sections -fdata-sections -Wall -fstack-usage -fcyclomatic-complexity -MMD -MP -MF"Core/Src/main.d" -MT"Core/Src/main.o" --specs=nano.specs -mfpu=fpv4-sp-d16 -mfloat-abi=hard -mthumb -o "Core/Src/main.o"
../Core/Src/main.c: In function 'writecard':
../Core/Src/main.c:168:15: warning: passing argument 1 of 'findfreeaddr' from incompatible pointer type [-Wincompatible-pointer-types]
  168 |  findfreeaddr(address);
      |               ^~~~~~~
      |               |
      |               uint32_t ** {aka long unsigned int **}
In file included from ../Core/Src/main.c:30:
../Core/Inc/W25N01GVZEIG.h:57:30: note: expected 'uint32_t *' {aka 'long unsigned int *'} but argument is of type 'uint32_t **' {aka 'long unsigned int **'}
   57 | void findfreeaddr (uint32_t* result);
      |                    ~~~~~~~~~~^~~~~~
../Core/Src/main.c: In function 'CardFoundStart':
../Core/Src/main.c:742:34: warning: passing argument 3 of 'choose' from incompatible pointer type [-Wincompatible-pointer-types]
  742 |  choose(&SCRN_CardFound,&suspend,&count,2,OLED_NORESTORE);
      |                                  ^~~~~~
      |                                  |
      |                                  int *
../Core/Src/main.c:146:55: note: expected 'uint32_t *' {aka 'long unsigned int *'} but argument is of type 'int *'
  146 | int choose (const Screen* screen,int* flag, uint32_t* count, int max, int restopt) {
      |                                             ~~~~~~~~~~^~~~~
../Core/Src/main.c: In function 'choose':
../Core/Src/main.c:164:1: warning: control reaches end of non-void function [-Wreturn-type]
  164 | }
      | ^
../Core/Src/main.c: In function 'writecard':
../Core/Src/main.c:170:1: warning: control reaches end of non-void function [-Wreturn-type]
  170 | }
      | ^
arm-none-eabi-gcc -o "Ruthless RFID.elf" @"objects.list"   -mcpu=cortex-m4 -T"C:\Users\rhett\OneDrive\Documents\Ruthless RFID\Firmware\Ruthless RFID\STM32F401CBUX_FLASH.ld" --specs=nosys.specs -Wl,-Map="Ruthless RFID.map" -Wl,--gc-sections -static --specs=nano.specs -mfpu=fpv4-sp-d16 -mfloat-abi=hard -mthumb -Wl,--start-group -lc -lm -Wl,--end-group
Finished building target: Ruthless RFID.elf
 
arm-none-eabi-size   Ruthless\ RFID.elf 
arm-none-eabi-objdump -h -S  Ruthless\ RFID.elf  > "Ruthless RFID.list"
   text	   data	    bss	    dec	    hex	filename
  61204	   1620	  27556	  90380	  1610c	Ruthless RFID.elf
Finished building: default.size.stdout
 
Finished building: Ruthless RFID.list
 
00:07:56 **** Incremental Build of configuration Debug for project Ruthless RFID ****
make -j8 all 
arm-none-eabi-gcc "../Core/Src/main.c" -mcpu=cortex-m4 -std=gnu11 -g3 -DDEBUG -DUSE_HAL_DRIVER -DSTM32F401xC -c -I../Core/Inc -I../USB_DEVICE/App -I../USB_DEVICE/Target -I../Drivers/STM32F4xx_HAL_Driver/Inc -I../Drivers/STM32F4xx_HAL_Driver/Inc/Legacy -I../Middlewares/Third_Party/FreeRTOS/Source/include -I../Middlewares/Third_Party/FreeRTOS/Source/CMSIS_RTOS_V2 -I../Middlewares/Third_Party/FreeRTOS/Source/portable/GCC/ARM_CM4F -I../Middlewares/ST/STM32_USB_Device_Library/Core/Inc -I../Middlewares/ST/STM32_USB_Device_Library/Class/CDC/Inc -I../Drivers/CMSIS/Device/ST/STM32F4xx/Include -I../Drivers/CMSIS/Include -O0 -ffunction-sections -fdata-sections -Wall -fstack-usage -fcyclomatic-complexity -MMD -MP -MF"Core/Src/main.d" -MT"Core/Src/main.o" --specs=nano.specs -mfpu=fpv4-sp-d16 -mfloat-abi=hard -mthumb -o "Core/Src/main.o"
../Core/Src/main.c: In function 'writecard':
../Core/Src/main.c:168:15: warning: passing argument 1 of 'findfreeaddr' from incompatible pointer type [-Wincompatible-pointer-types]
  168 |  findfreeaddr(address);
      |               ^~~~~~~
      |               |
      |               uint32_t ** {aka long unsigned int **}
In file included from ../Core/Src/main.c:30:
../Core/Inc/W25N01GVZEIG.h:57:30: note: expected 'uint32_t *' {aka 'long unsigned int *'} but argument is of type 'uint32_t **' {aka 'long unsigned int **'}
   57 | void findfreeaddr (uint32_t* result);
      |                    ~~~~~~~~~~^~~~~~
../Core/Src/main.c: In function 'CardFoundStart':
../Core/Src/main.c:742:34: warning: passing argument 3 of 'choose' from incompatible pointer type [-Wincompatible-pointer-types]
  742 |  choose(&SCRN_CardFound,&suspend,&count,2,OLED_NORESTORE);
      |                                  ^~~~~~
      |                                  |
      |                                  int *
../Core/Src/main.c:146:55: note: expected 'uint32_t *' {aka 'long unsigned int *'} but argument is of type 'int *'
  146 | int choose (const Screen* screen,int* flag, uint32_t* count, int max, int restopt) {
      |                                             ~~~~~~~~~~^~~~~
../Core/Src/main.c: In function 'choose':
../Core/Src/main.c:164:1: warning: control reaches end of non-void function [-Wreturn-type]
  164 | }
      | ^
../Core/Src/main.c: In function 'writecard':
../Core/Src/main.c:170:1: warning: control reaches end of non-void function [-Wreturn-type]
  170 | }
      | ^
arm-none-eabi-gcc -o "Ruthless RFID.elf" @"objects.list"   -mcpu=cortex-m4 -T"C:\Users\rhett\OneDrive\Documents\Ruthless RFID\Firmware\Ruthless RFID\STM32F401CBUX_FLASH.ld" --specs=nosys.specs -Wl,-Map="Ruthless RFID.map" -Wl,--gc-sections -static --specs=nano.specs -mfpu=fpv4-sp-d16 -mfloat-abi=hard -mthumb -Wl,--start-group -lc -lm -Wl,--end-group
Finished building target: Ruthless RFID.elf
 
arm-none-eabi-size   Ruthless\ RFID.elf 
arm-none-eabi-objdump -h -S  Ruthless\ RFID.elf  > "Ruthless RFID.list"
   text	   data	    bss	    dec	    hex	filename
  61204	   1620	  27556	  90380	  1610c	Ruthless RFID.elf
Finished building: default.size.stdout
 
Finished building: Ruthless RFID.list
 
00:09:08 **** Incremental Build of configuration Debug for project Ruthless RFID ****
make -j8 all 
arm-none-eabi-gcc "../Core/Src/main.c" -mcpu=cortex-m4 -std=gnu11 -g3 -DDEBUG -DUSE_HAL_DRIVER -DSTM32F401xC -c -I../Core/Inc -I../USB_DEVICE/App -I../USB_DEVICE/Target -I../Drivers/STM32F4xx_HAL_Driver/Inc -I../Drivers/STM32F4xx_HAL_Driver/Inc/Legacy -I../Middlewares/Third_Party/FreeRTOS/Source/include -I../Middlewares/Third_Party/FreeRTOS/Source/CMSIS_RTOS_V2 -I../Middlewares/Third_Party/FreeRTOS/Source/portable/GCC/ARM_CM4F -I../Middlewares/ST/STM32_USB_Device_Library/Core/Inc -I../Middlewares/ST/STM32_USB_Device_Library/Class/CDC/Inc -I../Drivers/CMSIS/Device/ST/STM32F4xx/Include -I../Drivers/CMSIS/Include -O0 -ffunction-sections -fdata-sections -Wall -fstack-usage -fcyclomatic-complexity -MMD -MP -MF"Core/Src/main.d" -MT"Core/Src/main.o" --specs=nano.specs -mfpu=fpv4-sp-d16 -mfloat-abi=hard -mthumb -o "Core/Src/main.o"
../Core/Src/main.c: In function 'writecard':
../Core/Src/main.c:168:15: warning: passing argument 1 of 'findfreeaddr' from incompatible pointer type [-Wincompatible-pointer-types]
  168 |  findfreeaddr(address);
      |               ^~~~~~~
      |               |
      |               uint32_t ** {aka long unsigned int **}
In file included from ../Core/Src/main.c:30:
../Core/Inc/W25N01GVZEIG.h:57:30: note: expected 'uint32_t *' {aka 'long unsigned int *'} but argument is of type 'uint32_t **' {aka 'long unsigned int **'}
   57 | void findfreeaddr (uint32_t* result);
      |                    ~~~~~~~~~~^~~~~~
../Core/Src/main.c: In function 'CardFoundStart':
../Core/Src/main.c:742:34: warning: passing argument 3 of 'choose' from incompatible pointer type [-Wincompatible-pointer-types]
  742 |  choose(&SCRN_CardFound,&suspend,&count,2,OLED_NORESTORE);
      |                                  ^~~~~~
      |                                  |
      |                                  int *
../Core/Src/main.c:146:55: note: expected 'uint32_t *' {aka 'long unsigned int *'} but argument is of type 'int *'
  146 | int choose (const Screen* screen,int* flag, uint32_t* count, int max, int restopt) {
      |                                             ~~~~~~~~~~^~~~~
../Core/Src/main.c: In function 'choose':
../Core/Src/main.c:164:1: warning: control reaches end of non-void function [-Wreturn-type]
  164 | }
      | ^
../Core/Src/main.c: In function 'writecard':
../Core/Src/main.c:170:1: warning: control reaches end of non-void function [-Wreturn-type]
  170 | }
      | ^
arm-none-eabi-gcc -o "Ruthless RFID.elf" @"objects.list"   -mcpu=cortex-m4 -T"C:\Users\rhett\OneDrive\Documents\Ruthless RFID\Firmware\Ruthless RFID\STM32F401CBUX_FLASH.ld" --specs=nosys.specs -Wl,-Map="Ruthless RFID.map" -Wl,--gc-sections -static --specs=nano.specs -mfpu=fpv4-sp-d16 -mfloat-abi=hard -mthumb -Wl,--start-group -lc -lm -Wl,--end-group
Finished building target: Ruthless RFID.elf
 
arm-none-eabi-size   Ruthless\ RFID.elf 
arm-none-eabi-objdump -h -S  Ruthless\ RFID.elf  > "Ruthless RFID.list"
   text	   data	    bss	    dec	    hex	filename
  61204	   1620	  27556	  90380	  1610c	Ruthless RFID.elf
Finished building: default.size.stdout
 
Finished building: Ruthless RFID.list
 
00:09:48 **** Incremental Build of configuration Debug for project Ruthless RFID ****
make -j8 all 
arm-none-eabi-gcc "../Core/Src/main.c" -mcpu=cortex-m4 -std=gnu11 -g3 -DDEBUG -DUSE_HAL_DRIVER -DSTM32F401xC -c -I../Core/Inc -I../USB_DEVICE/App -I../USB_DEVICE/Target -I../Drivers/STM32F4xx_HAL_Driver/Inc -I../Drivers/STM32F4xx_HAL_Driver/Inc/Legacy -I../Middlewares/Third_Party/FreeRTOS/Source/include -I../Middlewares/Third_Party/FreeRTOS/Source/CMSIS_RTOS_V2 -I../Middlewares/Third_Party/FreeRTOS/Source/portable/GCC/ARM_CM4F -I../Middlewares/ST/STM32_USB_Device_Library/Core/Inc -I../Middlewares/ST/STM32_USB_Device_Library/Class/CDC/Inc -I../Drivers/CMSIS/Device/ST/STM32F4xx/Include -I../Drivers/CMSIS/Include -O0 -ffunction-sections -fdata-sections -Wall -fstack-usage -fcyclomatic-complexity -MMD -MP -MF"Core/Src/main.d" -MT"Core/Src/main.o" --specs=nano.specs -mfpu=fpv4-sp-d16 -mfloat-abi=hard -mthumb -o "Core/Src/main.o"
../Core/Src/main.c: In function 'writecard':
../Core/Src/main.c:168:15: warning: passing argument 1 of 'findfreeaddr' from incompatible pointer type [-Wincompatible-pointer-types]
  168 |  findfreeaddr(address);
      |               ^~~~~~~
      |               |
      |               uint32_t ** {aka long unsigned int **}
In file included from ../Core/Src/main.c:30:
../Core/Inc/W25N01GVZEIG.h:57:30: note: expected 'uint32_t *' {aka 'long unsigned int *'} but argument is of type 'uint32_t **' {aka 'long unsigned int **'}
   57 | void findfreeaddr (uint32_t* result);
      |                    ~~~~~~~~~~^~~~~~
../Core/Src/main.c: In function 'CardFoundStart':
../Core/Src/main.c:742:34: warning: passing argument 3 of 'choose' from incompatible pointer type [-Wincompatible-pointer-types]
  742 |  choose(&SCRN_CardFound,&suspend,&count,2,OLED_NORESTORE);
      |                                  ^~~~~~
      |                                  |
      |                                  int *
../Core/Src/main.c:146:55: note: expected 'uint32_t *' {aka 'long unsigned int *'} but argument is of type 'int *'
  146 | int choose (const Screen* screen,int* flag, uint32_t* count, int max, int restopt) {
      |                                             ~~~~~~~~~~^~~~~
../Core/Src/main.c: In function 'choose':
../Core/Src/main.c:164:1: warning: control reaches end of non-void function [-Wreturn-type]
  164 | }
      | ^
../Core/Src/main.c: In function 'writecard':
../Core/Src/main.c:170:1: warning: control reaches end of non-void function [-Wreturn-type]
  170 | }
      | ^
arm-none-eabi-gcc -o "Ruthless RFID.elf" @"objects.list"   -mcpu=cortex-m4 -T"C:\Users\rhett\OneDrive\Documents\Ruthless RFID\Firmware\Ruthless RFID\STM32F401CBUX_FLASH.ld" --specs=nosys.specs -Wl,-Map="Ruthless RFID.map" -Wl,--gc-sections -static --specs=nano.specs -mfpu=fpv4-sp-d16 -mfloat-abi=hard -mthumb -Wl,--start-group -lc -lm -Wl,--end-group
Finished building target: Ruthless RFID.elf
 
arm-none-eabi-size   Ruthless\ RFID.elf 
arm-none-eabi-objdump -h -S  Ruthless\ RFID.elf  > "Ruthless RFID.list"
   text	   data	    bss	    dec	    hex	filename
  61204	   1620	  27556	  90380	  1610c	Ruthless RFID.elf
Finished building: default.size.stdout
 
Finished building: Ruthless RFID.list
 
00:12:08 **** Incremental Build of configuration Debug for project Ruthless RFID ****
make -j8 all 
arm-none-eabi-gcc "../Core/Src/main.c" -mcpu=cortex-m4 -std=gnu11 -g3 -DDEBUG -DUSE_HAL_DRIVER -DSTM32F401xC -c -I../Core/Inc -I../USB_DEVICE/App -I../USB_DEVICE/Target -I../Drivers/STM32F4xx_HAL_Driver/Inc -I../Drivers/STM32F4xx_HAL_Driver/Inc/Legacy -I../Middlewares/Third_Party/FreeRTOS/Source/include -I../Middlewares/Third_Party/FreeRTOS/Source/CMSIS_RTOS_V2 -I../Middlewares/Third_Party/FreeRTOS/Source/portable/GCC/ARM_CM4F -I../Middlewares/ST/STM32_USB_Device_Library/Core/Inc -I../Middlewares/ST/STM32_USB_Device_Library/Class/CDC/Inc -I../Drivers/CMSIS/Device/ST/STM32F4xx/Include -I../Drivers/CMSIS/Include -O0 -ffunction-sections -fdata-sections -Wall -fstack-usage -fcyclomatic-complexity -MMD -MP -MF"Core/Src/main.d" -MT"Core/Src/main.o" --specs=nano.specs -mfpu=fpv4-sp-d16 -mfloat-abi=hard -mthumb -o "Core/Src/main.o"
../Core/Src/main.c: In function 'writecard':
../Core/Src/main.c:168:15: warning: passing argument 1 of 'findfreeaddr' from incompatible pointer type [-Wincompatible-pointer-types]
  168 |  findfreeaddr(address);
      |               ^~~~~~~
      |               |
      |               uint32_t ** {aka long unsigned int **}
In file included from ../Core/Src/main.c:30:
../Core/Inc/W25N01GVZEIG.h:57:30: note: expected 'uint32_t *' {aka 'long unsigned int *'} but argument is of type 'uint32_t **' {aka 'long unsigned int **'}
   57 | void findfreeaddr (uint32_t* result);
      |                    ~~~~~~~~~~^~~~~~
../Core/Src/main.c: In function 'CardFoundStart':
../Core/Src/main.c:742:34: warning: passing argument 3 of 'choose' from incompatible pointer type [-Wincompatible-pointer-types]
  742 |  choose(&SCRN_CardFound,&suspend,&count,2,OLED_NORESTORE);
      |                                  ^~~~~~
      |                                  |
      |                                  int *
../Core/Src/main.c:146:55: note: expected 'uint32_t *' {aka 'long unsigned int *'} but argument is of type 'int *'
  146 | int choose (const Screen* screen,int* flag, uint32_t* count, int max, int restopt) {
      |                                             ~~~~~~~~~~^~~~~
../Core/Src/main.c: In function 'choose':
../Core/Src/main.c:164:1: warning: control reaches end of non-void function [-Wreturn-type]
  164 | }
      | ^
../Core/Src/main.c: In function 'writecard':
../Core/Src/main.c:170:1: warning: control reaches end of non-void function [-Wreturn-type]
  170 | }
      | ^
arm-none-eabi-gcc -o "Ruthless RFID.elf" @"objects.list"   -mcpu=cortex-m4 -T"C:\Users\rhett\OneDrive\Documents\Ruthless RFID\Firmware\Ruthless RFID\STM32F401CBUX_FLASH.ld" --specs=nosys.specs -Wl,-Map="Ruthless RFID.map" -Wl,--gc-sections -static --specs=nano.specs -mfpu=fpv4-sp-d16 -mfloat-abi=hard -mthumb -Wl,--start-group -lc -lm -Wl,--end-group
Finished building target: Ruthless RFID.elf
 
arm-none-eabi-size   Ruthless\ RFID.elf 
arm-none-eabi-objdump -h -S  Ruthless\ RFID.elf  > "Ruthless RFID.list"
   text	   data	    bss	    dec	    hex	filename
  61204	   1620	  27556	  90380	  1610c	Ruthless RFID.elf
Finished building: default.size.stdout
 
Finished building: Ruthless RFID.list
 
