15:38:39 **** Incremental Build of configuration Debug for project Ruthless RFID ****
make -j8 all 
arm-none-eabi-gcc "../Core/Src/ruthlessfs.c" -mcpu=cortex-m4 -std=gnu11 -g3 -DDEBUG -DUSE_HAL_DRIVER -DSTM32F401xC -c -I../Core/Inc -I../USB_DEVICE/App -I../USB_DEVICE/Target -I../Drivers/STM32F4xx_HAL_Driver/Inc -I../Drivers/STM32F4xx_HAL_Driver/Inc/Legacy -I../Middlewares/Third_Party/FreeRTOS/Source/include -I../Middlewares/Third_Party/FreeRTOS/Source/CMSIS_RTOS_V2 -I../Middlewares/Third_Party/FreeRTOS/Source/portable/GCC/ARM_CM4F -I../Middlewares/ST/STM32_USB_Device_Library/Core/Inc -I../Middlewares/ST/STM32_USB_Device_Library/Class/CDC/Inc -I../Drivers/CMSIS/Device/ST/STM32F4xx/Include -I../Drivers/CMSIS/Include -O0 -ffunction-sections -fdata-sections -Wall -fstack-usage -fcyclomatic-complexity -MMD -MP -MF"Core/Src/ruthlessfs.d" -MT"Core/Src/ruthlessfs.o" --specs=nano.specs -mfpu=fpv4-sp-d16 -mfloat-abi=hard -mthumb -o "Core/Src/ruthlessfs.o"
../Core/Src/ruthlessfs.c: In function 'print_card_to_serial':
../Core/Src/ruthlessfs.c:242:2: warning: implicit declaration of function 'Print'; did you mean 'printf'? [-Wimplicit-function-declaration]
  242 |  Print(msg);
      |  ^~~~~
      |  printf
arm-none-eabi-gcc -o "Ruthless RFID.elf" @"objects.list"   -mcpu=cortex-m4 -T"C:\Users\rhett\OneDrive\Documents\Ruthless RFID\Firmware\Ruthless RFID\STM32F401CBUX_FLASH.ld" --specs=nosys.specs -Wl,-Map="Ruthless RFID.map" -Wl,--gc-sections -static --specs=nano.specs -mfpu=fpv4-sp-d16 -mfloat-abi=hard -mthumb -Wl,--start-group -lc -lm -Wl,--end-group
Finished building target: Ruthless RFID.elf
 
arm-none-eabi-size   Ruthless\ RFID.elf 
arm-none-eabi-objdump -h -S  Ruthless\ RFID.elf  > "Ruthless RFID.list"
   text	   data	    bss	    dec	    hex	filename
  63764	   1620	  27556	  92940	  16b0c	Ruthless RFID.elf
Finished building: default.size.stdout
 
Finished building: Ruthless RFID.list
 
15:39:44 **** Incremental Build of configuration Debug for project Ruthless RFID ****
make -j8 all 
arm-none-eabi-gcc "../Core/Src/MFRC.c" -mcpu=cortex-m4 -std=gnu11 -g3 -DDEBUG -DUSE_HAL_DRIVER -DSTM32F401xC -c -I../Core/Inc -I../USB_DEVICE/App -I../USB_DEVICE/Target -I../Drivers/STM32F4xx_HAL_Driver/Inc -I../Drivers/STM32F4xx_HAL_Driver/Inc/Legacy -I../Middlewares/Third_Party/FreeRTOS/Source/include -I../Middlewares/Third_Party/FreeRTOS/Source/CMSIS_RTOS_V2 -I../Middlewares/Third_Party/FreeRTOS/Source/portable/GCC/ARM_CM4F -I../Middlewares/ST/STM32_USB_Device_Library/Core/Inc -I../Middlewares/ST/STM32_USB_Device_Library/Class/CDC/Inc -I../Drivers/CMSIS/Device/ST/STM32F4xx/Include -I../Drivers/CMSIS/Include -O0 -ffunction-sections -fdata-sections -Wall -fstack-usage -fcyclomatic-complexity -MMD -MP -MF"Core/Src/MFRC.d" -MT"Core/Src/MFRC.o" --specs=nano.specs -mfpu=fpv4-sp-d16 -mfloat-abi=hard -mthumb -o "Core/Src/MFRC.o"
arm-none-eabi-gcc "../Core/Src/OLED.c" -mcpu=cortex-m4 -std=gnu11 -g3 -DDEBUG -DUSE_HAL_DRIVER -DSTM32F401xC -c -I../Core/Inc -I../USB_DEVICE/App -I../USB_DEVICE/Target -I../Drivers/STM32F4xx_HAL_Driver/Inc -I../Drivers/STM32F4xx_HAL_Driver/Inc/Legacy -I../Middlewares/Third_Party/FreeRTOS/Source/include -I../Middlewares/Third_Party/FreeRTOS/Source/CMSIS_RTOS_V2 -I../Middlewares/Third_Party/FreeRTOS/Source/portable/GCC/ARM_CM4F -I../Middlewares/ST/STM32_USB_Device_Library/Core/Inc -I../Middlewares/ST/STM32_USB_Device_Library/Class/CDC/Inc -I../Drivers/CMSIS/Device/ST/STM32F4xx/Include -I../Drivers/CMSIS/Include -O0 -ffunction-sections -fdata-sections -Wall -fstack-usage -fcyclomatic-complexity -MMD -MP -MF"Core/Src/OLED.d" -MT"Core/Src/OLED.o" --specs=nano.specs -mfpu=fpv4-sp-d16 -mfloat-abi=hard -mthumb -o "Core/Src/OLED.o"
arm-none-eabi-gcc "../Core/Src/main.c" -mcpu=cortex-m4 -std=gnu11 -g3 -DDEBUG -DUSE_HAL_DRIVER -DSTM32F401xC -c -I../Core/Inc -I../USB_DEVICE/App -I../USB_DEVICE/Target -I../Drivers/STM32F4xx_HAL_Driver/Inc -I../Drivers/STM32F4xx_HAL_Driver/Inc/Legacy -I../Middlewares/Third_Party/FreeRTOS/Source/include -I../Middlewares/Third_Party/FreeRTOS/Source/CMSIS_RTOS_V2 -I../Middlewares/Third_Party/FreeRTOS/Source/portable/GCC/ARM_CM4F -I../Middlewares/ST/STM32_USB_Device_Library/Core/Inc -I../Middlewares/ST/STM32_USB_Device_Library/Class/CDC/Inc -I../Drivers/CMSIS/Device/ST/STM32F4xx/Include -I../Drivers/CMSIS/Include -O0 -ffunction-sections -fdata-sections -Wall -fstack-usage -fcyclomatic-complexity -MMD -MP -MF"Core/Src/main.d" -MT"Core/Src/main.o" --specs=nano.specs -mfpu=fpv4-sp-d16 -mfloat-abi=hard -mthumb -o "Core/Src/main.o"
arm-none-eabi-gcc "../Core/Src/ruthlessfs.c" -mcpu=cortex-m4 -std=gnu11 -g3 -DDEBUG -DUSE_HAL_DRIVER -DSTM32F401xC -c -I../Core/Inc -I../USB_DEVICE/App -I../USB_DEVICE/Target -I../Drivers/STM32F4xx_HAL_Driver/Inc -I../Drivers/STM32F4xx_HAL_Driver/Inc/Legacy -I../Middlewares/Third_Party/FreeRTOS/Source/include -I../Middlewares/Third_Party/FreeRTOS/Source/CMSIS_RTOS_V2 -I../Middlewares/Third_Party/FreeRTOS/Source/portable/GCC/ARM_CM4F -I../Middlewares/ST/STM32_USB_Device_Library/Core/Inc -I../Middlewares/ST/STM32_USB_Device_Library/Class/CDC/Inc -I../Drivers/CMSIS/Device/ST/STM32F4xx/Include -I../Drivers/CMSIS/Include -O0 -ffunction-sections -fdata-sections -Wall -fstack-usage -fcyclomatic-complexity -MMD -MP -MF"Core/Src/ruthlessfs.d" -MT"Core/Src/ruthlessfs.o" --specs=nano.specs -mfpu=fpv4-sp-d16 -mfloat-abi=hard -mthumb -o "Core/Src/ruthlessfs.o"
../Core/Src/MFRC.c: In function 'MFRC_TRANSCEIVE':
../Core/Src/MFRC.c:200:14: warning: suggest parentheses around comparison in operand of '&' [-Wparentheses]
  200 |  while(IRQval&0x30!=0x30){ //Hang here until RXIRQ and IDLEIRQ bits are set
      |              ^
../Core/Src/MFRC.c: In function 'UL_WRITE':
../Core/Src/MFRC.c:449:6: warning: implicit declaration of function 'PICC_SELECT' [-Wimplicit-function-declaration]
  449 |  if (PICC_SELECT() != PCD_OK) {
      |      ^~~~~~~~~~~
../Core/Src/MFRC.c: In function 'DumpINFO':
../Core/Src/MFRC.c:538:1: warning: control reaches end of non-void function [-Wreturn-type]
  538 | }
      | ^
../Core/Src/main.c: In function 'writecard':
../Core/Src/main.c:169:2: warning: implicit declaration of function 'findfreeaddr' [-Wimplicit-function-declaration]
  169 |  findfreeaddr(address);
      |  ^~~~~~~~~~~~
../Core/Src/main.c: In function 'Start_Init':
../Core/Src/main.c:614:13: warning: unused variable 'raw_read' [-Wunused-variable]
  614 |     uint8_t raw_read[30];
      |             ^~~~~~~~
../Core/Src/main.c:613:11: warning: unused variable 'read' [-Wunused-variable]
  613 |     Card* read;
      |           ^~~~
../Core/Src/main.c: In function 'CardFoundStart':
../Core/Src/main.c:762:34: warning: passing argument 3 of 'choose' from incompatible pointer type [-Wincompatible-pointer-types]
  762 |  choose(&SCRN_CardFound,&suspend,&count,2,OLED_NORESTORE);
      |                                  ^~~~~~
      |                                  |
      |                                  int *
../Core/Src/main.c:147:55: note: expected 'uint32_t *' {aka 'long unsigned int *'} but argument is of type 'int *'
  147 | int choose (const Screen* screen,int* flag, uint32_t* count, int max, int restopt) {
      |                                             ~~~~~~~~~~^~~~~
../Core/Src/main.c: In function 'choose':
../Core/Src/main.c:165:1: warning: control reaches end of non-void function [-Wreturn-type]
  165 | }
      | ^
../Core/Src/main.c: In function 'writecard':
../Core/Src/main.c:171:1: warning: control reaches end of non-void function [-Wreturn-type]
  171 | }
      | ^
arm-none-eabi-gcc -o "Ruthless RFID.elf" @"objects.list"   -mcpu=cortex-m4 -T"C:\Users\rhett\OneDrive\Documents\Ruthless RFID\Firmware\Ruthless RFID\STM32F401CBUX_FLASH.ld" --specs=nosys.specs -Wl,-Map="Ruthless RFID.map" -Wl,--gc-sections -static --specs=nano.specs -mfpu=fpv4-sp-d16 -mfloat-abi=hard -mthumb -Wl,--start-group -lc -lm -Wl,--end-group
Finished building target: Ruthless RFID.elf
 
arm-none-eabi-size   Ruthless\ RFID.elf 
arm-none-eabi-objdump -h -S  Ruthless\ RFID.elf  > "Ruthless RFID.list"
   text	   data	    bss	    dec	    hex	filename
  63764	   1620	  27556	  92940	  16b0c	Ruthless RFID.elf
Finished building: default.size.stdout
 
Finished building: Ruthless RFID.list
 
15:41:03 **** Incremental Build of configuration Debug for project Ruthless RFID ****
make -j8 all 
arm-none-eabi-size   Ruthless\ RFID.elf 
   text	   data	    bss	    dec	    hex	filename
  63764	   1620	  27556	  92940	  16b0c	Ruthless RFID.elf
Finished building: default.size.stdout
 
15:42:03 **** Incremental Build of configuration Debug for project Ruthless RFID ****
make -j8 all 
arm-none-eabi-gcc "../Core/Src/ruthlessfs.c" -mcpu=cortex-m4 -std=gnu11 -g3 -DDEBUG -DUSE_HAL_DRIVER -DSTM32F401xC -c -I../Core/Inc -I../USB_DEVICE/App -I../USB_DEVICE/Target -I../Drivers/STM32F4xx_HAL_Driver/Inc -I../Drivers/STM32F4xx_HAL_Driver/Inc/Legacy -I../Middlewares/Third_Party/FreeRTOS/Source/include -I../Middlewares/Third_Party/FreeRTOS/Source/CMSIS_RTOS_V2 -I../Middlewares/Third_Party/FreeRTOS/Source/portable/GCC/ARM_CM4F -I../Middlewares/ST/STM32_USB_Device_Library/Core/Inc -I../Middlewares/ST/STM32_USB_Device_Library/Class/CDC/Inc -I../Drivers/CMSIS/Device/ST/STM32F4xx/Include -I../Drivers/CMSIS/Include -O0 -ffunction-sections -fdata-sections -Wall -fstack-usage -fcyclomatic-complexity -MMD -MP -MF"Core/Src/ruthlessfs.d" -MT"Core/Src/ruthlessfs.o" --specs=nano.specs -mfpu=fpv4-sp-d16 -mfloat-abi=hard -mthumb -o "Core/Src/ruthlessfs.o"
arm-none-eabi-gcc -o "Ruthless RFID.elf" @"objects.list"   -mcpu=cortex-m4 -T"C:\Users\rhett\OneDrive\Documents\Ruthless RFID\Firmware\Ruthless RFID\STM32F401CBUX_FLASH.ld" --specs=nosys.specs -Wl,-Map="Ruthless RFID.map" -Wl,--gc-sections -static --specs=nano.specs -mfpu=fpv4-sp-d16 -mfloat-abi=hard -mthumb -Wl,--start-group -lc -lm -Wl,--end-group
Finished building target: Ruthless RFID.elf
 
arm-none-eabi-size   Ruthless\ RFID.elf 
arm-none-eabi-objdump -h -S  Ruthless\ RFID.elf  > "Ruthless RFID.list"
   text	   data	    bss	    dec	    hex	filename
  63764	   1620	  27556	  92940	  16b0c	Ruthless RFID.elf
Finished building: default.size.stdout
 
Finished building: Ruthless RFID.list
 
15:42:56 **** Incremental Build of configuration Debug for project Ruthless RFID ****
make -j8 all 
arm-none-eabi-gcc "../Core/Src/main.c" -mcpu=cortex-m4 -std=gnu11 -g3 -DDEBUG -DUSE_HAL_DRIVER -DSTM32F401xC -c -I../Core/Inc -I../USB_DEVICE/App -I../USB_DEVICE/Target -I../Drivers/STM32F4xx_HAL_Driver/Inc -I../Drivers/STM32F4xx_HAL_Driver/Inc/Legacy -I../Middlewares/Third_Party/FreeRTOS/Source/include -I../Middlewares/Third_Party/FreeRTOS/Source/CMSIS_RTOS_V2 -I../Middlewares/Third_Party/FreeRTOS/Source/portable/GCC/ARM_CM4F -I../Middlewares/ST/STM32_USB_Device_Library/Core/Inc -I../Middlewares/ST/STM32_USB_Device_Library/Class/CDC/Inc -I../Drivers/CMSIS/Device/ST/STM32F4xx/Include -I../Drivers/CMSIS/Include -O0 -ffunction-sections -fdata-sections -Wall -fstack-usage -fcyclomatic-complexity -MMD -MP -MF"Core/Src/main.d" -MT"Core/Src/main.o" --specs=nano.specs -mfpu=fpv4-sp-d16 -mfloat-abi=hard -mthumb -o "Core/Src/main.o"
../Core/Src/main.c: In function 'writecard':
../Core/Src/main.c:169:2: warning: implicit declaration of function 'findfreeaddr' [-Wimplicit-function-declaration]
  169 |  findfreeaddr(address);
      |  ^~~~~~~~~~~~
../Core/Src/main.c: In function 'Start_Init':
../Core/Src/main.c:614:13: warning: unused variable 'raw_read' [-Wunused-variable]
  614 |     uint8_t raw_read[30];
      |             ^~~~~~~~
../Core/Src/main.c:613:11: warning: unused variable 'read' [-Wunused-variable]
  613 |     Card* read;
      |           ^~~~
../Core/Src/main.c: In function 'CardFoundStart':
../Core/Src/main.c:762:34: warning: passing argument 3 of 'choose' from incompatible pointer type [-Wincompatible-pointer-types]
  762 |  choose(&SCRN_CardFound,&suspend,&count,2,OLED_NORESTORE);
      |                                  ^~~~~~
      |                                  |
      |                                  int *
../Core/Src/main.c:147:55: note: expected 'uint32_t *' {aka 'long unsigned int *'} but argument is of type 'int *'
  147 | int choose (const Screen* screen,int* flag, uint32_t* count, int max, int restopt) {
      |                                             ~~~~~~~~~~^~~~~
../Core/Src/main.c: In function 'choose':
../Core/Src/main.c:165:1: warning: control reaches end of non-void function [-Wreturn-type]
  165 | }
      | ^
../Core/Src/main.c: In function 'writecard':
../Core/Src/main.c:171:1: warning: control reaches end of non-void function [-Wreturn-type]
  171 | }
      | ^
arm-none-eabi-gcc -o "Ruthless RFID.elf" @"objects.list"   -mcpu=cortex-m4 -T"C:\Users\rhett\OneDrive\Documents\Ruthless RFID\Firmware\Ruthless RFID\STM32F401CBUX_FLASH.ld" --specs=nosys.specs -Wl,-Map="Ruthless RFID.map" -Wl,--gc-sections -static --specs=nano.specs -mfpu=fpv4-sp-d16 -mfloat-abi=hard -mthumb -Wl,--start-group -lc -lm -Wl,--end-group
Finished building target: Ruthless RFID.elf
 
arm-none-eabi-size   Ruthless\ RFID.elf 
arm-none-eabi-objdump -h -S  Ruthless\ RFID.elf  > "Ruthless RFID.list"
   text	   data	    bss	    dec	    hex	filename
  63816	   1620	  27556	  92992	  16b40	Ruthless RFID.elf
Finished building: default.size.stdout
 
Finished building: Ruthless RFID.list
 
15:44:06 **** Incremental Build of configuration Debug for project Ruthless RFID ****
make -j8 all 
arm-none-eabi-gcc "../Core/Src/main.c" -mcpu=cortex-m4 -std=gnu11 -g3 -DDEBUG -DUSE_HAL_DRIVER -DSTM32F401xC -c -I../Core/Inc -I../USB_DEVICE/App -I../USB_DEVICE/Target -I../Drivers/STM32F4xx_HAL_Driver/Inc -I../Drivers/STM32F4xx_HAL_Driver/Inc/Legacy -I../Middlewares/Third_Party/FreeRTOS/Source/include -I../Middlewares/Third_Party/FreeRTOS/Source/CMSIS_RTOS_V2 -I../Middlewares/Third_Party/FreeRTOS/Source/portable/GCC/ARM_CM4F -I../Middlewares/ST/STM32_USB_Device_Library/Core/Inc -I../Middlewares/ST/STM32_USB_Device_Library/Class/CDC/Inc -I../Drivers/CMSIS/Device/ST/STM32F4xx/Include -I../Drivers/CMSIS/Include -O0 -ffunction-sections -fdata-sections -Wall -fstack-usage -fcyclomatic-complexity -MMD -MP -MF"Core/Src/main.d" -MT"Core/Src/main.o" --specs=nano.specs -mfpu=fpv4-sp-d16 -mfloat-abi=hard -mthumb -o "Core/Src/main.o"
../Core/Src/main.c: In function 'writecard':
../Core/Src/main.c:169:2: warning: implicit declaration of function 'findfreeaddr' [-Wimplicit-function-declaration]
  169 |  findfreeaddr(address);
      |  ^~~~~~~~~~~~
../Core/Src/main.c: In function 'CardFoundStart':
../Core/Src/main.c:747:34: warning: passing argument 3 of 'choose' from incompatible pointer type [-Wincompatible-pointer-types]
  747 |  choose(&SCRN_CardFound,&suspend,&count,2,OLED_NORESTORE);
      |                                  ^~~~~~
      |                                  |
      |                                  int *
../Core/Src/main.c:147:55: note: expected 'uint32_t *' {aka 'long unsigned int *'} but argument is of type 'int *'
  147 | int choose (const Screen* screen,int* flag, uint32_t* count, int max, int restopt) {
      |                                             ~~~~~~~~~~^~~~~
../Core/Src/main.c: In function 'choose':
../Core/Src/main.c:165:1: warning: control reaches end of non-void function [-Wreturn-type]
  165 | }
      | ^
../Core/Src/main.c: In function 'writecard':
../Core/Src/main.c:171:1: warning: control reaches end of non-void function [-Wreturn-type]
  171 | }
      | ^
arm-none-eabi-gcc -o "Ruthless RFID.elf" @"objects.list"   -mcpu=cortex-m4 -T"C:\Users\rhett\OneDrive\Documents\Ruthless RFID\Firmware\Ruthless RFID\STM32F401CBUX_FLASH.ld" --specs=nosys.specs -Wl,-Map="Ruthless RFID.map" -Wl,--gc-sections -static --specs=nano.specs -mfpu=fpv4-sp-d16 -mfloat-abi=hard -mthumb -Wl,--start-group -lc -lm -Wl,--end-group
Finished building target: Ruthless RFID.elf
 
arm-none-eabi-size   Ruthless\ RFID.elf 
arm-none-eabi-objdump -h -S  Ruthless\ RFID.elf  > "Ruthless RFID.list"
   text	   data	    bss	    dec	    hex	filename
  62776	   1620	  27556	  91952	  16730	Ruthless RFID.elf
Finished building: default.size.stdout
 
Finished building: Ruthless RFID.list
 
