17:39:07 **** Incremental Build of configuration Debug for project Ruthless RFID ****
make -j8 all 
arm-none-eabi-gcc "../Core/Src/ruthlessfs.c" -mcpu=cortex-m4 -std=gnu11 -g3 -DDEBUG -DUSE_HAL_DRIVER -DSTM32F401xC -c -I../Core/Inc -I../USB_DEVICE/App -I../USB_DEVICE/Target -I../Drivers/STM32F4xx_HAL_Driver/Inc -I../Drivers/STM32F4xx_HAL_Driver/Inc/Legacy -I../Middlewares/Third_Party/FreeRTOS/Source/include -I../Middlewares/Third_Party/FreeRTOS/Source/CMSIS_RTOS_V2 -I../Middlewares/Third_Party/FreeRTOS/Source/portable/GCC/ARM_CM4F -I../Middlewares/ST/STM32_USB_Device_Library/Core/Inc -I../Middlewares/ST/STM32_USB_Device_Library/Class/CDC/Inc -I../Drivers/CMSIS/Device/ST/STM32F4xx/Include -I../Drivers/CMSIS/Include -O0 -ffunction-sections -fdata-sections -Wall -fstack-usage -fcyclomatic-complexity -MMD -MP -MF"Core/Src/ruthlessfs.d" -MT"Core/Src/ruthlessfs.o" --specs=nano.specs -mfpu=fpv4-sp-d16 -mfloat-abi=hard -mthumb -o "Core/Src/ruthlessfs.o"
../Core/Src/ruthlessfs.c: In function 'read_card_name':
../Core/Src/ruthlessfs.c:90:9: warning: implicit declaration of function 'get_card_entry'; did you mean 'read_card_entry'? [-Wimplicit-function-declaration]
   90 |  return get_card_entry(block_addr);
      |         ^~~~~~~~~~~~~~
      |         read_card_entry
../Core/Src/ruthlessfs.c:90:9: warning: returning 'int' from a function with return type 'Card *' makes pointer from integer without a cast [-Wint-conversion]
   90 |  return get_card_entry(block_addr);
      |         ^~~~~~~~~~~~~~~~~~~~~~~~~~
../Core/Src/ruthlessfs.c: In function 'read_card_entry':
../Core/Src/ruthlessfs.c:105:46: warning: pointer targets in passing argument 3 of 'MEM_READPAGE' differ in signedness [-Wpointer-sign]
  105 |  MEM_READPAGE(entry*BLOCK_PAGECOUNT, 0x0000, type, metadata_size - 1); //read card type
      |                                              ^~~~
      |                                              |
      |                                              char *
In file included from ../Core/Src/ruthlessfs.c:18:
../Core/Inc/W25N01GVZEIG.h:53:73: note: expected 'uint8_t *' {aka 'unsigned char *'} but argument is of type 'char *'
   53 | HAL_StatusTypeDef MEM_READPAGE(uint16_t addr,uint16_t col_addr,uint8_t* data,uint32_t bytes);
      |                                                                ~~~~~~~~~^~~~
../Core/Src/ruthlessfs.c:101:8: warning: unused variable 'result' [-Wunused-variable]
  101 |  Card* result = malloc(sizeof(Card));
      |        ^~~~~~
../Core/Src/ruthlessfs.c:109:1: warning: control reaches end of non-void function [-Wreturn-type]
  109 | }
      | ^
arm-none-eabi-gcc -o "Ruthless RFID.elf" @"objects.list"   -mcpu=cortex-m4 -T"C:\Users\rhett\OneDrive\Documents\Ruthless RFID\Firmware\Ruthless RFID\STM32F401CBUX_FLASH.ld" --specs=nosys.specs -Wl,-Map="Ruthless RFID.map" -Wl,--gc-sections -static --specs=nano.specs -mfpu=fpv4-sp-d16 -mfloat-abi=hard -mthumb -Wl,--start-group -lc -lm -Wl,--end-group
Finished building target: Ruthless RFID.elf
 
arm-none-eabi-size   Ruthless\ RFID.elf 
arm-none-eabi-objdump -h -S  Ruthless\ RFID.elf  > "Ruthless RFID.list"
   text	   data	    bss	    dec	    hex	filename
  61204	   1620	  27556	  90380	  1610c	Ruthless RFID.elf
Finished building: default.size.stdout
 
Finished building: Ruthless RFID.list
 
17:39:26 **** Incremental Build of configuration Debug for project Ruthless RFID ****
make -j8 all 
arm-none-eabi-size   Ruthless\ RFID.elf 
   text	   data	    bss	    dec	    hex	filename
  61204	   1620	  27556	  90380	  1610c	Ruthless RFID.elf
Finished building: default.size.stdout
 
