12:09:05 **** Incremental Build of configuration Debug for project Ruthless RFID ****
make -j8 all 
arm-none-eabi-gcc "../Core/Src/main.c" -mcpu=cortex-m4 -std=gnu11 -g3 -DDEBUG -DUSE_HAL_DRIVER -DSTM32F401xC -c -I../Core/Inc -I../USB_DEVICE/App -I../USB_DEVICE/Target -I../Drivers/STM32F4xx_HAL_Driver/Inc -I../Drivers/STM32F4xx_HAL_Driver/Inc/Legacy -I../Middlewares/Third_Party/FreeRTOS/Source/include -I../Middlewares/Third_Party/FreeRTOS/Source/CMSIS_RTOS_V2 -I../Middlewares/Third_Party/FreeRTOS/Source/portable/GCC/ARM_CM4F -I../Middlewares/ST/STM32_USB_Device_Library/Core/Inc -I../Middlewares/ST/STM32_USB_Device_Library/Class/CDC/Inc -I../Drivers/CMSIS/Device/ST/STM32F4xx/Include -I../Drivers/CMSIS/Include -I../FATFS/Target -I../FATFS/App -I../Middlewares/Third_Party/FatFs/src -O0 -ffunction-sections -fdata-sections -Wall -fstack-usage -fcyclomatic-complexity -MMD -MP -MF"Core/Src/main.d" -MT"Core/Src/main.o" --specs=nano.specs -mfpu=fpv4-sp-d16 -mfloat-abi=hard -mthumb -o "Core/Src/main.o"
../Core/Src/main.c: In function 'writecard':
../Core/Src/main.c:172:15: warning: passing argument 1 of 'findfreeaddr' from incompatible pointer type [-Wincompatible-pointer-types]
  172 |  findfreeaddr(address);
      |               ^~~~~~~
      |               |
      |               uint32_t ** {aka long unsigned int **}
In file included from ../Core/Src/main.c:31:
../Core/Inc/W25N01GVZEIG.h:59:30: note: expected 'uint32_t *' {aka 'long unsigned int *'} but argument is of type 'uint32_t **' {aka 'long unsigned int **'}
   59 | void findfreeaddr (uint32_t* result);
      |                    ~~~~~~~~~~^~~~~~
../Core/Src/main.c: In function 'Start_Init':
../Core/Src/main.c:623:30: warning: passing argument 4 of 'f_read' from incompatible pointer type [-Wincompatible-pointer-types]
  623 |      f_read(&test, read, 10, &br);
      |                              ^~~
      |                              |
      |                              BYTE * {aka unsigned char *}
In file included from ../FATFS/App/fatfs.h:26,
                 from ../Core/Src/main.c:22:
../Middlewares/Third_Party/FatFs/src/ff.h:244:54: note: expected 'UINT *' {aka 'unsigned int *'} but argument is of type 'BYTE *' {aka 'unsigned char *'}
  244 | FRESULT f_read (FIL* fp, void* buff, UINT btr, UINT* br);   /* Read data from the file */
      |                                                ~~~~~~^~
../Core/Src/main.c:625:22: warning: pointer targets in passing argument 1 of 'CDC_Transmit_FS' differ in signedness [-Wpointer-sign]
  625 |      CDC_Transmit_FS(read, 10);
      |                      ^~~~
      |                      |
      |                      char *
In file included from ../Core/Src/main.c:27:
../USB_DEVICE/App/usbd_cdc_if.h:108:34: note: expected 'uint8_t *' {aka 'unsigned char *'} but argument is of type 'char *'
  108 | uint8_t CDC_Transmit_FS(uint8_t* Buf, uint16_t Len);
      |                         ~~~~~~~~~^~~
../Core/Src/main.c:621:14: warning: unused variable 'result2' [-Wunused-variable]
  621 |      FRESULT result2 = f_mount(&fs, "", 0);
      |              ^~~~~~~
../Core/Src/main.c:619:11: warning: unused variable 'msg' [-Wunused-variable]
  619 |      char msg[] = "Test text";
      |           ^~~
../Core/Src/main.c:617:11: warning: unused variable 'bw' [-Wunused-variable]
  617 |      BYTE bw;
      |           ^~
../Core/Src/main.c:604:11: warning: unused variable 'read' [-Wunused-variable]
  604 |  uint8_t* read = malloc(SECTOR_SIZE*sizeof(uint8_t));
      |           ^~~~
../Core/Src/main.c:603:8: warning: unused variable 'work' [-Wunused-variable]
  603 |  BYTE* work = malloc(SECTOR_SIZE);
      |        ^~~~
../Core/Src/main.c: In function 'StartReadCard':
../Core/Src/main.c:658:5: warning: implicit declaration of function 'DumpINFO' [-Wimplicit-function-declaration]
  658 |  if(DumpINFO(cardinf)==PCD_OK){
      |     ^~~~~~~~
../Core/Src/main.c: In function 'CardFoundStart':
../Core/Src/main.c:764:34: warning: passing argument 3 of 'choose' from incompatible pointer type [-Wincompatible-pointer-types]
  764 |  choose(&SCRN_CardFound,&suspend,&count,2,OLED_NORESTORE);
      |                                  ^~~~~~
      |                                  |
      |                                  int *
../Core/Src/main.c:150:55: note: expected 'uint32_t *' {aka 'long unsigned int *'} but argument is of type 'int *'
  150 | int choose (const Screen* screen,int* flag, uint32_t* count, int max, int restopt) {
      |                                             ~~~~~~~~~~^~~~~
../Core/Src/main.c: In function 'choose':
../Core/Src/main.c:168:1: warning: control reaches end of non-void function [-Wreturn-type]
  168 | }
      | ^
../Core/Src/main.c: In function 'writecard':
../Core/Src/main.c:174:1: warning: control reaches end of non-void function [-Wreturn-type]
  174 | }
      | ^
arm-none-eabi-gcc -o "Ruthless RFID.elf" @"objects.list"   -mcpu=cortex-m4 -T"C:\Users\rhett\OneDrive\Documents\Ruthless RFID\Firmware\Ruthless RFID\STM32F401CBUX_FLASH.ld" --specs=nosys.specs -Wl,-Map="Ruthless RFID.map" -Wl,--gc-sections -static --specs=nano.specs -mfpu=fpv4-sp-d16 -mfloat-abi=hard -mthumb -Wl,--start-group -lc -lm -Wl,--end-group
Finished building target: Ruthless RFID.elf
 
arm-none-eabi-size   Ruthless\ RFID.elf 
arm-none-eabi-objdump -h -S  Ruthless\ RFID.elf  > "Ruthless RFID.list"
   text	   data	    bss	    dec	    hex	filename
  76364	   1644	  31820	 109828	  1ad04	Ruthless RFID.elf
Finished building: default.size.stdout
 
Finished building: Ruthless RFID.list
 
12:09:09 **** Incremental Build of configuration Debug for project Ruthless RFID ****
make -j8 all 
arm-none-eabi-size   Ruthless\ RFID.elf 
   text	   data	    bss	    dec	    hex	filename
  76364	   1644	  31820	 109828	  1ad04	Ruthless RFID.elf
Finished building: default.size.stdout
 
12:10:26 **** Incremental Build of configuration Debug for project Ruthless RFID ****
make -j8 all 
arm-none-eabi-gcc "../Core/Src/main.c" -mcpu=cortex-m4 -std=gnu11 -g3 -DDEBUG -DUSE_HAL_DRIVER -DSTM32F401xC -c -I../Core/Inc -I../USB_DEVICE/App -I../USB_DEVICE/Target -I../Drivers/STM32F4xx_HAL_Driver/Inc -I../Drivers/STM32F4xx_HAL_Driver/Inc/Legacy -I../Middlewares/Third_Party/FreeRTOS/Source/include -I../Middlewares/Third_Party/FreeRTOS/Source/CMSIS_RTOS_V2 -I../Middlewares/Third_Party/FreeRTOS/Source/portable/GCC/ARM_CM4F -I../Middlewares/ST/STM32_USB_Device_Library/Core/Inc -I../Middlewares/ST/STM32_USB_Device_Library/Class/CDC/Inc -I../Drivers/CMSIS/Device/ST/STM32F4xx/Include -I../Drivers/CMSIS/Include -I../FATFS/Target -I../FATFS/App -I../Middlewares/Third_Party/FatFs/src -O0 -ffunction-sections -fdata-sections -Wall -fstack-usage -fcyclomatic-complexity -MMD -MP -MF"Core/Src/main.d" -MT"Core/Src/main.o" --specs=nano.specs -mfpu=fpv4-sp-d16 -mfloat-abi=hard -mthumb -o "Core/Src/main.o"
../Core/Src/main.c: In function 'writecard':
../Core/Src/main.c:172:15: warning: passing argument 1 of 'findfreeaddr' from incompatible pointer type [-Wincompatible-pointer-types]
  172 |  findfreeaddr(address);
      |               ^~~~~~~
      |               |
      |               uint32_t ** {aka long unsigned int **}
In file included from ../Core/Src/main.c:31:
../Core/Inc/W25N01GVZEIG.h:59:30: note: expected 'uint32_t *' {aka 'long unsigned int *'} but argument is of type 'uint32_t **' {aka 'long unsigned int **'}
   59 | void findfreeaddr (uint32_t* result);
      |                    ~~~~~~~~~~^~~~~~
../Core/Src/main.c: In function 'Start_Init':
../Core/Src/main.c:623:30: warning: passing argument 4 of 'f_read' from incompatible pointer type [-Wincompatible-pointer-types]
  623 |      f_read(&test, read, 10, &br);
      |                              ^~~
      |                              |
      |                              BYTE * {aka unsigned char *}
In file included from ../FATFS/App/fatfs.h:26,
                 from ../Core/Src/main.c:22:
../Middlewares/Third_Party/FatFs/src/ff.h:244:54: note: expected 'UINT *' {aka 'unsigned int *'} but argument is of type 'BYTE *' {aka 'unsigned char *'}
  244 | FRESULT f_read (FIL* fp, void* buff, UINT btr, UINT* br);   /* Read data from the file */
      |                                                ~~~~~~^~
../Core/Src/main.c:625:22: warning: pointer targets in passing argument 1 of 'CDC_Transmit_FS' differ in signedness [-Wpointer-sign]
  625 |      CDC_Transmit_FS(read, 10);
      |                      ^~~~
      |                      |
      |                      char *
In file included from ../Core/Src/main.c:27:
../USB_DEVICE/App/usbd_cdc_if.h:108:34: note: expected 'uint8_t *' {aka 'unsigned char *'} but argument is of type 'char *'
  108 | uint8_t CDC_Transmit_FS(uint8_t* Buf, uint16_t Len);
      |                         ~~~~~~~~~^~~
../Core/Src/main.c:621:14: warning: unused variable 'result2' [-Wunused-variable]
  621 |      FRESULT result2 = f_mount(&fs, "", 0);
      |              ^~~~~~~
../Core/Src/main.c:619:11: warning: unused variable 'msg' [-Wunused-variable]
  619 |      char msg[] = "Test text";
      |           ^~~
../Core/Src/main.c:617:11: warning: unused variable 'bw' [-Wunused-variable]
  617 |      BYTE bw;
      |           ^~
../Core/Src/main.c:604:11: warning: unused variable 'read' [-Wunused-variable]
  604 |  uint8_t* read = malloc(SECTOR_SIZE*sizeof(uint8_t));
      |           ^~~~
../Core/Src/main.c:603:8: warning: unused variable 'work' [-Wunused-variable]
  603 |  BYTE* work = malloc(SECTOR_SIZE);
      |        ^~~~
../Core/Src/main.c: In function 'StartReadCard':
../Core/Src/main.c:658:5: warning: implicit declaration of function 'DumpINFO' [-Wimplicit-function-declaration]
  658 |  if(DumpINFO(cardinf)==PCD_OK){
      |     ^~~~~~~~
../Core/Src/main.c: In function 'CardFoundStart':
../Core/Src/main.c:764:34: warning: passing argument 3 of 'choose' from incompatible pointer type [-Wincompatible-pointer-types]
  764 |  choose(&SCRN_CardFound,&suspend,&count,2,OLED_NORESTORE);
      |                                  ^~~~~~
      |                                  |
      |                                  int *
../Core/Src/main.c:150:55: note: expected 'uint32_t *' {aka 'long unsigned int *'} but argument is of type 'int *'
  150 | int choose (const Screen* screen,int* flag, uint32_t* count, int max, int restopt) {
      |                                             ~~~~~~~~~~^~~~~
../Core/Src/main.c: In function 'choose':
../Core/Src/main.c:168:1: warning: control reaches end of non-void function [-Wreturn-type]
  168 | }
      | ^
../Core/Src/main.c: In function 'writecard':
../Core/Src/main.c:174:1: warning: control reaches end of non-void function [-Wreturn-type]
  174 | }
      | ^
arm-none-eabi-gcc -o "Ruthless RFID.elf" @"objects.list"   -mcpu=cortex-m4 -T"C:\Users\rhett\OneDrive\Documents\Ruthless RFID\Firmware\Ruthless RFID\STM32F401CBUX_FLASH.ld" --specs=nosys.specs -Wl,-Map="Ruthless RFID.map" -Wl,--gc-sections -static --specs=nano.specs -mfpu=fpv4-sp-d16 -mfloat-abi=hard -mthumb -Wl,--start-group -lc -lm -Wl,--end-group
Finished building target: Ruthless RFID.elf
 
arm-none-eabi-size   Ruthless\ RFID.elf 
arm-none-eabi-objdump -h -S  Ruthless\ RFID.elf  > "Ruthless RFID.list"
   text	   data	    bss	    dec	    hex	filename
  76368	   1644	  31820	 109832	  1ad08	Ruthless RFID.elf
Finished building: default.size.stdout
 
Finished building: Ruthless RFID.list
 
12:11:28 **** Incremental Build of configuration Debug for project Ruthless RFID ****
make -j8 all 
arm-none-eabi-gcc "../Core/Src/main.c" -mcpu=cortex-m4 -std=gnu11 -g3 -DDEBUG -DUSE_HAL_DRIVER -DSTM32F401xC -c -I../Core/Inc -I../USB_DEVICE/App -I../USB_DEVICE/Target -I../Drivers/STM32F4xx_HAL_Driver/Inc -I../Drivers/STM32F4xx_HAL_Driver/Inc/Legacy -I../Middlewares/Third_Party/FreeRTOS/Source/include -I../Middlewares/Third_Party/FreeRTOS/Source/CMSIS_RTOS_V2 -I../Middlewares/Third_Party/FreeRTOS/Source/portable/GCC/ARM_CM4F -I../Middlewares/ST/STM32_USB_Device_Library/Core/Inc -I../Middlewares/ST/STM32_USB_Device_Library/Class/CDC/Inc -I../Drivers/CMSIS/Device/ST/STM32F4xx/Include -I../Drivers/CMSIS/Include -I../FATFS/Target -I../FATFS/App -I../Middlewares/Third_Party/FatFs/src -O0 -ffunction-sections -fdata-sections -Wall -fstack-usage -fcyclomatic-complexity -MMD -MP -MF"Core/Src/main.d" -MT"Core/Src/main.o" --specs=nano.specs -mfpu=fpv4-sp-d16 -mfloat-abi=hard -mthumb -o "Core/Src/main.o"
../Core/Src/main.c: In function 'writecard':
../Core/Src/main.c:172:15: warning: passing argument 1 of 'findfreeaddr' from incompatible pointer type [-Wincompatible-pointer-types]
  172 |  findfreeaddr(address);
      |               ^~~~~~~
      |               |
      |               uint32_t ** {aka long unsigned int **}
In file included from ../Core/Src/main.c:31:
../Core/Inc/W25N01GVZEIG.h:59:30: note: expected 'uint32_t *' {aka 'long unsigned int *'} but argument is of type 'uint32_t **' {aka 'long unsigned int **'}
   59 | void findfreeaddr (uint32_t* result);
      |                    ~~~~~~~~~~^~~~~~
../Core/Src/main.c: In function 'Start_Init':
../Core/Src/main.c:623:57: warning: passing argument 4 of 'f_write' from incompatible pointer type [-Wincompatible-pointer-types]
  623 |      FRESULT result4 = f_write(&test, msg, strlen(msg), &bw);
      |                                                         ^~~
      |                                                         |
      |                                                         BYTE * {aka unsigned char *}
In file included from ../FATFS/App/fatfs.h:26,
                 from ../Core/Src/main.c:22:
../Middlewares/Third_Party/FatFs/src/ff.h:245:61: note: expected 'UINT *' {aka 'unsigned int *'} but argument is of type 'BYTE *' {aka 'unsigned char *'}
  245 | FRESULT f_write (FIL* fp, const void* buff, UINT btw, UINT* bw); /* Write data to the file */
      |                                                       ~~~~~~^~
../Core/Src/main.c:625:6: warning: implicit declaration of function 'Print'; did you mean 'printf'? [-Wimplicit-function-declaration]
  625 |      Print("Hello");
      |      ^~~~~
      |      printf
../Core/Src/main.c:624:14: warning: unused variable 'result5' [-Wunused-variable]
  624 |      FRESULT result5 = f_close(&test);
      |              ^~~~~~~
../Core/Src/main.c:623:14: warning: unused variable 'result4' [-Wunused-variable]
  623 |      FRESULT result4 = f_write(&test, msg, strlen(msg), &bw);
      |              ^~~~~~~
../Core/Src/main.c:622:14: warning: unused variable 'result3' [-Wunused-variable]
  622 |      FRESULT result3 = f_open(&test, "test.txt", FA_OPEN_ALWAYS|FA_READ|FA_WRITE);
      |              ^~~~~~~
../Core/Src/main.c:620:14: warning: unused variable 'result2' [-Wunused-variable]
  620 |      FRESULT result2 = f_mount(&fs, "", 0);
      |              ^~~~~~~
../Core/Src/main.c:619:14: warning: unused variable 'result1' [-Wunused-variable]
  619 |      FRESULT result1 = f_mkfs("", FM_ANY, 0, work, SECTOR_SIZE);
      |              ^~~~~~~
../Core/Src/main.c:604:11: warning: unused variable 'read' [-Wunused-variable]
  604 |  uint8_t* read = malloc(SECTOR_SIZE*sizeof(uint8_t));
      |           ^~~~
../Core/Src/main.c: In function 'StartReadCard':
../Core/Src/main.c:657:5: warning: implicit declaration of function 'DumpINFO' [-Wimplicit-function-declaration]
  657 |  if(DumpINFO(cardinf)==PCD_OK){
      |     ^~~~~~~~
../Core/Src/main.c: In function 'CardFoundStart':
../Core/Src/main.c:763:34: warning: passing argument 3 of 'choose' from incompatible pointer type [-Wincompatible-pointer-types]
  763 |  choose(&SCRN_CardFound,&suspend,&count,2,OLED_NORESTORE);
      |                                  ^~~~~~
      |                                  |
      |                                  int *
../Core/Src/main.c:150:55: note: expected 'uint32_t *' {aka 'long unsigned int *'} but argument is of type 'int *'
  150 | int choose (const Screen* screen,int* flag, uint32_t* count, int max, int restopt) {
      |                                             ~~~~~~~~~~^~~~~
../Core/Src/main.c: In function 'choose':
../Core/Src/main.c:168:1: warning: control reaches end of non-void function [-Wreturn-type]
  168 | }
      | ^
../Core/Src/main.c: In function 'writecard':
../Core/Src/main.c:174:1: warning: control reaches end of non-void function [-Wreturn-type]
  174 | }
      | ^
arm-none-eabi-gcc -o "Ruthless RFID.elf" @"objects.list"   -mcpu=cortex-m4 -T"C:\Users\rhett\OneDrive\Documents\Ruthless RFID\Firmware\Ruthless RFID\STM32F401CBUX_FLASH.ld" --specs=nosys.specs -Wl,-Map="Ruthless RFID.map" -Wl,--gc-sections -static --specs=nano.specs -mfpu=fpv4-sp-d16 -mfloat-abi=hard -mthumb -Wl,--start-group -lc -lm -Wl,--end-group
Finished building target: Ruthless RFID.elf
 
arm-none-eabi-size   Ruthless\ RFID.elf 
arm-none-eabi-objdump -h -S  Ruthless\ RFID.elf  > "Ruthless RFID.list"
   text	   data	    bss	    dec	    hex	filename
  78760	   1644	  31820	 112224	  1b660	Ruthless RFID.elf
Finished building: default.size.stdout
 
Finished building: Ruthless RFID.list
 
12:13:00 **** Incremental Build of configuration Debug for project Ruthless RFID ****
make -j8 all 
arm-none-eabi-gcc "../Core/Src/main.c" -mcpu=cortex-m4 -std=gnu11 -g3 -DDEBUG -DUSE_HAL_DRIVER -DSTM32F401xC -c -I../Core/Inc -I../USB_DEVICE/App -I../USB_DEVICE/Target -I../Drivers/STM32F4xx_HAL_Driver/Inc -I../Drivers/STM32F4xx_HAL_Driver/Inc/Legacy -I../Middlewares/Third_Party/FreeRTOS/Source/include -I../Middlewares/Third_Party/FreeRTOS/Source/CMSIS_RTOS_V2 -I../Middlewares/Third_Party/FreeRTOS/Source/portable/GCC/ARM_CM4F -I../Middlewares/ST/STM32_USB_Device_Library/Core/Inc -I../Middlewares/ST/STM32_USB_Device_Library/Class/CDC/Inc -I../Drivers/CMSIS/Device/ST/STM32F4xx/Include -I../Drivers/CMSIS/Include -I../FATFS/Target -I../FATFS/App -I../Middlewares/Third_Party/FatFs/src -O0 -ffunction-sections -fdata-sections -Wall -fstack-usage -fcyclomatic-complexity -MMD -MP -MF"Core/Src/main.d" -MT"Core/Src/main.o" --specs=nano.specs -mfpu=fpv4-sp-d16 -mfloat-abi=hard -mthumb -o "Core/Src/main.o"
../Core/Src/main.c: In function 'writecard':
../Core/Src/main.c:172:15: warning: passing argument 1 of 'findfreeaddr' from incompatible pointer type [-Wincompatible-pointer-types]
  172 |  findfreeaddr(address);
      |               ^~~~~~~
      |               |
      |               uint32_t ** {aka long unsigned int **}
In file included from ../Core/Src/main.c:31:
../Core/Inc/W25N01GVZEIG.h:59:30: note: expected 'uint32_t *' {aka 'long unsigned int *'} but argument is of type 'uint32_t **' {aka 'long unsigned int **'}
   59 | void findfreeaddr (uint32_t* result);
      |                    ~~~~~~~~~~^~~~~~
../Core/Src/main.c: In function 'Start_Init':
../Core/Src/main.c:621:47: warning: passing argument 4 of 'f_read' from incompatible pointer type [-Wincompatible-pointer-types]
  621 |      FRESULT result4 = f_read(&test, msg, 10, &br);
      |                                               ^~~
      |                                               |
      |                                               BYTE * {aka unsigned char *}
In file included from ../FATFS/App/fatfs.h:26,
                 from ../Core/Src/main.c:22:
../Middlewares/Third_Party/FatFs/src/ff.h:244:54: note: expected 'UINT *' {aka 'unsigned int *'} but argument is of type 'BYTE *' {aka 'unsigned char *'}
  244 | FRESULT f_read (FIL* fp, void* buff, UINT btr, UINT* br);   /* Read data from the file */
      |                                                ~~~~~~^~
../Core/Src/main.c:623:22: warning: pointer targets in passing argument 1 of 'CDC_Transmit_FS' differ in signedness [-Wpointer-sign]
  623 |      CDC_Transmit_FS(msg, 10);
      |                      ^~~
      |                      |
      |                      char *
In file included from ../Core/Src/main.c:27:
../USB_DEVICE/App/usbd_cdc_if.h:108:34: note: expected 'uint8_t *' {aka 'unsigned char *'} but argument is of type 'char *'
  108 | uint8_t CDC_Transmit_FS(uint8_t* Buf, uint16_t Len);
      |                         ~~~~~~~~~^~~
../Core/Src/main.c:622:14: warning: unused variable 'result5' [-Wunused-variable]
  622 |      FRESULT result5 = f_close(&test);
      |              ^~~~~~~
../Core/Src/main.c:621:14: warning: unused variable 'result4' [-Wunused-variable]
  621 |      FRESULT result4 = f_read(&test, msg, 10, &br);
      |              ^~~~~~~
../Core/Src/main.c:620:14: warning: unused variable 'result3' [-Wunused-variable]
  620 |      FRESULT result3 = f_open(&test, "test.txt", FA_OPEN_ALWAYS|FA_READ|FA_WRITE);
      |              ^~~~~~~
../Core/Src/main.c:618:14: warning: unused variable 'result2' [-Wunused-variable]
  618 |      FRESULT result2 = f_mount(&fs, "", 0);
      |              ^~~~~~~
../Core/Src/main.c:604:11: warning: unused variable 'read' [-Wunused-variable]
  604 |  uint8_t* read = malloc(SECTOR_SIZE*sizeof(uint8_t));
      |           ^~~~
../Core/Src/main.c:603:8: warning: unused variable 'work' [-Wunused-variable]
  603 |  BYTE* work = malloc(SECTOR_SIZE);
      |        ^~~~
../Core/Src/main.c: In function 'StartReadCard':
../Core/Src/main.c:656:5: warning: implicit declaration of function 'DumpINFO' [-Wimplicit-function-declaration]
  656 |  if(DumpINFO(cardinf)==PCD_OK){
      |     ^~~~~~~~
../Core/Src/main.c: In function 'CardFoundStart':
../Core/Src/main.c:762:34: warning: passing argument 3 of 'choose' from incompatible pointer type [-Wincompatible-pointer-types]
  762 |  choose(&SCRN_CardFound,&suspend,&count,2,OLED_NORESTORE);
      |                                  ^~~~~~
      |                                  |
      |                                  int *
../Core/Src/main.c:150:55: note: expected 'uint32_t *' {aka 'long unsigned int *'} but argument is of type 'int *'
  150 | int choose (const Screen* screen,int* flag, uint32_t* count, int max, int restopt) {
      |                                             ~~~~~~~~~~^~~~~
../Core/Src/main.c: In function 'choose':
../Core/Src/main.c:168:1: warning: control reaches end of non-void function [-Wreturn-type]
  168 | }
      | ^
../Core/Src/main.c: In function 'writecard':
../Core/Src/main.c:174:1: warning: control reaches end of non-void function [-Wreturn-type]
  174 | }
      | ^
arm-none-eabi-gcc -o "Ruthless RFID.elf" @"objects.list"   -mcpu=cortex-m4 -T"C:\Users\rhett\OneDrive\Documents\Ruthless RFID\Firmware\Ruthless RFID\STM32F401CBUX_FLASH.ld" --specs=nosys.specs -Wl,-Map="Ruthless RFID.map" -Wl,--gc-sections -static --specs=nano.specs -mfpu=fpv4-sp-d16 -mfloat-abi=hard -mthumb -Wl,--start-group -lc -lm -Wl,--end-group
Finished building target: Ruthless RFID.elf
 
arm-none-eabi-size   Ruthless\ RFID.elf 
arm-none-eabi-objdump -h -S  Ruthless\ RFID.elf  > "Ruthless RFID.list"
   text	   data	    bss	    dec	    hex	filename
  76244	   1644	  31820	 109708	  1ac8c	Ruthless RFID.elf
Finished building: default.size.stdout
 
Finished building: Ruthless RFID.list
 
12:13:34 **** Incremental Build of configuration Debug for project Ruthless RFID ****
make -j8 all 
arm-none-eabi-size   Ruthless\ RFID.elf 
   text	   data	    bss	    dec	    hex	filename
  76244	   1644	  31820	 109708	  1ac8c	Ruthless RFID.elf
Finished building: default.size.stdout
 
12:27:35 **** Incremental Build of configuration Debug for project Ruthless RFID ****
make -j8 all 
arm-none-eabi-gcc "../Core/Src/main.c" -mcpu=cortex-m4 -std=gnu11 -g3 -DDEBUG -DUSE_HAL_DRIVER -DSTM32F401xC -c -I../Core/Inc -I../USB_DEVICE/App -I../USB_DEVICE/Target -I../Drivers/STM32F4xx_HAL_Driver/Inc -I../Drivers/STM32F4xx_HAL_Driver/Inc/Legacy -I../Middlewares/Third_Party/FreeRTOS/Source/include -I../Middlewares/Third_Party/FreeRTOS/Source/CMSIS_RTOS_V2 -I../Middlewares/Third_Party/FreeRTOS/Source/portable/GCC/ARM_CM4F -I../Middlewares/ST/STM32_USB_Device_Library/Core/Inc -I../Middlewares/ST/STM32_USB_Device_Library/Class/CDC/Inc -I../Drivers/CMSIS/Device/ST/STM32F4xx/Include -I../Drivers/CMSIS/Include -I../FATFS/Target -I../FATFS/App -I../Middlewares/Third_Party/FatFs/src -O0 -ffunction-sections -fdata-sections -Wall -fstack-usage -fcyclomatic-complexity -MMD -MP -MF"Core/Src/main.d" -MT"Core/Src/main.o" --specs=nano.specs -mfpu=fpv4-sp-d16 -mfloat-abi=hard -mthumb -o "Core/Src/main.o"
../Core/Src/main.c: In function 'writecard':
../Core/Src/main.c:172:15: warning: passing argument 1 of 'findfreeaddr' from incompatible pointer type [-Wincompatible-pointer-types]
  172 |  findfreeaddr(address);
      |               ^~~~~~~
      |               |
      |               uint32_t ** {aka long unsigned int **}
In file included from ../Core/Src/main.c:31:
../Core/Inc/W25N01GVZEIG.h:59:30: note: expected 'uint32_t *' {aka 'long unsigned int *'} but argument is of type 'uint32_t **' {aka 'long unsigned int **'}
   59 | void findfreeaddr (uint32_t* result);
      |                    ~~~~~~~~~~^~~~~~
../Core/Src/main.c: In function 'Start_Init':
../Core/Src/main.c:623:25: warning: passing argument 1 of 'f_open' from incompatible pointer type [-Wincompatible-pointer-types]
  623 |      FRESULT a = f_open(&test, "test.txt", FA_OPEN_ALWAYS|FA_READ|FA_WRITE);
      |                         ^~~~~
      |                         |
      |                         char **
In file included from ../FATFS/App/fatfs.h:26,
                 from ../Core/Src/main.c:22:
../Middlewares/Third_Party/FatFs/src/ff.h:242:22: note: expected 'FIL *' but argument is of type 'char **'
  242 | FRESULT f_open (FIL* fp, const TCHAR* path, BYTE mode);    /* Open or create a file */
      |                 ~~~~~^~
../Core/Src/main.c:624:26: warning: passing argument 1 of 'f_write' from incompatible pointer type [-Wincompatible-pointer-types]
  624 |      FRESULT b = f_write(&test, test, 7, &bw);
      |                          ^~~~~
      |                          |
      |                          char **
In file included from ../FATFS/App/fatfs.h:26,
                 from ../Core/Src/main.c:22:
../Middlewares/Third_Party/FatFs/src/ff.h:245:23: note: expected 'FIL *' but argument is of type 'char **'
  245 | FRESULT f_write (FIL* fp, const void* buff, UINT btw, UINT* bw); /* Write data to the file */
      |                  ~~~~~^~
../Core/Src/main.c:624:42: warning: passing argument 4 of 'f_write' from incompatible pointer type [-Wincompatible-pointer-types]
  624 |      FRESULT b = f_write(&test, test, 7, &bw);
      |                                          ^~~
      |                                          |
      |                                          BYTE * {aka unsigned char *}
In file included from ../FATFS/App/fatfs.h:26,
                 from ../Core/Src/main.c:22:
../Middlewares/Third_Party/FatFs/src/ff.h:245:61: note: expected 'UINT *' {aka 'unsigned int *'} but argument is of type 'BYTE *' {aka 'unsigned char *'}
  245 | FRESULT f_write (FIL* fp, const void* buff, UINT btw, UINT* bw); /* Write data to the file */
      |                                                       ~~~~~~^~
../Core/Src/main.c:625:26: warning: passing argument 1 of 'f_close' from incompatible pointer type [-Wincompatible-pointer-types]
  625 |      FRESULT c = f_close(&test);
      |                          ^~~~~
      |                          |
      |                          char **
In file included from ../FATFS/App/fatfs.h:26,
                 from ../Core/Src/main.c:22:
../Middlewares/Third_Party/FatFs/src/ff.h:243:23: note: expected 'FIL *' but argument is of type 'char **'
  243 | FRESULT f_close (FIL* fp);           /* Close an open file object */
      |                  ~~~~~^~
../Core/Src/main.c:627:31: warning: passing argument 1 of 'f_open' from incompatible pointer type [-Wincompatible-pointer-types]
  627 |      FRESULT result3 = f_open(&test, "test.txt", FA_OPEN_ALWAYS|FA_READ|FA_WRITE);
      |                               ^~~~~
      |                               |
      |                               char **
In file included from ../FATFS/App/fatfs.h:26,
                 from ../Core/Src/main.c:22:
../Middlewares/Third_Party/FatFs/src/ff.h:242:22: note: expected 'FIL *' but argument is of type 'char **'
  242 | FRESULT f_open (FIL* fp, const TCHAR* path, BYTE mode);    /* Open or create a file */
      |                 ~~~~~^~
../Core/Src/main.c:628:31: warning: passing argument 1 of 'f_read' from incompatible pointer type [-Wincompatible-pointer-types]
  628 |      FRESULT result4 = f_read(&test, msg, 10, &br);
      |                               ^~~~~
      |                               |
      |                               char **
In file included from ../FATFS/App/fatfs.h:26,
                 from ../Core/Src/main.c:22:
../Middlewares/Third_Party/FatFs/src/ff.h:244:22: note: expected 'FIL *' but argument is of type 'char **'
  244 | FRESULT f_read (FIL* fp, void* buff, UINT btr, UINT* br);   /* Read data from the file */
      |                 ~~~~~^~
../Core/Src/main.c:628:47: warning: passing argument 4 of 'f_read' from incompatible pointer type [-Wincompatible-pointer-types]
  628 |      FRESULT result4 = f_read(&test, msg, 10, &br);
      |                                               ^~~
      |                                               |
      |                                               BYTE * {aka unsigned char *}
In file included from ../FATFS/App/fatfs.h:26,
                 from ../Core/Src/main.c:22:
../Middlewares/Third_Party/FatFs/src/ff.h:244:54: note: expected 'UINT *' {aka 'unsigned int *'} but argument is of type 'BYTE *' {aka 'unsigned char *'}
  244 | FRESULT f_read (FIL* fp, void* buff, UINT btr, UINT* br);   /* Read data from the file */
      |                                                ~~~~~~^~
../Core/Src/main.c:629:32: warning: passing argument 1 of 'f_close' from incompatible pointer type [-Wincompatible-pointer-types]
  629 |      FRESULT result5 = f_close(&test);
      |                                ^~~~~
      |                                |
      |                                char **
In file included from ../FATFS/App/fatfs.h:26,
                 from ../Core/Src/main.c:22:
../Middlewares/Third_Party/FatFs/src/ff.h:243:23: note: expected 'FIL *' but argument is of type 'char **'
  243 | FRESULT f_close (FIL* fp);           /* Close an open file object */
      |                  ~~~~~^~
../Core/Src/main.c:630:22: warning: pointer targets in passing argument 1 of 'CDC_Transmit_FS' differ in signedness [-Wpointer-sign]
  630 |      CDC_Transmit_FS(msg, 10);
      |                      ^~~
      |                      |
      |                      char *
In file included from ../Core/Src/main.c:27:
../USB_DEVICE/App/usbd_cdc_if.h:108:34: note: expected 'uint8_t *' {aka 'unsigned char *'} but argument is of type 'char *'
  108 | uint8_t CDC_Transmit_FS(uint8_t* Buf, uint16_t Len);
      |                         ~~~~~~~~~^~~
../Core/Src/main.c:629:14: warning: unused variable 'result5' [-Wunused-variable]
  629 |      FRESULT result5 = f_close(&test);
      |              ^~~~~~~
../Core/Src/main.c:628:14: warning: unused variable 'result4' [-Wunused-variable]
  628 |      FRESULT result4 = f_read(&test, msg, 10, &br);
      |              ^~~~~~~
../Core/Src/main.c:627:14: warning: unused variable 'result3' [-Wunused-variable]
  627 |      FRESULT result3 = f_open(&test, "test.txt", FA_OPEN_ALWAYS|FA_READ|FA_WRITE);
      |              ^~~~~~~
../Core/Src/main.c:625:14: warning: unused variable 'c' [-Wunused-variable]
  625 |      FRESULT c = f_close(&test);
      |              ^
../Core/Src/main.c:624:14: warning: unused variable 'b' [-Wunused-variable]
  624 |      FRESULT b = f_write(&test, test, 7, &bw);
      |              ^
../Core/Src/main.c:623:14: warning: unused variable 'a' [-Wunused-variable]
  623 |      FRESULT a = f_open(&test, "test.txt", FA_OPEN_ALWAYS|FA_READ|FA_WRITE);
      |              ^
../Core/Src/main.c:621:14: warning: unused variable 'result2' [-Wunused-variable]
  621 |      FRESULT result2 = f_mount(&fs, "", 0);
      |              ^~~~~~~
../Core/Src/main.c:615:13: warning: unused variable 'result1' [-Wunused-variable]
  615 |     FRESULT result1 = f_mkfs("", FM_ANY, 0, work, SECTOR_SIZE);
      |             ^~~~~~~
../Core/Src/main.c:604:11: warning: unused variable 'read' [-Wunused-variable]
  604 |  uint8_t* read = malloc(SECTOR_SIZE*sizeof(uint8_t));
      |           ^~~~
../Core/Src/main.c: In function 'StartReadCard':
../Core/Src/main.c:663:5: warning: implicit declaration of function 'DumpINFO' [-Wimplicit-function-declaration]
  663 |  if(DumpINFO(cardinf)==PCD_OK){
      |     ^~~~~~~~
../Core/Src/main.c: In function 'CardFoundStart':
../Core/Src/main.c:769:34: warning: passing argument 3 of 'choose' from incompatible pointer type [-Wincompatible-pointer-types]
  769 |  choose(&SCRN_CardFound,&suspend,&count,2,OLED_NORESTORE);
      |                                  ^~~~~~
      |                                  |
      |                                  int *
../Core/Src/main.c:150:55: note: expected 'uint32_t *' {aka 'long unsigned int *'} but argument is of type 'int *'
  150 | int choose (const Screen* screen,int* flag, uint32_t* count, int max, int restopt) {
      |                                             ~~~~~~~~~~^~~~~
../Core/Src/main.c: In function 'choose':
../Core/Src/main.c:168:1: warning: control reaches end of non-void function [-Wreturn-type]
  168 | }
      | ^
../Core/Src/main.c: In function 'writecard':
../Core/Src/main.c:174:1: warning: control reaches end of non-void function [-Wreturn-type]
  174 | }
      | ^
arm-none-eabi-gcc -o "Ruthless RFID.elf" @"objects.list"   -mcpu=cortex-m4 -T"C:\Users\rhett\OneDrive\Documents\Ruthless RFID\Firmware\Ruthless RFID\STM32F401CBUX_FLASH.ld" --specs=nosys.specs -Wl,-Map="Ruthless RFID.map" -Wl,--gc-sections -static --specs=nano.specs -mfpu=fpv4-sp-d16 -mfloat-abi=hard -mthumb -Wl,--start-group -lc -lm -Wl,--end-group
Finished building target: Ruthless RFID.elf
 
arm-none-eabi-size   Ruthless\ RFID.elf 
arm-none-eabi-objdump -h -S  Ruthless\ RFID.elf  > "Ruthless RFID.list"
   text	   data	    bss	    dec	    hex	filename
  79484	   1644	  29724	 110852	  1b104	Ruthless RFID.elf
Finished building: default.size.stdout
 
Finished building: Ruthless RFID.list
 
12:28:35 **** Incremental Build of configuration Debug for project Ruthless RFID ****
make -j8 all 
arm-none-eabi-size   Ruthless\ RFID.elf 
   text	   data	    bss	    dec	    hex	filename
  79484	   1644	  29724	 110852	  1b104	Ruthless RFID.elf
Finished building: default.size.stdout
 
12:31:14 **** Incremental Build of configuration Debug for project Ruthless RFID ****
make -j8 all 
arm-none-eabi-gcc "../Core/Src/main.c" -mcpu=cortex-m4 -std=gnu11 -g3 -DDEBUG -DUSE_HAL_DRIVER -DSTM32F401xC -c -I../Core/Inc -I../USB_DEVICE/App -I../USB_DEVICE/Target -I../Drivers/STM32F4xx_HAL_Driver/Inc -I../Drivers/STM32F4xx_HAL_Driver/Inc/Legacy -I../Middlewares/Third_Party/FreeRTOS/Source/include -I../Middlewares/Third_Party/FreeRTOS/Source/CMSIS_RTOS_V2 -I../Middlewares/Third_Party/FreeRTOS/Source/portable/GCC/ARM_CM4F -I../Middlewares/ST/STM32_USB_Device_Library/Core/Inc -I../Middlewares/ST/STM32_USB_Device_Library/Class/CDC/Inc -I../Drivers/CMSIS/Device/ST/STM32F4xx/Include -I../Drivers/CMSIS/Include -I../FATFS/Target -I../FATFS/App -I../Middlewares/Third_Party/FatFs/src -O0 -ffunction-sections -fdata-sections -Wall -fstack-usage -fcyclomatic-complexity -MMD -MP -MF"Core/Src/main.d" -MT"Core/Src/main.o" --specs=nano.specs -mfpu=fpv4-sp-d16 -mfloat-abi=hard -mthumb -o "Core/Src/main.o"
../Core/Src/main.c: In function 'writecard':
../Core/Src/main.c:172:15: warning: passing argument 1 of 'findfreeaddr' from incompatible pointer type [-Wincompatible-pointer-types]
  172 |  findfreeaddr(address);
      |               ^~~~~~~
      |               |
      |               uint32_t ** {aka long unsigned int **}
In file included from ../Core/Src/main.c:31:
../Core/Inc/W25N01GVZEIG.h:59:30: note: expected 'uint32_t *' {aka 'long unsigned int *'} but argument is of type 'uint32_t **' {aka 'long unsigned int **'}
   59 | void findfreeaddr (uint32_t* result);
      |                    ~~~~~~~~~~^~~~~~
../Core/Src/main.c: In function 'Start_Init':
../Core/Src/main.c:623:25: warning: passing argument 1 of 'f_open' from incompatible pointer type [-Wincompatible-pointer-types]
  623 |      FRESULT a = f_open(&test, "test.txt", FA_OPEN_ALWAYS|FA_READ|FA_WRITE);
      |                         ^~~~~
      |                         |
      |                         char **
In file included from ../FATFS/App/fatfs.h:26,
                 from ../Core/Src/main.c:22:
../Middlewares/Third_Party/FatFs/src/ff.h:242:22: note: expected 'FIL *' but argument is of type 'char **'
  242 | FRESULT f_open (FIL* fp, const TCHAR* path, BYTE mode);    /* Open or create a file */
      |                 ~~~~~^~
../Core/Src/main.c:624:26: warning: passing argument 1 of 'f_write' from incompatible pointer type [-Wincompatible-pointer-types]
  624 |      FRESULT b = f_write(&test, test, 7, &bw);
      |                          ^~~~~
      |                          |
      |                          char **
In file included from ../FATFS/App/fatfs.h:26,
                 from ../Core/Src/main.c:22:
../Middlewares/Third_Party/FatFs/src/ff.h:245:23: note: expected 'FIL *' but argument is of type 'char **'
  245 | FRESULT f_write (FIL* fp, const void* buff, UINT btw, UINT* bw); /* Write data to the file */
      |                  ~~~~~^~
../Core/Src/main.c:624:42: warning: passing argument 4 of 'f_write' from incompatible pointer type [-Wincompatible-pointer-types]
  624 |      FRESULT b = f_write(&test, test, 7, &bw);
      |                                          ^~~
      |                                          |
      |                                          BYTE * {aka unsigned char *}
In file included from ../FATFS/App/fatfs.h:26,
                 from ../Core/Src/main.c:22:
../Middlewares/Third_Party/FatFs/src/ff.h:245:61: note: expected 'UINT *' {aka 'unsigned int *'} but argument is of type 'BYTE *' {aka 'unsigned char *'}
  245 | FRESULT f_write (FIL* fp, const void* buff, UINT btw, UINT* bw); /* Write data to the file */
      |                                                       ~~~~~~^~
../Core/Src/main.c:625:26: warning: passing argument 1 of 'f_close' from incompatible pointer type [-Wincompatible-pointer-types]
  625 |      FRESULT c = f_close(&test);
      |                          ^~~~~
      |                          |
      |                          char **
In file included from ../FATFS/App/fatfs.h:26,
                 from ../Core/Src/main.c:22:
../Middlewares/Third_Party/FatFs/src/ff.h:243:23: note: expected 'FIL *' but argument is of type 'char **'
  243 | FRESULT f_close (FIL* fp);           /* Close an open file object */
      |                  ~~~~~^~
../Core/Src/main.c:627:31: warning: passing argument 1 of 'f_open' from incompatible pointer type [-Wincompatible-pointer-types]
  627 |      FRESULT result3 = f_open(&test, "test.txt", FA_OPEN_ALWAYS|FA_READ|FA_WRITE);
      |                               ^~~~~
      |                               |
      |                               char **
In file included from ../FATFS/App/fatfs.h:26,
                 from ../Core/Src/main.c:22:
../Middlewares/Third_Party/FatFs/src/ff.h:242:22: note: expected 'FIL *' but argument is of type 'char **'
  242 | FRESULT f_open (FIL* fp, const TCHAR* path, BYTE mode);    /* Open or create a file */
      |                 ~~~~~^~
../Core/Src/main.c:628:31: warning: passing argument 1 of 'f_read' from incompatible pointer type [-Wincompatible-pointer-types]
  628 |      FRESULT result4 = f_read(&test, msg, 7, &br);
      |                               ^~~~~
      |                               |
      |                               char **
In file included from ../FATFS/App/fatfs.h:26,
                 from ../Core/Src/main.c:22:
../Middlewares/Third_Party/FatFs/src/ff.h:244:22: note: expected 'FIL *' but argument is of type 'char **'
  244 | FRESULT f_read (FIL* fp, void* buff, UINT btr, UINT* br);   /* Read data from the file */
      |                 ~~~~~^~
../Core/Src/main.c:628:46: warning: passing argument 4 of 'f_read' from incompatible pointer type [-Wincompatible-pointer-types]
  628 |      FRESULT result4 = f_read(&test, msg, 7, &br);
      |                                              ^~~
      |                                              |
      |                                              BYTE * {aka unsigned char *}
In file included from ../FATFS/App/fatfs.h:26,
                 from ../Core/Src/main.c:22:
../Middlewares/Third_Party/FatFs/src/ff.h:244:54: note: expected 'UINT *' {aka 'unsigned int *'} but argument is of type 'BYTE *' {aka 'unsigned char *'}
  244 | FRESULT f_read (FIL* fp, void* buff, UINT btr, UINT* br);   /* Read data from the file */
      |                                                ~~~~~~^~
../Core/Src/main.c:629:32: warning: passing argument 1 of 'f_close' from incompatible pointer type [-Wincompatible-pointer-types]
  629 |      FRESULT result5 = f_close(&test);
      |                                ^~~~~
      |                                |
      |                                char **
In file included from ../FATFS/App/fatfs.h:26,
                 from ../Core/Src/main.c:22:
../Middlewares/Third_Party/FatFs/src/ff.h:243:23: note: expected 'FIL *' but argument is of type 'char **'
  243 | FRESULT f_close (FIL* fp);           /* Close an open file object */
      |                  ~~~~~^~
../Core/Src/main.c:630:22: warning: pointer targets in passing argument 1 of 'CDC_Transmit_FS' differ in signedness [-Wpointer-sign]
  630 |      CDC_Transmit_FS(msg, 10);
      |                      ^~~
      |                      |
      |                      char *
In file included from ../Core/Src/main.c:27:
../USB_DEVICE/App/usbd_cdc_if.h:108:34: note: expected 'uint8_t *' {aka 'unsigned char *'} but argument is of type 'char *'
  108 | uint8_t CDC_Transmit_FS(uint8_t* Buf, uint16_t Len);
      |                         ~~~~~~~~~^~~
../Core/Src/main.c:629:14: warning: unused variable 'result5' [-Wunused-variable]
  629 |      FRESULT result5 = f_close(&test);
      |              ^~~~~~~
../Core/Src/main.c:628:14: warning: unused variable 'result4' [-Wunused-variable]
  628 |      FRESULT result4 = f_read(&test, msg, 7, &br);
      |              ^~~~~~~
../Core/Src/main.c:627:14: warning: unused variable 'result3' [-Wunused-variable]
  627 |      FRESULT result3 = f_open(&test, "test.txt", FA_OPEN_ALWAYS|FA_READ|FA_WRITE);
      |              ^~~~~~~
../Core/Src/main.c:625:14: warning: unused variable 'c' [-Wunused-variable]
  625 |      FRESULT c = f_close(&test);
      |              ^
../Core/Src/main.c:624:14: warning: unused variable 'b' [-Wunused-variable]
  624 |      FRESULT b = f_write(&test, test, 7, &bw);
      |              ^
../Core/Src/main.c:623:14: warning: unused variable 'a' [-Wunused-variable]
  623 |      FRESULT a = f_open(&test, "test.txt", FA_OPEN_ALWAYS|FA_READ|FA_WRITE);
      |              ^
../Core/Src/main.c:621:14: warning: unused variable 'result2' [-Wunused-variable]
  621 |      FRESULT result2 = f_mount(&fs, "", 0);
      |              ^~~~~~~
../Core/Src/main.c:615:13: warning: unused variable 'result1' [-Wunused-variable]
  615 |     FRESULT result1 = f_mkfs("", FM_ANY, 0, work, SECTOR_SIZE);
      |             ^~~~~~~
../Core/Src/main.c:604:11: warning: unused variable 'read' [-Wunused-variable]
  604 |  uint8_t* read = malloc(SECTOR_SIZE*sizeof(uint8_t));
      |           ^~~~
../Core/Src/main.c: In function 'StartReadCard':
../Core/Src/main.c:663:5: warning: implicit declaration of function 'DumpINFO' [-Wimplicit-function-declaration]
  663 |  if(DumpINFO(cardinf)==PCD_OK){
      |     ^~~~~~~~
../Core/Src/main.c: In function 'CardFoundStart':
../Core/Src/main.c:769:34: warning: passing argument 3 of 'choose' from incompatible pointer type [-Wincompatible-pointer-types]
  769 |  choose(&SCRN_CardFound,&suspend,&count,2,OLED_NORESTORE);
      |                                  ^~~~~~
      |                                  |
      |                                  int *
../Core/Src/main.c:150:55: note: expected 'uint32_t *' {aka 'long unsigned int *'} but argument is of type 'int *'
  150 | int choose (const Screen* screen,int* flag, uint32_t* count, int max, int restopt) {
      |                                             ~~~~~~~~~~^~~~~
../Core/Src/main.c: In function 'choose':
../Core/Src/main.c:168:1: warning: control reaches end of non-void function [-Wreturn-type]
  168 | }
      | ^
../Core/Src/main.c: In function 'writecard':
../Core/Src/main.c:174:1: warning: control reaches end of non-void function [-Wreturn-type]
  174 | }
      | ^
arm-none-eabi-gcc -o "Ruthless RFID.elf" @"objects.list"   -mcpu=cortex-m4 -T"C:\Users\rhett\OneDrive\Documents\Ruthless RFID\Firmware\Ruthless RFID\STM32F401CBUX_FLASH.ld" --specs=nosys.specs -Wl,-Map="Ruthless RFID.map" -Wl,--gc-sections -static --specs=nano.specs -mfpu=fpv4-sp-d16 -mfloat-abi=hard -mthumb -Wl,--start-group -lc -lm -Wl,--end-group
Finished building target: Ruthless RFID.elf
 
arm-none-eabi-size   Ruthless\ RFID.elf 
arm-none-eabi-objdump -h -S  Ruthless\ RFID.elf  > "Ruthless RFID.list"
   text	   data	    bss	    dec	    hex	filename
  79484	   1644	  29724	 110852	  1b104	Ruthless RFID.elf
Finished building: default.size.stdout
 
Finished building: Ruthless RFID.list
 
12:32:44 **** Incremental Build of configuration Debug for project Ruthless RFID ****
make -j8 all 
arm-none-eabi-gcc "../Core/Src/main.c" -mcpu=cortex-m4 -std=gnu11 -g3 -DDEBUG -DUSE_HAL_DRIVER -DSTM32F401xC -c -I../Core/Inc -I../USB_DEVICE/App -I../USB_DEVICE/Target -I../Drivers/STM32F4xx_HAL_Driver/Inc -I../Drivers/STM32F4xx_HAL_Driver/Inc/Legacy -I../Middlewares/Third_Party/FreeRTOS/Source/include -I../Middlewares/Third_Party/FreeRTOS/Source/CMSIS_RTOS_V2 -I../Middlewares/Third_Party/FreeRTOS/Source/portable/GCC/ARM_CM4F -I../Middlewares/ST/STM32_USB_Device_Library/Core/Inc -I../Middlewares/ST/STM32_USB_Device_Library/Class/CDC/Inc -I../Drivers/CMSIS/Device/ST/STM32F4xx/Include -I../Drivers/CMSIS/Include -I../FATFS/Target -I../FATFS/App -I../Middlewares/Third_Party/FatFs/src -O0 -ffunction-sections -fdata-sections -Wall -fstack-usage -fcyclomatic-complexity -MMD -MP -MF"Core/Src/main.d" -MT"Core/Src/main.o" --specs=nano.specs -mfpu=fpv4-sp-d16 -mfloat-abi=hard -mthumb -o "Core/Src/main.o"
../Core/Src/main.c: In function 'writecard':
../Core/Src/main.c:172:15: warning: passing argument 1 of 'findfreeaddr' from incompatible pointer type [-Wincompatible-pointer-types]
  172 |  findfreeaddr(address);
      |               ^~~~~~~
      |               |
      |               uint32_t ** {aka long unsigned int **}
In file included from ../Core/Src/main.c:31:
../Core/Inc/W25N01GVZEIG.h:59:30: note: expected 'uint32_t *' {aka 'long unsigned int *'} but argument is of type 'uint32_t **' {aka 'long unsigned int **'}
   59 | void findfreeaddr (uint32_t* result);
      |                    ~~~~~~~~~~^~~~~~
../Core/Src/main.c: In function 'Start_Init':
../Core/Src/main.c:627:46: warning: passing argument 4 of 'f_read' from incompatible pointer type [-Wincompatible-pointer-types]
  627 |      FRESULT result4 = f_read(&test, msg, 7, &br);
      |                                              ^~~
      |                                              |
      |                                              BYTE * {aka unsigned char *}
In file included from ../FATFS/App/fatfs.h:26,
                 from ../Core/Src/main.c:22:
../Middlewares/Third_Party/FatFs/src/ff.h:244:54: note: expected 'UINT *' {aka 'unsigned int *'} but argument is of type 'BYTE *' {aka 'unsigned char *'}
  244 | FRESULT f_read (FIL* fp, void* buff, UINT btr, UINT* br);   /* Read data from the file */
      |                                                ~~~~~~^~
../Core/Src/main.c:629:22: warning: pointer targets in passing argument 1 of 'CDC_Transmit_FS' differ in signedness [-Wpointer-sign]
  629 |      CDC_Transmit_FS(msg, 10);
      |                      ^~~
      |                      |
      |                      char *
In file included from ../Core/Src/main.c:27:
../USB_DEVICE/App/usbd_cdc_if.h:108:34: note: expected 'uint8_t *' {aka 'unsigned char *'} but argument is of type 'char *'
  108 | uint8_t CDC_Transmit_FS(uint8_t* Buf, uint16_t Len);
      |                         ~~~~~~~~~^~~
../Core/Src/main.c:628:14: warning: unused variable 'result5' [-Wunused-variable]
  628 |      FRESULT result5 = f_close(&test);
      |              ^~~~~~~
../Core/Src/main.c:627:14: warning: unused variable 'result4' [-Wunused-variable]
  627 |      FRESULT result4 = f_read(&test, msg, 7, &br);
      |              ^~~~~~~
../Core/Src/main.c:626:14: warning: unused variable 'result3' [-Wunused-variable]
  626 |      FRESULT result3 = f_open(&test, "test.txt", FA_OPEN_ALWAYS|FA_READ|FA_WRITE);
      |              ^~~~~~~
../Core/Src/main.c:624:14: warning: unused variable 'c' [-Wunused-variable]
  624 |      FRESULT c = f_close(&test);
      |              ^
../Core/Src/main.c:623:14: warning: unused variable 'b' [-Wunused-variable]
  623 |      FRESULT b = f_puts("testing", &test);
      |              ^
../Core/Src/main.c:622:14: warning: unused variable 'a' [-Wunused-variable]
  622 |      FRESULT a = f_open(&test, "test.txt", FA_OPEN_ALWAYS|FA_READ|FA_WRITE);
      |              ^
../Core/Src/main.c:620:14: warning: unused variable 'result2' [-Wunused-variable]
  620 |      FRESULT result2 = f_mount(&fs, "", 0);
      |              ^~~~~~~
../Core/Src/main.c:618:11: warning: unused variable 'bw' [-Wunused-variable]
  618 |      BYTE bw;
      |           ^~
../Core/Src/main.c:615:13: warning: unused variable 'result1' [-Wunused-variable]
  615 |     FRESULT result1 = f_mkfs("", FM_ANY, 0, work, SECTOR_SIZE);
      |             ^~~~~~~
../Core/Src/main.c:604:11: warning: unused variable 'read' [-Wunused-variable]
  604 |  uint8_t* read = malloc(SECTOR_SIZE*sizeof(uint8_t));
      |           ^~~~
../Core/Src/main.c: In function 'StartReadCard':
../Core/Src/main.c:662:5: warning: implicit declaration of function 'DumpINFO' [-Wimplicit-function-declaration]
  662 |  if(DumpINFO(cardinf)==PCD_OK){
      |     ^~~~~~~~
../Core/Src/main.c: In function 'CardFoundStart':
../Core/Src/main.c:768:34: warning: passing argument 3 of 'choose' from incompatible pointer type [-Wincompatible-pointer-types]
  768 |  choose(&SCRN_CardFound,&suspend,&count,2,OLED_NORESTORE);
      |                                  ^~~~~~
      |                                  |
      |                                  int *
../Core/Src/main.c:150:55: note: expected 'uint32_t *' {aka 'long unsigned int *'} but argument is of type 'int *'
  150 | int choose (const Screen* screen,int* flag, uint32_t* count, int max, int restopt) {
      |                                             ~~~~~~~~~~^~~~~
../Core/Src/main.c: In function 'choose':
../Core/Src/main.c:168:1: warning: control reaches end of non-void function [-Wreturn-type]
  168 | }
      | ^
../Core/Src/main.c: In function 'writecard':
../Core/Src/main.c:174:1: warning: control reaches end of non-void function [-Wreturn-type]
  174 | }
      | ^
arm-none-eabi-gcc -o "Ruthless RFID.elf" @"objects.list"   -mcpu=cortex-m4 -T"C:\Users\rhett\OneDrive\Documents\Ruthless RFID\Firmware\Ruthless RFID\STM32F401CBUX_FLASH.ld" --specs=nosys.specs -Wl,-Map="Ruthless RFID.map" -Wl,--gc-sections -static --specs=nano.specs -mfpu=fpv4-sp-d16 -mfloat-abi=hard -mthumb -Wl,--start-group -lc -lm -Wl,--end-group
Finished building target: Ruthless RFID.elf
 
arm-none-eabi-size   Ruthless\ RFID.elf 
arm-none-eabi-objdump -h -S  Ruthless\ RFID.elf  > "Ruthless RFID.list"
   text	   data	    bss	    dec	    hex	filename
  79772	   1644	  31820	 113236	  1ba54	Ruthless RFID.elf
Finished building: default.size.stdout
 
Finished building: Ruthless RFID.list
 
12:34:19 **** Incremental Build of configuration Debug for project Ruthless RFID ****
make -j8 all 
arm-none-eabi-gcc "../Core/Src/main.c" -mcpu=cortex-m4 -std=gnu11 -g3 -DDEBUG -DUSE_HAL_DRIVER -DSTM32F401xC -c -I../Core/Inc -I../USB_DEVICE/App -I../USB_DEVICE/Target -I../Drivers/STM32F4xx_HAL_Driver/Inc -I../Drivers/STM32F4xx_HAL_Driver/Inc/Legacy -I../Middlewares/Third_Party/FreeRTOS/Source/include -I../Middlewares/Third_Party/FreeRTOS/Source/CMSIS_RTOS_V2 -I../Middlewares/Third_Party/FreeRTOS/Source/portable/GCC/ARM_CM4F -I../Middlewares/ST/STM32_USB_Device_Library/Core/Inc -I../Middlewares/ST/STM32_USB_Device_Library/Class/CDC/Inc -I../Drivers/CMSIS/Device/ST/STM32F4xx/Include -I../Drivers/CMSIS/Include -I../FATFS/Target -I../FATFS/App -I../Middlewares/Third_Party/FatFs/src -O0 -ffunction-sections -fdata-sections -Wall -fstack-usage -fcyclomatic-complexity -MMD -MP -MF"Core/Src/main.d" -MT"Core/Src/main.o" --specs=nano.specs -mfpu=fpv4-sp-d16 -mfloat-abi=hard -mthumb -o "Core/Src/main.o"
../Core/Src/main.c: In function 'writecard':
../Core/Src/main.c:172:15: warning: passing argument 1 of 'findfreeaddr' from incompatible pointer type [-Wincompatible-pointer-types]
  172 |  findfreeaddr(address);
      |               ^~~~~~~
      |               |
      |               uint32_t ** {aka long unsigned int **}
In file included from ../Core/Src/main.c:31:
../Core/Inc/W25N01GVZEIG.h:59:30: note: expected 'uint32_t *' {aka 'long unsigned int *'} but argument is of type 'uint32_t **' {aka 'long unsigned int **'}
   59 | void findfreeaddr (uint32_t* result);
      |                    ~~~~~~~~~~^~~~~~
../Core/Src/main.c: In function 'Start_Init':
../Core/Src/main.c:627:46: warning: passing argument 4 of 'f_read' from incompatible pointer type [-Wincompatible-pointer-types]
  627 |      FRESULT result4 = f_read(&test, msg, 7, &br);
      |                                              ^~~
      |                                              |
      |                                              BYTE * {aka unsigned char *}
In file included from ../FATFS/App/fatfs.h:26,
                 from ../Core/Src/main.c:22:
../Middlewares/Third_Party/FatFs/src/ff.h:244:54: note: expected 'UINT *' {aka 'unsigned int *'} but argument is of type 'BYTE *' {aka 'unsigned char *'}
  244 | FRESULT f_read (FIL* fp, void* buff, UINT btr, UINT* br);   /* Read data from the file */
      |                                                ~~~~~~^~
../Core/Src/main.c:629:22: warning: pointer targets in passing argument 1 of 'CDC_Transmit_FS' differ in signedness [-Wpointer-sign]
  629 |      CDC_Transmit_FS(msg, 10);
      |                      ^~~
      |                      |
      |                      char *
In file included from ../Core/Src/main.c:27:
../USB_DEVICE/App/usbd_cdc_if.h:108:34: note: expected 'uint8_t *' {aka 'unsigned char *'} but argument is of type 'char *'
  108 | uint8_t CDC_Transmit_FS(uint8_t* Buf, uint16_t Len);
      |                         ~~~~~~~~~^~~
../Core/Src/main.c:628:14: warning: unused variable 'result5' [-Wunused-variable]
  628 |      FRESULT result5 = f_close(&test);
      |              ^~~~~~~
../Core/Src/main.c:627:14: warning: unused variable 'result4' [-Wunused-variable]
  627 |      FRESULT result4 = f_read(&test, msg, 7, &br);
      |              ^~~~~~~
../Core/Src/main.c:626:14: warning: unused variable 'result3' [-Wunused-variable]
  626 |      FRESULT result3 = f_open(&test, "test.txt", FA_OPEN_ALWAYS|FA_READ);
      |              ^~~~~~~
../Core/Src/main.c:624:14: warning: unused variable 'c' [-Wunused-variable]
  624 |      FRESULT c = f_close(&test);
      |              ^
../Core/Src/main.c:623:14: warning: unused variable 'b' [-Wunused-variable]
  623 |      FRESULT b = f_puts("testing", &test);
      |              ^
../Core/Src/main.c:622:14: warning: unused variable 'a' [-Wunused-variable]
  622 |      FRESULT a = f_open(&test, "test.txt", FA_OPEN_ALWAYS|FA_WRITE);
      |              ^
../Core/Src/main.c:620:14: warning: unused variable 'result2' [-Wunused-variable]
  620 |      FRESULT result2 = f_mount(&fs, "", 0);
      |              ^~~~~~~
../Core/Src/main.c:618:11: warning: unused variable 'bw' [-Wunused-variable]
  618 |      BYTE bw;
      |           ^~
../Core/Src/main.c:615:13: warning: unused variable 'result1' [-Wunused-variable]
  615 |     FRESULT result1 = f_mkfs("", FM_ANY, 0, work, SECTOR_SIZE);
      |             ^~~~~~~
../Core/Src/main.c:604:11: warning: unused variable 'read' [-Wunused-variable]
  604 |  uint8_t* read = malloc(SECTOR_SIZE*sizeof(uint8_t));
      |           ^~~~
../Core/Src/main.c: In function 'StartReadCard':
../Core/Src/main.c:662:5: warning: implicit declaration of function 'DumpINFO' [-Wimplicit-function-declaration]
  662 |  if(DumpINFO(cardinf)==PCD_OK){
      |     ^~~~~~~~
../Core/Src/main.c: In function 'CardFoundStart':
../Core/Src/main.c:768:34: warning: passing argument 3 of 'choose' from incompatible pointer type [-Wincompatible-pointer-types]
  768 |  choose(&SCRN_CardFound,&suspend,&count,2,OLED_NORESTORE);
      |                                  ^~~~~~
      |                                  |
      |                                  int *
../Core/Src/main.c:150:55: note: expected 'uint32_t *' {aka 'long unsigned int *'} but argument is of type 'int *'
  150 | int choose (const Screen* screen,int* flag, uint32_t* count, int max, int restopt) {
      |                                             ~~~~~~~~~~^~~~~
../Core/Src/main.c: In function 'choose':
../Core/Src/main.c:168:1: warning: control reaches end of non-void function [-Wreturn-type]
  168 | }
      | ^
../Core/Src/main.c: In function 'writecard':
../Core/Src/main.c:174:1: warning: control reaches end of non-void function [-Wreturn-type]
  174 | }
      | ^
arm-none-eabi-gcc -o "Ruthless RFID.elf" @"objects.list"   -mcpu=cortex-m4 -T"C:\Users\rhett\OneDrive\Documents\Ruthless RFID\Firmware\Ruthless RFID\STM32F401CBUX_FLASH.ld" --specs=nosys.specs -Wl,-Map="Ruthless RFID.map" -Wl,--gc-sections -static --specs=nano.specs -mfpu=fpv4-sp-d16 -mfloat-abi=hard -mthumb -Wl,--start-group -lc -lm -Wl,--end-group
Finished building target: Ruthless RFID.elf
 
arm-none-eabi-size   Ruthless\ RFID.elf 
arm-none-eabi-objdump -h -S  Ruthless\ RFID.elf  > "Ruthless RFID.list"
   text	   data	    bss	    dec	    hex	filename
  79772	   1644	  31820	 113236	  1ba54	Ruthless RFID.elf
Finished building: default.size.stdout
 
Finished building: Ruthless RFID.list
 
12:35:17 **** Incremental Build of configuration Debug for project Ruthless RFID ****
make -j8 all 
arm-none-eabi-size   Ruthless\ RFID.elf 
   text	   data	    bss	    dec	    hex	filename
  79772	   1644	  31820	 113236	  1ba54	Ruthless RFID.elf
Finished building: default.size.stdout
 
12:40:52 **** Incremental Build of configuration Debug for project Ruthless RFID ****
make -j8 all 
arm-none-eabi-gcc "../Core/Src/main.c" -mcpu=cortex-m4 -std=gnu11 -g3 -DDEBUG -DUSE_HAL_DRIVER -DSTM32F401xC -c -I../Core/Inc -I../USB_DEVICE/App -I../USB_DEVICE/Target -I../Drivers/STM32F4xx_HAL_Driver/Inc -I../Drivers/STM32F4xx_HAL_Driver/Inc/Legacy -I../Middlewares/Third_Party/FreeRTOS/Source/include -I../Middlewares/Third_Party/FreeRTOS/Source/CMSIS_RTOS_V2 -I../Middlewares/Third_Party/FreeRTOS/Source/portable/GCC/ARM_CM4F -I../Middlewares/ST/STM32_USB_Device_Library/Core/Inc -I../Middlewares/ST/STM32_USB_Device_Library/Class/CDC/Inc -I../Drivers/CMSIS/Device/ST/STM32F4xx/Include -I../Drivers/CMSIS/Include -I../FATFS/Target -I../FATFS/App -I../Middlewares/Third_Party/FatFs/src -O0 -ffunction-sections -fdata-sections -Wall -fstack-usage -fcyclomatic-complexity -MMD -MP -MF"Core/Src/main.d" -MT"Core/Src/main.o" --specs=nano.specs -mfpu=fpv4-sp-d16 -mfloat-abi=hard -mthumb -o "Core/Src/main.o"
../Core/Src/main.c: In function 'writecard':
../Core/Src/main.c:172:15: warning: passing argument 1 of 'findfreeaddr' from incompatible pointer type [-Wincompatible-pointer-types]
  172 |  findfreeaddr(address);
      |               ^~~~~~~
      |               |
      |               uint32_t ** {aka long unsigned int **}
In file included from ../Core/Src/main.c:31:
../Core/Inc/W25N01GVZEIG.h:59:30: note: expected 'uint32_t *' {aka 'long unsigned int *'} but argument is of type 'uint32_t **' {aka 'long unsigned int **'}
   59 | void findfreeaddr (uint32_t* result);
      |                    ~~~~~~~~~~^~~~~~
../Core/Src/main.c: In function 'Start_Init':
../Core/Src/main.c:619:21: warning: excess elements in scalar initializer
  619 |      BYTE nums = {1,2,3,4,5};
      |                     ^
../Core/Src/main.c:619:21: note: (near initialization for 'nums')
../Core/Src/main.c:619:23: warning: excess elements in scalar initializer
  619 |      BYTE nums = {1,2,3,4,5};
      |                       ^
../Core/Src/main.c:619:23: note: (near initialization for 'nums')
../Core/Src/main.c:619:25: warning: excess elements in scalar initializer
  619 |      BYTE nums = {1,2,3,4,5};
      |                         ^
../Core/Src/main.c:619:25: note: (near initialization for 'nums')
../Core/Src/main.c:619:27: warning: excess elements in scalar initializer
  619 |      BYTE nums = {1,2,3,4,5};
      |                           ^
../Core/Src/main.c:619:27: note: (near initialization for 'nums')
../Core/Src/main.c:625:33: warning: passing argument 2 of 'f_write' makes pointer from integer without a cast [-Wint-conversion]
  625 |      FRESULT b = f_write(&test, nums, 5, &bw);
      |                                 ^~~~
      |                                 |
      |                                 BYTE {aka unsigned char}
In file included from ../FATFS/App/fatfs.h:26,
                 from ../Core/Src/main.c:22:
../Middlewares/Third_Party/FatFs/src/ff.h:245:39: note: expected 'const void *' but argument is of type 'BYTE' {aka 'unsigned char'}
  245 | FRESULT f_write (FIL* fp, const void* buff, UINT btw, UINT* bw); /* Write data to the file */
      |                           ~~~~~~~~~~~~^~~~
../Core/Src/main.c:625:42: warning: passing argument 4 of 'f_write' from incompatible pointer type [-Wincompatible-pointer-types]
  625 |      FRESULT b = f_write(&test, nums, 5, &bw);
      |                                          ^~~
      |                                          |
      |                                          BYTE * {aka unsigned char *}
In file included from ../FATFS/App/fatfs.h:26,
                 from ../Core/Src/main.c:22:
../Middlewares/Third_Party/FatFs/src/ff.h:245:61: note: expected 'UINT *' {aka 'unsigned int *'} but argument is of type 'BYTE *' {aka 'unsigned char *'}
  245 | FRESULT f_write (FIL* fp, const void* buff, UINT btw, UINT* bw); /* Write data to the file */
      |                                                       ~~~~~~^~
../Core/Src/main.c:629:52: warning: passing argument 4 of 'f_read' from incompatible pointer type [-Wincompatible-pointer-types]
  629 |      FRESULT result4 = f_read(&test, read_nums, 5, &br);
      |                                                    ^~~
      |                                                    |
      |                                                    BYTE * {aka unsigned char *}
In file included from ../FATFS/App/fatfs.h:26,
                 from ../Core/Src/main.c:22:
../Middlewares/Third_Party/FatFs/src/ff.h:244:54: note: expected 'UINT *' {aka 'unsigned int *'} but argument is of type 'BYTE *' {aka 'unsigned char *'}
  244 | FRESULT f_read (FIL* fp, void* buff, UINT btr, UINT* br);   /* Read data from the file */
      |                                                ~~~~~~^~
../Core/Src/main.c:631:22: error: 'msg' undeclared (first use in this function)
  631 |      CDC_Transmit_FS(msg, 10);
      |                      ^~~
../Core/Src/main.c:631:22: note: each undeclared identifier is reported only once for each function it appears in
../Core/Src/main.c:630:14: warning: unused variable 'result5' [-Wunused-variable]
  630 |      FRESULT result5 = f_close(&test);
      |              ^~~~~~~
../Core/Src/main.c:629:14: warning: unused variable 'result4' [-Wunused-variable]
  629 |      FRESULT result4 = f_read(&test, read_nums, 5, &br);
      |              ^~~~~~~
../Core/Src/main.c:628:14: warning: unused variable 'result3' [-Wunused-variable]
  628 |      FRESULT result3 = f_open(&test, "test.txt", FA_OPEN_ALWAYS|FA_READ);
      |              ^~~~~~~
../Core/Src/main.c:626:14: warning: unused variable 'c' [-Wunused-variable]
  626 |      FRESULT c = f_close(&test);
      |              ^
../Core/Src/main.c:625:14: warning: unused variable 'b' [-Wunused-variable]
  625 |      FRESULT b = f_write(&test, nums, 5, &bw);
      |              ^
../Core/Src/main.c:624:14: warning: unused variable 'a' [-Wunused-variable]
  624 |      FRESULT a = f_open(&test, "test.txt", FA_OPEN_ALWAYS|FA_WRITE);
      |              ^
../Core/Src/main.c:622:14: warning: unused variable 'result2' [-Wunused-variable]
  622 |      FRESULT result2 = f_mount(&fs, "", 0);
      |              ^~~~~~~
../Core/Src/main.c:615:13: warning: unused variable 'result1' [-Wunused-variable]
  615 |     FRESULT result1 = f_mkfs("", FM_ANY, 0, work, SECTOR_SIZE);
      |             ^~~~~~~
../Core/Src/main.c:604:11: warning: unused variable 'read' [-Wunused-variable]
  604 |  uint8_t* read = malloc(SECTOR_SIZE*sizeof(uint8_t));
      |           ^~~~
../Core/Src/main.c: In function 'StartReadCard':
../Core/Src/main.c:664:5: warning: implicit declaration of function 'DumpINFO' [-Wimplicit-function-declaration]
  664 |  if(DumpINFO(cardinf)==PCD_OK){
      |     ^~~~~~~~
../Core/Src/main.c: In function 'CardFoundStart':
../Core/Src/main.c:770:34: warning: passing argument 3 of 'choose' from incompatible pointer type [-Wincompatible-pointer-types]
  770 |  choose(&SCRN_CardFound,&suspend,&count,2,OLED_NORESTORE);
      |                                  ^~~~~~
      |                                  |
      |                                  int *
../Core/Src/main.c:150:55: note: expected 'uint32_t *' {aka 'long unsigned int *'} but argument is of type 'int *'
  150 | int choose (const Screen* screen,int* flag, uint32_t* count, int max, int restopt) {
      |                                             ~~~~~~~~~~^~~~~
../Core/Src/main.c: In function 'choose':
../Core/Src/main.c:168:1: warning: control reaches end of non-void function [-Wreturn-type]
  168 | }
      | ^
../Core/Src/main.c: In function 'writecard':
../Core/Src/main.c:174:1: warning: control reaches end of non-void function [-Wreturn-type]
  174 | }
      | ^
make: *** [Core/Src/subdir.mk:52: Core/Src/main.o] Error 1
"make -j8 all" terminated with exit code 2. Build might be incomplete.
12:41:03 **** Incremental Build of configuration Debug for project Ruthless RFID ****
make -j8 all 
arm-none-eabi-gcc "../Core/Src/main.c" -mcpu=cortex-m4 -std=gnu11 -g3 -DDEBUG -DUSE_HAL_DRIVER -DSTM32F401xC -c -I../Core/Inc -I../USB_DEVICE/App -I../USB_DEVICE/Target -I../Drivers/STM32F4xx_HAL_Driver/Inc -I../Drivers/STM32F4xx_HAL_Driver/Inc/Legacy -I../Middlewares/Third_Party/FreeRTOS/Source/include -I../Middlewares/Third_Party/FreeRTOS/Source/CMSIS_RTOS_V2 -I../Middlewares/Third_Party/FreeRTOS/Source/portable/GCC/ARM_CM4F -I../Middlewares/ST/STM32_USB_Device_Library/Core/Inc -I../Middlewares/ST/STM32_USB_Device_Library/Class/CDC/Inc -I../Drivers/CMSIS/Device/ST/STM32F4xx/Include -I../Drivers/CMSIS/Include -I../FATFS/Target -I../FATFS/App -I../Middlewares/Third_Party/FatFs/src -O0 -ffunction-sections -fdata-sections -Wall -fstack-usage -fcyclomatic-complexity -MMD -MP -MF"Core/Src/main.d" -MT"Core/Src/main.o" --specs=nano.specs -mfpu=fpv4-sp-d16 -mfloat-abi=hard -mthumb -o "Core/Src/main.o"
../Core/Src/main.c: In function 'writecard':
../Core/Src/main.c:172:15: warning: passing argument 1 of 'findfreeaddr' from incompatible pointer type [-Wincompatible-pointer-types]
  172 |  findfreeaddr(address);
      |               ^~~~~~~
      |               |
      |               uint32_t ** {aka long unsigned int **}
In file included from ../Core/Src/main.c:31:
../Core/Inc/W25N01GVZEIG.h:59:30: note: expected 'uint32_t *' {aka 'long unsigned int *'} but argument is of type 'uint32_t **' {aka 'long unsigned int **'}
   59 | void findfreeaddr (uint32_t* result);
      |                    ~~~~~~~~~~^~~~~~
../Core/Src/main.c: In function 'Start_Init':
../Core/Src/main.c:619:21: warning: excess elements in scalar initializer
  619 |      BYTE nums = {1,2,3,4,5};
      |                     ^
../Core/Src/main.c:619:21: note: (near initialization for 'nums')
../Core/Src/main.c:619:23: warning: excess elements in scalar initializer
  619 |      BYTE nums = {1,2,3,4,5};
      |                       ^
../Core/Src/main.c:619:23: note: (near initialization for 'nums')
../Core/Src/main.c:619:25: warning: excess elements in scalar initializer
  619 |      BYTE nums = {1,2,3,4,5};
      |                         ^
../Core/Src/main.c:619:25: note: (near initialization for 'nums')
../Core/Src/main.c:619:27: warning: excess elements in scalar initializer
  619 |      BYTE nums = {1,2,3,4,5};
      |                           ^
../Core/Src/main.c:619:27: note: (near initialization for 'nums')
../Core/Src/main.c:625:33: warning: passing argument 2 of 'f_write' makes pointer from integer without a cast [-Wint-conversion]
  625 |      FRESULT b = f_write(&test, nums, 5, &bw);
      |                                 ^~~~
      |                                 |
      |                                 BYTE {aka unsigned char}
In file included from ../FATFS/App/fatfs.h:26,
                 from ../Core/Src/main.c:22:
../Middlewares/Third_Party/FatFs/src/ff.h:245:39: note: expected 'const void *' but argument is of type 'BYTE' {aka 'unsigned char'}
  245 | FRESULT f_write (FIL* fp, const void* buff, UINT btw, UINT* bw); /* Write data to the file */
      |                           ~~~~~~~~~~~~^~~~
../Core/Src/main.c:625:42: warning: passing argument 4 of 'f_write' from incompatible pointer type [-Wincompatible-pointer-types]
  625 |      FRESULT b = f_write(&test, nums, 5, &bw);
      |                                          ^~~
      |                                          |
      |                                          BYTE * {aka unsigned char *}
In file included from ../FATFS/App/fatfs.h:26,
                 from ../Core/Src/main.c:22:
../Middlewares/Third_Party/FatFs/src/ff.h:245:61: note: expected 'UINT *' {aka 'unsigned int *'} but argument is of type 'BYTE *' {aka 'unsigned char *'}
  245 | FRESULT f_write (FIL* fp, const void* buff, UINT btw, UINT* bw); /* Write data to the file */
      |                                                       ~~~~~~^~
../Core/Src/main.c:629:52: warning: passing argument 4 of 'f_read' from incompatible pointer type [-Wincompatible-pointer-types]
  629 |      FRESULT result4 = f_read(&test, read_nums, 5, &br);
      |                                                    ^~~
      |                                                    |
      |                                                    BYTE * {aka unsigned char *}
In file included from ../FATFS/App/fatfs.h:26,
                 from ../Core/Src/main.c:22:
../Middlewares/Third_Party/FatFs/src/ff.h:244:54: note: expected 'UINT *' {aka 'unsigned int *'} but argument is of type 'BYTE *' {aka 'unsigned char *'}
  244 | FRESULT f_read (FIL* fp, void* buff, UINT btr, UINT* br);   /* Read data from the file */
      |                                                ~~~~~~^~
../Core/Src/main.c:630:14: warning: unused variable 'result5' [-Wunused-variable]
  630 |      FRESULT result5 = f_close(&test);
      |              ^~~~~~~
../Core/Src/main.c:629:14: warning: unused variable 'result4' [-Wunused-variable]
  629 |      FRESULT result4 = f_read(&test, read_nums, 5, &br);
      |              ^~~~~~~
../Core/Src/main.c:628:14: warning: unused variable 'result3' [-Wunused-variable]
  628 |      FRESULT result3 = f_open(&test, "test.txt", FA_OPEN_ALWAYS|FA_READ);
      |              ^~~~~~~
../Core/Src/main.c:626:14: warning: unused variable 'c' [-Wunused-variable]
  626 |      FRESULT c = f_close(&test);
      |              ^
../Core/Src/main.c:625:14: warning: unused variable 'b' [-Wunused-variable]
  625 |      FRESULT b = f_write(&test, nums, 5, &bw);
      |              ^
../Core/Src/main.c:624:14: warning: unused variable 'a' [-Wunused-variable]
  624 |      FRESULT a = f_open(&test, "test.txt", FA_OPEN_ALWAYS|FA_WRITE);
      |              ^
../Core/Src/main.c:622:14: warning: unused variable 'result2' [-Wunused-variable]
  622 |      FRESULT result2 = f_mount(&fs, "", 0);
      |              ^~~~~~~
../Core/Src/main.c:615:13: warning: unused variable 'result1' [-Wunused-variable]
  615 |     FRESULT result1 = f_mkfs("", FM_ANY, 0, work, SECTOR_SIZE);
      |             ^~~~~~~
../Core/Src/main.c:604:11: warning: unused variable 'read' [-Wunused-variable]
  604 |  uint8_t* read = malloc(SECTOR_SIZE*sizeof(uint8_t));
      |           ^~~~
../Core/Src/main.c: In function 'StartReadCard':
../Core/Src/main.c:664:5: warning: implicit declaration of function 'DumpINFO' [-Wimplicit-function-declaration]
  664 |  if(DumpINFO(cardinf)==PCD_OK){
      |     ^~~~~~~~
../Core/Src/main.c: In function 'CardFoundStart':
../Core/Src/main.c:770:34: warning: passing argument 3 of 'choose' from incompatible pointer type [-Wincompatible-pointer-types]
  770 |  choose(&SCRN_CardFound,&suspend,&count,2,OLED_NORESTORE);
      |                                  ^~~~~~
      |                                  |
      |                                  int *
../Core/Src/main.c:150:55: note: expected 'uint32_t *' {aka 'long unsigned int *'} but argument is of type 'int *'
  150 | int choose (const Screen* screen,int* flag, uint32_t* count, int max, int restopt) {
      |                                             ~~~~~~~~~~^~~~~
../Core/Src/main.c: In function 'choose':
../Core/Src/main.c:168:1: warning: control reaches end of non-void function [-Wreturn-type]
  168 | }
      | ^
../Core/Src/main.c: In function 'writecard':
../Core/Src/main.c:174:1: warning: control reaches end of non-void function [-Wreturn-type]
  174 | }
      | ^
arm-none-eabi-gcc -o "Ruthless RFID.elf" @"objects.list"   -mcpu=cortex-m4 -T"C:\Users\rhett\OneDrive\Documents\Ruthless RFID\Firmware\Ruthless RFID\STM32F401CBUX_FLASH.ld" --specs=nosys.specs -Wl,-Map="Ruthless RFID.map" -Wl,--gc-sections -static --specs=nano.specs -mfpu=fpv4-sp-d16 -mfloat-abi=hard -mthumb -Wl,--start-group -lc -lm -Wl,--end-group
Finished building target: Ruthless RFID.elf
 
arm-none-eabi-size   Ruthless\ RFID.elf 
arm-none-eabi-objdump -h -S  Ruthless\ RFID.elf  > "Ruthless RFID.list"
   text	   data	    bss	    dec	    hex	filename
  79428	   1644	  31820	 112892	  1b8fc	Ruthless RFID.elf
Finished building: default.size.stdout
 
Finished building: Ruthless RFID.list
 
12:41:51 **** Incremental Build of configuration Debug for project Ruthless RFID ****
make -j8 all 
arm-none-eabi-gcc "../Core/Src/main.c" -mcpu=cortex-m4 -std=gnu11 -g3 -DDEBUG -DUSE_HAL_DRIVER -DSTM32F401xC -c -I../Core/Inc -I../USB_DEVICE/App -I../USB_DEVICE/Target -I../Drivers/STM32F4xx_HAL_Driver/Inc -I../Drivers/STM32F4xx_HAL_Driver/Inc/Legacy -I../Middlewares/Third_Party/FreeRTOS/Source/include -I../Middlewares/Third_Party/FreeRTOS/Source/CMSIS_RTOS_V2 -I../Middlewares/Third_Party/FreeRTOS/Source/portable/GCC/ARM_CM4F -I../Middlewares/ST/STM32_USB_Device_Library/Core/Inc -I../Middlewares/ST/STM32_USB_Device_Library/Class/CDC/Inc -I../Drivers/CMSIS/Device/ST/STM32F4xx/Include -I../Drivers/CMSIS/Include -I../FATFS/Target -I../FATFS/App -I../Middlewares/Third_Party/FatFs/src -O0 -ffunction-sections -fdata-sections -Wall -fstack-usage -fcyclomatic-complexity -MMD -MP -MF"Core/Src/main.d" -MT"Core/Src/main.o" --specs=nano.specs -mfpu=fpv4-sp-d16 -mfloat-abi=hard -mthumb -o "Core/Src/main.o"
../Core/Src/main.c: In function 'writecard':
../Core/Src/main.c:172:15: warning: passing argument 1 of 'findfreeaddr' from incompatible pointer type [-Wincompatible-pointer-types]
  172 |  findfreeaddr(address);
      |               ^~~~~~~
      |               |
      |               uint32_t ** {aka long unsigned int **}
In file included from ../Core/Src/main.c:31:
../Core/Inc/W25N01GVZEIG.h:59:30: note: expected 'uint32_t *' {aka 'long unsigned int *'} but argument is of type 'uint32_t **' {aka 'long unsigned int **'}
   59 | void findfreeaddr (uint32_t* result);
      |                    ~~~~~~~~~~^~~~~~
../Core/Src/main.c: In function 'Start_Init':
../Core/Src/main.c:625:42: warning: passing argument 4 of 'f_write' from incompatible pointer type [-Wincompatible-pointer-types]
  625 |      FRESULT b = f_write(&test, nums, 5, &bw);
      |                                          ^~~
      |                                          |
      |                                          BYTE * {aka unsigned char *}
In file included from ../FATFS/App/fatfs.h:26,
                 from ../Core/Src/main.c:22:
../Middlewares/Third_Party/FatFs/src/ff.h:245:61: note: expected 'UINT *' {aka 'unsigned int *'} but argument is of type 'BYTE *' {aka 'unsigned char *'}
  245 | FRESULT f_write (FIL* fp, const void* buff, UINT btw, UINT* bw); /* Write data to the file */
      |                                                       ~~~~~~^~
../Core/Src/main.c:629:52: warning: passing argument 4 of 'f_read' from incompatible pointer type [-Wincompatible-pointer-types]
  629 |      FRESULT result4 = f_read(&test, read_nums, 5, &br);
      |                                                    ^~~
      |                                                    |
      |                                                    BYTE * {aka unsigned char *}
In file included from ../FATFS/App/fatfs.h:26,
                 from ../Core/Src/main.c:22:
../Middlewares/Third_Party/FatFs/src/ff.h:244:54: note: expected 'UINT *' {aka 'unsigned int *'} but argument is of type 'BYTE *' {aka 'unsigned char *'}
  244 | FRESULT f_read (FIL* fp, void* buff, UINT btr, UINT* br);   /* Read data from the file */
      |                                                ~~~~~~^~
../Core/Src/main.c:630:14: warning: unused variable 'result5' [-Wunused-variable]
  630 |      FRESULT result5 = f_close(&test);
      |              ^~~~~~~
../Core/Src/main.c:629:14: warning: unused variable 'result4' [-Wunused-variable]
  629 |      FRESULT result4 = f_read(&test, read_nums, 5, &br);
      |              ^~~~~~~
../Core/Src/main.c:628:14: warning: unused variable 'result3' [-Wunused-variable]
  628 |      FRESULT result3 = f_open(&test, "test.txt", FA_OPEN_ALWAYS|FA_READ);
      |              ^~~~~~~
../Core/Src/main.c:626:14: warning: unused variable 'c' [-Wunused-variable]
  626 |      FRESULT c = f_close(&test);
      |              ^
../Core/Src/main.c:625:14: warning: unused variable 'b' [-Wunused-variable]
  625 |      FRESULT b = f_write(&test, nums, 5, &bw);
      |              ^
../Core/Src/main.c:624:14: warning: unused variable 'a' [-Wunused-variable]
  624 |      FRESULT a = f_open(&test, "test.txt", FA_OPEN_ALWAYS|FA_WRITE);
      |              ^
../Core/Src/main.c:622:14: warning: unused variable 'result2' [-Wunused-variable]
  622 |      FRESULT result2 = f_mount(&fs, "", 0);
      |              ^~~~~~~
../Core/Src/main.c:615:13: warning: unused variable 'result1' [-Wunused-variable]
  615 |     FRESULT result1 = f_mkfs("", FM_ANY, 0, work, SECTOR_SIZE);
      |             ^~~~~~~
../Core/Src/main.c:604:11: warning: unused variable 'read' [-Wunused-variable]
  604 |  uint8_t* read = malloc(SECTOR_SIZE*sizeof(uint8_t));
      |           ^~~~
../Core/Src/main.c: In function 'StartReadCard':
[...]
      |                                                       ~~~~~~^~
../Core/Src/main.c:626:13: warning: unused variable 'c' [-Wunused-variable]
  626 |     FRESULT c = f_close(&test);
      |             ^
../Core/Src/main.c:625:13: warning: unused variable 'b' [-Wunused-variable]
  625 |     FRESULT b = f_write(&test, nums, 5, &bw);
      |             ^
../Core/Src/main.c:624:13: warning: unused variable 'a' [-Wunused-variable]
  624 |     FRESULT a = f_open(&test, "test.txt", FA_OPEN_ALWAYS|FA_WRITE);
      |             ^
../Core/Src/main.c:622:13: warning: unused variable 'result2' [-Wunused-variable]
  622 |     FRESULT result2 = f_mount(&fs, "", 0);
      |             ^~~~~~~
../Core/Src/main.c:620:10: warning: unused variable 'read_nums' [-Wunused-variable]
  620 |     BYTE read_nums[5];
      |          ^~~~~~~~~
../Core/Src/main.c:617:10: warning: unused variable 'br' [-Wunused-variable]
  617 |     BYTE br;
      |          ^~
../Core/Src/main.c:615:13: warning: unused variable 'result1' [-Wunused-variable]
  615 |     FRESULT result1 = f_mkfs("", FM_ANY, 0, work, SECTOR_SIZE);
      |             ^~~~~~~
../Core/Src/main.c:604:11: warning: unused variable 'read' [-Wunused-variable]
  604 |  uint8_t* read = malloc(SECTOR_SIZE*sizeof(uint8_t));
      |           ^~~~
../Core/Src/main.c: In function 'StartReadCard':
../Core/Src/main.c:658:5: warning: implicit declaration of function 'DumpINFO' [-Wimplicit-function-declaration]
  658 |  if(DumpINFO(cardinf)==PCD_OK){
      |     ^~~~~~~~
../Core/Src/main.c: In function 'CardFoundStart':
../Core/Src/main.c:764:34: warning: passing argument 3 of 'choose' from incompatible pointer type [-Wincompatible-pointer-types]
  764 |  choose(&SCRN_CardFound,&suspend,&count,2,OLED_NORESTORE);
      |                                  ^~~~~~
      |                                  |
      |                                  int *
../Core/Src/main.c:148:55: note: expected 'uint32_t *' {aka 'long unsigned int *'} but argument is of type 'int *'
  148 | int choose (const Screen* screen,int* flag, uint32_t* count, int max, int restopt) {
      |                                             ~~~~~~~~~~^~~~~
../Core/Src/main.c: In function 'choose':
../Core/Src/main.c:166:1: warning: control reaches end of non-void function [-Wreturn-type]
  166 | }
      | ^
../Core/Src/main.c: In function 'writecard':
../Core/Src/main.c:172:1: warning: control reaches end of non-void function [-Wreturn-type]
  172 | }
      | ^
arm-none-eabi-gcc -o "Ruthless RFID.elf" @"objects.list"   -mcpu=cortex-m4 -T"C:\Users\rhett\OneDrive\Documents\Ruthless RFID\Firmware\Ruthless RFID\STM32F401CBUX_FLASH.ld" --specs=nosys.specs -Wl,-Map="Ruthless RFID.map" -Wl,--gc-sections -static --specs=nano.specs -mfpu=fpv4-sp-d16 -mfloat-abi=hard -mthumb -Wl,--start-group -lc -lm -Wl,--end-group
Finished building target: Ruthless RFID.elf
 
arm-none-eabi-size   Ruthless\ RFID.elf 
arm-none-eabi-objdump -h -S  Ruthless\ RFID.elf  > "Ruthless RFID.list"
   text	   data	    bss	    dec	    hex	filename
  78732	   1644	  29724	 110100	  1ae14	Ruthless RFID.elf
Finished building: default.size.stdout
 
Finished building: Ruthless RFID.list
 
15:22:02 **** Incremental Build of configuration Debug for project Ruthless RFID ****
make -j8 all 
arm-none-eabi-gcc "../Core/Src/main.c" -mcpu=cortex-m4 -std=gnu11 -g3 -DDEBUG -DUSE_HAL_DRIVER -DSTM32F401xC -c -I../Core/Inc -I../USB_DEVICE/App -I../USB_DEVICE/Target -I../Drivers/STM32F4xx_HAL_Driver/Inc -I../Drivers/STM32F4xx_HAL_Driver/Inc/Legacy -I../Middlewares/Third_Party/FreeRTOS/Source/include -I../Middlewares/Third_Party/FreeRTOS/Source/CMSIS_RTOS_V2 -I../Middlewares/Third_Party/FreeRTOS/Source/portable/GCC/ARM_CM4F -I../Middlewares/ST/STM32_USB_Device_Library/Core/Inc -I../Middlewares/ST/STM32_USB_Device_Library/Class/CDC/Inc -I../Drivers/CMSIS/Device/ST/STM32F4xx/Include -I../Drivers/CMSIS/Include -I../FATFS/Target -I../FATFS/App -I../Middlewares/Third_Party/FatFs/src -O0 -ffunction-sections -fdata-sections -Wall -fstack-usage -fcyclomatic-complexity -MMD -MP -MF"Core/Src/main.d" -MT"Core/Src/main.o" --specs=nano.specs -mfpu=fpv4-sp-d16 -mfloat-abi=hard -mthumb -o "Core/Src/main.o"
../Core/Src/main.c: In function 'writecard':
../Core/Src/main.c:170:15: warning: passing argument 1 of 'findfreeaddr' from incompatible pointer type [-Wincompatible-pointer-types]
  170 |  findfreeaddr(address);
      |               ^~~~~~~
      |               |
      |               uint32_t ** {aka long unsigned int **}
In file included from ../Core/Src/main.c:31:
../Core/Inc/W25N01GVZEIG.h:59:30: note: expected 'uint32_t *' {aka 'long unsigned int *'} but argument is of type 'uint32_t **' {aka 'long unsigned int **'}
   59 | void findfreeaddr (uint32_t* result);
      |                    ~~~~~~~~~~^~~~~~
../Core/Src/main.c: In function 'Start_Init':
../Core/Src/main.c:625:41: warning: passing argument 4 of 'f_write' from incompatible pointer type [-Wincompatible-pointer-types]
  625 |     FRESULT b = f_write(&test, nums, 5, &bw);
      |                                         ^~~
      |                                         |
      |                                         BYTE * {aka unsigned char *}
In file included from ../FATFS/App/fatfs.h:26,
                 from ../Core/Src/main.c:22:
../Middlewares/Third_Party/FatFs/src/ff.h:245:61: note: expected 'UINT *' {aka 'unsigned int *'} but argument is of type 'BYTE *' {aka 'unsigned char *'}
  245 | FRESULT f_write (FIL* fp, const void* buff, UINT btw, UINT* bw); /* Write data to the file */
      |                                                       ~~~~~~^~
../Core/Src/main.c:626:13: warning: unused variable 'c' [-Wunused-variable]
  626 |     FRESULT c = f_close(&test);
      |             ^
../Core/Src/main.c:625:13: warning: unused variable 'b' [-Wunused-variable]
  625 |     FRESULT b = f_write(&test, nums, 5, &bw);
      |             ^
../Core/Src/main.c:624:13: warning: unused variable 'a' [-Wunused-variable]
  624 |     FRESULT a = f_open(&test, "test.txt", FA_OPEN_ALWAYS|FA_WRITE);
      |             ^
../Core/Src/main.c:622:13: warning: unused variable 'result2' [-Wunused-variable]
  622 |     FRESULT result2 = f_mount(&fs, "", 0);
      |             ^~~~~~~
../Core/Src/main.c:620:10: warning: unused variable 'read_nums' [-Wunused-variable]
  620 |     BYTE read_nums[5];
      |          ^~~~~~~~~
../Core/Src/main.c:617:10: warning: unused variable 'br' [-Wunused-variable]
  617 |     BYTE br;
      |          ^~
../Core/Src/main.c:615:13: warning: unused variable 'result1' [-Wunused-variable]
  615 |     FRESULT result1 = f_mkfs("", FM_ANY, 0, work, SECTOR_SIZE);
      |             ^~~~~~~
../Core/Src/main.c:604:11: warning: unused variable 'read' [-Wunused-variable]
  604 |  uint8_t* read = malloc(SECTOR_SIZE*sizeof(uint8_t));
      |           ^~~~
../Core/Src/main.c: In function 'StartReadCard':
../Core/Src/main.c:658:5: warning: implicit declaration of function 'DumpINFO' [-Wimplicit-function-declaration]
  658 |  if(DumpINFO(cardinf)==PCD_OK){
      |     ^~~~~~~~
../Core/Src/main.c: In function 'CardFoundStart':
../Core/Src/main.c:764:34: warning: passing argument 3 of 'choose' from incompatible pointer type [-Wincompatible-pointer-types]
  764 |  choose(&SCRN_CardFound,&suspend,&count,2,OLED_NORESTORE);
      |                                  ^~~~~~
      |                                  |
      |                                  int *
../Core/Src/main.c:148:55: note: expected 'uint32_t *' {aka 'long unsigned int *'} but argument is of type 'int *'
  148 | int choose (const Screen* screen,int* flag, uint32_t* count, int max, int restopt) {
      |                                             ~~~~~~~~~~^~~~~
../Core/Src/main.c: In function 'choose':
../Core/Src/main.c:166:1: warning: control reaches end of non-void function [-Wreturn-type]
  166 | }
      | ^
../Core/Src/main.c: In function 'writecard':
../Core/Src/main.c:172:1: warning: control reaches end of non-void function [-Wreturn-type]
  172 | }
      | ^
arm-none-eabi-gcc -o "Ruthless RFID.elf" @"objects.list"   -mcpu=cortex-m4 -T"C:\Users\rhett\OneDrive\Documents\Ruthless RFID\Firmware\Ruthless RFID\STM32F401CBUX_FLASH.ld" --specs=nosys.specs -Wl,-Map="Ruthless RFID.map" -Wl,--gc-sections -static --specs=nano.specs -mfpu=fpv4-sp-d16 -mfloat-abi=hard -mthumb -Wl,--start-group -lc -lm -Wl,--end-group
Finished building target: Ruthless RFID.elf
 
arm-none-eabi-size   Ruthless\ RFID.elf 
arm-none-eabi-objdump -h -S  Ruthless\ RFID.elf  > "Ruthless RFID.list"
   text	   data	    bss	    dec	    hex	filename
  78716	   1644	  29716	 110076	  1adfc	Ruthless RFID.elf
Finished building: default.size.stdout
 
Finished building: Ruthless RFID.list
 
15:23:07 **** Incremental Build of configuration Debug for project Ruthless RFID ****
make -j8 all 
arm-none-eabi-gcc "../Core/Src/main.c" -mcpu=cortex-m4 -std=gnu11 -g3 -DDEBUG -DUSE_HAL_DRIVER -DSTM32F401xC -c -I../Core/Inc -I../USB_DEVICE/App -I../USB_DEVICE/Target -I../Drivers/STM32F4xx_HAL_Driver/Inc -I../Drivers/STM32F4xx_HAL_Driver/Inc/Legacy -I../Middlewares/Third_Party/FreeRTOS/Source/include -I../Middlewares/Third_Party/FreeRTOS/Source/CMSIS_RTOS_V2 -I../Middlewares/Third_Party/FreeRTOS/Source/portable/GCC/ARM_CM4F -I../Middlewares/ST/STM32_USB_Device_Library/Core/Inc -I../Middlewares/ST/STM32_USB_Device_Library/Class/CDC/Inc -I../Drivers/CMSIS/Device/ST/STM32F4xx/Include -I../Drivers/CMSIS/Include -I../FATFS/Target -I../FATFS/App -I../Middlewares/Third_Party/FatFs/src -O0 -ffunction-sections -fdata-sections -Wall -fstack-usage -fcyclomatic-complexity -MMD -MP -MF"Core/Src/main.d" -MT"Core/Src/main.o" --specs=nano.specs -mfpu=fpv4-sp-d16 -mfloat-abi=hard -mthumb -o "Core/Src/main.o"
../Core/Src/main.c: In function 'writecard':
../Core/Src/main.c:170:15: warning: passing argument 1 of 'findfreeaddr' from incompatible pointer type [-Wincompatible-pointer-types]
  170 |  findfreeaddr(address);
      |               ^~~~~~~
      |               |
      |               uint32_t ** {aka long unsigned int **}
In file included from ../Core/Src/main.c:31:
../Core/Inc/W25N01GVZEIG.h:59:30: note: expected 'uint32_t *' {aka 'long unsigned int *'} but argument is of type 'uint32_t **' {aka 'long unsigned int **'}
   59 | void findfreeaddr (uint32_t* result);
      |                    ~~~~~~~~~~^~~~~~
../Core/Src/main.c: In function 'Start_Init':
../Core/Src/main.c:625:41: warning: passing argument 4 of 'f_write' from incompatible pointer type [-Wincompatible-pointer-types]
  625 |     FRESULT b = f_write(&test, nums, 5, &bw);
      |                                         ^~~
      |                                         |
      |                                         BYTE * {aka unsigned char *}
In file included from ../FATFS/App/fatfs.h:26,
                 from ../Core/Src/main.c:22:
../Middlewares/Third_Party/FatFs/src/ff.h:245:61: note: expected 'UINT *' {aka 'unsigned int *'} but argument is of type 'BYTE *' {aka 'unsigned char *'}
  245 | FRESULT f_write (FIL* fp, const void* buff, UINT btw, UINT* bw); /* Write data to the file */
      |                                                       ~~~~~~^~
../Core/Src/main.c:626:13: warning: unused variable 'c' [-Wunused-variable]
  626 |     FRESULT c = f_close(&test);
      |             ^
../Core/Src/main.c:625:13: warning: unused variable 'b' [-Wunused-variable]
  625 |     FRESULT b = f_write(&test, nums, 5, &bw);
      |             ^
../Core/Src/main.c:624:13: warning: unused variable 'a' [-Wunused-variable]
  624 |     FRESULT a = f_open(&test, "test.txt", FA_OPEN_ALWAYS|FA_WRITE);
      |             ^
../Core/Src/main.c:622:13: warning: unused variable 'result2' [-Wunused-variable]
  622 |     FRESULT result2 = f_mount(&fs, "", 0);
      |             ^~~~~~~
../Core/Src/main.c:620:10: warning: unused variable 'read_nums' [-Wunused-variable]
  620 |     BYTE read_nums[5];
      |          ^~~~~~~~~
../Core/Src/main.c:617:10: warning: unused variable 'br' [-Wunused-variable]
  617 |     BYTE br;
      |          ^~
../Core/Src/main.c:615:13: warning: unused variable 'result1' [-Wunused-variable]
  615 |     FRESULT result1 = f_mkfs("", FM_ANY, 0, work, SECTOR_SIZE);
      |             ^~~~~~~
../Core/Src/main.c:604:11: warning: unused variable 'read' [-Wunused-variable]
  604 |  uint8_t* read = malloc(SECTOR_SIZE*sizeof(uint8_t));
      |           ^~~~
../Core/Src/main.c: In function 'StartReadCard':
../Core/Src/main.c:658:5: warning: implicit declaration of function 'DumpINFO' [-Wimplicit-function-declaration]
  658 |  if(DumpINFO(cardinf)==PCD_OK){
      |     ^~~~~~~~
../Core/Src/main.c: In function 'CardFoundStart':
../Core/Src/main.c:764:34: warning: passing argument 3 of 'choose' from incompatible pointer type [-Wincompatible-pointer-types]
  764 |  choose(&SCRN_CardFound,&suspend,&count,2,OLED_NORESTORE);
      |                                  ^~~~~~
      |                                  |
      |                                  int *
../Core/Src/main.c:148:55: note: expected 'uint32_t *' {aka 'long unsigned int *'} but argument is of type 'int *'
  148 | int choose (const Screen* screen,int* flag, uint32_t* count, int max, int restopt) {
      |                                             ~~~~~~~~~~^~~~~
../Core/Src/main.c: In function 'choose':
../Core/Src/main.c:166:1: warning: control reaches end of non-void function [-Wreturn-type]
  166 | }
      | ^
../Core/Src/main.c: In function 'writecard':
../Core/Src/main.c:172:1: warning: control reaches end of non-void function [-Wreturn-type]
  172 | }
      | ^
arm-none-eabi-gcc -o "Ruthless RFID.elf" @"objects.list"   -mcpu=cortex-m4 -T"C:\Users\rhett\OneDrive\Documents\Ruthless RFID\Firmware\Ruthless RFID\STM32F401CBUX_FLASH.ld" --specs=nosys.specs -Wl,-Map="Ruthless RFID.map" -Wl,--gc-sections -static --specs=nano.specs -mfpu=fpv4-sp-d16 -mfloat-abi=hard -mthumb -Wl,--start-group -lc -lm -Wl,--end-group
Finished building target: Ruthless RFID.elf
 
arm-none-eabi-size   Ruthless\ RFID.elf 
arm-none-eabi-objdump -h -S  Ruthless\ RFID.elf  > "Ruthless RFID.list"
   text	   data	    bss	    dec	    hex	filename
  78796	   1644	  27620	 108060	  1a61c	Ruthless RFID.elf
Finished building: default.size.stdout
 
Finished building: Ruthless RFID.list
 
15:24:08 **** Incremental Build of configuration Debug for project Ruthless RFID ****
make -j8 all 
arm-none-eabi-gcc "../Core/Src/main.c" -mcpu=cortex-m4 -std=gnu11 -g3 -DDEBUG -DUSE_HAL_DRIVER -DSTM32F401xC -c -I../Core/Inc -I../USB_DEVICE/App -I../USB_DEVICE/Target -I../Drivers/STM32F4xx_HAL_Driver/Inc -I../Drivers/STM32F4xx_HAL_Driver/Inc/Legacy -I../Middlewares/Third_Party/FreeRTOS/Source/include -I../Middlewares/Third_Party/FreeRTOS/Source/CMSIS_RTOS_V2 -I../Middlewares/Third_Party/FreeRTOS/Source/portable/GCC/ARM_CM4F -I../Middlewares/ST/STM32_USB_Device_Library/Core/Inc -I../Middlewares/ST/STM32_USB_Device_Library/Class/CDC/Inc -I../Drivers/CMSIS/Device/ST/STM32F4xx/Include -I../Drivers/CMSIS/Include -I../FATFS/Target -I../FATFS/App -I../Middlewares/Third_Party/FatFs/src -O0 -ffunction-sections -fdata-sections -Wall -fstack-usage -fcyclomatic-complexity -MMD -MP -MF"Core/Src/main.d" -MT"Core/Src/main.o" --specs=nano.specs -mfpu=fpv4-sp-d16 -mfloat-abi=hard -mthumb -o "Core/Src/main.o"
../Core/Src/main.c: In function 'writecard':
../Core/Src/main.c:170:15: warning: passing argument 1 of 'findfreeaddr' from incompatible pointer type [-Wincompatible-pointer-types]
  170 |  findfreeaddr(address);
      |               ^~~~~~~
      |               |
      |               uint32_t ** {aka long unsigned int **}
In file included from ../Core/Src/main.c:31:
../Core/Inc/W25N01GVZEIG.h:59:30: note: expected 'uint32_t *' {aka 'long unsigned int *'} but argument is of type 'uint32_t **' {aka 'long unsigned int **'}
   59 | void findfreeaddr (uint32_t* result);
      |                    ~~~~~~~~~~^~~~~~
../Core/Src/main.c: In function 'Start_Init':
../Core/Src/main.c:625:41: warning: passing argument 4 of 'f_write' from incompatible pointer type [-Wincompatible-pointer-types]
  625 |     FRESULT b = f_write(&test, nums, 5, &bw);
      |                                         ^~~
      |                                         |
      |                                         BYTE * {aka unsigned char *}
In file included from ../FATFS/App/fatfs.h:26,
                 from ../Core/Src/main.c:22:
../Middlewares/Third_Party/FatFs/src/ff.h:245:61: note: expected 'UINT *' {aka 'unsigned int *'} but argument is of type 'BYTE *' {aka 'unsigned char *'}
  245 | FRESULT f_write (FIL* fp, const void* buff, UINT btw, UINT* bw); /* Write data to the file */
      |                                                       ~~~~~~^~
../Core/Src/main.c:626:13: warning: unused variable 'c' [-Wunused-variable]
  626 |     FRESULT c = f_close(&test);
      |             ^
../Core/Src/main.c:625:13: warning: unused variable 'b' [-Wunused-variable]
  625 |     FRESULT b = f_write(&test, nums, 5, &bw);
      |             ^
../Core/Src/main.c:624:13: warning: unused variable 'a' [-Wunused-variable]
  624 |     FRESULT a = f_open(&test, "test.txt", FA_OPEN_ALWAYS|FA_WRITE);
      |             ^
../Core/Src/main.c:622:13: warning: unused variable 'result2' [-Wunused-variable]
  622 |     FRESULT result2 = f_mount(&fs, "", 0);
      |             ^~~~~~~
../Core/Src/main.c:620:10: warning: unused variable 'read_nums' [-Wunused-variable]
  620 |     BYTE read_nums[5];
      |          ^~~~~~~~~
../Core/Src/main.c:617:10: warning: unused variable 'br' [-Wunused-variable]
  617 |     BYTE br;
      |          ^~
../Core/Src/main.c:615:13: warning: unused variable 'result1' [-Wunused-variable]
  615 |     FRESULT result1 = f_mkfs("", FM_ANY, 0, work, SECTOR_SIZE);
      |             ^~~~~~~
../Core/Src/main.c:604:11: warning: unused variable 'read' [-Wunused-variable]
  604 |  uint8_t* read = malloc(SECTOR_SIZE*sizeof(uint8_t));
      |           ^~~~
../Core/Src/main.c: In function 'StartReadCard':
../Core/Src/main.c:658:5: warning: implicit declaration of function 'DumpINFO' [-Wimplicit-function-declaration]
  658 |  if(DumpINFO(cardinf)==PCD_OK){
      |     ^~~~~~~~
../Core/Src/main.c: In function 'CardFoundStart':
../Core/Src/main.c:764:34: warning: passing argument 3 of 'choose' from incompatible pointer type [-Wincompatible-pointer-types]
  764 |  choose(&SCRN_CardFound,&suspend,&count,2,OLED_NORESTORE);
      |                                  ^~~~~~
      |                                  |
      |                                  int *
../Core/Src/main.c:148:55: note: expected 'uint32_t *' {aka 'long unsigned int *'} but argument is of type 'int *'
  148 | int choose (const Screen* screen,int* flag, uint32_t* count, int max, int restopt) {
      |                                             ~~~~~~~~~~^~~~~
../Core/Src/main.c: In function 'choose':
../Core/Src/main.c:166:1: warning: control reaches end of non-void function [-Wreturn-type]
  166 | }
      | ^
../Core/Src/main.c: In function 'writecard':
../Core/Src/main.c:172:1: warning: control reaches end of non-void function [-Wreturn-type]
  172 | }
      | ^
arm-none-eabi-gcc -o "Ruthless RFID.elf" @"objects.list"   -mcpu=cortex-m4 -T"C:\Users\rhett\OneDrive\Documents\Ruthless RFID\Firmware\Ruthless RFID\STM32F401CBUX_FLASH.ld" --specs=nosys.specs -Wl,-Map="Ruthless RFID.map" -Wl,--gc-sections -static --specs=nano.specs -mfpu=fpv4-sp-d16 -mfloat-abi=hard -mthumb -Wl,--start-group -lc -lm -Wl,--end-group
Finished building target: Ruthless RFID.elf
 
arm-none-eabi-size   Ruthless\ RFID.elf 
arm-none-eabi-objdump -h -S  Ruthless\ RFID.elf  > "Ruthless RFID.list"
   text	   data	    bss	    dec	    hex	filename
  78732	   1644	  29724	 110100	  1ae14	Ruthless RFID.elf
Finished building: default.size.stdout
 
Finished building: Ruthless RFID.list
 
