15:09:45 **** Incremental Build of configuration Debug for project Ruthless RFID ****
make -j8 all 
arm-none-eabi-gcc "../USB_DEVICE/Target/usbd_conf.c" -mcpu=cortex-m4 -std=gnu11 -g3 -DDEBUG -DUSE_HAL_DRIVER -DSTM32F401xC -c -I../Core/Inc -I../USB_DEVICE/App -I../USB_DEVICE/Target -I../Drivers/STM32F4xx_HAL_Driver/Inc -I../Drivers/STM32F4xx_HAL_Driver/Inc/Legacy -I../Middlewares/Third_Party/FreeRTOS/Source/include -I../Middlewares/Third_Party/FreeRTOS/Source/CMSIS_RTOS_V2 -I../Middlewares/Third_Party/FreeRTOS/Source/portable/GCC/ARM_CM4F -I../Middlewares/ST/STM32_USB_Device_Library/Core/Inc -I../Middlewares/ST/STM32_USB_Device_Library/Class/CDC/Inc -I../Drivers/CMSIS/Device/ST/STM32F4xx/Include -I../Drivers/CMSIS/Include -O0 -ffunction-sections -fdata-sections -Wall -fstack-usage -fcyclomatic-complexity -MMD -MP -MF"USB_DEVICE/Target/usbd_conf.d" -MT"USB_DEVICE/Target/usbd_conf.o" --specs=nano.specs -mfpu=fpv4-sp-d16 -mfloat-abi=hard -mthumb -o "USB_DEVICE/Target/usbd_conf.o"
arm-none-eabi-gcc "../USB_DEVICE/App/usb_device.c" -mcpu=cortex-m4 -std=gnu11 -g3 -DDEBUG -DUSE_HAL_DRIVER -DSTM32F401xC -c -I../Core/Inc -I../USB_DEVICE/App -I../USB_DEVICE/Target -I../Drivers/STM32F4xx_HAL_Driver/Inc -I../Drivers/STM32F4xx_HAL_Driver/Inc/Legacy -I../Middlewares/Third_Party/FreeRTOS/Source/include -I../Middlewares/Third_Party/FreeRTOS/Source/CMSIS_RTOS_V2 -I../Middlewares/Third_Party/FreeRTOS/Source/portable/GCC/ARM_CM4F -I../Middlewares/ST/STM32_USB_Device_Library/Core/Inc -I../Middlewares/ST/STM32_USB_Device_Library/Class/CDC/Inc -I../Drivers/CMSIS/Device/ST/STM32F4xx/Include -I../Drivers/CMSIS/Include -O0 -ffunction-sections -fdata-sections -Wall -fstack-usage -fcyclomatic-complexity -MMD -MP -MF"USB_DEVICE/App/usb_device.d" -MT"USB_DEVICE/App/usb_device.o" --specs=nano.specs -mfpu=fpv4-sp-d16 -mfloat-abi=hard -mthumb -o "USB_DEVICE/App/usb_device.o"
arm-none-eabi-gcc "../USB_DEVICE/App/usbd_cdc_if.c" -mcpu=cortex-m4 -std=gnu11 -g3 -DDEBUG -DUSE_HAL_DRIVER -DSTM32F401xC -c -I../Core/Inc -I../USB_DEVICE/App -I../USB_DEVICE/Target -I../Drivers/STM32F4xx_HAL_Driver/Inc -I../Drivers/STM32F4xx_HAL_Driver/Inc/Legacy -I../Middlewares/Third_Party/FreeRTOS/Source/include -I../Middlewares/Third_Party/FreeRTOS/Source/CMSIS_RTOS_V2 -I../Middlewares/Third_Party/FreeRTOS/Source/portable/GCC/ARM_CM4F -I../Middlewares/ST/STM32_USB_Device_Library/Core/Inc -I../Middlewares/ST/STM32_USB_Device_Library/Class/CDC/Inc -I../Drivers/CMSIS/Device/ST/STM32F4xx/Include -I../Drivers/CMSIS/Include -O0 -ffunction-sections -fdata-sections -Wall -fstack-usage -fcyclomatic-complexity -MMD -MP -MF"USB_DEVICE/App/usbd_cdc_if.d" -MT"USB_DEVICE/App/usbd_cdc_if.o" --specs=nano.specs -mfpu=fpv4-sp-d16 -mfloat-abi=hard -mthumb -o "USB_DEVICE/App/usbd_cdc_if.o"
arm-none-eabi-gcc "../USB_DEVICE/App/usbd_desc.c" -mcpu=cortex-m4 -std=gnu11 -g3 -DDEBUG -DUSE_HAL_DRIVER -DSTM32F401xC -c -I../Core/Inc -I../USB_DEVICE/App -I../USB_DEVICE/Target -I../Drivers/STM32F4xx_HAL_Driver/Inc -I../Drivers/STM32F4xx_HAL_Driver/Inc/Legacy -I../Middlewares/Third_Party/FreeRTOS/Source/include -I../Middlewares/Third_Party/FreeRTOS/Source/CMSIS_RTOS_V2 -I../Middlewares/Third_Party/FreeRTOS/Source/portable/GCC/ARM_CM4F -I../Middlewares/ST/STM32_USB_Device_Library/Core/Inc -I../Middlewares/ST/STM32_USB_Device_Library/Class/CDC/Inc -I../Drivers/CMSIS/Device/ST/STM32F4xx/Include -I../Drivers/CMSIS/Include -O0 -ffunction-sections -fdata-sections -Wall -fstack-usage -fcyclomatic-complexity -MMD -MP -MF"USB_DEVICE/App/usbd_desc.d" -MT"USB_DEVICE/App/usbd_desc.o" --specs=nano.specs -mfpu=fpv4-sp-d16 -mfloat-abi=hard -mthumb -o "USB_DEVICE/App/usbd_desc.o"
arm-none-eabi-gcc "../Middlewares/Third_Party/FreeRTOS/Source/portable/MemMang/heap_4.c" -mcpu=cortex-m4 -std=gnu11 -g3 -DDEBUG -DUSE_HAL_DRIVER -DSTM32F401xC -c -I../Core/Inc -I../USB_DEVICE/App -I../USB_DEVICE/Target -I../Drivers/STM32F4xx_HAL_Driver/Inc -I../Drivers/STM32F4xx_HAL_Driver/Inc/Legacy -I../Middlewares/Third_Party/FreeRTOS/Source/include -I../Middlewares/Third_Party/FreeRTOS/Source/CMSIS_RTOS_V2 -I../Middlewares/Third_Party/FreeRTOS/Source/portable/GCC/ARM_CM4F -I../Middlewares/ST/STM32_USB_Device_Library/Core/Inc -I../Middlewares/ST/STM32_USB_Device_Library/Class/CDC/Inc -I../Drivers/CMSIS/Device/ST/STM32F4xx/Include -I../Drivers/CMSIS/Include -O0 -ffunction-sections -fdata-sections -Wall -fstack-usage -fcyclomatic-complexity -MMD -MP -MF"Middlewares/Third_Party/FreeRTOS/Source/portable/MemMang/heap_4.d" -MT"Middlewares/Third_Party/FreeRTOS/Source/portable/MemMang/heap_4.o" --specs=nano.specs -mfpu=fpv4-sp-d16 -mfloat-abi=hard -mthumb -o "Middlewares/Third_Party/FreeRTOS/Source/portable/MemMang/heap_4.o"
arm-none-eabi-gcc "../Middlewares/Third_Party/FreeRTOS/Source/portable/GCC/ARM_CM4F/port.c" -mcpu=cortex-m4 -std=gnu11 -g3 -DDEBUG -DUSE_HAL_DRIVER -DSTM32F401xC -c -I../Core/Inc -I../USB_DEVICE/App -I../USB_DEVICE/Target -I../Drivers/STM32F4xx_HAL_Driver/Inc -I../Drivers/STM32F4xx_HAL_Driver/Inc/Legacy -I../Middlewares/Third_Party/FreeRTOS/Source/include -I../Middlewares/Third_Party/FreeRTOS/Source/CMSIS_RTOS_V2 -I../Middlewares/Third_Party/FreeRTOS/Source/portable/GCC/ARM_CM4F -I../Middlewares/ST/STM32_USB_Device_Library/Core/Inc -I../Middlewares/ST/STM32_USB_Device_Library/Class/CDC/Inc -I../Drivers/CMSIS/Device/ST/STM32F4xx/Include -I../Drivers/CMSIS/Include -O0 -ffunction-sections -fdata-sections -Wall -fstack-usage -fcyclomatic-complexity -MMD -MP -MF"Middlewares/Third_Party/FreeRTOS/Source/portable/GCC/ARM_CM4F/port.d" -MT"Middlewares/Third_Party/FreeRTOS/Source/portable/GCC/ARM_CM4F/port.o" --specs=nano.specs -mfpu=fpv4-sp-d16 -mfloat-abi=hard -mthumb -o "Middlewares/Third_Party/FreeRTOS/Source/portable/GCC/ARM_CM4F/port.o"
arm-none-eabi-gcc "../Middlewares/Third_Party/FreeRTOS/Source/CMSIS_RTOS_V2/cmsis_os2.c" -mcpu=cortex-m4 -std=gnu11 -g3 -DDEBUG -DUSE_HAL_DRIVER -DSTM32F401xC -c -I../Core/Inc -I../USB_DEVICE/App -I../USB_DEVICE/Target -I../Drivers/STM32F4xx_HAL_Driver/Inc -I../Drivers/STM32F4xx_HAL_Driver/Inc/Legacy -I../Middlewares/Third_Party/FreeRTOS/Source/include -I../Middlewares/Third_Party/FreeRTOS/Source/CMSIS_RTOS_V2 -I../Middlewares/Third_Party/FreeRTOS/Source/portable/GCC/ARM_CM4F -I../Middlewares/ST/STM32_USB_Device_Library/Core/Inc -I../Middlewares/ST/STM32_USB_Device_Library/Class/CDC/Inc -I../Drivers/CMSIS/Device/ST/STM32F4xx/Include -I../Drivers/CMSIS/Include -O0 -ffunction-sections -fdata-sections -Wall -fstack-usage -fcyclomatic-complexity -MMD -MP -MF"Middlewares/Third_Party/FreeRTOS/Source/CMSIS_RTOS_V2/cmsis_os2.d" -MT"Middlewares/Third_Party/FreeRTOS/Source/CMSIS_RTOS_V2/cmsis_os2.o" --specs=nano.specs -mfpu=fpv4-sp-d16 -mfloat-abi=hard -mthumb -o "Middlewares/Third_Party/FreeRTOS/Source/CMSIS_RTOS_V2/cmsis_os2.o"
arm-none-eabi-gcc "../Middlewares/Third_Party/FreeRTOS/Source/croutine.c" -mcpu=cortex-m4 -std=gnu11 -g3 -DDEBUG -DUSE_HAL_DRIVER -DSTM32F401xC -c -I../Core/Inc -I../USB_DEVICE/App -I../USB_DEVICE/Target -I../Drivers/STM32F4xx_HAL_Driver/Inc -I../Drivers/STM32F4xx_HAL_Driver/Inc/Legacy -I../Middlewares/Third_Party/FreeRTOS/Source/include -I../Middlewares/Third_Party/FreeRTOS/Source/CMSIS_RTOS_V2 -I../Middlewares/Third_Party/FreeRTOS/Source/portable/GCC/ARM_CM4F -I../Middlewares/ST/STM32_USB_Device_Library/Core/Inc -I../Middlewares/ST/STM32_USB_Device_Library/Class/CDC/Inc -I../Drivers/CMSIS/Device/ST/STM32F4xx/Include -I../Drivers/CMSIS/Include -O0 -ffunction-sections -fdata-sections -Wall -fstack-usage -fcyclomatic-complexity -MMD -MP -MF"Middlewares/Third_Party/FreeRTOS/Source/croutine.d" -MT"Middlewares/Third_Party/FreeRTOS/Source/croutine.o" --specs=nano.specs -mfpu=fpv4-sp-d16 -mfloat-abi=hard -mthumb -o "Middlewares/Third_Party/FreeRTOS/Source/croutine.o"
arm-none-eabi-gcc "../Middlewares/Third_Party/FreeRTOS/Source/event_groups.c" -mcpu=cortex-m4 -std=gnu11 -g3 -DDEBUG -DUSE_HAL_DRIVER -DSTM32F401xC -c -I../Core/Inc -I../USB_DEVICE/App -I../USB_DEVICE/Target -I../Drivers/STM32F4xx_HAL_Driver/Inc -I../Drivers/STM32F4xx_HAL_Driver/Inc/Legacy -I../Middlewares/Third_Party/FreeRTOS/Source/include -I../Middlewares/Third_Party/FreeRTOS/Source/CMSIS_RTOS_V2 -I../Middlewares/Third_Party/FreeRTOS/Source/portable/GCC/ARM_CM4F -I../Middlewares/ST/STM32_USB_Device_Library/Core/Inc -I../Middlewares/ST/STM32_USB_Device_Library/Class/CDC/Inc -I../Drivers/CMSIS/Device/ST/STM32F4xx/Include -I../Drivers/CMSIS/Include -O0 -ffunction-sections -fdata-sections -Wall -fstack-usage -fcyclomatic-complexity -MMD -MP -MF"Middlewares/Third_Party/FreeRTOS/Source/event_groups.d" -MT"Middlewares/Third_Party/FreeRTOS/Source/event_groups.o" --specs=nano.specs -mfpu=fpv4-sp-d16 -mfloat-abi=hard -mthumb -o "Middlewares/Third_Party/FreeRTOS/Source/event_groups.o"
arm-none-eabi-gcc "../Middlewares/Third_Party/FreeRTOS/Source/list.c" -mcpu=cortex-m4 -std=gnu11 -g3 -DDEBUG -DUSE_HAL_DRIVER -DSTM32F401xC -c -I../Core/Inc -I../USB_DEVICE/App -I../USB_DEVICE/Target -I../Drivers/STM32F4xx_HAL_Driver/Inc -I../Drivers/STM32F4xx_HAL_Driver/Inc/Legacy -I../Middlewares/Third_Party/FreeRTOS/Source/include -I../Middlewares/Third_Party/FreeRTOS/Source/CMSIS_RTOS_V2 -I../Middlewares/Third_Party/FreeRTOS/Source/portable/GCC/ARM_CM4F -I../Middlewares/ST/STM32_USB_Device_Library/Core/Inc -I../Middlewares/ST/STM32_USB_Device_Library/Class/CDC/Inc -I../Drivers/CMSIS/Device/ST/STM32F4xx/Include -I../Drivers/CMSIS/Include -O0 -ffunction-sections -fdata-sections -Wall -fstack-usage -fcyclomatic-complexity -MMD -MP -MF"Middlewares/Third_Party/FreeRTOS/Source/list.d" -MT"Middlewares/Third_Party/FreeRTOS/Source/list.o" --specs=nano.specs -mfpu=fpv4-sp-d16 -mfloat-abi=hard -mthumb -o "Middlewares/Third_Party/FreeRTOS/Source/list.o"
arm-none-eabi-gcc "../Middlewares/Third_Party/FreeRTOS/Source/queue.c" -mcpu=cortex-m4 -std=gnu11 -g3 -DDEBUG -DUSE_HAL_DRIVER -DSTM32F401xC -c -I../Core/Inc -I../USB_DEVICE/App -I../USB_DEVICE/Target -I../Drivers/STM32F4xx_HAL_Driver/Inc -I../Drivers/STM32F4xx_HAL_Driver/Inc/Legacy -I../Middlewares/Third_Party/FreeRTOS/Source/include -I../Middlewares/Third_Party/FreeRTOS/Source/CMSIS_RTOS_V2 -I../Middlewares/Third_Party/FreeRTOS/Source/portable/GCC/ARM_CM4F -I../Middlewares/ST/STM32_USB_Device_Library/Core/Inc -I../Middlewares/ST/STM32_USB_Device_Library/Class/CDC/Inc -I../Drivers/CMSIS/Device/ST/STM32F4xx/Include -I../Drivers/CMSIS/Include -O0 -ffunction-sections -fdata-sections -Wall -fstack-usage -fcyclomatic-complexity -MMD -MP -MF"Middlewares/Third_Party/FreeRTOS/Source/queue.d" -MT"Middlewares/Third_Party/FreeRTOS/Source/queue.o" --specs=nano.specs -mfpu=fpv4-sp-d16 -mfloat-abi=hard -mthumb -o "Middlewares/Third_Party/FreeRTOS/Source/queue.o"
arm-none-eabi-gcc "../Middlewares/Third_Party/FreeRTOS/Source/stream_buffer.c" -mcpu=cortex-m4 -std=gnu11 -g3 -DDEBUG -DUSE_HAL_DRIVER -DSTM32F401xC -c -I../Core/Inc -I../USB_DEVICE/App -I../USB_DEVICE/Target -I../Drivers/STM32F4xx_HAL_Driver/Inc -I../Drivers/STM32F4xx_HAL_Driver/Inc/Legacy -I../Middlewares/Third_Party/FreeRTOS/Source/include -I../Middlewares/Third_Party/FreeRTOS/Source/CMSIS_RTOS_V2 -I../Middlewares/Third_Party/FreeRTOS/Source/portable/GCC/ARM_CM4F -I../Middlewares/ST/STM32_USB_Device_Library/Core/Inc -I../Middlewares/ST/STM32_USB_Device_Library/Class/CDC/Inc -I../Drivers/CMSIS/Device/ST/STM32F4xx/Include -I../Drivers/CMSIS/Include -O0 -ffunction-sections -fdata-sections -Wall -fstack-usage -fcyclomatic-complexity -MMD -MP -MF"Middlewares/Third_Party/FreeRTOS/Source/stream_buffer.d" -MT"Middlewares/Third_Party/FreeRTOS/Source/stream_buffer.o" --specs=nano.specs -mfpu=fpv4-sp-d16 -mfloat-abi=hard -mthumb -o "Middlewares/Third_Party/FreeRTOS/Source/stream_buffer.o"
arm-none-eabi-gcc "../Middlewares/Third_Party/FreeRTOS/Source/tasks.c" -mcpu=cortex-m4 -std=gnu11 -g3 -DDEBUG -DUSE_HAL_DRIVER -DSTM32F401xC -c -I../Core/Inc -I../USB_DEVICE/App -I../USB_DEVICE/Target -I../Drivers/STM32F4xx_HAL_Driver/Inc -I../Drivers/STM32F4xx_HAL_Driver/Inc/Legacy -I../Middlewares/Third_Party/FreeRTOS/Source/include -I../Middlewares/Third_Party/FreeRTOS/Source/CMSIS_RTOS_V2 -I../Middlewares/Third_Party/FreeRTOS/Source/portable/GCC/ARM_CM4F -I../Middlewares/ST/STM32_USB_Device_Library/Core/Inc -I../Middlewares/ST/STM32_USB_Device_Library/Class/CDC/Inc -I../Drivers/CMSIS/Device/ST/STM32F4xx/Include -I../Drivers/CMSIS/Include -O0 -ffunction-sections -fdata-sections -Wall -fstack-usage -fcyclomatic-complexity -MMD -MP -MF"Middlewares/Third_Party/FreeRTOS/Source/tasks.d" -MT"Middlewares/Third_Party/FreeRTOS/Source/tasks.o" --specs=nano.specs -mfpu=fpv4-sp-d16 -mfloat-abi=hard -mthumb -o "Middlewares/Third_Party/FreeRTOS/Source/tasks.o"
arm-none-eabi-gcc "../Middlewares/Third_Party/FreeRTOS/Source/timers.c" -mcpu=cortex-m4 -std=gnu11 -g3 -DDEBUG -DUSE_HAL_DRIVER -DSTM32F401xC -c -I../Core/Inc -I../USB_DEVICE/App -I../USB_DEVICE/Target -I../Drivers/STM32F4xx_HAL_Driver/Inc -I../Drivers/STM32F4xx_HAL_Driver/Inc/Legacy -I../Middlewares/Third_Party/FreeRTOS/Source/include -I../Middlewares/Third_Party/FreeRTOS/Source/CMSIS_RTOS_V2 -I../Middlewares/Third_Party/FreeRTOS/Source/portable/GCC/ARM_CM4F -I../Middlewares/ST/STM32_USB_Device_Library/Core/Inc -I../Middlewares/ST/STM32_USB_Device_Library/Class/CDC/Inc -I../Drivers/CMSIS/Device/ST/STM32F4xx/Include -I../Drivers/CMSIS/Include -O0 -ffunction-sections -fdata-sections -Wall -fstack-usage -fcyclomatic-complexity -MMD -MP -MF"Middlewares/Third_Party/FreeRTOS/Source/timers.d" -MT"Middlewares/Third_Party/FreeRTOS/Source/timers.o" --specs=nano.specs -mfpu=fpv4-sp-d16 -mfloat-abi=hard -mthumb -o "Middlewares/Third_Party/FreeRTOS/Source/timers.o"
arm-none-eabi-gcc "../Middlewares/ST/STM32_USB_Device_Library/Core/Src/usbd_core.c" -mcpu=cortex-m4 -std=gnu11 -g3 -DDEBUG -DUSE_HAL_DRIVER -DSTM32F401xC -c -I../Core/Inc -I../USB_DEVICE/App -I../USB_DEVICE/Target -I../Drivers/STM32F4xx_HAL_Driver/Inc -I../Drivers/STM32F4xx_HAL_Driver/Inc/Legacy -I../Middlewares/Third_Party/FreeRTOS/Source/include -I../Middlewares/Third_Party/FreeRTOS/Source/CMSIS_RTOS_V2 -I../Middlewares/Third_Party/FreeRTOS/Source/portable/GCC/ARM_CM4F -I../Middlewares/ST/STM32_USB_Device_Library/Core/Inc -I../Middlewares/ST/STM32_USB_Device_Library/Class/CDC/Inc -I../Drivers/CMSIS/Device/ST/STM32F4xx/Include -I../Drivers/CMSIS/Include -O0 -ffunction-sections -fdata-sections -Wall -fstack-usage -fcyclomatic-complexity -MMD -MP -MF"Middlewares/ST/STM32_USB_Device_Library/Core/Src/usbd_core.d" -MT"Middlewares/ST/STM32_USB_Device_Library/Core/Src/usbd_core.o" --specs=nano.specs -mfpu=fpv4-sp-d16 -mfloat-abi=hard -mthumb -o "Middlewares/ST/STM32_USB_Device_Library/Core/Src/usbd_core.o"
arm-none-eabi-gcc "../Middlewares/ST/STM32_USB_Device_Library/Core/Src/usbd_ctlreq.c" -mcpu=cortex-m4 -std=gnu11 -g3 -DDEBUG -DUSE_HAL_DRIVER -DSTM32F401xC -c -I../Core/Inc -I../USB_DEVICE/App -I../USB_DEVICE/Target -I../Drivers/STM32F4xx_HAL_Driver/Inc -I../Drivers/STM32F4xx_HAL_Driver/Inc/Legacy -I../Middlewares/Third_Party/FreeRTOS/Source/include -I../Middlewares/Third_Party/FreeRTOS/Source/CMSIS_RTOS_V2 -I../Middlewares/Third_Party/FreeRTOS/Source/portable/GCC/ARM_CM4F -I../Middlewares/ST/STM32_USB_Device_Library/Core/Inc -I../Middlewares/ST/STM32_USB_Device_Library/Class/CDC/Inc -I../Drivers/CMSIS/Device/ST/STM32F4xx/Include -I../Drivers/CMSIS/Include -O0 -ffunction-sections -fdata-sections -Wall -fstack-usage -fcyclomatic-complexity -MMD -MP -MF"Middlewares/ST/STM32_USB_Device_Library/Core/Src/usbd_ctlreq.d" -MT"Middlewares/ST/STM32_USB_Device_Library/Core/Src/usbd_ctlreq.o" --specs=nano.specs -mfpu=fpv4-sp-d16 -mfloat-abi=hard -mthumb -o "Middlewares/ST/STM32_USB_Device_Library/Core/Src/usbd_ctlreq.o"
arm-none-eabi-gcc "../Middlewares/ST/STM32_USB_Device_Library/Core/Src/usbd_ioreq.c" -mcpu=cortex-m4 -std=gnu11 -g3 -DDEBUG -DUSE_HAL_DRIVER -DSTM32F401xC -c -I../Core/Inc -I../USB_DEVICE/App -I../USB_DEVICE/Target -I../Drivers/STM32F4xx_HAL_Driver/Inc -I../Drivers/STM32F4xx_HAL_Driver/Inc/Legacy -I../Middlewares/Third_Party/FreeRTOS/Source/include -I../Middlewares/Third_Party/FreeRTOS/Source/CMSIS_RTOS_V2 -I../Middlewares/Third_Party/FreeRTOS/Source/portable/GCC/ARM_CM4F -I../Middlewares/ST/STM32_USB_Device_Library/Core/Inc -I../Middlewares/ST/STM32_USB_Device_Library/Class/CDC/Inc -I../Drivers/CMSIS/Device/ST/STM32F4xx/Include -I../Drivers/CMSIS/Include -O0 -ffunction-sections -fdata-sections -Wall -fstack-usage -fcyclomatic-complexity -MMD -MP -MF"Middlewares/ST/STM32_USB_Device_Library/Core/Src/usbd_ioreq.d" -MT"Middlewares/ST/STM32_USB_Device_Library/Core/Src/usbd_ioreq.o" --specs=nano.specs -mfpu=fpv4-sp-d16 -mfloat-abi=hard -mthumb -o "Middlewares/ST/STM32_USB_Device_Library/Core/Src/usbd_ioreq.o"
arm-none-eabi-gcc "../Middlewares/ST/STM32_USB_Device_Library/Class/CDC/Src/usbd_cdc.c" -mcpu=cortex-m4 -std=gnu11 -g3 -DDEBUG -DUSE_HAL_DRIVER -DSTM32F401xC -c -I../Core/Inc -I../USB_DEVICE/App -I../USB_DEVICE/Target -I../Drivers/STM32F4xx_HAL_Driver/Inc -I../Drivers/STM32F4xx_HAL_Driver/Inc/Legacy -I../Middlewares/Third_Party/FreeRTOS/Source/include -I../Middlewares/Third_Party/FreeRTOS/Source/CMSIS_RTOS_V2 -I../Middlewares/Third_Party/FreeRTOS/Source/portable/GCC/ARM_CM4F -I../Middlewares/ST/STM32_USB_Device_Library/Core/Inc -I../Middlewares/ST/STM32_USB_Device_Library/Class/CDC/Inc -I../Drivers/CMSIS/Device/ST/STM32F4xx/Include -I../Drivers/CMSIS/Include -O0 -ffunction-sections -fdata-sections -Wall -fstack-usage -fcyclomatic-complexity -MMD -MP -MF"Middlewares/ST/STM32_USB_Device_Library/Class/CDC/Src/usbd_cdc.d" -MT"Middlewares/ST/STM32_USB_Device_Library/Class/CDC/Src/usbd_cdc.o" --specs=nano.specs -mfpu=fpv4-sp-d16 -mfloat-abi=hard -mthumb -o "Middlewares/ST/STM32_USB_Device_Library/Class/CDC/Src/usbd_cdc.o"
arm-none-eabi-gcc "../Drivers/STM32F4xx_HAL_Driver/Src/stm32f4xx_hal.c" -mcpu=cortex-m4 -std=gnu11 -g3 -DDEBUG -DUSE_HAL_DRIVER -DSTM32F401xC -c -I../Core/Inc -I../USB_DEVICE/App -I../USB_DEVICE/Target -I../Drivers/STM32F4xx_HAL_Driver/Inc -I../Drivers/STM32F4xx_HAL_Driver/Inc/Legacy -I../Middlewares/Third_Party/FreeRTOS/Source/include -I../Middlewares/Third_Party/FreeRTOS/Source/CMSIS_RTOS_V2 -I../Middlewares/Third_Party/FreeRTOS/Source/portable/GCC/ARM_CM4F -I../Middlewares/ST/STM32_USB_Device_Library/Core/Inc -I../Middlewares/ST/STM32_USB_Device_Library/Class/CDC/Inc -I../Drivers/CMSIS/Device/ST/STM32F4xx/Include -I../Drivers/CMSIS/Include -O0 -ffunction-sections -fdata-sections -Wall -fstack-usage -fcyclomatic-complexity -MMD -MP -MF"Drivers/STM32F4xx_HAL_Driver/Src/stm32f4xx_hal.d" -MT"Drivers/STM32F4xx_HAL_Driver/Src/stm32f4xx_hal.o" --specs=nano.specs -mfpu=fpv4-sp-d16 -mfloat-abi=hard -mthumb -o "Drivers/STM32F4xx_HAL_Driver/Src/stm32f4xx_hal.o"
arm-none-eabi-gcc "../Drivers/STM32F4xx_HAL_Driver/Src/stm32f4xx_hal_cortex.c" -mcpu=cortex-m4 -std=gnu11 -g3 -DDEBUG -DUSE_HAL_DRIVER -DSTM32F401xC -c -I../Core/Inc -I../USB_DEVICE/App -I../USB_DEVICE/Target -I../Drivers/STM32F4xx_HAL_Driver/Inc -I../Drivers/STM32F4xx_HAL_Driver/Inc/Legacy -I../Middlewares/Third_Party/FreeRTOS/Source/include -I../Middlewares/Third_Party/FreeRTOS/Source/CMSIS_RTOS_V2 -I../Middlewares/Third_Party/FreeRTOS/Source/portable/GCC/ARM_CM4F -I../Middlewares/ST/STM32_USB_Device_Library/Core/Inc -I../Middlewares/ST/STM32_USB_Device_Library/Class/CDC/Inc -I../Drivers/CMSIS/Device/ST/STM32F4xx/Include -I../Drivers/CMSIS/Include -O0 -ffunction-sections -fdata-sections -Wall -fstack-usage -fcyclomatic-complexity -MMD -MP -MF"Drivers/STM32F4xx_HAL_Driver/Src/stm32f4xx_hal_cortex.d" -MT"Drivers/STM32F4xx_HAL_Driver/Src/stm32f4xx_hal_cortex.o" --specs=nano.specs -mfpu=fpv4-sp-d16 -mfloat-abi=hard -mthumb -o "Drivers/STM32F4xx_HAL_Driver/Src/stm32f4xx_hal_cortex.o"
arm-none-eabi-gcc "../Drivers/STM32F4xx_HAL_Driver/Src/stm32f4xx_hal_dma.c" -mcpu=cortex-m4 -std=gnu11 -g3 -DDEBUG -DUSE_HAL_DRIVER -DSTM32F401xC -c -I../Core/Inc -I../USB_DEVICE/App -I../USB_DEVICE/Target -I../Drivers/STM32F4xx_HAL_Driver/Inc -I../Drivers/STM32F4xx_HAL_Driver/Inc/Legacy -I../Middlewares/Third_Party/FreeRTOS/Source/include -I../Middlewares/Third_Party/FreeRTOS/Source/CMSIS_RTOS_V2 -I../Middlewares/Third_Party/FreeRTOS/Source/portable/GCC/ARM_CM4F -I../Middlewares/ST/STM32_USB_Device_Library/Core/Inc -I../Middlewares/ST/STM32_USB_Device_Library/Class/CDC/Inc -I../Drivers/CMSIS/Device/ST/STM32F4xx/Include -I../Drivers/CMSIS/Include -O0 -ffunction-sections -fdata-sections -Wall -fstack-usage -fcyclomatic-complexity -MMD -MP -MF"Drivers/STM32F4xx_HAL_Driver/Src/stm32f4xx_hal_dma.d" -MT"Drivers/STM32F4xx_HAL_Driver/Src/stm32f4xx_hal_dma.o" --specs=nano.specs -mfpu=fpv4-sp-d16 -mfloat-abi=hard -mthumb -o "Drivers/STM32F4xx_HAL_Driver/Src/stm32f4xx_hal_dma.o"
arm-none-eabi-gcc "../Drivers/STM32F4xx_HAL_Driver/Src/stm32f4xx_hal_dma_ex.c" -mcpu=cortex-m4 -std=gnu11 -g3 -DDEBUG -DUSE_HAL_DRIVER -DSTM32F401xC -c -I../Core/Inc -I../USB_DEVICE/App -I../USB_DEVICE/Target -I../Drivers/STM32F4xx_HAL_Driver/Inc -I../Drivers/STM32F4xx_HAL_Driver/Inc/Legacy -I../Middlewares/Third_Party/FreeRTOS/Source/include -I../Middlewares/Third_Party/FreeRTOS/Source/CMSIS_RTOS_V2 -I../Middlewares/Third_Party/FreeRTOS/Source/portable/GCC/ARM_CM4F -I../Middlewares/ST/STM32_USB_Device_Library/Core/Inc -I../Middlewares/ST/STM32_USB_Device_Library/Class/CDC/Inc -I../Drivers/CMSIS/Device/ST/STM32F4xx/Include -I../Drivers/CMSIS/Include -O0 -ffunction-sections -fdata-sections -Wall -fstack-usage -fcyclomatic-complexity -MMD -MP -MF"Drivers/STM32F4xx_HAL_Driver/Src/stm32f4xx_hal_dma_ex.d" -MT"Drivers/STM32F4xx_HAL_Driver/Src/stm32f4xx_hal_dma_ex.o" --specs=nano.specs -mfpu=fpv4-sp-d16 -mfloat-abi=hard -mthumb -o "Drivers/STM32F4xx_HAL_Driver/Src/stm32f4xx_hal_dma_ex.o"
arm-none-eabi-gcc "../Drivers/STM32F4xx_HAL_Driver/Src/stm32f4xx_hal_exti.c" -mcpu=cortex-m4 -std=gnu11 -g3 -DDEBUG -DUSE_HAL_DRIVER -DSTM32F401xC -c -I../Core/Inc -I../USB_DEVICE/App -I../USB_DEVICE/Target -I../Drivers/STM32F4xx_HAL_Driver/Inc -I../Drivers/STM32F4xx_HAL_Driver/Inc/Legacy -I../Middlewares/Third_Party/FreeRTOS/Source/include -I../Middlewares/Third_Party/FreeRTOS/Source/CMSIS_RTOS_V2 -I../Middlewares/Third_Party/FreeRTOS/Source/portable/GCC/ARM_CM4F -I../Middlewares/ST/STM32_USB_Device_Library/Core/Inc -I../Middlewares/ST/STM32_USB_Device_Library/Class/CDC/Inc -I../Drivers/CMSIS/Device/ST/STM32F4xx/Include -I../Drivers/CMSIS/Include -O0 -ffunction-sections -fdata-sections -Wall -fstack-usage -fcyclomatic-complexity -MMD -MP -MF"Drivers/STM32F4xx_HAL_Driver/Src/stm32f4xx_hal_exti.d" -MT"Drivers/STM32F4xx_HAL_Driver/Src/stm32f4xx_hal_exti.o" --specs=nano.specs -mfpu=fpv4-sp-d16 -mfloat-abi=hard -mthumb -o "Drivers/STM32F4xx_HAL_Driver/Src/stm32f4xx_hal_exti.o"
arm-none-eabi-gcc "../Drivers/STM32F4xx_HAL_Driver/Src/stm32f4xx_hal_flash.c" -mcpu=cortex-m4 -std=gnu11 -g3 -DDEBUG -DUSE_HAL_DRIVER -DSTM32F401xC -c -I../Core/Inc -I../USB_DEVICE/App -I../USB_DEVICE/Target -I../Drivers/STM32F4xx_HAL_Driver/Inc -I../Drivers/STM32F4xx_HAL_Driver/Inc/Legacy -I../Middlewares/Third_Party/FreeRTOS/Source/include -I../Middlewares/Third_Party/FreeRTOS/Source/CMSIS_RTOS_V2 -I../Middlewares/Third_Party/FreeRTOS/Source/portable/GCC/ARM_CM4F -I../Middlewares/ST/STM32_USB_Device_Library/Core/Inc -I../Middlewares/ST/STM32_USB_Device_Library/Class/CDC/Inc -I../Drivers/CMSIS/Device/ST/STM32F4xx/Include -I../Drivers/CMSIS/Include -O0 -ffunction-sections -fdata-sections -Wall -fstack-usage -fcyclomatic-complexity -MMD -MP -MF"Drivers/STM32F4xx_HAL_Driver/Src/stm32f4xx_hal_flash.d" -MT"Drivers/STM32F4xx_HAL_Driver/Src/stm32f4xx_hal_flash.o" --specs=nano.specs -mfpu=fpv4-sp-d16 -mfloat-abi=hard -mthumb -o "Drivers/STM32F4xx_HAL_Driver/Src/stm32f4xx_hal_flash.o"
arm-none-eabi-gcc "../Drivers/STM32F4xx_HAL_Driver/Src/stm32f4xx_hal_flash_ex.c" -mcpu=cortex-m4 -std=gnu11 -g3 -DDEBUG -DUSE_HAL_DRIVER -DSTM32F401xC -c -I../Core/Inc -I../USB_DEVICE/App -I../USB_DEVICE/Target -I../Drivers/STM32F4xx_HAL_Driver/Inc -I../Drivers/STM32F4xx_HAL_Driver/Inc/Legacy -I../Middlewares/Third_Party/FreeRTOS/Source/include -I../Middlewares/Third_Party/FreeRTOS/Source/CMSIS_RTOS_V2 -I../Middlewares/Third_Party/FreeRTOS/Source/portable/GCC/ARM_CM4F -I../Middlewares/ST/STM32_USB_Device_Library/Core/Inc -I../Middlewares/ST/STM32_USB_Device_Library/Class/CDC/Inc -I../Drivers/CMSIS/Device/ST/STM32F4xx/Include -I../Drivers/CMSIS/Include -O0 -ffunction-sections -fdata-sections -Wall -fstack-usage -fcyclomatic-complexity -MMD -MP -MF"Drivers/STM32F4xx_HAL_Driver/Src/stm32f4xx_hal_flash_ex.d" -MT"Drivers/STM32F4xx_HAL_Driver/Src/stm32f4xx_hal_flash_ex.o" --specs=nano.specs -mfpu=fpv4-sp-d16 -mfloat-abi=hard -mthumb -o "Drivers/STM32F4xx_HAL_Driver/Src/stm32f4xx_hal_flash_ex.o"
arm-none-eabi-gcc "../Drivers/STM32F4xx_HAL_Driver/Src/stm32f4xx_hal_flash_ramfunc.c" -mcpu=cortex-m4 -std=gnu11 -g3 -DDEBUG -DUSE_HAL_DRIVER -DSTM32F401xC -c -I../Core/Inc -I../USB_DEVICE/App -I../USB_DEVICE/Target -I../Drivers/STM32F4xx_HAL_Driver/Inc -I../Drivers/STM32F4xx_HAL_Driver/Inc/Legacy -I../Middlewares/Third_Party/FreeRTOS/Source/include -I../Middlewares/Third_Party/FreeRTOS/Source/CMSIS_RTOS_V2 -I../Middlewares/Third_Party/FreeRTOS/Source/portable/GCC/ARM_CM4F -I../Middlewares/ST/STM32_USB_Device_Library/Core/Inc -I../Middlewares/ST/STM32_USB_Device_Library/Class/CDC/Inc -I../Drivers/CMSIS/Device/ST/STM32F4xx/Include -I../Drivers/CMSIS/Include -O0 -ffunction-sections -fdata-sections -Wall -fstack-usage -fcyclomatic-complexity -MMD -MP -MF"Drivers/STM32F4xx_HAL_Driver/Src/stm32f4xx_hal_flash_ramfunc.d" -MT"Drivers/STM32F4xx_HAL_Driver/Src/stm32f4xx_hal_flash_ramfunc.o" --specs=nano.specs -mfpu=fpv4-sp-d16 -mfloat-abi=hard -mthumb -o "Drivers/STM32F4xx_HAL_Driver/Src/stm32f4xx_hal_flash_ramfunc.o"
arm-none-eabi-gcc "../Drivers/STM32F4xx_HAL_Driver/Src/stm32f4xx_hal_gpio.c" -mcpu=cortex-m4 -std=gnu11 -g3 -DDEBUG -DUSE_HAL_DRIVER -DSTM32F401xC -c -I../Core/Inc -I../USB_DEVICE/App -I../USB_DEVICE/Target -I../Drivers/STM32F4xx_HAL_Driver/Inc -I../Drivers/STM32F4xx_HAL_Driver/Inc/Legacy -I../Middlewares/Third_Party/FreeRTOS/Source/include -I../Middlewares/Third_Party/FreeRTOS/Source/CMSIS_RTOS_V2 -I../Middlewares/Third_Party/FreeRTOS/Source/portable/GCC/ARM_CM4F -I../Middlewares/ST/STM32_USB_Device_Library/Core/Inc -I../Middlewares/ST/STM32_USB_Device_Library/Class/CDC/Inc -I../Drivers/CMSIS/Device/ST/STM32F4xx/Include -I../Drivers/CMSIS/Include -O0 -ffunction-sections -fdata-sections -Wall -fstack-usage -fcyclomatic-complexity -MMD -MP -MF"Drivers/STM32F4xx_HAL_Driver/Src/stm32f4xx_hal_gpio.d" -MT"Drivers/STM32F4xx_HAL_Driver/Src/stm32f4xx_hal_gpio.o" --specs=nano.specs -mfpu=fpv4-sp-d16 -mfloat-abi=hard -mthumb -o "Drivers/STM32F4xx_HAL_Driver/Src/stm32f4xx_hal_gpio.o"
arm-none-eabi-gcc "../Drivers/STM32F4xx_HAL_Driver/Src/stm32f4xx_hal_i2c.c" -mcpu=cortex-m4 -std=gnu11 -g3 -DDEBUG -DUSE_HAL_DRIVER -DSTM32F401xC -c -I../Core/Inc -I../USB_DEVICE/App -I../USB_DEVICE/Target -I../Drivers/STM32F4xx_HAL_Driver/Inc -I../Drivers/STM32F4xx_HAL_Driver/Inc/Legacy -I../Middlewares/Third_Party/FreeRTOS/Source/include -I../Middlewares/Third_Party/FreeRTOS/Source/CMSIS_RTOS_V2 -I../Middlewares/Third_Party/FreeRTOS/Source/portable/GCC/ARM_CM4F -I../Middlewares/ST/STM32_USB_Device_Library/Core/Inc -I../Middlewares/ST/STM32_USB_Device_Library/Class/CDC/Inc -I../Drivers/CMSIS/Device/ST/STM32F4xx/Include -I../Drivers/CMSIS/Include -O0 -ffunction-sections -fdata-sections -Wall -fstack-usage -fcyclomatic-complexity -MMD -MP -MF"Drivers/STM32F4xx_HAL_Driver/Src/stm32f4xx_hal_i2c.d" -MT"Drivers/STM32F4xx_HAL_Driver/Src/stm32f4xx_hal_i2c.o" --specs=nano.specs -mfpu=fpv4-sp-d16 -mfloat-abi=hard -mthumb -o "Drivers/STM32F4xx_HAL_Driver/Src/stm32f4xx_hal_i2c.o"
arm-none-eabi-gcc "../Drivers/STM32F4xx_HAL_Driver/Src/stm32f4xx_hal_i2c_ex.c" -mcpu=cortex-m4 -std=gnu11 -g3 -DDEBUG -DUSE_HAL_DRIVER -DSTM32F401xC -c -I../Core/Inc -I../USB_DEVICE/App -I../USB_DEVICE/Target -I../Drivers/STM32F4xx_HAL_Driver/Inc -I../Drivers/STM32F4xx_HAL_Driver/Inc/Legacy -I../Middlewares/Third_Party/FreeRTOS/Source/include -I../Middlewares/Third_Party/FreeRTOS/Source/CMSIS_RTOS_V2 -I../Middlewares/Third_Party/FreeRTOS/Source/portable/GCC/ARM_CM4F -I../Middlewares/ST/STM32_USB_Device_Library/Core/Inc -I../Middlewares/ST/STM32_USB_Device_Library/Class/CDC/Inc -I../Drivers/CMSIS/Device/ST/STM32F4xx/Include -I../Drivers/CMSIS/Include -O0 -ffunction-sections -fdata-sections -Wall -fstack-usage -fcyclomatic-complexity -MMD -MP -MF"Drivers/STM32F4xx_HAL_Driver/Src/stm32f4xx_hal_i2c_ex.d" -MT"Drivers/STM32F4xx_HAL_Driver/Src/stm32f4xx_hal_i2c_ex.o" --specs=nano.specs -mfpu=fpv4-sp-d16 -mfloat-abi=hard -mthumb -o "Drivers/STM32F4xx_HAL_Driver/Src/stm32f4xx_hal_i2c_ex.o"
arm-none-eabi-gcc "../Drivers/STM32F4xx_HAL_Driver/Src/stm32f4xx_hal_pcd.c" -mcpu=cortex-m4 -std=gnu11 -g3 -DDEBUG -DUSE_HAL_DRIVER -DSTM32F401xC -c -I../Core/Inc -I../USB_DEVICE/App -I../USB_DEVICE/Target -I../Drivers/STM32F4xx_HAL_Driver/Inc -I../Drivers/STM32F4xx_HAL_Driver/Inc/Legacy -I../Middlewares/Third_Party/FreeRTOS/Source/include -I../Middlewares/Third_Party/FreeRTOS/Source/CMSIS_RTOS_V2 -I../Middlewares/Third_Party/FreeRTOS/Source/portable/GCC/ARM_CM4F -I../Middlewares/ST/STM32_USB_Device_Library/Core/Inc -I../Middlewares/ST/STM32_USB_Device_Library/Class/CDC/Inc -I../Drivers/CMSIS/Device/ST/STM32F4xx/Include -I../Drivers/CMSIS/Include -O0 -ffunction-sections -fdata-sections -Wall -fstack-usage -fcyclomatic-complexity -MMD -MP -MF"Drivers/STM32F4xx_HAL_Driver/Src/stm32f4xx_hal_pcd.d" -MT"Drivers/STM32F4xx_HAL_Driver/Src/stm32f4xx_hal_pcd.o" --specs=nano.specs -mfpu=fpv4-sp-d16 -mfloat-abi=hard -mthumb -o "Drivers/STM32F4xx_HAL_Driver/Src/stm32f4xx_hal_pcd.o"
arm-none-eabi-gcc "../Drivers/STM32F4xx_HAL_Driver/Src/stm32f4xx_hal_pcd_ex.c" -mcpu=cortex-m4 -std=gnu11 -g3 -DDEBUG -DUSE_HAL_DRIVER -DSTM32F401xC -c -I../Core/Inc -I../USB_DEVICE/App -I../USB_DEVICE/Target -I../Drivers/STM32F4xx_HAL_Driver/Inc -I../Drivers/STM32F4xx_HAL_Driver/Inc/Legacy -I../Middlewares/Third_Party/FreeRTOS/Source/include -I../Middlewares/Third_Party/FreeRTOS/Source/CMSIS_RTOS_V2 -I../Middlewares/Third_Party/FreeRTOS/Source/portable/GCC/ARM_CM4F -I../Middlewares/ST/STM32_USB_Device_Library/Core/Inc -I../Middlewares/ST/STM32_USB_Device_Library/Class/CDC/Inc -I../Drivers/CMSIS/Device/ST/STM32F4xx/Include -I../Drivers/CMSIS/Include -O0 -ffunction-sections -fdata-sections -Wall -fstack-usage -fcyclomatic-complexity -MMD -MP -MF"Drivers/STM32F4xx_HAL_Driver/Src/stm32f4xx_hal_pcd_ex.d" -MT"Drivers/STM32F4xx_HAL_Driver/Src/stm32f4xx_hal_pcd_ex.o" --specs=nano.specs -mfpu=fpv4-sp-d16 -mfloat-abi=hard -mthumb -o "Drivers/STM32F4xx_HAL_Driver/Src/stm32f4xx_hal_pcd_ex.o"
arm-none-eabi-gcc "../Drivers/STM32F4xx_HAL_Driver/Src/stm32f4xx_hal_pwr.c" -mcpu=cortex-m4 -std=gnu11 -g3 -DDEBUG -DUSE_HAL_DRIVER -DSTM32F401xC -c -I../Core/Inc -I../USB_DEVICE/App -I../USB_DEVICE/Target -I../Drivers/STM32F4xx_HAL_Driver/Inc -I../Drivers/STM32F4xx_HAL_Driver/Inc/Legacy -I../Middlewares/Third_Party/FreeRTOS/Source/include -I../Middlewares/Third_Party/FreeRTOS/Source/CMSIS_RTOS_V2 -I../Middlewares/Third_Party/FreeRTOS/Source/portable/GCC/ARM_CM4F -I../Middlewares/ST/STM32_USB_Device_Library/Core/Inc -I../Middlewares/ST/STM32_USB_Device_Library/Class/CDC/Inc -I../Drivers/CMSIS/Device/ST/STM32F4xx/Include -I../Drivers/CMSIS/Include -O0 -ffunction-sections -fdata-sections -Wall -fstack-usage -fcyclomatic-complexity -MMD -MP -MF"Drivers/STM32F4xx_HAL_Driver/Src/stm32f4xx_hal_pwr.d" -MT"Drivers/STM32F4xx_HAL_Driver/Src/stm32f4xx_hal_pwr.o" --specs=nano.specs -mfpu=fpv4-sp-d16 -mfloat-abi=hard -mthumb -o "Drivers/STM32F4xx_HAL_Driver/Src/stm32f4xx_hal_pwr.o"
arm-none-eabi-gcc "../Drivers/STM32F4xx_HAL_Driver/Src/stm32f4xx_hal_pwr_ex.c" -mcpu=cortex-m4 -std=gnu11 -g3 -DDEBUG -DUSE_HAL_DRIVER -DSTM32F401xC -c -I../Core/Inc -I../USB_DEVICE/App -I../USB_DEVICE/Target -I../Drivers/STM32F4xx_HAL_Driver/Inc -I../Drivers/STM32F4xx_HAL_Driver/Inc/Legacy -I../Middlewares/Third_Party/FreeRTOS/Source/include -I../Middlewares/Third_Party/FreeRTOS/Source/CMSIS_RTOS_V2 -I../Middlewares/Third_Party/FreeRTOS/Source/portable/GCC/ARM_CM4F -I../Middlewares/ST/STM32_USB_Device_Library/Core/Inc -I../Middlewares/ST/STM32_USB_Device_Library/Class/CDC/Inc -I../Drivers/CMSIS/Device/ST/STM32F4xx/Include -I../Drivers/CMSIS/Include -O0 -ffunction-sections -fdata-sections -Wall -fstack-usage -fcyclomatic-complexity -MMD -MP -MF"Drivers/STM32F4xx_HAL_Driver/Src/stm32f4xx_hal_pwr_ex.d" -MT"Drivers/STM32F4xx_HAL_Driver/Src/stm32f4xx_hal_pwr_ex.o" --specs=nano.specs -mfpu=fpv4-sp-d16 -mfloat-abi=hard -mthumb -o "Drivers/STM32F4xx_HAL_Driver/Src/stm32f4xx_hal_pwr_ex.o"
arm-none-eabi-gcc "../Drivers/STM32F4xx_HAL_Driver/Src/stm32f4xx_hal_rcc.c" -mcpu=cortex-m4 -std=gnu11 -g3 -DDEBUG -DUSE_HAL_DRIVER -DSTM32F401xC -c -I../Core/Inc -I../USB_DEVICE/App -I../USB_DEVICE/Target -I../Drivers/STM32F4xx_HAL_Driver/Inc -I../Drivers/STM32F4xx_HAL_Driver/Inc/Legacy -I../Middlewares/Third_Party/FreeRTOS/Source/include -I../Middlewares/Third_Party/FreeRTOS/Source/CMSIS_RTOS_V2 -I../Middlewares/Third_Party/FreeRTOS/Source/portable/GCC/ARM_CM4F -I../Middlewares/ST/STM32_USB_Device_Library/Core/Inc -I../Middlewares/ST/STM32_USB_Device_Library/Class/CDC/Inc -I../Drivers/CMSIS/Device/ST/STM32F4xx/Include -I../Drivers/CMSIS/Include -O0 -ffunction-sections -fdata-sections -Wall -fstack-usage -fcyclomatic-complexity -MMD -MP -MF"Drivers/STM32F4xx_HAL_Driver/Src/stm32f4xx_hal_rcc.d" -MT"Drivers/STM32F4xx_HAL_Driver/Src/stm32f4xx_hal_rcc.o" --specs=nano.specs -mfpu=fpv4-sp-d16 -mfloat-abi=hard -mthumb -o "Drivers/STM32F4xx_HAL_Driver/Src/stm32f4xx_hal_rcc.o"
arm-none-eabi-gcc "../Drivers/STM32F4xx_HAL_Driver/Src/stm32f4xx_hal_rcc_ex.c" -mcpu=cortex-m4 -std=gnu11 -g3 -DDEBUG -DUSE_HAL_DRIVER -DSTM32F401xC -c -I../Core/Inc -I../USB_DEVICE/App -I../USB_DEVICE/Target -I../Drivers/STM32F4xx_HAL_Driver/Inc -I../Drivers/STM32F4xx_HAL_Driver/Inc/Legacy -I../Middlewares/Third_Party/FreeRTOS/Source/include -I../Middlewares/Third_Party/FreeRTOS/Source/CMSIS_RTOS_V2 -I../Middlewares/Third_Party/FreeRTOS/Source/portable/GCC/ARM_CM4F -I../Middlewares/ST/STM32_USB_Device_Library/Core/Inc -I../Middlewares/ST/STM32_USB_Device_Library/Class/CDC/Inc -I../Drivers/CMSIS/Device/ST/STM32F4xx/Include -I../Drivers/CMSIS/Include -O0 -ffunction-sections -fdata-sections -Wall -fstack-usage -fcyclomatic-complexity -MMD -MP -MF"Drivers/STM32F4xx_HAL_Driver/Src/stm32f4xx_hal_rcc_ex.d" -MT"Drivers/STM32F4xx_HAL_Driver/Src/stm32f4xx_hal_rcc_ex.o" --specs=nano.specs -mfpu=fpv4-sp-d16 -mfloat-abi=hard -mthumb -o "Drivers/STM32F4xx_HAL_Driver/Src/stm32f4xx_hal_rcc_ex.o"
arm-none-eabi-gcc "../Drivers/STM32F4xx_HAL_Driver/Src/stm32f4xx_hal_spi.c" -mcpu=cortex-m4 -std=gnu11 -g3 -DDEBUG -DUSE_HAL_DRIVER -DSTM32F401xC -c -I../Core/Inc -I../USB_DEVICE/App -I../USB_DEVICE/Target -I../Drivers/STM32F4xx_HAL_Driver/Inc -I../Drivers/STM32F4xx_HAL_Driver/Inc/Legacy -I../Middlewares/Third_Party/FreeRTOS/Source/include -I../Middlewares/Third_Party/FreeRTOS/Source/CMSIS_RTOS_V2 -I../Middlewares/Third_Party/FreeRTOS/Source/portable/GCC/ARM_CM4F -I../Middlewares/ST/STM32_USB_Device_Library/Core/Inc -I../Middlewares/ST/STM32_USB_Device_Library/Class/CDC/Inc -I../Drivers/CMSIS/Device/ST/STM32F4xx/Include -I../Drivers/CMSIS/Include -O0 -ffunction-sections -fdata-sections -Wall -fstack-usage -fcyclomatic-complexity -MMD -MP -MF"Drivers/STM32F4xx_HAL_Driver/Src/stm32f4xx_hal_spi.d" -MT"Drivers/STM32F4xx_HAL_Driver/Src/stm32f4xx_hal_spi.o" --specs=nano.specs -mfpu=fpv4-sp-d16 -mfloat-abi=hard -mthumb -o "Drivers/STM32F4xx_HAL_Driver/Src/stm32f4xx_hal_spi.o"
arm-none-eabi-gcc "../Drivers/STM32F4xx_HAL_Driver/Src/stm32f4xx_hal_tim.c" -mcpu=cortex-m4 -std=gnu11 -g3 -DDEBUG -DUSE_HAL_DRIVER -DSTM32F401xC -c -I../Core/Inc -I../USB_DEVICE/App -I../USB_DEVICE/Target -I../Drivers/STM32F4xx_HAL_Driver/Inc -I../Drivers/STM32F4xx_HAL_Driver/Inc/Legacy -I../Middlewares/Third_Party/FreeRTOS/Source/include -I../Middlewares/Third_Party/FreeRTOS/Source/CMSIS_RTOS_V2 -I../Middlewares/Third_Party/FreeRTOS/Source/portable/GCC/ARM_CM4F -I../Middlewares/ST/STM32_USB_Device_Library/Core/Inc -I../Middlewares/ST/STM32_USB_Device_Library/Class/CDC/Inc -I../Drivers/CMSIS/Device/ST/STM32F4xx/Include -I../Drivers/CMSIS/Include -O0 -ffunction-sections -fdata-sections -Wall -fstack-usage -fcyclomatic-complexity -MMD -MP -MF"Drivers/STM32F4xx_HAL_Driver/Src/stm32f4xx_hal_tim.d" -MT"Drivers/STM32F4xx_HAL_Driver/Src/stm32f4xx_hal_tim.o" --specs=nano.specs -mfpu=fpv4-sp-d16 -mfloat-abi=hard -mthumb -o "Drivers/STM32F4xx_HAL_Driver/Src/stm32f4xx_hal_tim.o"
arm-none-eabi-gcc "../Drivers/STM32F4xx_HAL_Driver/Src/stm32f4xx_hal_tim_ex.c" -mcpu=cortex-m4 -std=gnu11 -g3 -DDEBUG -DUSE_HAL_DRIVER -DSTM32F401xC -c -I../Core/Inc -I../USB_DEVICE/App -I../USB_DEVICE/Target -I../Drivers/STM32F4xx_HAL_Driver/Inc -I../Drivers/STM32F4xx_HAL_Driver/Inc/Legacy -I../Middlewares/Third_Party/FreeRTOS/Source/include -I../Middlewares/Third_Party/FreeRTOS/Source/CMSIS_RTOS_V2 -I../Middlewares/Third_Party/FreeRTOS/Source/portable/GCC/ARM_CM4F -I../Middlewares/ST/STM32_USB_Device_Library/Core/Inc -I../Middlewares/ST/STM32_USB_Device_Library/Class/CDC/Inc -I../Drivers/CMSIS/Device/ST/STM32F4xx/Include -I../Drivers/CMSIS/Include -O0 -ffunction-sections -fdata-sections -Wall -fstack-usage -fcyclomatic-complexity -MMD -MP -MF"Drivers/STM32F4xx_HAL_Driver/Src/stm32f4xx_hal_tim_ex.d" -MT"Drivers/STM32F4xx_HAL_Driver/Src/stm32f4xx_hal_tim_ex.o" --specs=nano.specs -mfpu=fpv4-sp-d16 -mfloat-abi=hard -mthumb -o "Drivers/STM32F4xx_HAL_Driver/Src/stm32f4xx_hal_tim_ex.o"
arm-none-eabi-gcc "../Drivers/STM32F4xx_HAL_Driver/Src/stm32f4xx_ll_usb.c" -mcpu=cortex-m4 -std=gnu11 -g3 -DDEBUG -DUSE_HAL_DRIVER -DSTM32F401xC -c -I../Core/Inc -I../USB_DEVICE/App -I../USB_DEVICE/Target -I../Drivers/STM32F4xx_HAL_Driver/Inc -I../Drivers/STM32F4xx_HAL_Driver/Inc/Legacy -I../Middlewares/Third_Party/FreeRTOS/Source/include -I../Middlewares/Third_Party/FreeRTOS/Source/CMSIS_RTOS_V2 -I../Middlewares/Third_Party/FreeRTOS/Source/portable/GCC/ARM_CM4F -I../Middlewares/ST/STM32_USB_Device_Library/Core/Inc -I../Middlewares/ST/STM32_USB_Device_Library/Class/CDC/Inc -I../Drivers/CMSIS/Device/ST/STM32F4xx/Include -I../Drivers/CMSIS/Include -O0 -ffunction-sections -fdata-sections -Wall -fstack-usage -fcyclomatic-complexity -MMD -MP -MF"Drivers/STM32F4xx_HAL_Driver/Src/stm32f4xx_ll_usb.d" -MT"Drivers/STM32F4xx_HAL_Driver/Src/stm32f4xx_ll_usb.o" --specs=nano.specs -mfpu=fpv4-sp-d16 -mfloat-abi=hard -mthumb -o "Drivers/STM32F4xx_HAL_Driver/Src/stm32f4xx_ll_usb.o"
arm-none-eabi-gcc -mcpu=cortex-m4 -g3 -DDEBUG -c -x assembler-with-cpp -MMD -MP -MF"Core/Startup/startup_stm32f401cbux.d" -MT"Core/Startup/startup_stm32f401cbux.o" --specs=nano.specs -mfpu=fpv4-sp-d16 -mfloat-abi=hard -mthumb -o "Core/Startup/startup_stm32f401cbux.o" "../Core/Startup/startup_stm32f401cbux.s"
arm-none-eabi-gcc "../Core/Src/MFRC.c" -mcpu=cortex-m4 -std=gnu11 -g3 -DDEBUG -DUSE_HAL_DRIVER -DSTM32F401xC -c -I../Core/Inc -I../USB_DEVICE/App -I../USB_DEVICE/Target -I../Drivers/STM32F4xx_HAL_Driver/Inc -I../Drivers/STM32F4xx_HAL_Driver/Inc/Legacy -I../Middlewares/Third_Party/FreeRTOS/Source/include -I../Middlewares/Third_Party/FreeRTOS/Source/CMSIS_RTOS_V2 -I../Middlewares/Third_Party/FreeRTOS/Source/portable/GCC/ARM_CM4F -I../Middlewares/ST/STM32_USB_Device_Library/Core/Inc -I../Middlewares/ST/STM32_USB_Device_Library/Class/CDC/Inc -I../Drivers/CMSIS/Device/ST/STM32F4xx/Include -I../Drivers/CMSIS/Include -O0 -ffunction-sections -fdata-sections -Wall -fstack-usage -fcyclomatic-complexity -MMD -MP -MF"Core/Src/MFRC.d" -MT"Core/Src/MFRC.o" --specs=nano.specs -mfpu=fpv4-sp-d16 -mfloat-abi=hard -mthumb -o "Core/Src/MFRC.o"
arm-none-eabi-gcc "../Core/Src/OLED.c" -mcpu=cortex-m4 -std=gnu11 -g3 -DDEBUG -DUSE_HAL_DRIVER -DSTM32F401xC -c -I../Core/Inc -I../USB_DEVICE/App -I../USB_DEVICE/Target -I../Drivers/STM32F4xx_HAL_Driver/Inc -I../Drivers/STM32F4xx_HAL_Driver/Inc/Legacy -I../Middlewares/Third_Party/FreeRTOS/Source/include -I../Middlewares/Third_Party/FreeRTOS/Source/CMSIS_RTOS_V2 -I../Middlewares/Third_Party/FreeRTOS/Source/portable/GCC/ARM_CM4F -I../Middlewares/ST/STM32_USB_Device_Library/Core/Inc -I../Middlewares/ST/STM32_USB_Device_Library/Class/CDC/Inc -I../Drivers/CMSIS/Device/ST/STM32F4xx/Include -I../Drivers/CMSIS/Include -O0 -ffunction-sections -fdata-sections -Wall -fstack-usage -fcyclomatic-complexity -MMD -MP -MF"Core/Src/OLED.d" -MT"Core/Src/OLED.o" --specs=nano.specs -mfpu=fpv4-sp-d16 -mfloat-abi=hard -mthumb -o "Core/Src/OLED.o"
arm-none-eabi-gcc "../Core/Src/W25N01GVZEIG.c" -mcpu=cortex-m4 -std=gnu11 -g3 -DDEBUG -DUSE_HAL_DRIVER -DSTM32F401xC -c -I../Core/Inc -I../USB_DEVICE/App -I../USB_DEVICE/Target -I../Drivers/STM32F4xx_HAL_Driver/Inc -I../Drivers/STM32F4xx_HAL_Driver/Inc/Legacy -I../Middlewares/Third_Party/FreeRTOS/Source/include -I../Middlewares/Third_Party/FreeRTOS/Source/CMSIS_RTOS_V2 -I../Middlewares/Third_Party/FreeRTOS/Source/portable/GCC/ARM_CM4F -I../Middlewares/ST/STM32_USB_Device_Library/Core/Inc -I../Middlewares/ST/STM32_USB_Device_Library/Class/CDC/Inc -I../Drivers/CMSIS/Device/ST/STM32F4xx/Include -I../Drivers/CMSIS/Include -O0 -ffunction-sections -fdata-sections -Wall -fstack-usage -fcyclomatic-complexity -MMD -MP -MF"Core/Src/W25N01GVZEIG.d" -MT"Core/Src/W25N01GVZEIG.o" --specs=nano.specs -mfpu=fpv4-sp-d16 -mfloat-abi=hard -mthumb -o "Core/Src/W25N01GVZEIG.o"
arm-none-eabi-gcc "../Core/Src/freertos.c" -mcpu=cortex-m4 -std=gnu11 -g3 -DDEBUG -DUSE_HAL_DRIVER -DSTM32F401xC -c -I../Core/Inc -I../USB_DEVICE/App -I../USB_DEVICE/Target -I../Drivers/STM32F4xx_HAL_Driver/Inc -I../Drivers/STM32F4xx_HAL_Driver/Inc/Legacy -I../Middlewares/Third_Party/FreeRTOS/Source/include -I../Middlewares/Third_Party/FreeRTOS/Source/CMSIS_RTOS_V2 -I../Middlewares/Third_Party/FreeRTOS/Source/portable/GCC/ARM_CM4F -I../Middlewares/ST/STM32_USB_Device_Library/Core/Inc -I../Middlewares/ST/STM32_USB_Device_Library/Class/CDC/Inc -I../Drivers/CMSIS/Device/ST/STM32F4xx/Include -I../Drivers/CMSIS/Include -O0 -ffunction-sections -fdata-sections -Wall -fstack-usage -fcyclomatic-complexity -MMD -MP -MF"Core/Src/freertos.d" -MT"Core/Src/freertos.o" --specs=nano.specs -mfpu=fpv4-sp-d16 -mfloat-abi=hard -mthumb -o "Core/Src/freertos.o"
../Core/Src/MFRC.c: In function 'MFRC_TRANSCEIVE':
../Core/Src/MFRC.c:204:14: warning: suggest parentheses around comparison in operand of '&' [-Wparentheses]
  204 |  while(IRQval&0x30!=0x30){ //Hang here until RXIRQ and IDLEIRQ bits are set
      |              ^
../Core/Src/MFRC.c: In function 'Print':
../Core/Src/MFRC.c:468:18: warning: pointer targets in passing argument 1 of 'CDC_Transmit_FS' differ in signedness [-Wpointer-sign]
  468 |  CDC_Transmit_FS(send, strlen(mess));
      |                  ^~~~
      |                  |
      |                  char *
In file included from ../Core/Src/MFRC.c:10:
../USB_DEVICE/App/usbd_cdc_if.h:108:34: note: expected 'uint8_t *' {aka 'unsigned char *'} but argument is of type 'char *'
  108 | uint8_t CDC_Transmit_FS(uint8_t* Buf, uint16_t Len);
      |                         ~~~~~~~~~^~~
../Core/Src/MFRC.c: In function 'DumpINFO':
../Core/Src/MFRC.c:540:1: warning: control reaches end of non-void function [-Wreturn-type]
  540 | }
      | ^
../Core/Src/MFRC.c:525:35: warning: '
   ' directive writing 2 bytes into a region of size 0 [-Wformat-overflow=]
  525 |       sprintf(mess,"%X, %X, %X, %X\r\n",data[j],data[j+1],data[j+2],data[j+3]);
      |                                   ^~~~
../Core/Src/MFRC.c:525:7: note: 'sprintf' output between 13 and 17 bytes into a destination of size 10
  525 |       sprintf(mess,"%X, %X, %X, %X\r\n",data[j],data[j+1],data[j+2],data[j+3]);
      |       ^~~~~~~~~~~~~~~~~~~~~~~~~~~~~~~~~~~~~~~~~~~~~~~~~~~~~~~~~~~~~~~~~~~~~~~~
../Core/Src/MFRC.c:495:35: warning: '
   ' directive writing 2 bytes into a region of size 0 [-Wformat-overflow=]
  495 |       sprintf(mess,"%X, %X, %X, %X\r\n",data[j],data[j+1],data[j+2],data[j+3]);
      |                                   ^~~~
../Core/Src/MFRC.c:495:7: note: 'sprintf' output between 13 and 17 bytes into a destination of size 10
  495 |       sprintf(mess,"%X, %X, %X, %X\r\n",data[j],data[j+1],data[j+2],data[j+3]);
      |       ^~~~~~~~~~~~~~~~~~~~~~~~~~~~~~~~~~~~~~~~~~~~~~~~~~~~~~~~~~~~~~~~~~~~~~~~
In file included from ../Core/Src/MFRC.c:11:
At top level:
../Core/Inc/OLED.h:167:20: warning: 'WRITE_SCREEN' defined but not used [-Wunused-variable]
  167 | static const char* WRITE_SCREEN[4]={"WRITE CARD","STANDARD: ISO 14443-3","SRC FILE: NONE","STATUS: NO CARD"};
      |                    ^~~~~~~~~~~~
../Core/Inc/OLED.h:163:20: warning: 'CARD_FOUNDSCREEN' defined but not used [-Wunused-variable]
  163 | static const char* CARD_FOUNDSCREEN[5]={"CARD FOUND","UID:","IC:","SAVE","EXIT"};
      |                    ^~~~~~~~~~~~~~~~
../Core/Inc/OLED.h:159:20: warning: 'READ_SCREEN' defined but not used [-Wunused-variable]
  159 | static const char* READ_SCREEN[3]={"READ CARD","STANDARD: ISO 14443-3","STATUS: NO CARD"};
      |                    ^~~~~~~~~~~
In file included from ../Core/Src/MFRC.c:11:
../Core/Inc/OLED.h:155:20: warning: 'HOME_SCREEN' defined but not used [-Wunused-variable]
  155 | static const char* HOME_SCREEN[7]={"Ruthless RFID","1.READ CARD","2.WRITE CARD","3.SHOW FILES","4.DISP","5.STATS","6.EXIT"};
      |                    ^~~~~~~~~~~
../Core/Src/OLED.c: In function 'OLED_INIT':
../Core/Src/OLED.c:237:1: warning: control reaches end of non-void function [-Wreturn-type]
  237 | }
      | ^
In file included from ../Core/Src/OLED.c:8:
At top level:
../Core/Inc/OLED.h:167:20: warning: 'WRITE_SCREEN' defined but not used [-Wunused-variable]
  167 | static const char* WRITE_SCREEN[4]={"WRITE CARD","STANDARD: ISO 14443-3","SRC FILE: NONE","STATUS: NO CARD"};
      |                    ^~~~~~~~~~~~
../Core/Inc/OLED.h:163:20: warning: 'CARD_FOUNDSCREEN' defined but not used [-Wunused-variable]
  163 | static const char* CARD_FOUNDSCREEN[5]={"CARD FOUND","UID:","IC:","SAVE","EXIT"};
      |                    ^~~~~~~~~~~~~~~~
../Core/Inc/OLED.h:159:20: warning: 'READ_SCREEN' defined but not used [-Wunused-variable]
  159 | static const char* READ_SCREEN[3]={"READ CARD","STANDARD: ISO 14443-3","STATUS: NO CARD"};
      |                    ^~~~~~~~~~~
In file included from ../Core/Src/OLED.c:8:
../Core/Inc/OLED.h:155:20: warning: 'HOME_SCREEN' defined but not used [-Wunused-variable]
  155 | static const char* HOME_SCREEN[7]={"Ruthless RFID","1.READ CARD","2.WRITE CARD","3.SHOW FILES","4.DISP","5.STATS","6.EXIT"};
      |                    ^~~~~~~~~~~
../Core/Src/W25N01GVZEIG.c: In function 'WRIT_EN':
../Core/Src/W25N01GVZEIG.c:78:27: warning: suggest parentheses around comparison in operand of '&' [-Wparentheses]
   78 |  while(STAT_READ(STAT_REG3&0x02!=0x02)){ //Check that second to last bit (Write Enable bit) of status register is 1
      |                           ^
../Core/Src/W25N01GVZEIG.c: In function 'MEM_WRITE':
../Core/Src/W25N01GVZEIG.c:114:23: warning: implicit declaration of function 'malloc' [-Wimplicit-function-declaration]
  114 |  uint8_t* transaction=malloc(bytes+2);
      |                       ^~~~~~
../Core/Src/W25N01GVZEIG.c:114:23: warning: incompatible implicit declaration of built-in function 'malloc'
../Core/Src/W25N01GVZEIG.c:14:1: note: include '<stdlib.h>' or provide a declaration of 'malloc'
   13 | #include "W25N01GVZEIG.h"
  +++ |+#include <stdlib.h>
   14 | 
../Core/Src/W25N01GVZEIG.c:117:2: warning: implicit declaration of function 'memcpy' [-Wimplicit-function-declaration]
  117 |  memcpy(transaction,setup,2);
      |  ^~~~~~
../Core/Src/W25N01GVZEIG.c:117:2: warning: incompatible implicit declaration of built-in function 'memcpy'
../Core/Src/W25N01GVZEIG.c:14:1: note: include '<string.h>' or provide a declaration of 'memcpy'
   13 | #include "W25N01GVZEIG.h"
  +++ |+#include <string.h>
   14 | 
../Core/Src/W25N01GVZEIG.c:127:28: warning: suggest parentheses around comparison in operand of '&' [-Wparentheses]
  127 |  while(STAT_READ(STAT_REG3)&0x02!=0x02); //Wait here until busy bit is clear
      |                            ^
../Core/Src/W25N01GVZEIG.c: In function 'MEM_READPAGE':
../Core/Src/W25N01GVZEIG.c:159:2: warning: implicit declaration of function 'memset' [-Wimplicit-function-declaration]
  159 |  memset(read_data,0,bytes+5);
      |  ^~~~~~
../Core/Src/W25N01GVZEIG.c:159:2: warning: incompatible implicit declaration of built-in function 'memset'
../Core/Src/W25N01GVZEIG.c:159:2: note: include '<string.h>' or provide a declaration of 'memset'
../Core/Src/W25N01GVZEIG.c:170:28: warning: suggest parentheses around comparison in operand of '&' [-Wparentheses]
  170 |  while(STAT_READ(STAT_REG3)&0x01!=0x01); //Wait here until BUSY bit is cleared
      |                            ^
../Core/Src/W25N01GVZEIG.c: In function 'MEM_INIT':
../Core/Src/W25N01GVZEIG.c:98:1: warning: control reaches end of non-void function [-Wreturn-type]
   98 | }
      | ^
arm-none-eabi-gcc "../Core/Src/main.c" -mcpu=cortex-m4 -std=gnu11 -g3 -DDEBUG -DUSE_HAL_DRIVER -DSTM32F401xC -c -I../Core/Inc -I../USB_DEVICE/App -I../USB_DEVICE/Target -I../Drivers/STM32F4xx_HAL_Driver/Inc -I../Drivers/STM32F4xx_HAL_Driver/Inc/Legacy -I../Middlewares/Third_Party/FreeRTOS/Source/include -I../Middlewares/Third_Party/FreeRTOS/Source/CMSIS_RTOS_V2 -I../Middlewares/Third_Party/FreeRTOS/Source/portable/GCC/ARM_CM4F -I../Middlewares/ST/STM32_USB_Device_Library/Core/Inc -I../Middlewares/ST/STM32_USB_Device_Library/Class/CDC/Inc -I../Drivers/CMSIS/Device/ST/STM32F4xx/Include -I../Drivers/CMSIS/Include -O0 -ffunction-sections -fdata-sections -Wall -fstack-usage -fcyclomatic-complexity -MMD -MP -MF"Core/Src/main.d" -MT"Core/Src/main.o" --specs=nano.specs -mfpu=fpv4-sp-d16 -mfloat-abi=hard -mthumb -o "Core/Src/main.o"
arm-none-eabi-gcc "../Core/Src/stm32f4xx_hal_msp.c" -mcpu=cortex-m4 -std=gnu11 -g3 -DDEBUG -DUSE_HAL_DRIVER -DSTM32F401xC -c -I../Core/Inc -I../USB_DEVICE/App -I../USB_DEVICE/Target -I../Drivers/STM32F4xx_HAL_Driver/Inc -I../Drivers/STM32F4xx_HAL_Driver/Inc/Legacy -I../Middlewares/Third_Party/FreeRTOS/Source/include -I../Middlewares/Third_Party/FreeRTOS/Source/CMSIS_RTOS_V2 -I../Middlewares/Third_Party/FreeRTOS/Source/portable/GCC/ARM_CM4F -I../Middlewares/ST/STM32_USB_Device_Library/Core/Inc -I../Middlewares/ST/STM32_USB_Device_Library/Class/CDC/Inc -I../Drivers/CMSIS/Device/ST/STM32F4xx/Include -I../Drivers/CMSIS/Include -O0 -ffunction-sections -fdata-sections -Wall -fstack-usage -fcyclomatic-complexity -MMD -MP -MF"Core/Src/stm32f4xx_hal_msp.d" -MT"Core/Src/stm32f4xx_hal_msp.o" --specs=nano.specs -mfpu=fpv4-sp-d16 -mfloat-abi=hard -mthumb -o "Core/Src/stm32f4xx_hal_msp.o"
arm-none-eabi-gcc "../Core/Src/stm32f4xx_hal_timebase_tim.c" -mcpu=cortex-m4 -std=gnu11 -g3 -DDEBUG -DUSE_HAL_DRIVER -DSTM32F401xC -c -I../Core/Inc -I../USB_DEVICE/App -I../USB_DEVICE/Target -I../Drivers/STM32F4xx_HAL_Driver/Inc -I../Drivers/STM32F4xx_HAL_Driver/Inc/Legacy -I../Middlewares/Third_Party/FreeRTOS/Source/include -I../Middlewares/Third_Party/FreeRTOS/Source/CMSIS_RTOS_V2 -I../Middlewares/Third_Party/FreeRTOS/Source/portable/GCC/ARM_CM4F -I../Middlewares/ST/STM32_USB_Device_Library/Core/Inc -I../Middlewares/ST/STM32_USB_Device_Library/Class/CDC/Inc -I../Drivers/CMSIS/Device/ST/STM32F4xx/Include -I../Drivers/CMSIS/Include -O0 -ffunction-sections -fdata-sections -Wall -fstack-usage -fcyclomatic-complexity -MMD -MP -MF"Core/Src/stm32f4xx_hal_timebase_tim.d" -MT"Core/Src/stm32f4xx_hal_timebase_tim.o" --specs=nano.specs -mfpu=fpv4-sp-d16 -mfloat-abi=hard -mthumb -o "Core/Src/stm32f4xx_hal_timebase_tim.o"
arm-none-eabi-gcc "../Core/Src/stm32f4xx_it.c" -mcpu=cortex-m4 -std=gnu11 -g3 -DDEBUG -DUSE_HAL_DRIVER -DSTM32F401xC -c -I../Core/Inc -I../USB_DEVICE/App -I../USB_DEVICE/Target -I../Drivers/STM32F4xx_HAL_Driver/Inc -I../Drivers/STM32F4xx_HAL_Driver/Inc/Legacy -I../Middlewares/Third_Party/FreeRTOS/Source/include -I../Middlewares/Third_Party/FreeRTOS/Source/CMSIS_RTOS_V2 -I../Middlewares/Third_Party/FreeRTOS/Source/portable/GCC/ARM_CM4F -I../Middlewares/ST/STM32_USB_Device_Library/Core/Inc -I../Middlewares/ST/STM32_USB_Device_Library/Class/CDC/Inc -I../Drivers/CMSIS/Device/ST/STM32F4xx/Include -I../Drivers/CMSIS/Include -O0 -ffunction-sections -fdata-sections -Wall -fstack-usage -fcyclomatic-complexity -MMD -MP -MF"Core/Src/stm32f4xx_it.d" -MT"Core/Src/stm32f4xx_it.o" --specs=nano.specs -mfpu=fpv4-sp-d16 -mfloat-abi=hard -mthumb -o "Core/Src/stm32f4xx_it.o"
arm-none-eabi-gcc "../Core/Src/syscalls.c" -mcpu=cortex-m4 -std=gnu11 -g3 -DDEBUG -DUSE_HAL_DRIVER -DSTM32F401xC -c -I../Core/Inc -I../USB_DEVICE/App -I../USB_DEVICE/Target -I../Drivers/STM32F4xx_HAL_Driver/Inc -I../Drivers/STM32F4xx_HAL_Driver/Inc/Legacy -I../Middlewares/Third_Party/FreeRTOS/Source/include -I../Middlewares/Third_Party/FreeRTOS/Source/CMSIS_RTOS_V2 -I../Middlewares/Third_Party/FreeRTOS/Source/portable/GCC/ARM_CM4F -I../Middlewares/ST/STM32_USB_Device_Library/Core/Inc -I../Middlewares/ST/STM32_USB_Device_Library/Class/CDC/Inc -I../Drivers/CMSIS/Device/ST/STM32F4xx/Include -I../Drivers/CMSIS/Include -O0 -ffunction-sections -fdata-sections -Wall -fstack-usage -fcyclomatic-complexity -MMD -MP -MF"Core/Src/syscalls.d" -MT"Core/Src/syscalls.o" --specs=nano.specs -mfpu=fpv4-sp-d16 -mfloat-abi=hard -mthumb -o "Core/Src/syscalls.o"
arm-none-eabi-gcc "../Core/Src/sysmem.c" -mcpu=cortex-m4 -std=gnu11 -g3 -DDEBUG -DUSE_HAL_DRIVER -DSTM32F401xC -c -I../Core/Inc -I../USB_DEVICE/App -I../USB_DEVICE/Target -I../Drivers/STM32F4xx_HAL_Driver/Inc -I../Drivers/STM32F4xx_HAL_Driver/Inc/Legacy -I../Middlewares/Third_Party/FreeRTOS/Source/include -I../Middlewares/Third_Party/FreeRTOS/Source/CMSIS_RTOS_V2 -I../Middlewares/Third_Party/FreeRTOS/Source/portable/GCC/ARM_CM4F -I../Middlewares/ST/STM32_USB_Device_Library/Core/Inc -I../Middlewares/ST/STM32_USB_Device_Library/Class/CDC/Inc -I../Drivers/CMSIS/Device/ST/STM32F4xx/Include -I../Drivers/CMSIS/Include -O0 -ffunction-sections -fdata-sections -Wall -fstack-usage -fcyclomatic-complexity -MMD -MP -MF"Core/Src/sysmem.d" -MT"Core/Src/sysmem.o" --specs=nano.specs -mfpu=fpv4-sp-d16 -mfloat-abi=hard -mthumb -o "Core/Src/sysmem.o"
arm-none-eabi-gcc "../Core/Src/system_stm32f4xx.c" -mcpu=cortex-m4 -std=gnu11 -g3 -DDEBUG -DUSE_HAL_DRIVER -DSTM32F401xC -c -I../Core/Inc -I../USB_DEVICE/App -I../USB_DEVICE/Target -I../Drivers/STM32F4xx_HAL_Driver/Inc -I../Drivers/STM32F4xx_HAL_Driver/Inc/Legacy -I../Middlewares/Third_Party/FreeRTOS/Source/include -I../Middlewares/Third_Party/FreeRTOS/Source/CMSIS_RTOS_V2 -I../Middlewares/Third_Party/FreeRTOS/Source/portable/GCC/ARM_CM4F -I../Middlewares/ST/STM32_USB_Device_Library/Core/Inc -I../Middlewares/ST/STM32_USB_Device_Library/Class/CDC/Inc -I../Drivers/CMSIS/Device/ST/STM32F4xx/Include -I../Drivers/CMSIS/Include -O0 -ffunction-sections -fdata-sections -Wall -fstack-usage -fcyclomatic-complexity -MMD -MP -MF"Core/Src/system_stm32f4xx.d" -MT"Core/Src/system_stm32f4xx.o" --specs=nano.specs -mfpu=fpv4-sp-d16 -mfloat-abi=hard -mthumb -o "Core/Src/system_stm32f4xx.o"
../Core/Src/main.c: In function 'StartReadCard':
../Core/Src/main.c:591:27: warning: passing argument 4 of 'SCREEN_INIT' from incompatible pointer type [-Wincompatible-pointer-types]
  591 |  SCREEN_INIT(&Read, 3, 2, READ_SCREEN,READ_DATLOC ,READ_SEL);
      |                           ^~~~~~~~~~~
      |                           |
      |                           const char **
In file included from ../Core/Src/main.c:28:
../Core/Inc/OLED.h:198:65: note: expected 'char **' but argument is of type 'const char **'
  198 | void SCREEN_INIT(Screen* screen,int datasize,int selsize,char** data,uint8_t (*dataloc)[2],uint8_t (*seldata)[2]);
      |                                                          ~~~~~~~^~~~
../Core/Src/main.c:591:39: warning: passing argument 5 of 'SCREEN_INIT' discards 'const' qualifier from pointer target type [-Wdiscarded-array-qualifiers]
  591 |  SCREEN_INIT(&Read, 3, 2, READ_SCREEN,READ_DATLOC ,READ_SEL);
      |                                       ^~~~~~~~~~~
In file included from ../Core/Src/main.c:28:
../Core/Inc/OLED.h:198:80: note: expected 'uint8_t (*)[2]' {aka 'unsigned char (*)[2]'} but argument is of type 'const uint8_t (*)[2]' {aka 'const unsigned char (*)[2]'}
  198 | void SCREEN_INIT(Screen* screen,int datasize,int selsize,char** data,uint8_t (*dataloc)[2],uint8_t (*seldata)[2]);
      |                                                                      ~~~~~~~~~~^~~~~~~~~~~
../Core/Src/main.c:591:52: warning: passing argument 6 of 'SCREEN_INIT' discards 'const' qualifier from pointer target type [-Wdiscarded-array-qualifiers]
  591 |  SCREEN_INIT(&Read, 3, 2, READ_SCREEN,READ_DATLOC ,READ_SEL);
      |                                                    ^~~~~~~~
In file included from ../Core/Src/main.c:28:
../Core/Inc/OLED.h:198:102: note: expected 'uint8_t (*)[2]' {aka 'unsigned char (*)[2]'} but argument is of type 'const uint8_t (*)[2]' {aka 'const unsigned char (*)[2]'}
  198 | void SCREEN_INIT(Screen* screen,int datasize,int selsize,char** data,uint8_t (*dataloc)[2],uint8_t (*seldata)[2]);
      |                                                                                            ~~~~~~~~~~^~~~~~~~~~~
../Core/Src/main.c:592:25: warning: passing argument 4 of 'SCREEN_INIT' from incompatible pointer type [-Wincompatible-pointer-types]
  592 |  SCREEN_INIT(&Found,5,2,CARD_FOUNDSCREEN,CARD_FOUNDATLOC,CARD_FOUNDSEL);
      |                         ^~~~~~~~~~~~~~~~
      |                         |
      |                         const char **
In file included from ../Core/Src/main.c:28:
../Core/Inc/OLED.h:198:65: note: expected 'char **' but argument is of type 'const char **'
  198 | void SCREEN_INIT(Screen* screen,int datasize,int selsize,char** data,uint8_t (*dataloc)[2],uint8_t (*seldata)[2]);
      |                                                          ~~~~~~~^~~~
../Core/Src/main.c:592:42: warning: passing argument 5 of 'SCREEN_INIT' discards 'const' qualifier from pointer target type [-Wdiscarded-array-qualifiers]
  592 |  SCREEN_INIT(&Found,5,2,CARD_FOUNDSCREEN,CARD_FOUNDATLOC,CARD_FOUNDSEL);
      |                                          ^~~~~~~~~~~~~~~
In file included from ../Core/Src/main.c:28:
../Core/Inc/OLED.h:198:80: note: expected 'uint8_t (*)[2]' {aka 'unsigned char (*)[2]'} but argument is of type 'const uint8_t (*)[2]' {aka 'const unsigned char (*)[2]'}
  198 | void SCREEN_INIT(Screen* screen,int datasize,int selsize,char** data,uint8_t (*dataloc)[2],uint8_t (*seldata)[2]);
      |                                                                      ~~~~~~~~~~^~~~~~~~~~~
../Core/Src/main.c:592:58: warning: passing argument 6 of 'SCREEN_INIT' discards 'const' qualifier from pointer target type [-Wdiscarded-array-qualifiers]
  592 |  SCREEN_INIT(&Found,5,2,CARD_FOUNDSCREEN,CARD_FOUNDATLOC,CARD_FOUNDSEL);
      |                                                          ^~~~~~~~~~~~~
In file included from ../Core/Src/main.c:28:
../Core/Inc/OLED.h:198:102: note: expected 'uint8_t (*)[2]' {aka 'unsigned char (*)[2]'} but argument is of type 'const uint8_t (*)[2]' {aka 'const unsigned char (*)[2]'}
  198 | void SCREEN_INIT(Screen* screen,int datasize,int selsize,char** data,uint8_t (*dataloc)[2],uint8_t (*seldata)[2]);
      |                                                                                            ~~~~~~~~~~^~~~~~~~~~~
../Core/Src/main.c:597:8: warning: implicit declaration of function 'DumpINFO' [-Wimplicit-function-declaration]
  597 |     if(DumpINFO(cardinf)==PCD_OK){
      |        ^~~~~~~~
../Core/Src/main.c:612:13: warning: implicit declaration of function 'OLED_FREESCREEN'; did you mean 'OLED_SCREEN'? [-Wimplicit-function-declaration]
  612 |             OLED_FREESCREEN(&Read);
      |             ^~~~~~~~~~~~~~~
      |             OLED_SCREEN
../Core/Src/main.c: In function 'StartHome':
../Core/Src/main.c:665:44: warning: passing argument 5 of 'SCREEN_INIT' discards 'const' qualifier from pointer target type [-Wdiscarded-array-qualifiers]
  665 |  SCREEN_INIT(&HOME,7,6,(char**)HOME_SCREEN,HOME_DATLOC,HOME_SEL);
      |                                            ^~~~~~~~~~~
In file included from ../Core/Src/main.c:28:
../Core/Inc/OLED.h:198:80: note: expected 'uint8_t (*)[2]' {aka 'unsigned char (*)[2]'} but argument is of type 'const uint8_t (*)[2]' {aka 'const unsigned char (*)[2]'}
  198 | void SCREEN_INIT(Screen* screen,int datasize,int selsize,char** data,uint8_t (*dataloc)[2],uint8_t (*seldata)[2]);
      |                                                                      ~~~~~~~~~~^~~~~~~~~~~
../Core/Src/main.c:665:56: warning: passing argument 6 of 'SCREEN_INIT' discards 'const' qualifier from pointer target type [-Wdiscarded-array-qualifiers]
  665 |  SCREEN_INIT(&HOME,7,6,(char**)HOME_SCREEN,HOME_DATLOC,HOME_SEL);
      |                                                        ^~~~~~~~
In file included from ../Core/Src/main.c:28:
../Core/Inc/OLED.h:198:102: note: expected 'uint8_t (*)[2]' {aka 'unsigned char (*)[2]'} but argument is of type 'const uint8_t (*)[2]' {aka 'const unsigned char (*)[2]'}
  198 | void SCREEN_INIT(Screen* screen,int datasize,int selsize,char** data,uint8_t (*dataloc)[2],uint8_t (*seldata)[2]);
      |                                                                                            ~~~~~~~~~~^~~~~~~~~~~
At top level:
../Core/Inc/OLED.h:167:20: warning: 'WRITE_SCREEN' defined but not used [-Wunused-variable]
  167 | static const char* WRITE_SCREEN[4]={"WRITE CARD","STANDARD: ISO 14443-3","SRC FILE: NONE","STATUS: NO CARD"};
      |                    ^~~~~~~~~~~~
arm-none-eabi-gcc -o "Ruthless RFID.elf" @"objects.list"   -mcpu=cortex-m4 -T"C:\Users\rhett\OneDrive\Documents\Ruthless RFID\Firmware\Ruthless RFID\STM32F401CBUX_FLASH.ld" --specs=nosys.specs -Wl,-Map="Ruthless RFID.map" -Wl,--gc-sections -static --specs=nano.specs -mfpu=fpv4-sp-d16 -mfloat-abi=hard -mthumb -Wl,--start-group -lc -lm -Wl,--end-group
Finished building target: Ruthless RFID.elf
 
arm-none-eabi-size   Ruthless\ RFID.elf 
arm-none-eabi-objdump -h -S  Ruthless\ RFID.elf  > "Ruthless RFID.list"
   text	   data	    bss	    dec	    hex	filename
  60920	   1604	  27556	  90080	  15fe0	Ruthless RFID.elf
Finished building: default.size.stdout
 
Finished building: Ruthless RFID.list
 
15:09:59 **** Incremental Build of configuration Debug for project Ruthless RFID ****
make -j8 all 
arm-none-eabi-size   Ruthless\ RFID.elf 
   text	   data	    bss	    dec	    hex	filename
  60920	   1604	  27556	  90080	  15fe0	Ruthless RFID.elf
Finished building: default.size.stdout
 
15:15:05 **** Incremental Build of configuration Debug for project Ruthless RFID ****
make -j8 all 
arm-none-eabi-gcc "../Core/Src/main.c" -mcpu=cortex-m4 -std=gnu11 -g3 -DDEBUG -DUSE_HAL_DRIVER -DSTM32F401xC -c -I../Core/Inc -I../USB_DEVICE/App -I../USB_DEVICE/Target -I../Drivers/STM32F4xx_HAL_Driver/Inc -I../Drivers/STM32F4xx_HAL_Driver/Inc/Legacy -I../Middlewares/Third_Party/FreeRTOS/Source/include -I../Middlewares/Third_Party/FreeRTOS/Source/CMSIS_RTOS_V2 -I../Middlewares/Third_Party/FreeRTOS/Source/portable/GCC/ARM_CM4F -I../Middlewares/ST/STM32_USB_Device_Library/Core/Inc -I../Middlewares/ST/STM32_USB_Device_Library/Class/CDC/Inc -I../Drivers/CMSIS/Device/ST/STM32F4xx/Include -I../Drivers/CMSIS/Include -O0 -ffunction-sections -fdata-sections -Wall -fstack-usage -fcyclomatic-complexity -MMD -MP -MF"Core/Src/main.d" -MT"Core/Src/main.o" --specs=nano.specs -mfpu=fpv4-sp-d16 -mfloat-abi=hard -mthumb -o "Core/Src/main.o"
../Core/Src/main.c: In function 'StartReadCard':
../Core/Src/main.c:595:27: warning: passing argument 4 of 'SCREEN_INIT' from incompatible pointer type [-Wincompatible-pointer-types]
  595 |  SCREEN_INIT(&Read, 3, 2, READ_SCREEN,READ_DATLOC ,READ_SEL);
      |                           ^~~~~~~~~~~
      |                           |
      |                           const char **
In file included from ../Core/Src/main.c:28:
../Core/Inc/OLED.h:198:65: note: expected 'char **' but argument is of type 'const char **'
  198 | void SCREEN_INIT(Screen* screen,int datasize,int selsize,char** data,uint8_t (*dataloc)[2],uint8_t (*seldata)[2]);
      |                                                          ~~~~~~~^~~~
../Core/Src/main.c:595:39: warning: passing argument 5 of 'SCREEN_INIT' discards 'const' qualifier from pointer target type [-Wdiscarded-array-qualifiers]
  595 |  SCREEN_INIT(&Read, 3, 2, READ_SCREEN,READ_DATLOC ,READ_SEL);
      |                                       ^~~~~~~~~~~
In file included from ../Core/Src/main.c:28:
../Core/Inc/OLED.h:198:80: note: expected 'uint8_t (*)[2]' {aka 'unsigned char (*)[2]'} but argument is of type 'const uint8_t (*)[2]' {aka 'const unsigned char (*)[2]'}
  198 | void SCREEN_INIT(Screen* screen,int datasize,int selsize,char** data,uint8_t (*dataloc)[2],uint8_t (*seldata)[2]);
      |                                                                      ~~~~~~~~~~^~~~~~~~~~~
../Core/Src/main.c:595:52: warning: passing argument 6 of 'SCREEN_INIT' discards 'const' qualifier from pointer target type [-Wdiscarded-array-qualifiers]
  595 |  SCREEN_INIT(&Read, 3, 2, READ_SCREEN,READ_DATLOC ,READ_SEL);
      |                                                    ^~~~~~~~
In file included from ../Core/Src/main.c:28:
../Core/Inc/OLED.h:198:102: note: expected 'uint8_t (*)[2]' {aka 'unsigned char (*)[2]'} but argument is of type 'const uint8_t (*)[2]' {aka 'const unsigned char (*)[2]'}
  198 | void SCREEN_INIT(Screen* screen,int datasize,int selsize,char** data,uint8_t (*dataloc)[2],uint8_t (*seldata)[2]);
      |                                                                                            ~~~~~~~~~~^~~~~~~~~~~
../Core/Src/main.c:596:25: warning: passing argument 4 of 'SCREEN_INIT' from incompatible pointer type [-Wincompatible-pointer-types]
  596 |  SCREEN_INIT(&Found,5,2,CARD_FOUNDSCREEN,CARD_FOUNDATLOC,CARD_FOUNDSEL);
      |                         ^~~~~~~~~~~~~~~~
      |                         |
      |                         const char **
In file included from ../Core/Src/main.c:28:
../Core/Inc/OLED.h:198:65: note: expected 'char **' but argument is of type 'const char **'
  198 | void SCREEN_INIT(Screen* screen,int datasize,int selsize,char** data,uint8_t (*dataloc)[2],uint8_t (*seldata)[2]);
      |                                                          ~~~~~~~^~~~
../Core/Src/main.c:596:42: warning: passing argument 5 of 'SCREEN_INIT' discards 'const' qualifier from pointer target type [-Wdiscarded-array-qualifiers]
  596 |  SCREEN_INIT(&Found,5,2,CARD_FOUNDSCREEN,CARD_FOUNDATLOC,CARD_FOUNDSEL);
      |                                          ^~~~~~~~~~~~~~~
In file included from ../Core/Src/main.c:28:
../Core/Inc/OLED.h:198:80: note: expected 'uint8_t (*)[2]' {aka 'unsigned char (*)[2]'} but argument is of type 'const uint8_t (*)[2]' {aka 'const unsigned char (*)[2]'}
  198 | void SCREEN_INIT(Screen* screen,int datasize,int selsize,char** data,uint8_t (*dataloc)[2],uint8_t (*seldata)[2]);
      |                                                                      ~~~~~~~~~~^~~~~~~~~~~
../Core/Src/main.c:596:58: warning: passing argument 6 of 'SCREEN_INIT' discards 'const' qualifier from pointer target type [-Wdiscarded-array-qualifiers]
  596 |  SCREEN_INIT(&Found,5,2,CARD_FOUNDSCREEN,CARD_FOUNDATLOC,CARD_FOUNDSEL);
      |                                                          ^~~~~~~~~~~~~
In file included from ../Core/Src/main.c:28:
../Core/Inc/OLED.h:198:102: note: expected 'uint8_t (*)[2]' {aka 'unsigned char (*)[2]'} but argument is of type 'const uint8_t (*)[2]' {aka 'const unsigned char (*)[2]'}
  198 | void SCREEN_INIT(Screen* screen,int datasize,int selsize,char** data,uint8_t (*dataloc)[2],uint8_t (*seldata)[2]);
      |                                                                                            ~~~~~~~~~~^~~~~~~~~~~
../Core/Src/main.c:599:8: warning: implicit declaration of function 'DumpINFO' [-Wimplicit-function-declaration]
  599 |     if(DumpINFO(cardinf)==PCD_OK){
      |        ^~~~~~~~
../Core/Src/main.c:614:13: warning: implicit declaration of function 'OLED_FREESCREEN'; did you mean 'OLED_SCREEN'? [-Wimplicit-function-declaration]
  614 |             OLED_FREESCREEN(&Read);
      |             ^~~~~~~~~~~~~~~
      |             OLED_SCREEN
../Core/Src/main.c: In function 'StartHome':
../Core/Src/main.c:667:44: warning: passing argument 5 of 'SCREEN_INIT' discards 'const' qualifier from pointer target type [-Wdiscarded-array-qualifiers]
  667 |  SCREEN_INIT(&HOME,7,6,(char**)HOME_SCREEN,HOME_DATLOC,HOME_SEL);
      |                                            ^~~~~~~~~~~
In file included from ../Core/Src/main.c:28:
../Core/Inc/OLED.h:198:80: note: expected 'uint8_t (*)[2]' {aka 'unsigned char (*)[2]'} but argument is of type 'const uint8_t (*)[2]' {aka 'const unsigned char (*)[2]'}
  198 | void SCREEN_INIT(Screen* screen,int datasize,int selsize,char** data,uint8_t (*dataloc)[2],uint8_t (*seldata)[2]);
      |                                                                      ~~~~~~~~~~^~~~~~~~~~~
../Core/Src/main.c:667:56: warning: passing argument 6 of 'SCREEN_INIT' discards 'const' qualifier from pointer target type [-Wdiscarded-array-qualifiers]
  667 |  SCREEN_INIT(&HOME,7,6,(char**)HOME_SCREEN,HOME_DATLOC,HOME_SEL);
      |                                                        ^~~~~~~~
In file included from ../Core/Src/main.c:28:
../Core/Inc/OLED.h:198:102: note: expected 'uint8_t (*)[2]' {aka 'unsigned char (*)[2]'} but argument is of type 'const uint8_t (*)[2]' {aka 'const unsigned char (*)[2]'}
  198 | void SCREEN_INIT(Screen* screen,int datasize,int selsize,char** data,uint8_t (*dataloc)[2],uint8_t (*seldata)[2]);
      |                                                                                            ~~~~~~~~~~^~~~~~~~~~~
At top level:
../Core/Inc/OLED.h:167:20: warning: 'WRITE_SCREEN' defined but not used [-Wunused-variable]
  167 | static const char* WRITE_SCREEN[4]={"WRITE CARD","STANDARD: ISO 14443-3","SRC FILE: NONE","STATUS: NO CARD"};
      |                    ^~~~~~~~~~~~
arm-none-eabi-gcc -o "Ruthless RFID.elf" @"objects.list"   -mcpu=cortex-m4 -T"C:\Users\rhett\OneDrive\Documents\Ruthless RFID\Firmware\Ruthless RFID\STM32F401CBUX_FLASH.ld" --specs=nosys.specs -Wl,-Map="Ruthless RFID.map" -Wl,--gc-sections -static --specs=nano.specs -mfpu=fpv4-sp-d16 -mfloat-abi=hard -mthumb -Wl,--start-group -lc -lm -Wl,--end-group
Finished building target: Ruthless RFID.elf
 
arm-none-eabi-size   Ruthless\ RFID.elf 
arm-none-eabi-objdump -h -S  Ruthless\ RFID.elf  > "Ruthless RFID.list"
   text	   data	    bss	    dec	    hex	filename
  60920	   1604	  27556	  90080	  15fe0	Ruthless RFID.elf
Finished building: default.size.stdout
 
Finished building: Ruthless RFID.list
 
15:17:39 **** Incremental Build of configuration Debug for project Ruthless RFID ****
make -j8 all 
arm-none-eabi-gcc "../Middlewares/Third_Party/FreeRTOS/Source/portable/MemMang/heap_4.c" -mcpu=cortex-m4 -std=gnu11 -g3 -DDEBUG -DUSE_HAL_DRIVER -DSTM32F401xC -c -I../Core/Inc -I../USB_DEVICE/App -I../USB_DEVICE/Target -I../Drivers/STM32F4xx_HAL_Driver/Inc -I../Drivers/STM32F4xx_HAL_Driver/Inc/Legacy -I../Middlewares/Third_Party/FreeRTOS/Source/include -I../Middlewares/Third_Party/FreeRTOS/Source/CMSIS_RTOS_V2 -I../Middlewares/Third_Party/FreeRTOS/Source/portable/GCC/ARM_CM4F -I../Middlewares/ST/STM32_USB_Device_Library/Core/Inc -I../Middlewares/ST/STM32_USB_Device_Library/Class/CDC/Inc -I../Drivers/CMSIS/Device/ST/STM32F4xx/Include -I../Drivers/CMSIS/Include -O0 -ffunction-sections -fdata-sections -Wall -fstack-usage -fcyclomatic-complexity -MMD -MP -MF"Middlewares/Third_Party/FreeRTOS/Source/portable/MemMang/heap_4.d" -MT"Middlewares/Third_Party/FreeRTOS/Source/portable/MemMang/heap_4.o" --specs=nano.specs -mfpu=fpv4-sp-d16 -mfloat-abi=hard -mthumb -o "Middlewares/Third_Party/FreeRTOS/Source/portable/MemMang/heap_4.o"
arm-none-eabi-gcc "../Middlewares/Third_Party/FreeRTOS/Source/portable/GCC/ARM_CM4F/port.c" -mcpu=cortex-m4 -std=gnu11 -g3 -DDEBUG -DUSE_HAL_DRIVER -DSTM32F401xC -c -I../Core/Inc -I../USB_DEVICE/App -I../USB_DEVICE/Target -I../Drivers/STM32F4xx_HAL_Driver/Inc -I../Drivers/STM32F4xx_HAL_Driver/Inc/Legacy -I../Middlewares/Third_Party/FreeRTOS/Source/include -I../Middlewares/Third_Party/FreeRTOS/Source/CMSIS_RTOS_V2 -I../Middlewares/Third_Party/FreeRTOS/Source/portable/GCC/ARM_CM4F -I../Middlewares/ST/STM32_USB_Device_Library/Core/Inc -I../Middlewares/ST/STM32_USB_Device_Library/Class/CDC/Inc -I../Drivers/CMSIS/Device/ST/STM32F4xx/Include -I../Drivers/CMSIS/Include -O0 -ffunction-sections -fdata-sections -Wall -fstack-usage -fcyclomatic-complexity -MMD -MP -MF"Middlewares/Third_Party/FreeRTOS/Source/portable/GCC/ARM_CM4F/port.d" -MT"Middlewares/Third_Party/FreeRTOS/Source/portable/GCC/ARM_CM4F/port.o" --specs=nano.specs -mfpu=fpv4-sp-d16 -mfloat-abi=hard -mthumb -o "Middlewares/Third_Party/FreeRTOS/Source/portable/GCC/ARM_CM4F/port.o"
arm-none-eabi-gcc "../Middlewares/Third_Party/FreeRTOS/Source/CMSIS_RTOS_V2/cmsis_os2.c" -mcpu=cortex-m4 -std=gnu11 -g3 -DDEBUG -DUSE_HAL_DRIVER -DSTM32F401xC -c -I../Core/Inc -I../USB_DEVICE/App -I../USB_DEVICE/Target -I../Drivers/STM32F4xx_HAL_Driver/Inc -I../Drivers/STM32F4xx_HAL_Driver/Inc/Legacy -I../Middlewares/Third_Party/FreeRTOS/Source/include -I../Middlewares/Third_Party/FreeRTOS/Source/CMSIS_RTOS_V2 -I../Middlewares/Third_Party/FreeRTOS/Source/portable/GCC/ARM_CM4F -I../Middlewares/ST/STM32_USB_Device_Library/Core/Inc -I../Middlewares/ST/STM32_USB_Device_Library/Class/CDC/Inc -I../Drivers/CMSIS/Device/ST/STM32F4xx/Include -I../Drivers/CMSIS/Include -O0 -ffunction-sections -fdata-sections -Wall -fstack-usage -fcyclomatic-complexity -MMD -MP -MF"Middlewares/Third_Party/FreeRTOS/Source/CMSIS_RTOS_V2/cmsis_os2.d" -MT"Middlewares/Third_Party/FreeRTOS/Source/CMSIS_RTOS_V2/cmsis_os2.o" --specs=nano.specs -mfpu=fpv4-sp-d16 -mfloat-abi=hard -mthumb -o "Middlewares/Third_Party/FreeRTOS/Source/CMSIS_RTOS_V2/cmsis_os2.o"
arm-none-eabi-gcc "../Middlewares/Third_Party/FreeRTOS/Source/croutine.c" -mcpu=cortex-m4 -std=gnu11 -g3 -DDEBUG -DUSE_HAL_DRIVER -DSTM32F401xC -c -I../Core/Inc -I../USB_DEVICE/App -I../USB_DEVICE/Target -I../Drivers/STM32F4xx_HAL_Driver/Inc -I../Drivers/STM32F4xx_HAL_Driver/Inc/Legacy -I../Middlewares/Third_Party/FreeRTOS/Source/include -I../Middlewares/Third_Party/FreeRTOS/Source/CMSIS_RTOS_V2 -I../Middlewares/Third_Party/FreeRTOS/Source/portable/GCC/ARM_CM4F -I../Middlewares/ST/STM32_USB_Device_Library/Core/Inc -I../Middlewares/ST/STM32_USB_Device_Library/Class/CDC/Inc -I../Drivers/CMSIS/Device/ST/STM32F4xx/Include -I../Drivers/CMSIS/Include -O0 -ffunction-sections -fdata-sections -Wall -fstack-usage -fcyclomatic-complexity -MMD -MP -MF"Middlewares/Third_Party/FreeRTOS/Source/croutine.d" -MT"Middlewares/Third_Party/FreeRTOS/Source/croutine.o" --specs=nano.specs -mfpu=fpv4-sp-d16 -mfloat-abi=hard -mthumb -o "Middlewares/Third_Party/FreeRTOS/Source/croutine.o"
arm-none-eabi-gcc "../Middlewares/Third_Party/FreeRTOS/Source/event_groups.c" -mcpu=cortex-m4 -std=gnu11 -g3 -DDEBUG -DUSE_HAL_DRIVER -DSTM32F401xC -c -I../Core/Inc -I../USB_DEVICE/App -I../USB_DEVICE/Target -I../Drivers/STM32F4xx_HAL_Driver/Inc -I../Drivers/STM32F4xx_HAL_Driver/Inc/Legacy -I../Middlewares/Third_Party/FreeRTOS/Source/include -I../Middlewares/Third_Party/FreeRTOS/Source/CMSIS_RTOS_V2 -I../Middlewares/Third_Party/FreeRTOS/Source/portable/GCC/ARM_CM4F -I../Middlewares/ST/STM32_USB_Device_Library/Core/Inc -I../Middlewares/ST/STM32_USB_Device_Library/Class/CDC/Inc -I../Drivers/CMSIS/Device/ST/STM32F4xx/Include -I../Drivers/CMSIS/Include -O0 -ffunction-sections -fdata-sections -Wall -fstack-usage -fcyclomatic-complexity -MMD -MP -MF"Middlewares/Third_Party/FreeRTOS/Source/event_groups.d" -MT"Middlewares/Third_Party/FreeRTOS/Source/event_groups.o" --specs=nano.specs -mfpu=fpv4-sp-d16 -mfloat-abi=hard -mthumb -o "Middlewares/Third_Party/FreeRTOS/Source/event_groups.o"
arm-none-eabi-gcc "../Middlewares/Third_Party/FreeRTOS/Source/list.c" -mcpu=cortex-m4 -std=gnu11 -g3 -DDEBUG -DUSE_HAL_DRIVER -DSTM32F401xC -c -I../Core/Inc -I../USB_DEVICE/App -I../USB_DEVICE/Target -I../Drivers/STM32F4xx_HAL_Driver/Inc -I../Drivers/STM32F4xx_HAL_Driver/Inc/Legacy -I../Middlewares/Third_Party/FreeRTOS/Source/include -I../Middlewares/Third_Party/FreeRTOS/Source/CMSIS_RTOS_V2 -I../Middlewares/Third_Party/FreeRTOS/Source/portable/GCC/ARM_CM4F -I../Middlewares/ST/STM32_USB_Device_Library/Core/Inc -I../Middlewares/ST/STM32_USB_Device_Library/Class/CDC/Inc -I../Drivers/CMSIS/Device/ST/STM32F4xx/Include -I../Drivers/CMSIS/Include -O0 -ffunction-sections -fdata-sections -Wall -fstack-usage -fcyclomatic-complexity -MMD -MP -MF"Middlewares/Third_Party/FreeRTOS/Source/list.d" -MT"Middlewares/Third_Party/FreeRTOS/Source/list.o" --specs=nano.specs -mfpu=fpv4-sp-d16 -mfloat-abi=hard -mthumb -o "Middlewares/Third_Party/FreeRTOS/Source/list.o"
arm-none-eabi-gcc "../Middlewares/Third_Party/FreeRTOS/Source/queue.c" -mcpu=cortex-m4 -std=gnu11 -g3 -DDEBUG -DUSE_HAL_DRIVER -DSTM32F401xC -c -I../Core/Inc -I../USB_DEVICE/App -I../USB_DEVICE/Target -I../Drivers/STM32F4xx_HAL_Driver/Inc -I../Drivers/STM32F4xx_HAL_Driver/Inc/Legacy -I../Middlewares/Third_Party/FreeRTOS/Source/include -I../Middlewares/Third_Party/FreeRTOS/Source/CMSIS_RTOS_V2 -I../Middlewares/Third_Party/FreeRTOS/Source/portable/GCC/ARM_CM4F -I../Middlewares/ST/STM32_USB_Device_Library/Core/Inc -I../Middlewares/ST/STM32_USB_Device_Library/Class/CDC/Inc -I../Drivers/CMSIS/Device/ST/STM32F4xx/Include -I../Drivers/CMSIS/Include -O0 -ffunction-sections -fdata-sections -Wall -fstack-usage -fcyclomatic-complexity -MMD -MP -MF"Middlewares/Third_Party/FreeRTOS/Source/queue.d" -MT"Middlewares/Third_Party/FreeRTOS/Source/queue.o" --specs=nano.specs -mfpu=fpv4-sp-d16 -mfloat-abi=hard -mthumb -o "Middlewares/Third_Party/FreeRTOS/Source/queue.o"
arm-none-eabi-gcc "../Middlewares/Third_Party/FreeRTOS/Source/stream_buffer.c" -mcpu=cortex-m4 -std=gnu11 -g3 -DDEBUG -DUSE_HAL_DRIVER -DSTM32F401xC -c -I../Core/Inc -I../USB_DEVICE/App -I../USB_DEVICE/Target -I../Drivers/STM32F4xx_HAL_Driver/Inc -I../Drivers/STM32F4xx_HAL_Driver/Inc/Legacy -I../Middlewares/Third_Party/FreeRTOS/Source/include -I../Middlewares/Third_Party/FreeRTOS/Source/CMSIS_RTOS_V2 -I../Middlewares/Third_Party/FreeRTOS/Source/portable/GCC/ARM_CM4F -I../Middlewares/ST/STM32_USB_Device_Library/Core/Inc -I../Middlewares/ST/STM32_USB_Device_Library/Class/CDC/Inc -I../Drivers/CMSIS/Device/ST/STM32F4xx/Include -I../Drivers/CMSIS/Include -O0 -ffunction-sections -fdata-sections -Wall -fstack-usage -fcyclomatic-complexity -MMD -MP -MF"Middlewares/Third_Party/FreeRTOS/Source/stream_buffer.d" -MT"Middlewares/Third_Party/FreeRTOS/Source/stream_buffer.o" --specs=nano.specs -mfpu=fpv4-sp-d16 -mfloat-abi=hard -mthumb -o "Middlewares/Third_Party/FreeRTOS/Source/stream_buffer.o"
arm-none-eabi-gcc "../Middlewares/Third_Party/FreeRTOS/Source/tasks.c" -mcpu=cortex-m4 -std=gnu11 -g3 -DDEBUG -DUSE_HAL_DRIVER -DSTM32F401xC -c -I../Core/Inc -I../USB_DEVICE/App -I../USB_DEVICE/Target -I../Drivers/STM32F4xx_HAL_Driver/Inc -I../Drivers/STM32F4xx_HAL_Driver/Inc/Legacy -I../Middlewares/Third_Party/FreeRTOS/Source/include -I../Middlewares/Third_Party/FreeRTOS/Source/CMSIS_RTOS_V2 -I../Middlewares/Third_Party/FreeRTOS/Source/portable/GCC/ARM_CM4F -I../Middlewares/ST/STM32_USB_Device_Library/Core/Inc -I../Middlewares/ST/STM32_USB_Device_Library/Class/CDC/Inc -I../Drivers/CMSIS/Device/ST/STM32F4xx/Include -I../Drivers/CMSIS/Include -O0 -ffunction-sections -fdata-sections -Wall -fstack-usage -fcyclomatic-complexity -MMD -MP -MF"Middlewares/Third_Party/FreeRTOS/Source/tasks.d" -MT"Middlewares/Third_Party/FreeRTOS/Source/tasks.o" --specs=nano.specs -mfpu=fpv4-sp-d16 -mfloat-abi=hard -mthumb -o "Middlewares/Third_Party/FreeRTOS/Source/tasks.o"
[...]
      |                                               ^~~~~~~~~~~
In file included from ../Core/Src/main.c:28:
../Core/Inc/OLED.h:196:80: note: expected 'uint8_t (*)[2]' {aka 'unsigned char (*)[2]'} but argument is of type 'const uint8_t (*)[2]' {aka 'const unsigned char (*)[2]'}
  196 | void SCREEN_INIT(Screen* screen,int datasize,int selsize,char** data,uint8_t (*dataloc)[2],uint8_t (*seldata)[2]);
      |                                                                      ~~~~~~~~~~^~~~~~~~~~~
../Core/Src/main.c:571:59: warning: passing argument 6 of 'SCREEN_INIT' discards 'const' qualifier from pointer target type [-Wdiscarded-array-qualifiers]
  571 |     SCREEN_INIT(&HOME,7,6,(char**)HOME_SCREEN,HOME_DATLOC,HOME_SEL);
      |                                                           ^~~~~~~~
In file included from ../Core/Src/main.c:28:
../Core/Inc/OLED.h:196:102: note: expected 'uint8_t (*)[2]' {aka 'unsigned char (*)[2]'} but argument is of type 'const uint8_t (*)[2]' {aka 'const unsigned char (*)[2]'}
  196 | void SCREEN_INIT(Screen* screen,int datasize,int selsize,char** data,uint8_t (*dataloc)[2],uint8_t (*seldata)[2]);
      |                                                                                            ~~~~~~~~~~^~~~~~~~~~~
../Core/Src/main.c: In function 'StartWriteCard':
../Core/Src/main.c:649:2: warning: implicit declaration of function 'OLED_Clear' [-Wimplicit-function-declaration]
  649 |  OLED_Clear();
      |  ^~~~~~~~~~
In file included from ../Core/Src/main.c:28:
At top level:
../Core/Inc/OLED.h:167:20: warning: 'WRITE_SCREEN' defined but not used [-Wunused-variable]
  167 | static const char* WRITE_SCREEN[4]={"WRITE CARD","STANDARD: ISO 14443-3","SRC FILE: NONE","STATUS: NO CARD"};
      |                    ^~~~~~~~~~~~
arm-none-eabi-gcc -o "Ruthless RFID.elf" @"objects.list"   -mcpu=cortex-m4 -T"C:\Users\rhett\OneDrive\Documents\Ruthless RFID\Firmware\Ruthless RFID\STM32F401CBUX_FLASH.ld" --specs=nosys.specs -Wl,-Map="Ruthless RFID.map" -Wl,--gc-sections -static --specs=nano.specs -mfpu=fpv4-sp-d16 -mfloat-abi=hard -mthumb -Wl,--start-group -lc -lm -Wl,--end-group
Finished building target: Ruthless RFID.elf
 
arm-none-eabi-size   Ruthless\ RFID.elf 
arm-none-eabi-objdump -h -S  Ruthless\ RFID.elf  > "Ruthless RFID.list"
   text	   data	    bss	    dec	    hex	filename
  56288	   1604	  26076	  83968	  14800	Ruthless RFID.elf
Finished building: default.size.stdout
 
Finished building: Ruthless RFID.list
 
19:08:20 **** Incremental Build of configuration Debug for project Ruthless RFID ****
make -j8 all 
arm-none-eabi-gcc "../Core/Src/main.c" -mcpu=cortex-m4 -std=gnu11 -g3 -DDEBUG -DUSE_HAL_DRIVER -DSTM32F401xC -c -I../Core/Inc -I../USB_DEVICE/App -I../USB_DEVICE/Target -I../Drivers/STM32F4xx_HAL_Driver/Inc -I../Drivers/STM32F4xx_HAL_Driver/Inc/Legacy -I../Middlewares/Third_Party/FreeRTOS/Source/include -I../Middlewares/Third_Party/FreeRTOS/Source/CMSIS_RTOS_V2 -I../Middlewares/Third_Party/FreeRTOS/Source/portable/GCC/ARM_CM4F -I../Middlewares/ST/STM32_USB_Device_Library/Core/Inc -I../Middlewares/ST/STM32_USB_Device_Library/Class/CDC/Inc -I../Drivers/CMSIS/Device/ST/STM32F4xx/Include -I../Drivers/CMSIS/Include -O0 -ffunction-sections -fdata-sections -Wall -fstack-usage -fcyclomatic-complexity -MMD -MP -MF"Core/Src/main.d" -MT"Core/Src/main.o" --specs=nano.specs -mfpu=fpv4-sp-d16 -mfloat-abi=hard -mthumb -o "Core/Src/main.o"
../Core/Src/main.c: In function 'Start_Init':
../Core/Src/main.c:569:49: warning: passing argument 5 of 'SCREEN_INIT' discards 'const' qualifier from pointer target type [-Wdiscarded-array-qualifiers]
  569 |     SCREEN_INIT(&Read, 3, 2,(char**)READ_SCREEN,READ_DATLOC ,READ_SEL);
      |                                                 ^~~~~~~~~~~
In file included from ../Core/Src/main.c:28:
../Core/Inc/OLED.h:196:80: note: expected 'uint8_t (*)[2]' {aka 'unsigned char (*)[2]'} but argument is of type 'const uint8_t (*)[2]' {aka 'const unsigned char (*)[2]'}
  196 | void SCREEN_INIT(Screen* screen,int datasize,int selsize,char** data,uint8_t (*dataloc)[2],uint8_t (*seldata)[2]);
      |                                                                      ~~~~~~~~~~^~~~~~~~~~~
../Core/Src/main.c:569:62: warning: passing argument 6 of 'SCREEN_INIT' discards 'const' qualifier from pointer target type [-Wdiscarded-array-qualifiers]
  569 |     SCREEN_INIT(&Read, 3, 2,(char**)READ_SCREEN,READ_DATLOC ,READ_SEL);
      |                                                              ^~~~~~~~
In file included from ../Core/Src/main.c:28:
../Core/Inc/OLED.h:196:102: note: expected 'uint8_t (*)[2]' {aka 'unsigned char (*)[2]'} but argument is of type 'const uint8_t (*)[2]' {aka 'const unsigned char (*)[2]'}
  196 | void SCREEN_INIT(Screen* screen,int datasize,int selsize,char** data,uint8_t (*dataloc)[2],uint8_t (*seldata)[2]);
      |                                                                                            ~~~~~~~~~~^~~~~~~~~~~
../Core/Src/main.c:570:53: warning: passing argument 5 of 'SCREEN_INIT' discards 'const' qualifier from pointer target type [-Wdiscarded-array-qualifiers]
  570 |     SCREEN_INIT(&Found,5,2,(char**)CARD_FOUNDSCREEN,CARD_FOUNDATLOC,CARD_FOUNDSEL);
      |                                                     ^~~~~~~~~~~~~~~
In file included from ../Core/Src/main.c:28:
../Core/Inc/OLED.h:196:80: note: expected 'uint8_t (*)[2]' {aka 'unsigned char (*)[2]'} but argument is of type 'const uint8_t (*)[2]' {aka 'const unsigned char (*)[2]'}
  196 | void SCREEN_INIT(Screen* screen,int datasize,int selsize,char** data,uint8_t (*dataloc)[2],uint8_t (*seldata)[2]);
      |                                                                      ~~~~~~~~~~^~~~~~~~~~~
../Core/Src/main.c:570:69: warning: passing argument 6 of 'SCREEN_INIT' discards 'const' qualifier from pointer target type [-Wdiscarded-array-qualifiers]
  570 |     SCREEN_INIT(&Found,5,2,(char**)CARD_FOUNDSCREEN,CARD_FOUNDATLOC,CARD_FOUNDSEL);
      |                                                                     ^~~~~~~~~~~~~
In file included from ../Core/Src/main.c:28:
../Core/Inc/OLED.h:196:102: note: expected 'uint8_t (*)[2]' {aka 'unsigned char (*)[2]'} but argument is of type 'const uint8_t (*)[2]' {aka 'const unsigned char (*)[2]'}
  196 | void SCREEN_INIT(Screen* screen,int datasize,int selsize,char** data,uint8_t (*dataloc)[2],uint8_t (*seldata)[2]);
      |                                                                                            ~~~~~~~~~~^~~~~~~~~~~
../Core/Src/main.c:571:47: warning: passing argument 5 of 'SCREEN_INIT' discards 'const' qualifier from pointer target type [-Wdiscarded-array-qualifiers]
  571 |     SCREEN_INIT(&HOME,7,6,(char**)HOME_SCREEN,HOME_DATLOC,HOME_SEL);
      |                                               ^~~~~~~~~~~
In file included from ../Core/Src/main.c:28:
../Core/Inc/OLED.h:196:80: note: expected 'uint8_t (*)[2]' {aka 'unsigned char (*)[2]'} but argument is of type 'const uint8_t (*)[2]' {aka 'const unsigned char (*)[2]'}
  196 | void SCREEN_INIT(Screen* screen,int datasize,int selsize,char** data,uint8_t (*dataloc)[2],uint8_t (*seldata)[2]);
      |                                                                      ~~~~~~~~~~^~~~~~~~~~~
../Core/Src/main.c:571:59: warning: passing argument 6 of 'SCREEN_INIT' discards 'const' qualifier from pointer target type [-Wdiscarded-array-qualifiers]
  571 |     SCREEN_INIT(&HOME,7,6,(char**)HOME_SCREEN,HOME_DATLOC,HOME_SEL);
      |                                                           ^~~~~~~~
In file included from ../Core/Src/main.c:28:
../Core/Inc/OLED.h:196:102: note: expected 'uint8_t (*)[2]' {aka 'unsigned char (*)[2]'} but argument is of type 'const uint8_t (*)[2]' {aka 'const unsigned char (*)[2]'}
  196 | void SCREEN_INIT(Screen* screen,int datasize,int selsize,char** data,uint8_t (*dataloc)[2],uint8_t (*seldata)[2]);
      |                                                                                            ~~~~~~~~~~^~~~~~~~~~~
../Core/Src/main.c: In function 'StartReadCard':
../Core/Src/main.c:596:8: warning: implicit declaration of function 'DumpINFO' [-Wimplicit-function-declaration]
  596 |     if(DumpINFO(cardinf)==PCD_OK){
      |        ^~~~~~~~
../Core/Src/main.c:599:14: warning: pointer targets in passing argument 1 of 'sprintf' differ in signedness [-Wpointer-sign]
  599 |      sprintf(uid,"%X%X%X%X%X%X%X",cardinf[0],cardinf[1],cardinf[2],cardinf[3],cardinf[4],cardinf[5],cardinf[6]);
      |              ^~~
      |              |
      |              uint8_t * {aka unsigned char *}
In file included from ../USB_DEVICE/Target/usbd_conf.h:30,
                 from ../Middlewares/ST/STM32_USB_Device_Library/Core/Inc/usbd_def.h:28,
                 from ../USB_DEVICE/App/usb_device.h:32,
                 from ../Core/Src/main.c:22:
c:\st\stm32cubeide_1.12.1\stm32cubeide\plugins\com.st.stm32cube.ide.mcu.externaltools.gnu-tools-for-stm32.10.3-2021.10.win32_1.0.200.202301161003\tools\arm-none-eabi\include\stdio.h:244:14: note: expected 'char * restrict' but argument is of type 'uint8_t *' {aka 'unsigned char *'}
  244 | int sprintf (char *__restrict, const char *__restrict, ...)
      |              ^
../Core/Src/main.c:600:30: warning: pointer targets in passing argument 3 of 'OLED_SCRNREF' differ in signedness [-Wpointer-sign]
  600 |      OLED_SCRNREF(&Found, 1, uid);
      |                              ^~~
      |                              |
      |                              uint8_t * {aka unsigned char *}
In file included from ../Core/Src/main.c:28:
../Core/Inc/OLED.h:204:57: note: expected 'char *' but argument is of type 'uint8_t *' {aka 'unsigned char *'}
  204 | void OLED_SCRNREF(Screen* screen,uint8_t dataindx,char* data);
      |                                                   ~~~~~~^~~~
../Core/Src/main.c: In function 'StartWriteCard':
../Core/Src/main.c:648:2: warning: implicit declaration of function 'OLED_Clear' [-Wimplicit-function-declaration]
  648 |  OLED_Clear();
      |  ^~~~~~~~~~
../Core/Src/main.c: In function 'StartReadCard':
../Core/Src/main.c:734:1: error: expected declaration or statement at end of input
  734 | }
      | ^
At top level:
../Core/Src/main.c:725:6: warning: 'Error_Handler' defined but not used [-Wunused-function]
  725 | void Error_Handler(void)
      |      ^~~~~~~~~~~~~
../Core/Src/main.c:708:6: warning: 'HAL_TIM_PeriodElapsedCallback' defined but not used [-Wunused-function]
  708 | void HAL_TIM_PeriodElapsedCallback(TIM_HandleTypeDef *htim)
      |      ^~~~~~~~~~~~~~~~~~~~~~~~~~~~~
../Core/Src/main.c:661:6: warning: 'StartHome' defined but not used [-Wunused-function]
  661 | void StartHome(void *argument)
      |      ^~~~~~~~~
../Core/Src/main.c:642:6: warning: 'StartWriteCard' defined but not used [-Wunused-function]
  642 | void StartWriteCard(void *argument)
      |      ^~~~~~~~~~~~~~
In file included from ../Core/Src/main.c:28:
../Core/Inc/OLED.h:167:20: warning: 'WRITE_SCREEN' defined but not used [-Wunused-variable]
  167 | static const char* WRITE_SCREEN[4]={"WRITE CARD","STANDARD: ISO 14443-3","SRC FILE: NONE","STATUS: NO CARD"};
      |                    ^~~~~~~~~~~~
make: *** [Core/Src/subdir.mk:49: Core/Src/main.o] Error 1
"make -j8 all" terminated with exit code 2. Build might be incomplete.
19:08:35 **** Incremental Build of configuration Debug for project Ruthless RFID ****
make -j8 all 
arm-none-eabi-gcc "../Core/Src/main.c" -mcpu=cortex-m4 -std=gnu11 -g3 -DDEBUG -DUSE_HAL_DRIVER -DSTM32F401xC -c -I../Core/Inc -I../USB_DEVICE/App -I../USB_DEVICE/Target -I../Drivers/STM32F4xx_HAL_Driver/Inc -I../Drivers/STM32F4xx_HAL_Driver/Inc/Legacy -I../Middlewares/Third_Party/FreeRTOS/Source/include -I../Middlewares/Third_Party/FreeRTOS/Source/CMSIS_RTOS_V2 -I../Middlewares/Third_Party/FreeRTOS/Source/portable/GCC/ARM_CM4F -I../Middlewares/ST/STM32_USB_Device_Library/Core/Inc -I../Middlewares/ST/STM32_USB_Device_Library/Class/CDC/Inc -I../Drivers/CMSIS/Device/ST/STM32F4xx/Include -I../Drivers/CMSIS/Include -O0 -ffunction-sections -fdata-sections -Wall -fstack-usage -fcyclomatic-complexity -MMD -MP -MF"Core/Src/main.d" -MT"Core/Src/main.o" --specs=nano.specs -mfpu=fpv4-sp-d16 -mfloat-abi=hard -mthumb -o "Core/Src/main.o"
../Core/Src/main.c: In function 'Start_Init':
../Core/Src/main.c:569:49: warning: passing argument 5 of 'SCREEN_INIT' discards 'const' qualifier from pointer target type [-Wdiscarded-array-qualifiers]
  569 |     SCREEN_INIT(&Read, 3, 2,(char**)READ_SCREEN,READ_DATLOC ,READ_SEL);
      |                                                 ^~~~~~~~~~~
In file included from ../Core/Src/main.c:28:
../Core/Inc/OLED.h:196:80: note: expected 'uint8_t (*)[2]' {aka 'unsigned char (*)[2]'} but argument is of type 'const uint8_t (*)[2]' {aka 'const unsigned char (*)[2]'}
  196 | void SCREEN_INIT(Screen* screen,int datasize,int selsize,char** data,uint8_t (*dataloc)[2],uint8_t (*seldata)[2]);
      |                                                                      ~~~~~~~~~~^~~~~~~~~~~
../Core/Src/main.c:569:62: warning: passing argument 6 of 'SCREEN_INIT' discards 'const' qualifier from pointer target type [-Wdiscarded-array-qualifiers]
  569 |     SCREEN_INIT(&Read, 3, 2,(char**)READ_SCREEN,READ_DATLOC ,READ_SEL);
      |                                                              ^~~~~~~~
In file included from ../Core/Src/main.c:28:
../Core/Inc/OLED.h:196:102: note: expected 'uint8_t (*)[2]' {aka 'unsigned char (*)[2]'} but argument is of type 'const uint8_t (*)[2]' {aka 'const unsigned char (*)[2]'}
  196 | void SCREEN_INIT(Screen* screen,int datasize,int selsize,char** data,uint8_t (*dataloc)[2],uint8_t (*seldata)[2]);
      |                                                                                            ~~~~~~~~~~^~~~~~~~~~~
../Core/Src/main.c:570:53: warning: passing argument 5 of 'SCREEN_INIT' discards 'const' qualifier from pointer target type [-Wdiscarded-array-qualifiers]
  570 |     SCREEN_INIT(&Found,5,2,(char**)CARD_FOUNDSCREEN,CARD_FOUNDATLOC,CARD_FOUNDSEL);
      |                                                     ^~~~~~~~~~~~~~~
In file included from ../Core/Src/main.c:28:
../Core/Inc/OLED.h:196:80: note: expected 'uint8_t (*)[2]' {aka 'unsigned char (*)[2]'} but argument is of type 'const uint8_t (*)[2]' {aka 'const unsigned char (*)[2]'}
  196 | void SCREEN_INIT(Screen* screen,int datasize,int selsize,char** data,uint8_t (*dataloc)[2],uint8_t (*seldata)[2]);
      |                                                                      ~~~~~~~~~~^~~~~~~~~~~
../Core/Src/main.c:570:69: warning: passing argument 6 of 'SCREEN_INIT' discards 'const' qualifier from pointer target type [-Wdiscarded-array-qualifiers]
  570 |     SCREEN_INIT(&Found,5,2,(char**)CARD_FOUNDSCREEN,CARD_FOUNDATLOC,CARD_FOUNDSEL);
      |                                                                     ^~~~~~~~~~~~~
In file included from ../Core/Src/main.c:28:
../Core/Inc/OLED.h:196:102: note: expected 'uint8_t (*)[2]' {aka 'unsigned char (*)[2]'} but argument is of type 'const uint8_t (*)[2]' {aka 'const unsigned char (*)[2]'}
  196 | void SCREEN_INIT(Screen* screen,int datasize,int selsize,char** data,uint8_t (*dataloc)[2],uint8_t (*seldata)[2]);
      |                                                                                            ~~~~~~~~~~^~~~~~~~~~~
../Core/Src/main.c:571:47: warning: passing argument 5 of 'SCREEN_INIT' discards 'const' qualifier from pointer target type [-Wdiscarded-array-qualifiers]
  571 |     SCREEN_INIT(&HOME,7,6,(char**)HOME_SCREEN,HOME_DATLOC,HOME_SEL);
      |                                               ^~~~~~~~~~~
In file included from ../Core/Src/main.c:28:
../Core/Inc/OLED.h:196:80: note: expected 'uint8_t (*)[2]' {aka 'unsigned char (*)[2]'} but argument is of type 'const uint8_t (*)[2]' {aka 'const unsigned char (*)[2]'}
  196 | void SCREEN_INIT(Screen* screen,int datasize,int selsize,char** data,uint8_t (*dataloc)[2],uint8_t (*seldata)[2]);
      |                                                                      ~~~~~~~~~~^~~~~~~~~~~
../Core/Src/main.c:571:59: warning: passing argument 6 of 'SCREEN_INIT' discards 'const' qualifier from pointer target type [-Wdiscarded-array-qualifiers]
  571 |     SCREEN_INIT(&HOME,7,6,(char**)HOME_SCREEN,HOME_DATLOC,HOME_SEL);
      |                                                           ^~~~~~~~
In file included from ../Core/Src/main.c:28:
../Core/Inc/OLED.h:196:102: note: expected 'uint8_t (*)[2]' {aka 'unsigned char (*)[2]'} but argument is of type 'const uint8_t (*)[2]' {aka 'const unsigned char (*)[2]'}
  196 | void SCREEN_INIT(Screen* screen,int datasize,int selsize,char** data,uint8_t (*dataloc)[2],uint8_t (*seldata)[2]);
      |                                                                                            ~~~~~~~~~~^~~~~~~~~~~
../Core/Src/main.c: In function 'StartReadCard':
../Core/Src/main.c:596:8: warning: implicit declaration of function 'DumpINFO' [-Wimplicit-function-declaration]
  596 |     if(DumpINFO(cardinf)==PCD_OK){
      |        ^~~~~~~~
../Core/Src/main.c:599:14: warning: pointer targets in passing argument 1 of 'sprintf' differ in signedness [-Wpointer-sign]
  599 |      sprintf(uid,"%X%X%X%X%X%X%X",cardinf[0],cardinf[1],cardinf[2],cardinf[3],cardinf[4],cardinf[5],cardinf[6]);
      |              ^~~
      |              |
      |              uint8_t * {aka unsigned char *}
In file included from ../USB_DEVICE/Target/usbd_conf.h:30,
                 from ../Middlewares/ST/STM32_USB_Device_Library/Core/Inc/usbd_def.h:28,
                 from ../USB_DEVICE/App/usb_device.h:32,
                 from ../Core/Src/main.c:22:
c:\st\stm32cubeide_1.12.1\stm32cubeide\plugins\com.st.stm32cube.ide.mcu.externaltools.gnu-tools-for-stm32.10.3-2021.10.win32_1.0.200.202301161003\tools\arm-none-eabi\include\stdio.h:244:14: note: expected 'char * restrict' but argument is of type 'uint8_t *' {aka 'unsigned char *'}
  244 | int sprintf (char *__restrict, const char *__restrict, ...)
      |              ^
../Core/Src/main.c:600:30: warning: pointer targets in passing argument 3 of 'OLED_SCRNREF' differ in signedness [-Wpointer-sign]
  600 |      OLED_SCRNREF(&Found, 1, uid);
      |                              ^~~
      |                              |
      |                              uint8_t * {aka unsigned char *}
In file included from ../Core/Src/main.c:28:
../Core/Inc/OLED.h:204:57: note: expected 'char *' but argument is of type 'uint8_t *' {aka 'unsigned char *'}
  204 | void OLED_SCRNREF(Screen* screen,uint8_t dataindx,char* data);
      |                                                   ~~~~~~^~~~
../Core/Src/main.c: In function 'StartWriteCard':
../Core/Src/main.c:649:2: warning: implicit declaration of function 'OLED_Clear' [-Wimplicit-function-declaration]
  649 |  OLED_Clear();
      |  ^~~~~~~~~~
In file included from ../Core/Src/main.c:28:
At top level:
../Core/Inc/OLED.h:167:20: warning: 'WRITE_SCREEN' defined but not used [-Wunused-variable]
  167 | static const char* WRITE_SCREEN[4]={"WRITE CARD","STANDARD: ISO 14443-3","SRC FILE: NONE","STATUS: NO CARD"};
      |                    ^~~~~~~~~~~~
arm-none-eabi-gcc -o "Ruthless RFID.elf" @"objects.list"   -mcpu=cortex-m4 -T"C:\Users\rhett\OneDrive\Documents\Ruthless RFID\Firmware\Ruthless RFID\STM32F401CBUX_FLASH.ld" --specs=nosys.specs -Wl,-Map="Ruthless RFID.map" -Wl,--gc-sections -static --specs=nano.specs -mfpu=fpv4-sp-d16 -mfloat-abi=hard -mthumb -Wl,--start-group -lc -lm -Wl,--end-group
Finished building target: Ruthless RFID.elf
 
arm-none-eabi-size   Ruthless\ RFID.elf 
arm-none-eabi-objdump -h -S  Ruthless\ RFID.elf  > "Ruthless RFID.list"
   text	   data	    bss	    dec	    hex	filename
  60776	   1604	  26084	  88464	  15990	Ruthless RFID.elf
Finished building: default.size.stdout
 
Finished building: Ruthless RFID.list
 
